Java HotSpot(TM) 64-Bit Server VM (25.131-b11) for linux-amd64 JRE (1.8.0_131-b11), built on Mar 15 2017 01:23:40 by "java_re" with gcc 4.3.0 20080428 (Red Hat 4.3.0-8)
Memory: 4k page, physical 8291400k(4126116k free), swap 1310720k(1284040k free)
CommandLine flags: -XX:CMSInitiatingOccupancyFraction=50 -XX:CMSMaxAbortablePrecleanTime=6000 -XX:+CMSParallelRemarkEnabled -XX:+CMSScavengeBeforeRemark -XX:ConcGCThreads=4 -XX:GCLogFileSize=20971520 -XX:InitialHeapSize=536870912 -XX:MaxHeapSize=536870912 -XX:MaxTenuringThreshold=8 -XX:NewRatio=3 -XX:NumberOfGCLogFiles=9 -XX:OldPLABSize=16 -XX:-OmitStackTraceInFastThrow -XX:OnOutOfMemoryError=/mnt/c/Users/ryan.holt/Documents/workspace/SOLRservices/solr-6.6.0/bin/oom_solr.sh 8900 /mnt/c/Users/ryan.holt/Documents/workspace/SOLRservices/solr-6.6.0/server/logs -XX:ParallelGCThreads=4 -XX:+ParallelRefProcEnabled -XX:PretenureSizeThreshold=67108864 -XX:+PrintGC -XX:+PrintGCApplicationStoppedTime -XX:+PrintGCDateStamps -XX:+PrintGCDetails -XX:+PrintGCTimeStamps -XX:+PrintHeapAtGC -XX:+PrintTenuringDistribution -XX:SurvivorRatio=4 -XX:TargetSurvivorRatio=90 -XX:ThreadStackSize=256 -XX:+UseCMSInitiatingOccupancyOnly -XX:+UseCompressedClassPointers -XX:+UseCompressedOops -XX:+UseConcMarkSweepGC -XX:+UseGCLogFileRotation -XX:+UseParNewGC 
2017-08-02T13:30:43.048-0700: 0.261: Total time for which application threads were stopped: 0.0001370 seconds, Stopping threads took: 0.0000310 seconds
2017-08-02T13:30:43.165-0700: 0.378: Total time for which application threads were stopped: 0.0001220 seconds, Stopping threads took: 0.0000310 seconds
2017-08-02T13:30:43.552-0700: 0.765: Total time for which application threads were stopped: 0.0001930 seconds, Stopping threads took: 0.0000320 seconds
2017-08-02T13:30:43.692-0700: 0.905: Total time for which application threads were stopped: 0.0002310 seconds, Stopping threads took: 0.0000380 seconds
2017-08-02T13:30:43.712-0700: 0.925: Total time for which application threads were stopped: 0.0002540 seconds, Stopping threads took: 0.0000520 seconds
2017-08-02T13:30:44.364-0700: 1.586: Total time for which application threads were stopped: 0.0002560 seconds, Stopping threads took: 0.0000400 seconds
2017-08-02T13:30:44.394-0700: 1.613: Total time for which application threads were stopped: 0.0002330 seconds, Stopping threads took: 0.0000360 seconds
2017-08-02T13:30:44.633-0700: 1.846: Total time for which application threads were stopped: 0.0002760 seconds, Stopping threads took: 0.0000320 seconds
2017-08-02T13:30:44.634-0700: 1.848: Total time for which application threads were stopped: 0.0001510 seconds, Stopping threads took: 0.0000250 seconds
2017-08-02T13:30:44.634-0700: 1.850: Total time for which application threads were stopped: 0.0002130 seconds, Stopping threads took: 0.0000270 seconds
2017-08-02T13:30:44.634-0700: 1.859: Total time for which application threads were stopped: 0.0002410 seconds, Stopping threads took: 0.0000400 seconds
2017-08-02T13:30:44.732-0700: 1.945: Total time for which application threads were stopped: 0.0003400 seconds, Stopping threads took: 0.0000500 seconds
2017-08-02T13:30:44.852-0700: 2.070: Total time for which application threads were stopped: 0.0003870 seconds, Stopping threads took: 0.0000490 seconds
{Heap before GC invocations=0 (full 0):
 par new generation   total 109248K, used 87424K [0x00000000e0000000, 0x00000000e8000000, 0x00000000e8000000)
  eden space 87424K, 100% used [0x00000000e0000000, 0x00000000e5560000, 0x00000000e5560000)
  from space 21824K,   0% used [0x00000000e5560000, 0x00000000e5560000, 0x00000000e6ab0000)
  to   space 21824K,   0% used [0x00000000e6ab0000, 0x00000000e6ab0000, 0x00000000e8000000)
 concurrent mark-sweep generation total 393216K, used 0K [0x00000000e8000000, 0x0000000100000000, 0x0000000100000000)
 Metaspace       used 18746K, capacity 19148K, committed 19584K, reserved 1067008K
  class space    used 2178K, capacity 2330K, committed 2432K, reserved 1048576K
2017-08-02T13:30:44.895-0700: 2.115: [GC (Allocation Failure) 2017-08-02T13:30:44.895-0700: 2.115: [ParNew
Desired survivor size 20112992 bytes, new threshold 8 (max 8)
- age   1:   11731648 bytes,   11731648 total
: 87424K->11588K(109248K), 0.0182000 secs] 87424K->11588K(502464K), 0.0183620 secs] [Times: user=0.02 sys=0.03, real=0.02 secs] 
Heap after GC invocations=1 (full 0):
 par new generation   total 109248K, used 11588K [0x00000000e0000000, 0x00000000e8000000, 0x00000000e8000000)
  eden space 87424K,   0% used [0x00000000e0000000, 0x00000000e0000000, 0x00000000e5560000)
  from space 21824K,  53% used [0x00000000e6ab0000, 0x00000000e7601280, 0x00000000e8000000)
  to   space 21824K,   0% used [0x00000000e5560000, 0x00000000e5560000, 0x00000000e6ab0000)
 concurrent mark-sweep generation total 393216K, used 0K [0x00000000e8000000, 0x0000000100000000, 0x0000000100000000)
 Metaspace       used 18746K, capacity 19148K, committed 19584K, reserved 1067008K
  class space    used 2178K, capacity 2330K, committed 2432K, reserved 1048576K
}
2017-08-02T13:30:44.911-0700: 2.134: Total time for which application threads were stopped: 0.0185980 seconds, Stopping threads took: 0.0000370 seconds
2017-08-02T13:30:44.969-0700: 2.194: Total time for which application threads were stopped: 0.0003010 seconds, Stopping threads took: 0.0000420 seconds
2017-08-02T13:30:45.127-0700: 2.340: Total time for which application threads were stopped: 0.0010670 seconds, Stopping threads took: 0.0000990 seconds
2017-08-02T13:30:45.299-0700: 2.516: Total time for which application threads were stopped: 0.0004240 seconds, Stopping threads took: 0.0000460 seconds
2017-08-02T13:30:45.369-0700: 2.587: Total time for which application threads were stopped: 0.0005000 seconds, Stopping threads took: 0.0003510 seconds
2017-08-02T13:30:45.395-0700: 2.608: Total time for which application threads were stopped: 0.0007500 seconds, Stopping threads took: 0.0006240 seconds
2017-08-02T13:30:45.457-0700: 2.670: Total time for which application threads were stopped: 0.0001300 seconds, Stopping threads took: 0.0000450 seconds
2017-08-02T13:30:45.489-0700: 2.702: Total time for which application threads were stopped: 0.0001230 seconds, Stopping threads took: 0.0000380 seconds
2017-08-02T13:30:45.525-0700: 2.737: Total time for which application threads were stopped: 0.0002310 seconds, Stopping threads took: 0.0001480 seconds
2017-08-02T13:30:45.582-0700: 2.795: Total time for which application threads were stopped: 0.0001290 seconds, Stopping threads took: 0.0000400 seconds
2017-08-02T13:30:45.606-0700: 2.818: Total time for which application threads were stopped: 0.0004290 seconds, Stopping threads took: 0.0000510 seconds
2017-08-02T13:30:45.618-0700: 2.830: Total time for which application threads were stopped: 0.0001970 seconds, Stopping threads took: 0.0000540 seconds
2017-08-02T13:30:45.626-0700: 2.839: Total time for which application threads were stopped: 0.0001490 seconds, Stopping threads took: 0.0000440 seconds
2017-08-02T13:30:45.757-0700: 2.970: Total time for which application threads were stopped: 0.0001570 seconds, Stopping threads took: 0.0000680 seconds
2017-08-02T13:30:45.804-0700: 3.029: Total time for which application threads were stopped: 0.0001550 seconds, Stopping threads took: 0.0000480 seconds
{Heap before GC invocations=1 (full 0):
 par new generation   total 109248K, used 99012K [0x00000000e0000000, 0x00000000e8000000, 0x00000000e8000000)
  eden space 87424K, 100% used [0x00000000e0000000, 0x00000000e5560000, 0x00000000e5560000)
  from space 21824K,  53% used [0x00000000e6ab0000, 0x00000000e7601280, 0x00000000e8000000)
  to   space 21824K,   0% used [0x00000000e5560000, 0x00000000e5560000, 0x00000000e6ab0000)
 concurrent mark-sweep generation total 393216K, used 0K [0x00000000e8000000, 0x0000000100000000, 0x0000000100000000)
 Metaspace       used 23534K, capacity 24100K, committed 24284K, reserved 1071104K
  class space    used 2817K, capacity 3004K, committed 3044K, reserved 1048576K
2017-08-02T13:30:45.854-0700: 3.081: [GC (Allocation Failure) 2017-08-02T13:30:45.854-0700: 3.081: [ParNew
Desired survivor size 20112992 bytes, new threshold 8 (max 8)
- age   1:    5735840 bytes,    5735840 total
- age   2:    5889560 bytes,   11625400 total
: 99012K->15255K(109248K), 0.0186260 secs] 99012K->15255K(502464K), 0.0187920 secs] [Times: user=0.11 sys=0.06, real=0.02 secs] 
Heap after GC invocations=2 (full 0):
 par new generation   total 109248K, used 15255K [0x00000000e0000000, 0x00000000e8000000, 0x00000000e8000000)
  eden space 87424K,   0% used [0x00000000e0000000, 0x00000000e0000000, 0x00000000e5560000)
  from space 21824K,  69% used [0x00000000e5560000, 0x00000000e6445d40, 0x00000000e6ab0000)
  to   space 21824K,   0% used [0x00000000e6ab0000, 0x00000000e6ab0000, 0x00000000e8000000)
 concurrent mark-sweep generation total 393216K, used 0K [0x00000000e8000000, 0x0000000100000000, 0x0000000100000000)
 Metaspace       used 23534K, capacity 24100K, committed 24284K, reserved 1071104K
  class space    used 2817K, capacity 3004K, committed 3044K, reserved 1048576K
}
2017-08-02T13:30:45.887-0700: 3.100: Total time for which application threads were stopped: 0.0191320 seconds, Stopping threads took: 0.0000650 seconds
2017-08-02T13:30:45.889-0700: 3.102: [GC (CMS Initial Mark) [1 CMS-initial-mark: 0K(393216K)] 17098K(502464K), 0.0042020 secs] [Times: user=0.00 sys=0.00, real=0.00 secs] 
2017-08-02T13:30:45.889-0700: 3.107: Total time for which application threads were stopped: 0.0044480 seconds, Stopping threads took: 0.0000910 seconds
2017-08-02T13:30:45.889-0700: 3.107: [CMS-concurrent-mark-start]
2017-08-02T13:30:45.889-0700: 3.112: [CMS-concurrent-mark: 0.005/0.005 secs] [Times: user=0.00 sys=0.00, real=0.01 secs] 
2017-08-02T13:30:45.889-0700: 3.112: [CMS-concurrent-preclean-start]
2017-08-02T13:30:45.889-0700: 3.113: [CMS-concurrent-preclean: 0.001/0.001 secs] [Times: user=0.00 sys=0.00, real=0.00 secs] 
2017-08-02T13:30:45.889-0700: 3.113: [CMS-concurrent-abortable-preclean-start]
2017-08-02T13:30:45.940-0700: 3.155: Total time for which application threads were stopped: 0.0001670 seconds, Stopping threads took: 0.0000430 seconds
2017-08-02T13:30:45.956-0700: 3.175: Total time for which application threads were stopped: 0.0001250 seconds, Stopping threads took: 0.0000420 seconds
2017-08-02T13:30:46.023-0700: 3.242: Total time for which application threads were stopped: 0.0001340 seconds, Stopping threads took: 0.0000430 seconds
{Heap before GC invocations=2 (full 1):
 par new generation   total 109248K, used 102679K [0x00000000e0000000, 0x00000000e8000000, 0x00000000e8000000)
  eden space 87424K, 100% used [0x00000000e0000000, 0x00000000e5560000, 0x00000000e5560000)
  from space 21824K,  69% used [0x00000000e5560000, 0x00000000e6445d40, 0x00000000e6ab0000)
  to   space 21824K,   0% used [0x00000000e6ab0000, 0x00000000e6ab0000, 0x00000000e8000000)
 concurrent mark-sweep generation total 393216K, used 0K [0x00000000e8000000, 0x0000000100000000, 0x0000000100000000)
 Metaspace       used 24461K, capacity 24962K, committed 25280K, reserved 1071104K
  class space    used 2940K, capacity 3137K, committed 3248K, reserved 1048576K
2017-08-02T13:30:46.119-0700: 3.332: [GC (Allocation Failure) 2017-08-02T13:30:46.119-0700: 3.332: [ParNew
Desired survivor size 20112992 bytes, new threshold 8 (max 8)
- age   1:    1043264 bytes,    1043264 total
- age   2:    1906608 bytes,    2949872 total
- age   3:    5886760 bytes,    8836632 total
: 102679K->12328K(109248K), 0.0094140 secs] 102679K->12328K(502464K), 0.0094950 secs] [Times: user=0.06 sys=0.00, real=0.01 secs] 
Heap after GC invocations=3 (full 1):
 par new generation   total 109248K, used 12328K [0x00000000e0000000, 0x00000000e8000000, 0x00000000e8000000)
  eden space 87424K,   0% used [0x00000000e0000000, 0x00000000e0000000, 0x00000000e5560000)
  from space 21824K,  56% used [0x00000000e6ab0000, 0x00000000e76ba180, 0x00000000e8000000)
  to   space 21824K,   0% used [0x00000000e5560000, 0x00000000e5560000, 0x00000000e6ab0000)
 concurrent mark-sweep generation total 393216K, used 0K [0x00000000e8000000, 0x0000000100000000, 0x0000000100000000)
 Metaspace       used 24461K, capacity 24962K, committed 25280K, reserved 1071104K
  class space    used 2940K, capacity 3137K, committed 3248K, reserved 1048576K
}
2017-08-02T13:30:46.124-0700: 3.342: Total time for which application threads were stopped: 0.0097190 seconds, Stopping threads took: 0.0000380 seconds
2017-08-02T13:30:46.124-0700: 3.342: [CMS-concurrent-abortable-preclean: 0.160/0.229 secs] [Times: user=0.78 sys=0.06, real=0.23 secs] 
2017-08-02T13:30:46.129-0700: 3.342: [GC (CMS Final Remark) [YG occupancy: 13518 K (109248 K)]{Heap before GC invocations=3 (full 1):
 par new generation   total 109248K, used 13518K [0x00000000e0000000, 0x00000000e8000000, 0x00000000e8000000)
  eden space 87424K,   1% used [0x00000000e0000000, 0x00000000e01296a8, 0x00000000e5560000)
  from space 21824K,  56% used [0x00000000e6ab0000, 0x00000000e76ba180, 0x00000000e8000000)
  to   space 21824K,   0% used [0x00000000e5560000, 0x00000000e5560000, 0x00000000e6ab0000)
 concurrent mark-sweep generation total 393216K, used 0K [0x00000000e8000000, 0x0000000100000000, 0x0000000100000000)
 Metaspace       used 24461K, capacity 24962K, committed 25280K, reserved 1071104K
  class space    used 2940K, capacity 3137K, committed 3248K, reserved 1048576K
2017-08-02T13:30:46.129-0700: 3.342: [GC (CMS Final Remark) 2017-08-02T13:30:46.129-0700: 3.342: [ParNew
Desired survivor size 20112992 bytes, new threshold 8 (max 8)
- age   1:      10272 bytes,      10272 total
- age   2:    1037088 bytes,    1047360 total
- age   3:    1906592 bytes,    2953952 total
- age   4:    5886760 bytes,    8840712 total
: 13518K->10748K(109248K), 0.0093340 secs] 13518K->10748K(502464K), 0.0094020 secs] [Times: user=0.01 sys=0.02, real=0.01 secs] 
Heap after GC invocations=4 (full 1):
 par new generation   total 109248K, used 10748K [0x00000000e0000000, 0x00000000e8000000, 0x00000000e8000000)
  eden space 87424K,   0% used [0x00000000e0000000, 0x00000000e0000000, 0x00000000e5560000)
  from space 21824K,  49% used [0x00000000e5560000, 0x00000000e5fdf148, 0x00000000e6ab0000)
  to   space 21824K,   0% used [0x00000000e6ab0000, 0x00000000e6ab0000, 0x00000000e8000000)
 concurrent mark-sweep generation total 393216K, used 0K [0x00000000e8000000, 0x0000000100000000, 0x0000000100000000)
 Metaspace       used 24461K, capacity 24962K, committed 25280K, reserved 1071104K
  class space    used 2940K, capacity 3137K, committed 3248K, reserved 1048576K
}
2017-08-02T13:30:46.139-0700: 3.352: [Rescan (parallel) , 0.0035960 secs]2017-08-02T13:30:46.142-0700: 3.355: [weak refs processing, 0.0006980 secs]2017-08-02T13:30:46.143-0700: 3.356: [class unloading, 0.0037520 secs]2017-08-02T13:30:46.146-0700: 3.360: [scrub symbol table, 0.0032970 secs]2017-08-02T13:30:46.146-0700: 3.363: [scrub string table, 0.0006190 secs][1 CMS-remark: 0K(393216K)] 10748K(502464K), 0.0226770 secs] [Times: user=0.01 sys=0.02, real=0.02 secs] 
2017-08-02T13:30:46.146-0700: 3.365: Total time for which application threads were stopped: 0.0228430 seconds, Stopping threads took: 0.0000630 seconds
2017-08-02T13:30:46.146-0700: 3.365: [CMS-concurrent-sweep-start]
2017-08-02T13:30:46.146-0700: 3.365: [CMS-concurrent-sweep: 0.000/0.000 secs] [Times: user=0.00 sys=0.00, real=0.00 secs] 
2017-08-02T13:30:46.146-0700: 3.365: [CMS-concurrent-reset-start]
2017-08-02T13:30:46.146-0700: 3.372: [CMS-concurrent-reset: 0.007/0.007 secs] [Times: user=0.00 sys=0.00, real=0.01 secs] 
2017-08-02T13:30:46.675-0700: 3.889: Total time for which application threads were stopped: 0.0006480 seconds, Stopping threads took: 0.0000540 seconds
{Heap before GC invocations=4 (full 1):
 par new generation   total 109248K, used 98172K [0x00000000e0000000, 0x00000000e8000000, 0x00000000e8000000)
  eden space 87424K, 100% used [0x00000000e0000000, 0x00000000e5560000, 0x00000000e5560000)
  from space 21824K,  49% used [0x00000000e5560000, 0x00000000e5fdf148, 0x00000000e6ab0000)
  to   space 21824K,   0% used [0x00000000e6ab0000, 0x00000000e6ab0000, 0x00000000e8000000)
 concurrent mark-sweep generation total 393216K, used 0K [0x00000000e8000000, 0x0000000100000000, 0x0000000100000000)
 Metaspace       used 26889K, capacity 27462K, committed 27824K, reserved 1073152K
  class space    used 3229K, capacity 3451K, committed 3504K, reserved 1048576K
2017-08-02T13:30:46.700-0700: 3.919: [GC (Allocation Failure) 2017-08-02T13:30:46.700-0700: 3.919: [ParNew
Desired survivor size 20112992 bytes, new threshold 8 (max 8)
- age   1:    2859168 bytes,    2859168 total
- age   3:     333184 bytes,    3192352 total
- age   4:    1156888 bytes,    4349240 total
- age   5:    5883104 bytes,   10232344 total
: 98172K->15338K(109248K), 0.0108090 secs] 98172K->15338K(502464K), 0.0109520 secs] [Times: user=0.02 sys=0.00, real=0.02 secs] 
Heap after GC invocations=5 (full 1):
 par new generation   total 109248K, used 15338K [0x00000000e0000000, 0x00000000e8000000, 0x00000000e8000000)
  eden space 87424K,   0% used [0x00000000e0000000, 0x00000000e0000000, 0x00000000e5560000)
  from space 21824K,  70% used [0x00000000e6ab0000, 0x00000000e79aa9c0, 0x00000000e8000000)
  to   space 21824K,   0% used [0x00000000e5560000, 0x00000000e5560000, 0x00000000e6ab0000)
 concurrent mark-sweep generation total 393216K, used 0K [0x00000000e8000000, 0x0000000100000000, 0x0000000100000000)
 Metaspace       used 26889K, capacity 27462K, committed 27824K, reserved 1073152K
  class space    used 3229K, capacity 3451K, committed 3504K, reserved 1048576K
}
2017-08-02T13:30:46.715-0700: 3.930: Total time for which application threads were stopped: 0.0111690 seconds, Stopping threads took: 0.0000440 seconds
2017-08-02T13:30:46.995-0700: 4.208: Total time for which application threads were stopped: 0.0005040 seconds, Stopping threads took: 0.0000540 seconds
2017-08-02T13:30:47.140-0700: 4.360: Total time for which application threads were stopped: 0.0001970 seconds, Stopping threads took: 0.0000590 seconds
2017-08-02T13:30:47.221-0700: 4.449: Total time for which application threads were stopped: 0.0004970 seconds, Stopping threads took: 0.0000460 seconds
2017-08-02T13:30:47.281-0700: 4.494: Total time for which application threads were stopped: 0.0004440 seconds, Stopping threads took: 0.0000400 seconds
2017-08-02T13:30:47.391-0700: 4.620: Total time for which application threads were stopped: 0.0005730 seconds, Stopping threads took: 0.0000610 seconds
2017-08-02T13:30:47.550-0700: 4.773: Total time for which application threads were stopped: 0.0006070 seconds, Stopping threads took: 0.0000550 seconds
{Heap before GC invocations=5 (full 1):
 par new generation   total 109248K, used 102762K [0x00000000e0000000, 0x00000000e8000000, 0x00000000e8000000)
  eden space 87424K, 100% used [0x00000000e0000000, 0x00000000e5560000, 0x00000000e5560000)
  from space 21824K,  70% used [0x00000000e6ab0000, 0x00000000e79aa9c0, 0x00000000e8000000)
  to   space 21824K,   0% used [0x00000000e5560000, 0x00000000e5560000, 0x00000000e6ab0000)
 concurrent mark-sweep generation total 393216K, used 0K [0x00000000e8000000, 0x0000000100000000, 0x0000000100000000)
 Metaspace       used 32224K, capacity 32822K, committed 33072K, reserved 1079296K
  class space    used 3880K, capacity 4091K, committed 4144K, reserved 1048576K
2017-08-02T13:30:47.716-0700: 4.943: [GC (Allocation Failure) 2017-08-02T13:30:47.716-0700: 4.943: [ParNew
Desired survivor size 20112992 bytes, new threshold 8 (max 8)
- age   1:    8355200 bytes,    8355200 total
- age   2:    1102216 bytes,    9457416 total
- age   4:     326128 bytes,    9783544 total
- age   5:    1140904 bytes,   10924448 total
- age   6:    5847616 bytes,   16772064 total
: 102762K->18765K(109248K), 0.0236460 secs] 102762K->18765K(502464K), 0.0237390 secs] [Times: user=0.08 sys=0.02, real=0.02 secs] 
Heap after GC invocations=6 (full 1):
 par new generation   total 109248K, used 18765K [0x00000000e0000000, 0x00000000e8000000, 0x00000000e8000000)
  eden space 87424K,   0% used [0x00000000e0000000, 0x00000000e0000000, 0x00000000e5560000)
  from space 21824K,  85% used [0x00000000e5560000, 0x00000000e67b34d8, 0x00000000e6ab0000)
  to   space 21824K,   0% used [0x00000000e6ab0000, 0x00000000e6ab0000, 0x00000000e8000000)
 concurrent mark-sweep generation total 393216K, used 0K [0x00000000e8000000, 0x0000000100000000, 0x0000000100000000)
 Metaspace       used 32224K, capacity 32822K, committed 33072K, reserved 1079296K
  class space    used 3880K, capacity 4091K, committed 4144K, reserved 1048576K
}
2017-08-02T13:30:47.751-0700: 4.967: Total time for which application threads were stopped: 0.0239800 seconds, Stopping threads took: 0.0000450 seconds
2017-08-02T13:30:47.751-0700: 4.969: Total time for which application threads were stopped: 0.0001820 seconds, Stopping threads took: 0.0000580 seconds
2017-08-02T13:30:48.757-0700: 5.970: Total time for which application threads were stopped: 0.0005750 seconds, Stopping threads took: 0.0001360 seconds
2017-08-02T13:30:49.888-0700: 7.100: Total time for which application threads were stopped: 0.0002360 seconds, Stopping threads took: 0.0001030 seconds
2017-08-02T13:32:50.034-0700: 127.252: Total time for which application threads were stopped: 0.0002570 seconds, Stopping threads took: 0.0000600 seconds
2017-08-02T13:32:50.034-0700: 127.261: Total time for which application threads were stopped: 0.0001340 seconds, Stopping threads took: 0.0000640 seconds
2017-08-02T13:32:50.034-0700: 127.261: Total time for which application threads were stopped: 0.0000920 seconds, Stopping threads took: 0.0000450 seconds
2017-08-02T13:32:50.050-0700: 127.267: Total time for which application threads were stopped: 0.0001440 seconds, Stopping threads took: 0.0000570 seconds
2017-08-02T13:32:50.050-0700: 127.267: Total time for which application threads were stopped: 0.0000910 seconds, Stopping threads took: 0.0000430 seconds
2017-08-02T13:32:50.050-0700: 127.268: Total time for which application threads were stopped: 0.0000780 seconds, Stopping threads took: 0.0000280 seconds
2017-08-02T13:32:50.050-0700: 127.275: Total time for which application threads were stopped: 0.0004470 seconds, Stopping threads took: 0.0001590 seconds
2017-08-02T13:32:50.088-0700: 127.302: Total time for which application threads were stopped: 0.0001070 seconds, Stopping threads took: 0.0000510 seconds
2017-08-02T13:32:50.088-0700: 127.302: Total time for which application threads were stopped: 0.0000980 seconds, Stopping threads took: 0.0000300 seconds
2017-08-02T13:32:50.088-0700: 127.302: Total time for which application threads were stopped: 0.0000780 seconds, Stopping threads took: 0.0000400 seconds
2017-08-02T13:32:50.103-0700: 127.318: Total time for which application threads were stopped: 0.0001010 seconds, Stopping threads took: 0.0000400 seconds
2017-08-02T13:32:50.103-0700: 127.319: Total time for which application threads were stopped: 0.0000460 seconds, Stopping threads took: 0.0000200 seconds
2017-08-02T13:32:50.103-0700: 127.319: Total time for which application threads were stopped: 0.0000550 seconds, Stopping threads took: 0.0000250 seconds
2017-08-02T13:32:50.103-0700: 127.327: Total time for which application threads were stopped: 0.0004920 seconds, Stopping threads took: 0.0000380 seconds
2017-08-02T13:32:50.124-0700: 127.347: Total time for which application threads were stopped: 0.0001340 seconds, Stopping threads took: 0.0000560 seconds
2017-08-02T13:32:50.124-0700: 127.347: Total time for which application threads were stopped: 0.0000720 seconds, Stopping threads took: 0.0000320 seconds
2017-08-02T13:32:50.124-0700: 127.348: Total time for which application threads were stopped: 0.0000680 seconds, Stopping threads took: 0.0000300 seconds
2017-08-02T13:32:50.124-0700: 127.352: Total time for which application threads were stopped: 0.0001030 seconds, Stopping threads took: 0.0000400 seconds
2017-08-02T13:32:50.140-0700: 127.354: Total time for which application threads were stopped: 0.0000950 seconds, Stopping threads took: 0.0000290 seconds
2017-08-02T13:32:50.140-0700: 127.357: Total time for which application threads were stopped: 0.0000770 seconds, Stopping threads took: 0.0000310 seconds
2017-08-02T13:32:50.140-0700: 127.358: Total time for which application threads were stopped: 0.0000690 seconds, Stopping threads took: 0.0000330 seconds
2017-08-02T13:32:50.156-0700: 127.372: Total time for which application threads were stopped: 0.0000920 seconds, Stopping threads took: 0.0000410 seconds
2017-08-02T13:32:50.156-0700: 127.374: Total time for which application threads were stopped: 0.0000580 seconds, Stopping threads took: 0.0000260 seconds
2017-08-02T13:32:50.203-0700: 127.425: Total time for which application threads were stopped: 0.0001400 seconds, Stopping threads took: 0.0000470 seconds
2017-08-02T13:32:50.203-0700: 127.425: Total time for which application threads were stopped: 0.0000850 seconds, Stopping threads took: 0.0000350 seconds
2017-08-02T13:32:50.203-0700: 127.425: Total time for which application threads were stopped: 0.0000720 seconds, Stopping threads took: 0.0000290 seconds
2017-08-02T13:32:50.203-0700: 127.425: Total time for which application threads were stopped: 0.0001650 seconds, Stopping threads took: 0.0000270 seconds
2017-08-02T13:32:50.203-0700: 127.427: Total time for which application threads were stopped: 0.0001330 seconds, Stopping threads took: 0.0000560 seconds
2017-08-02T13:32:50.203-0700: 127.430: Total time for which application threads were stopped: 0.0001260 seconds, Stopping threads took: 0.0000370 seconds
2017-08-02T13:32:50.203-0700: 127.430: Total time for which application threads were stopped: 0.0000690 seconds, Stopping threads took: 0.0000270 seconds
2017-08-02T13:32:50.304-0700: 127.518: Total time for which application threads were stopped: 0.0002440 seconds, Stopping threads took: 0.0001210 seconds
2017-08-02T13:32:50.304-0700: 127.521: Total time for which application threads were stopped: 0.0001110 seconds, Stopping threads took: 0.0000520 seconds
2017-08-02T13:32:51.031-0700: 128.248: Total time for which application threads were stopped: 0.0001660 seconds, Stopping threads took: 0.0000630 seconds
2017-08-02T13:32:51.031-0700: 128.249: Total time for which application threads were stopped: 0.0000770 seconds, Stopping threads took: 0.0000290 seconds
2017-08-02T13:32:51.031-0700: 128.255: Total time for which application threads were stopped: 0.0001250 seconds, Stopping threads took: 0.0000350 seconds
2017-08-02T13:32:51.449-0700: 128.676: Total time for which application threads were stopped: 0.0001560 seconds, Stopping threads took: 0.0000560 seconds
2017-08-02T13:32:51.449-0700: 128.676: Total time for which application threads were stopped: 0.0001180 seconds, Stopping threads took: 0.0000480 seconds
2017-08-02T13:32:51.481-0700: 128.694: Total time for which application threads were stopped: 0.0001120 seconds, Stopping threads took: 0.0000480 seconds
2017-08-02T13:32:51.482-0700: 128.695: Total time for which application threads were stopped: 0.0001010 seconds, Stopping threads took: 0.0000310 seconds
2017-08-02T13:32:51.482-0700: 128.695: Total time for which application threads were stopped: 0.0000600 seconds, Stopping threads took: 0.0000220 seconds
2017-08-02T13:32:51.482-0700: 128.695: Total time for which application threads were stopped: 0.0000640 seconds, Stopping threads took: 0.0000300 seconds
2017-08-02T13:32:51.482-0700: 128.695: Total time for which application threads were stopped: 0.0000530 seconds, Stopping threads took: 0.0000210 seconds
2017-08-02T13:32:51.482-0700: 128.695: Total time for which application threads were stopped: 0.0000520 seconds, Stopping threads took: 0.0000230 seconds
2017-08-02T13:32:51.483-0700: 128.695: Total time for which application threads were stopped: 0.0000570 seconds, Stopping threads took: 0.0000220 seconds
2017-08-02T13:32:51.483-0700: 128.695: Total time for which application threads were stopped: 0.0000500 seconds, Stopping threads took: 0.0000220 seconds
2017-08-02T13:32:51.483-0700: 128.696: Total time for which application threads were stopped: 0.0000500 seconds, Stopping threads took: 0.0000210 seconds
2017-08-02T13:32:51.505-0700: 128.730: Total time for which application threads were stopped: 0.0001670 seconds, Stopping threads took: 0.0000660 seconds
2017-08-02T13:32:51.526-0700: 128.739: Total time for which application threads were stopped: 0.0073020 seconds, Stopping threads took: 0.0000480 seconds
2017-08-02T13:32:51.526-0700: 128.739: Total time for which application threads were stopped: 0.0001350 seconds, Stopping threads took: 0.0000420 seconds
2017-08-02T13:32:51.532-0700: 128.745: Total time for which application threads were stopped: 0.0001520 seconds, Stopping threads took: 0.0000730 seconds
2017-08-02T13:32:51.532-0700: 128.745: Total time for which application threads were stopped: 0.0000960 seconds, Stopping threads took: 0.0000370 seconds
2017-08-02T13:32:51.533-0700: 128.746: Total time for which application threads were stopped: 0.0001780 seconds, Stopping threads took: 0.0001120 seconds
2017-08-02T13:32:51.549-0700: 128.765: Total time for which application threads were stopped: 0.0001400 seconds, Stopping threads took: 0.0000720 seconds
2017-08-02T13:32:51.549-0700: 128.770: Total time for which application threads were stopped: 0.0001480 seconds, Stopping threads took: 0.0000770 seconds
2017-08-02T13:32:51.549-0700: 128.771: Total time for which application threads were stopped: 0.0001600 seconds, Stopping threads took: 0.0000930 seconds
2017-08-02T13:32:51.549-0700: 128.771: Total time for which application threads were stopped: 0.0000710 seconds, Stopping threads took: 0.0000260 seconds
2017-08-02T13:32:51.549-0700: 128.772: Total time for which application threads were stopped: 0.0000570 seconds, Stopping threads took: 0.0000200 seconds
2017-08-02T13:32:51.549-0700: 128.772: Total time for which application threads were stopped: 0.0000590 seconds, Stopping threads took: 0.0000280 seconds
2017-08-02T13:32:51.549-0700: 128.772: Total time for which application threads were stopped: 0.0000490 seconds, Stopping threads took: 0.0000200 seconds
2017-08-02T13:32:51.549-0700: 128.772: Total time for which application threads were stopped: 0.0000700 seconds, Stopping threads took: 0.0000300 seconds
2017-08-02T13:32:51.549-0700: 128.772: Total time for which application threads were stopped: 0.0000770 seconds, Stopping threads took: 0.0000230 seconds
2017-08-02T13:32:51.565-0700: 128.785: Total time for which application threads were stopped: 0.0001520 seconds, Stopping threads took: 0.0000640 seconds
2017-08-02T13:32:52.574-0700: 129.787: Total time for which application threads were stopped: 0.0002830 seconds, Stopping threads took: 0.0001280 seconds
2017-08-02T13:32:55.980-0700: 133.203: Total time for which application threads were stopped: 0.0001070 seconds, Stopping threads took: 0.0000470 seconds
2017-08-02T13:32:55.980-0700: 133.203: Total time for which application threads were stopped: 0.0000730 seconds, Stopping threads took: 0.0000430 seconds
2017-08-02T13:32:56.046-0700: 133.267: Total time for which application threads were stopped: 0.0002420 seconds, Stopping threads took: 0.0000800 seconds
2017-08-02T13:32:56.046-0700: 133.268: Total time for which application threads were stopped: 0.0000930 seconds, Stopping threads took: 0.0000380 seconds
2017-08-02T13:32:56.046-0700: 133.268: Total time for which application threads were stopped: 0.0000690 seconds, Stopping threads took: 0.0000300 seconds
2017-08-02T13:32:56.046-0700: 133.270: Total time for which application threads were stopped: 0.0001170 seconds, Stopping threads took: 0.0000460 seconds
2017-08-02T13:32:56.046-0700: 133.270: Total time for which application threads were stopped: 0.0000760 seconds, Stopping threads took: 0.0000370 seconds
2017-08-02T13:32:56.182-0700: 133.396: Total time for which application threads were stopped: 0.0001830 seconds, Stopping threads took: 0.0000580 seconds
2017-08-02T13:32:56.182-0700: 133.396: Total time for which application threads were stopped: 0.0000720 seconds, Stopping threads took: 0.0000300 seconds
2017-08-02T13:32:56.232-0700: 133.446: Total time for which application threads were stopped: 0.0001930 seconds, Stopping threads took: 0.0000660 seconds
2017-08-02T13:32:56.233-0700: 133.451: Total time for which application threads were stopped: 0.0001400 seconds, Stopping threads took: 0.0000590 seconds
2017-08-02T13:32:56.233-0700: 133.451: Total time for which application threads were stopped: 0.0000980 seconds, Stopping threads took: 0.0000390 seconds
2017-08-02T13:32:56.233-0700: 133.452: Total time for which application threads were stopped: 0.0000890 seconds, Stopping threads took: 0.0000350 seconds
2017-08-02T13:32:56.233-0700: 133.453: Total time for which application threads were stopped: 0.0000890 seconds, Stopping threads took: 0.0000330 seconds
{Heap before GC invocations=6 (full 1):
 par new generation   total 109248K, used 106189K [0x00000000e0000000, 0x00000000e8000000, 0x00000000e8000000)
  eden space 87424K, 100% used [0x00000000e0000000, 0x00000000e5560000, 0x00000000e5560000)
  from space 21824K,  85% used [0x00000000e5560000, 0x00000000e67b34d8, 0x00000000e6ab0000)
  to   space 21824K,   0% used [0x00000000e6ab0000, 0x00000000e6ab0000, 0x00000000e8000000)
 concurrent mark-sweep generation total 393216K, used 0K [0x00000000e8000000, 0x0000000100000000, 0x0000000100000000)
 Metaspace       used 35448K, capacity 36280K, committed 36656K, reserved 1081344K
  class space    used 4296K, capacity 4572K, committed 4656K, reserved 1048576K
2017-08-02T13:32:56.283-0700: 133.510: [GC (Allocation Failure) 2017-08-02T13:32:56.283-0700: 133.510: [ParNew
Desired survivor size 20112992 bytes, new threshold 8 (max 8)
- age   1:    4708712 bytes,    4708712 total
- age   2:    3071992 bytes,    7780704 total
- age   3:     646352 bytes,    8427056 total
- age   5:     326032 bytes,    8753088 total
- age   6:    1096992 bytes,    9850080 total
- age   7:    5828488 bytes,   15678568 total
: 106189K->21824K(109248K), 0.0216470 secs] 106189K->21838K(502464K), 0.0217660 secs] [Times: user=0.10 sys=0.01, real=0.02 secs] 
Heap after GC invocations=7 (full 1):
 par new generation   total 109248K, used 21824K [0x00000000e0000000, 0x00000000e8000000, 0x00000000e8000000)
  eden space 87424K,   0% used [0x00000000e0000000, 0x00000000e0000000, 0x00000000e5560000)
  from space 21824K, 100% used [0x00000000e6ab0000, 0x00000000e8000000, 0x00000000e8000000)
  to   space 21824K,   0% used [0x00000000e5560000, 0x00000000e5560000, 0x00000000e6ab0000)
 concurrent mark-sweep generation total 393216K, used 14K [0x00000000e8000000, 0x0000000100000000, 0x0000000100000000)
 Metaspace       used 35448K, capacity 36280K, committed 36656K, reserved 1081344K
  class space    used 4296K, capacity 4572K, committed 4656K, reserved 1048576K
}
2017-08-02T13:32:56.319-0700: 133.532: Total time for which application threads were stopped: 0.0220960 seconds, Stopping threads took: 0.0000500 seconds
2017-08-02T13:32:56.322-0700: 133.535: Total time for which application threads were stopped: 0.0001780 seconds, Stopping threads took: 0.0000900 seconds
2017-08-02T13:32:56.323-0700: 133.539: Total time for which application threads were stopped: 0.0001790 seconds, Stopping threads took: 0.0000560 seconds
2017-08-02T13:32:56.323-0700: 133.544: Total time for which application threads were stopped: 0.0004230 seconds, Stopping threads took: 0.0003430 seconds
2017-08-02T13:32:56.323-0700: 133.545: Total time for which application threads were stopped: 0.0001040 seconds, Stopping threads took: 0.0000570 seconds
2017-08-02T13:32:56.323-0700: 133.547: Total time for which application threads were stopped: 0.0002650 seconds, Stopping threads took: 0.0002020 seconds
2017-08-02T13:32:56.323-0700: 133.548: Total time for which application threads were stopped: 0.0001030 seconds, Stopping threads took: 0.0000620 seconds
2017-08-02T13:32:56.323-0700: 133.548: Total time for which application threads were stopped: 0.0000890 seconds, Stopping threads took: 0.0000530 seconds
2017-08-02T13:32:56.323-0700: 133.548: Total time for which application threads were stopped: 0.0000920 seconds, Stopping threads took: 0.0000600 seconds
2017-08-02T13:32:56.323-0700: 133.549: Total time for which application threads were stopped: 0.0001680 seconds, Stopping threads took: 0.0001010 seconds
2017-08-02T13:32:56.341-0700: 133.565: Total time for which application threads were stopped: 0.0002330 seconds, Stopping threads took: 0.0001080 seconds
2017-08-02T13:32:56.366-0700: 133.579: Total time for which application threads were stopped: 0.0001840 seconds, Stopping threads took: 0.0000800 seconds
{Heap before GC invocations=7 (full 1):
 par new generation   total 109248K, used 109248K [0x00000000e0000000, 0x00000000e8000000, 0x00000000e8000000)
  eden space 87424K, 100% used [0x00000000e0000000, 0x00000000e5560000, 0x00000000e5560000)
  from space 21824K, 100% used [0x00000000e6ab0000, 0x00000000e8000000, 0x00000000e8000000)
  to   space 21824K,   0% used [0x00000000e5560000, 0x00000000e5560000, 0x00000000e6ab0000)
 concurrent mark-sweep generation total 393216K, used 14K [0x00000000e8000000, 0x0000000100000000, 0x0000000100000000)
 Metaspace       used 35461K, capacity 36286K, committed 36656K, reserved 1081344K
  class space    used 4297K, capacity 4573K, committed 4656K, reserved 1048576K
2017-08-02T13:32:56.403-0700: 133.627: [GC (Allocation Failure) 2017-08-02T13:32:56.403-0700: 133.627: [ParNew
Desired survivor size 20112992 bytes, new threshold 8 (max 8)
- age   1:     200912 bytes,     200912 total
- age   2:    2221304 bytes,    2422216 total
- age   3:    2892752 bytes,    5314968 total
- age   4:     646280 bytes,    5961248 total
- age   6:     325880 bytes,    6287128 total
- age   7:    1095976 bytes,    7383104 total
- age   8:    5827000 bytes,   13210104 total
: 109248K->18174K(109248K), 0.0210110 secs] 109262K->18189K(502464K), 0.0211190 secs] [Times: user=0.03 sys=0.00, real=0.02 secs] 
Heap after GC invocations=8 (full 1):
 par new generation   total 109248K, used 18174K [0x00000000e0000000, 0x00000000e8000000, 0x00000000e8000000)
  eden space 87424K,   0% used [0x00000000e0000000, 0x00000000e0000000, 0x00000000e5560000)
  from space 21824K,  83% used [0x00000000e5560000, 0x00000000e671f9c0, 0x00000000e6ab0000)
  to   space 21824K,   0% used [0x00000000e6ab0000, 0x00000000e6ab0000, 0x00000000e8000000)
 concurrent mark-sweep generation total 393216K, used 14K [0x00000000e8000000, 0x0000000100000000, 0x0000000100000000)
 Metaspace       used 35461K, capacity 36286K, committed 36656K, reserved 1081344K
  class space    used 4297K, capacity 4573K, committed 4656K, reserved 1048576K
}
2017-08-02T13:32:56.423-0700: 133.649: Total time for which application threads were stopped: 0.0215820 seconds, Stopping threads took: 0.0001500 seconds
2017-08-02T13:32:56.439-0700: 133.652: Total time for which application threads were stopped: 0.0002450 seconds, Stopping threads took: 0.0001380 seconds
2017-08-02T13:32:56.623-0700: 133.846: Total time for which application threads were stopped: 0.0002160 seconds, Stopping threads took: 0.0000600 seconds
2017-08-02T13:32:56.721-0700: 133.934: Total time for which application threads were stopped: 0.0002130 seconds, Stopping threads took: 0.0000910 seconds
2017-08-02T13:32:56.721-0700: 133.934: Total time for which application threads were stopped: 0.0000940 seconds, Stopping threads took: 0.0000490 seconds
2017-08-02T13:32:56.724-0700: 133.937: Total time for which application threads were stopped: 0.0001570 seconds, Stopping threads took: 0.0001030 seconds
2017-08-02T13:32:56.731-0700: 133.944: Total time for which application threads were stopped: 0.0001330 seconds, Stopping threads took: 0.0000460 seconds
2017-08-02T13:32:56.731-0700: 133.944: Total time for which application threads were stopped: 0.0001060 seconds, Stopping threads took: 0.0000350 seconds
2017-08-02T13:32:56.738-0700: 133.957: Total time for which application threads were stopped: 0.0001250 seconds, Stopping threads took: 0.0000500 seconds
2017-08-02T13:32:56.738-0700: 133.958: Total time for which application threads were stopped: 0.0000670 seconds, Stopping threads took: 0.0000270 seconds
2017-08-02T13:32:56.738-0700: 133.958: Total time for which application threads were stopped: 0.0000610 seconds, Stopping threads took: 0.0000240 seconds
2017-08-02T13:32:56.738-0700: 133.965: Total time for which application threads were stopped: 0.0001210 seconds, Stopping threads took: 0.0000500 seconds
2017-08-02T13:32:56.811-0700: 134.024: Total time for which application threads were stopped: 0.0002240 seconds, Stopping threads took: 0.0000830 seconds
2017-08-02T13:32:56.811-0700: 134.024: Total time for which application threads were stopped: 0.0001070 seconds, Stopping threads took: 0.0000600 seconds
2017-08-02T13:32:56.811-0700: 134.024: Total time for which application threads were stopped: 0.0000980 seconds, Stopping threads took: 0.0000540 seconds
2017-08-02T13:32:56.812-0700: 134.026: Total time for which application threads were stopped: 0.0001190 seconds, Stopping threads took: 0.0000650 seconds
2017-08-02T13:32:56.813-0700: 134.026: Total time for which application threads were stopped: 0.0001290 seconds, Stopping threads took: 0.0000660 seconds
2017-08-02T13:32:56.813-0700: 134.026: Total time for which application threads were stopped: 0.0000990 seconds, Stopping threads took: 0.0000510 seconds
{Heap before GC invocations=8 (full 1):
 par new generation   total 109248K, used 105598K [0x00000000e0000000, 0x00000000e8000000, 0x00000000e8000000)
  eden space 87424K, 100% used [0x00000000e0000000, 0x00000000e5560000, 0x00000000e5560000)
  from space 21824K,  83% used [0x00000000e5560000, 0x00000000e671f9c0, 0x00000000e6ab0000)
  to   space 21824K,   0% used [0x00000000e6ab0000, 0x00000000e6ab0000, 0x00000000e8000000)
 concurrent mark-sweep generation total 393216K, used 14K [0x00000000e8000000, 0x0000000100000000, 0x0000000100000000)
 Metaspace       used 35921K, capacity 36790K, committed 37168K, reserved 1081344K
  class space    used 4326K, capacity 4615K, committed 4656K, reserved 1048576K
2017-08-02T13:32:56.815-0700: 134.028: [GC (Allocation Failure) 2017-08-02T13:32:56.815-0700: 134.028: [ParNew
Desired survivor size 20112992 bytes, new threshold 8 (max 8)
- age   1:    2512056 bytes,    2512056 total
- age   2:      78240 bytes,    2590296 total
- age   3:    1606336 bytes,    4196632 total
- age   4:    2871040 bytes,    7067672 total
- age   5:     644568 bytes,    7712240 total
- age   7:     325512 bytes,    8037752 total
- age   8:    1094992 bytes,    9132744 total
: 105598K->12441K(109248K), 0.0451440 secs] 105613K->18761K(502464K), 0.0452510 secs] [Times: user=0.09 sys=0.03, real=0.05 secs] 
Heap after GC invocations=9 (full 1):
 par new generation   total 109248K, used 12441K [0x00000000e0000000, 0x00000000e8000000, 0x00000000e8000000)
  eden space 87424K,   0% used [0x00000000e0000000, 0x00000000e0000000, 0x00000000e5560000)
  from space 21824K,  57% used [0x00000000e6ab0000, 0x00000000e76d6648, 0x00000000e8000000)
  to   space 21824K,   0% used [0x00000000e5560000, 0x00000000e5560000, 0x00000000e6ab0000)
 concurrent mark-sweep generation total 393216K, used 6319K [0x00000000e8000000, 0x0000000100000000, 0x0000000100000000)
 Metaspace       used 35921K, capacity 36790K, committed 37168K, reserved 1081344K
  class space    used 4326K, capacity 4615K, committed 4656K, reserved 1048576K
}
2017-08-02T13:32:56.861-0700: 134.074: Total time for which application threads were stopped: 0.0456130 seconds, Stopping threads took: 0.0000610 seconds
2017-08-02T13:32:56.862-0700: 134.074: Total time for which application threads were stopped: 0.0002330 seconds, Stopping threads took: 0.0000740 seconds
2017-08-02T13:32:56.877-0700: 134.101: Total time for which application threads were stopped: 0.0002150 seconds, Stopping threads took: 0.0000930 seconds
2017-08-02T13:32:56.893-0700: 134.115: Total time for which application threads were stopped: 0.0001290 seconds, Stopping threads took: 0.0000490 seconds
2017-08-02T13:32:56.893-0700: 134.117: Total time for which application threads were stopped: 0.0001160 seconds, Stopping threads took: 0.0000520 seconds
2017-08-02T13:32:56.893-0700: 134.120: Total time for which application threads were stopped: 0.0001050 seconds, Stopping threads took: 0.0000400 seconds
2017-08-02T13:32:56.931-0700: 134.144: Total time for which application threads were stopped: 0.0001620 seconds, Stopping threads took: 0.0000610 seconds
2017-08-02T13:32:56.932-0700: 134.144: Total time for which application threads were stopped: 0.0001150 seconds, Stopping threads took: 0.0000400 seconds
2017-08-02T13:32:56.932-0700: 134.145: Total time for which application threads were stopped: 0.0001420 seconds, Stopping threads took: 0.0000780 seconds
2017-08-02T13:32:56.956-0700: 134.169: Total time for which application threads were stopped: 0.0001280 seconds, Stopping threads took: 0.0000460 seconds
2017-08-02T13:32:56.978-0700: 134.194: Total time for which application threads were stopped: 0.0001310 seconds, Stopping threads took: 0.0000460 seconds
2017-08-02T13:32:56.994-0700: 134.221: Total time for which application threads were stopped: 0.0002030 seconds, Stopping threads took: 0.0000470 seconds
2017-08-02T13:32:57.124-0700: 134.344: Total time for which application threads were stopped: 0.0002780 seconds, Stopping threads took: 0.0000850 seconds
2017-08-02T13:32:57.124-0700: 134.350: Total time for which application threads were stopped: 0.0001050 seconds, Stopping threads took: 0.0000420 seconds
2017-08-02T13:32:57.157-0700: 134.370: Total time for which application threads were stopped: 0.0001440 seconds, Stopping threads took: 0.0000590 seconds
2017-08-02T13:32:57.164-0700: 134.384: Total time for which application threads were stopped: 0.0001480 seconds, Stopping threads took: 0.0000610 seconds
2017-08-02T13:32:57.164-0700: 134.384: Total time for which application threads were stopped: 0.0000540 seconds, Stopping threads took: 0.0000230 seconds
2017-08-02T13:32:57.164-0700: 134.385: Total time for which application threads were stopped: 0.0000530 seconds, Stopping threads took: 0.0000200 seconds
2017-08-02T13:32:57.164-0700: 134.385: Total time for which application threads were stopped: 0.0000490 seconds, Stopping threads took: 0.0000190 seconds
2017-08-02T13:32:57.164-0700: 134.385: Total time for which application threads were stopped: 0.0000500 seconds, Stopping threads took: 0.0000210 seconds
2017-08-02T13:32:57.164-0700: 134.385: Total time for which application threads were stopped: 0.0000470 seconds, Stopping threads took: 0.0000180 seconds
2017-08-02T13:32:57.179-0700: 134.398: Total time for which application threads were stopped: 0.0012360 seconds, Stopping threads took: 0.0011320 seconds
2017-08-02T13:32:57.212-0700: 134.425: Total time for which application threads were stopped: 0.0005850 seconds, Stopping threads took: 0.0000740 seconds
2017-08-02T13:32:57.214-0700: 134.427: Total time for which application threads were stopped: 0.0005860 seconds, Stopping threads took: 0.0000350 seconds
2017-08-02T13:32:57.221-0700: 134.433: Total time for which application threads were stopped: 0.0001130 seconds, Stopping threads took: 0.0000430 seconds
2017-08-02T13:32:57.240-0700: 134.453: Total time for which application threads were stopped: 0.0001620 seconds, Stopping threads took: 0.0000860 seconds
2017-08-02T13:32:57.240-0700: 134.455: Total time for which application threads were stopped: 0.0000830 seconds, Stopping threads took: 0.0000320 seconds
2017-08-02T13:32:57.240-0700: 134.455: Total time for which application threads were stopped: 0.0000680 seconds, Stopping threads took: 0.0000260 seconds
2017-08-02T13:32:57.240-0700: 134.455: Total time for which application threads were stopped: 0.0000760 seconds, Stopping threads took: 0.0000430 seconds
2017-08-02T13:32:57.240-0700: 134.455: Total time for which application threads were stopped: 0.0000620 seconds, Stopping threads took: 0.0000320 seconds
2017-08-02T13:32:57.240-0700: 134.455: Total time for which application threads were stopped: 0.0000530 seconds, Stopping threads took: 0.0000250 seconds
2017-08-02T13:32:57.240-0700: 134.459: Total time for which application threads were stopped: 0.0000630 seconds, Stopping threads took: 0.0000230 seconds
2017-08-02T13:32:57.240-0700: 134.459: Total time for which application threads were stopped: 0.0000640 seconds, Stopping threads took: 0.0000250 seconds
2017-08-02T13:32:57.264-0700: 134.482: Total time for which application threads were stopped: 0.0001000 seconds, Stopping threads took: 0.0000390 seconds
2017-08-02T13:32:57.264-0700: 134.482: Total time for which application threads were stopped: 0.0000690 seconds, Stopping threads took: 0.0000260 seconds
2017-08-02T13:32:57.280-0700: 134.495: Total time for which application threads were stopped: 0.0001000 seconds, Stopping threads took: 0.0000400 seconds
2017-08-02T13:32:57.424-0700: 134.645: Total time for which application threads were stopped: 0.0000930 seconds, Stopping threads took: 0.0000340 seconds
2017-08-02T13:32:57.440-0700: 134.657: Total time for which application threads were stopped: 0.0001340 seconds, Stopping threads took: 0.0000510 seconds
2017-08-02T13:32:57.447-0700: 134.661: Total time for which application threads were stopped: 0.0001010 seconds, Stopping threads took: 0.0000420 seconds
2017-08-02T13:32:57.448-0700: 134.662: Total time for which application threads were stopped: 0.0001940 seconds, Stopping threads took: 0.0001480 seconds
2017-08-02T13:32:57.448-0700: 134.662: Total time for which application threads were stopped: 0.0001690 seconds, Stopping threads took: 0.0001300 seconds
2017-08-02T13:32:57.465-0700: 134.680: Total time for which application threads were stopped: 0.0001170 seconds, Stopping threads took: 0.0000440 seconds
2017-08-02T13:32:58.468-0700: 135.681: Total time for which application threads were stopped: 0.0007850 seconds, Stopping threads took: 0.0005550 seconds
2017-08-02T13:32:59.469-0700: 136.682: Total time for which application threads were stopped: 0.0003880 seconds, Stopping threads took: 0.0001220 seconds
2017-08-02T13:33:00.470-0700: 137.683: Total time for which application threads were stopped: 0.0001660 seconds, Stopping threads took: 0.0000540 seconds
2017-08-02T13:33:01.470-0700: 138.683: Total time for which application threads were stopped: 0.0001330 seconds, Stopping threads took: 0.0000440 seconds
2017-08-02T13:33:02.167-0700: 139.380: Total time for which application threads were stopped: 0.0001400 seconds, Stopping threads took: 0.0000420 seconds
2017-08-02T13:33:03.167-0700: 140.380: Total time for which application threads were stopped: 0.0001100 seconds, Stopping threads took: 0.0000420 seconds
2017-08-02T13:33:04.168-0700: 141.381: Total time for which application threads were stopped: 0.0003760 seconds, Stopping threads took: 0.0001430 seconds
2017-08-02T13:33:05.169-0700: 142.382: Total time for which application threads were stopped: 0.0003390 seconds, Stopping threads took: 0.0001010 seconds
2017-08-02T13:33:06.169-0700: 143.382: Total time for which application threads were stopped: 0.0001800 seconds, Stopping threads took: 0.0000740 seconds
2017-08-02T13:33:06.578-0700: 143.793: Total time for which application threads were stopped: 0.0002390 seconds, Stopping threads took: 0.0001370 seconds
2017-08-02T13:33:06.578-0700: 143.793: Total time for which application threads were stopped: 0.0001970 seconds, Stopping threads took: 0.0001360 seconds
2017-08-02T13:33:06.578-0700: 143.794: Total time for which application threads were stopped: 0.0000920 seconds, Stopping threads took: 0.0000380 seconds
2017-08-02T13:33:06.578-0700: 143.801: Total time for which application threads were stopped: 0.0002040 seconds, Stopping threads took: 0.0000940 seconds
2017-08-02T13:33:06.614-0700: 143.840: Total time for which application threads were stopped: 0.0003570 seconds, Stopping threads took: 0.0000820 seconds
2017-08-02T13:33:06.680-0700: 143.896: Total time for which application threads were stopped: 0.0001870 seconds, Stopping threads took: 0.0000560 seconds
2017-08-02T13:33:06.680-0700: 143.896: Total time for which application threads were stopped: 0.0001160 seconds, Stopping threads took: 0.0000410 seconds
2017-08-02T13:33:06.815-0700: 144.033: Total time for which application threads were stopped: 0.0001150 seconds, Stopping threads took: 0.0000330 seconds
2017-08-02T13:33:06.815-0700: 144.033: Total time for which application threads were stopped: 0.0000640 seconds, Stopping threads took: 0.0000210 seconds
2017-08-02T13:33:06.848-0700: 144.061: Total time for which application threads were stopped: 0.0002530 seconds, Stopping threads took: 0.0001420 seconds
2017-08-02T13:33:07.849-0700: 145.062: Total time for which application threads were stopped: 0.0004130 seconds, Stopping threads took: 0.0001350 seconds
2017-08-02T13:33:08.850-0700: 146.063: Total time for which application threads were stopped: 0.0001970 seconds, Stopping threads took: 0.0000770 seconds
2017-08-02T13:33:09.114-0700: 146.329: Total time for which application threads were stopped: 0.0001510 seconds, Stopping threads took: 0.0000450 seconds
2017-08-02T13:33:10.117-0700: 147.330: Total time for which application threads were stopped: 0.0003460 seconds, Stopping threads took: 0.0001140 seconds
{Heap before GC invocations=9 (full 1):
 par new generation   total 109248K, used 99865K [0x00000000e0000000, 0x00000000e8000000, 0x00000000e8000000)
  eden space 87424K, 100% used [0x00000000e0000000, 0x00000000e5560000, 0x00000000e5560000)
  from space 21824K,  57% used [0x00000000e6ab0000, 0x00000000e76d6648, 0x00000000e8000000)
  to   space 21824K,   0% used [0x00000000e5560000, 0x00000000e5560000, 0x00000000e6ab0000)
 concurrent mark-sweep generation total 393216K, used 6319K [0x00000000e8000000, 0x0000000100000000, 0x0000000100000000)
 Metaspace       used 39500K, capacity 40368K, committed 40752K, reserved 1085440K
  class space    used 4581K, capacity 4844K, committed 4912K, reserved 1048576K
2017-08-02T13:33:11.609-0700: 148.821: [GC (Allocation Failure) 2017-08-02T13:33:11.609-0700: 148.821: [ParNew
Desired survivor size 20112992 bytes, new threshold 8 (max 8)
- age   1:    6044768 bytes,    6044768 total
- age   2:    2038936 bytes,    8083704 total
- age   3:      78144 bytes,    8161848 total
- age   4:    1582800 bytes,    9744648 total
- age   5:    2827400 bytes,   12572048 total
- age   6:     644360 bytes,   13216408 total
- age   8:     325152 bytes,   13541560 total
: 99865K->16261K(109248K), 0.0169830 secs] 106185K->23669K(502464K), 0.0170650 secs] [Times: user=0.00 sys=0.00, real=0.01 secs] 
Heap after GC invocations=10 (full 1):
 par new generation   total 109248K, used 16261K [0x00000000e0000000, 0x00000000e8000000, 0x00000000e8000000)
  eden space 87424K,   0% used [0x00000000e0000000, 0x00000000e0000000, 0x00000000e5560000)
  from space 21824K,  74% used [0x00000000e5560000, 0x00000000e65414b0, 0x00000000e6ab0000)
  to   space 21824K,   0% used [0x00000000e6ab0000, 0x00000000e6ab0000, 0x00000000e8000000)
 concurrent mark-sweep generation total 393216K, used 7408K [0x00000000e8000000, 0x0000000100000000, 0x0000000100000000)
 Metaspace       used 39500K, capacity 40368K, committed 40752K, reserved 1085440K
  class space    used 4581K, capacity 4844K, committed 4912K, reserved 1048576K
}
2017-08-02T13:33:11.619-0700: 148.839: Total time for which application threads were stopped: 0.0173300 seconds, Stopping threads took: 0.0000430 seconds
2017-08-02T13:33:11.619-0700: 148.839: Total time for which application threads were stopped: 0.0001190 seconds, Stopping threads took: 0.0000530 seconds
2017-08-02T13:33:11.619-0700: 148.839: Total time for which application threads were stopped: 0.0001330 seconds, Stopping threads took: 0.0000600 seconds
2017-08-02T13:33:11.619-0700: 148.839: Total time for which application threads were stopped: 0.0000850 seconds, Stopping threads took: 0.0000350 seconds
2017-08-02T13:33:11.619-0700: 148.840: Total time for which application threads were stopped: 0.0000660 seconds, Stopping threads took: 0.0000250 seconds
2017-08-02T13:33:11.619-0700: 148.840: Total time for which application threads were stopped: 0.0000650 seconds, Stopping threads took: 0.0000250 seconds
2017-08-02T13:33:11.619-0700: 148.840: Total time for which application threads were stopped: 0.0000580 seconds, Stopping threads took: 0.0000230 seconds
2017-08-02T13:33:11.619-0700: 148.840: Total time for which application threads were stopped: 0.0001210 seconds, Stopping threads took: 0.0000220 seconds
2017-08-02T13:33:12.628-0700: 149.841: Total time for which application threads were stopped: 0.0003730 seconds, Stopping threads took: 0.0001200 seconds
2017-08-02T13:33:13.628-0700: 150.842: Total time for which application threads were stopped: 0.0003020 seconds, Stopping threads took: 0.0001320 seconds
2017-08-02T13:33:13.979-0700: 151.192: Total time for which application threads were stopped: 0.0003280 seconds, Stopping threads took: 0.0001510 seconds
2017-08-02T13:33:13.980-0700: 151.193: Total time for which application threads were stopped: 0.0006870 seconds, Stopping threads took: 0.0005680 seconds
2017-08-02T13:33:13.980-0700: 151.194: Total time for which application threads were stopped: 0.0003960 seconds, Stopping threads took: 0.0000330 seconds
2017-08-02T13:33:14.981-0700: 152.194: Total time for which application threads were stopped: 0.0002750 seconds, Stopping threads took: 0.0001090 seconds
2017-08-02T13:33:16.467-0700: 153.687: Total time for which application threads were stopped: 0.0001590 seconds, Stopping threads took: 0.0000650 seconds
2017-08-02T13:33:16.482-0700: 153.706: Total time for which application threads were stopped: 0.0005140 seconds, Stopping threads took: 0.0001910 seconds
2017-08-02T13:33:16.516-0700: 153.734: Total time for which application threads were stopped: 0.0001730 seconds, Stopping threads took: 0.0000820 seconds
2017-08-02T13:33:16.516-0700: 153.735: Total time for which application threads were stopped: 0.0001740 seconds, Stopping threads took: 0.0000850 seconds
2017-08-02T13:33:16.738-0700: 153.951: Total time for which application threads were stopped: 0.0001230 seconds, Stopping threads took: 0.0000380 seconds
2017-08-02T13:33:17.558-0700: 154.771: Total time for which application threads were stopped: 0.0001480 seconds, Stopping threads took: 0.0000470 seconds
2017-08-02T13:33:17.560-0700: 154.773: Total time for which application threads were stopped: 0.0001560 seconds, Stopping threads took: 0.0000660 seconds
2017-08-02T13:33:17.563-0700: 154.776: Total time for which application threads were stopped: 0.0002470 seconds, Stopping threads took: 0.0001220 seconds
2017-08-02T13:33:17.564-0700: 154.777: Total time for which application threads were stopped: 0.0001500 seconds, Stopping threads took: 0.0000750 seconds
2017-08-02T13:33:18.565-0700: 155.778: Total time for which application threads were stopped: 0.0002480 seconds, Stopping threads took: 0.0000680 seconds
2017-08-02T13:33:31.073-0700: 168.285: Total time for which application threads were stopped: 0.0001420 seconds, Stopping threads took: 0.0000450 seconds
2017-08-02T13:33:31.131-0700: 168.345: Total time for which application threads were stopped: 0.0001110 seconds, Stopping threads took: 0.0000300 seconds
2017-08-02T13:33:31.131-0700: 168.347: Total time for which application threads were stopped: 0.0002020 seconds, Stopping threads took: 0.0001160 seconds
2017-08-02T13:33:31.131-0700: 168.355: Total time for which application threads were stopped: 0.0002050 seconds, Stopping threads took: 0.0001200 seconds
2017-08-02T13:33:31.131-0700: 168.357: Total time for which application threads were stopped: 0.0002330 seconds, Stopping threads took: 0.0001160 seconds
2017-08-02T13:40:27.289-0700: 584.502: Total time for which application threads were stopped: 0.0004060 seconds, Stopping threads took: 0.0001540 seconds
2017-08-02T13:41:45.314-0700: 662.527: Total time for which application threads were stopped: 0.0003120 seconds, Stopping threads took: 0.0001310 seconds
2017-08-02T13:41:50.316-0700: 667.529: Total time for which application threads were stopped: 0.0002870 seconds, Stopping threads took: 0.0001130 seconds
2017-08-02T13:41:55.318-0700: 672.531: Total time for which application threads were stopped: 0.0003020 seconds, Stopping threads took: 0.0001240 seconds
2017-08-02T13:42:40.472-0700: 717.686: Total time for which application threads were stopped: 0.0002200 seconds, Stopping threads took: 0.0000560 seconds
2017-08-02T13:42:41.474-0700: 718.687: Total time for which application threads were stopped: 0.0003150 seconds, Stopping threads took: 0.0001350 seconds
2017-08-02T13:42:45.475-0700: 722.688: Total time for which application threads were stopped: 0.0003760 seconds, Stopping threads took: 0.0001390 seconds
2017-08-02T13:42:50.478-0700: 727.691: Total time for which application threads were stopped: 0.0002990 seconds, Stopping threads took: 0.0001130 seconds
2017-08-02T13:43:03.481-0700: 740.694: Total time for which application threads were stopped: 0.0003340 seconds, Stopping threads took: 0.0001330 seconds
2017-08-02T13:43:04.482-0700: 741.695: Total time for which application threads were stopped: 0.0003130 seconds, Stopping threads took: 0.0001350 seconds
2017-08-02T13:47:20.055-0700: 997.268: Total time for which application threads were stopped: 0.0004880 seconds, Stopping threads took: 0.0000740 seconds
2017-08-02T13:47:20.889-0700: 998.102: Total time for which application threads were stopped: 0.0001760 seconds, Stopping threads took: 0.0000620 seconds
2017-08-02T13:47:21.889-0700: 999.102: Total time for which application threads were stopped: 0.0002960 seconds, Stopping threads took: 0.0001210 seconds
2017-08-02T13:48:04.904-0700: 1042.117: Total time for which application threads were stopped: 0.0001740 seconds, Stopping threads took: 0.0000650 seconds
2017-08-02T13:48:05.905-0700: 1043.120: Total time for which application threads were stopped: 0.0024730 seconds, Stopping threads took: 0.0023180 seconds
2017-08-02T13:49:04.927-0700: 1102.141: Total time for which application threads were stopped: 0.0003980 seconds, Stopping threads took: 0.0001630 seconds
2017-08-02T13:50:58.674-0700: 1215.887: Total time for which application threads were stopped: 0.0010160 seconds, Stopping threads took: 0.0000450 seconds
2017-08-02T13:50:59.133-0700: 1216.346: Total time for which application threads were stopped: 0.0005960 seconds, Stopping threads took: 0.0001930 seconds
2017-08-02T13:51:00.134-0700: 1217.347: Total time for which application threads were stopped: 0.0001470 seconds, Stopping threads took: 0.0000570 seconds
2017-08-02T13:51:01.135-0700: 1218.347: Total time for which application threads were stopped: 0.0001720 seconds, Stopping threads took: 0.0000750 seconds
2017-08-02T13:51:20.141-0700: 1237.354: Total time for which application threads were stopped: 0.0003080 seconds, Stopping threads took: 0.0001340 seconds
2017-08-02T13:54:59.236-0700: 1456.448: Total time for which application threads were stopped: 0.0001330 seconds, Stopping threads took: 0.0000480 seconds
2017-08-02T13:55:25.244-0700: 1482.458: Total time for which application threads were stopped: 0.0003670 seconds, Stopping threads took: 0.0001460 seconds
2017-08-02T13:55:28.245-0700: 1485.459: Total time for which application threads were stopped: 0.0003710 seconds, Stopping threads took: 0.0001570 seconds
2017-08-02T13:55:30.247-0700: 1487.460: Total time for which application threads were stopped: 0.0001680 seconds, Stopping threads took: 0.0000650 seconds
{Heap before GC invocations=10 (full 1):
 par new generation   total 109248K, used 103685K [0x00000000e0000000, 0x00000000e8000000, 0x00000000e8000000)
  eden space 87424K, 100% used [0x00000000e0000000, 0x00000000e5560000, 0x00000000e5560000)
  from space 21824K,  74% used [0x00000000e5560000, 0x00000000e65414b0, 0x00000000e6ab0000)
  to   space 21824K,   0% used [0x00000000e6ab0000, 0x00000000e6ab0000, 0x00000000e8000000)
 concurrent mark-sweep generation total 393216K, used 7408K [0x00000000e8000000, 0x0000000100000000, 0x0000000100000000)
 Metaspace       used 40334K, capacity 41152K, committed 41520K, reserved 1085440K
  class space    used 4650K, capacity 4910K, committed 4912K, reserved 1048576K
2017-08-02T13:55:34.833-0700: 1492.046: [GC (Allocation Failure) 2017-08-02T13:55:34.833-0700: 1492.046: [ParNew
Desired survivor size 20112992 bytes, new threshold 8 (max 8)
- age   1:    2928752 bytes,    2928752 total
- age   2:    3499792 bytes,    6428544 total
- age   3:    1424984 bytes,    7853528 total
- age   4:      78144 bytes,    7931672 total
- age   5:    1512640 bytes,    9444312 total
- age   6:    2817120 bytes,   12261432 total
- age   7:     644344 bytes,   12905776 total
: 103685K->18917K(109248K), 0.0172080 secs] 111093K->26652K(502464K), 0.0173040 secs] [Times: user=0.07 sys=0.00, real=0.02 secs] 
Heap after GC invocations=11 (full 1):
 par new generation   total 109248K, used 18917K [0x00000000e0000000, 0x00000000e8000000, 0x00000000e8000000)
  eden space 87424K,   0% used [0x00000000e0000000, 0x00000000e0000000, 0x00000000e5560000)
  from space 21824K,  86% used [0x00000000e6ab0000, 0x00000000e7d29670, 0x00000000e8000000)
  to   space 21824K,   0% used [0x00000000e5560000, 0x00000000e5560000, 0x00000000e6ab0000)
 concurrent mark-sweep generation total 393216K, used 7735K [0x00000000e8000000, 0x0000000100000000, 0x0000000100000000)
 Metaspace       used 40334K, capacity 41152K, committed 41520K, reserved 1085440K
  class space    used 4650K, capacity 4910K, committed 4912K, reserved 1048576K
}
2017-08-02T13:55:34.841-0700: 1492.063: Total time for which application threads were stopped: 0.0177530 seconds, Stopping threads took: 0.0000430 seconds
2017-08-02T13:55:34.841-0700: 1492.064: Total time for which application threads were stopped: 0.0002480 seconds, Stopping threads took: 0.0000810 seconds
{Heap before GC invocations=11 (full 1):
 par new generation   total 109248K, used 106341K [0x00000000e0000000, 0x00000000e8000000, 0x00000000e8000000)
  eden space 87424K, 100% used [0x00000000e0000000, 0x00000000e5560000, 0x00000000e5560000)
  from space 21824K,  86% used [0x00000000e6ab0000, 0x00000000e7d29670, 0x00000000e8000000)
  to   space 21824K,   0% used [0x00000000e5560000, 0x00000000e5560000, 0x00000000e6ab0000)
 concurrent mark-sweep generation total 393216K, used 7735K [0x00000000e8000000, 0x0000000100000000, 0x0000000100000000)
 Metaspace       used 40354K, capacity 41164K, committed 41520K, reserved 1085440K
  class space    used 4652K, capacity 4912K, committed 4912K, reserved 1048576K
2017-08-02T13:55:34.896-0700: 1492.122: [GC (Allocation Failure) 2017-08-02T13:55:34.896-0700: 1492.122: [ParNew
Desired survivor size 20112992 bytes, new threshold 8 (max 8)
- age   1:     231024 bytes,     231024 total
- age   2:    2259624 bytes,    2490648 total
- age   3:    3392096 bytes,    5882744 total
- age   4:    1384184 bytes,    7266928 total
- age   5:      77968 bytes,    7344896 total
- age   6:    1432104 bytes,    8777000 total
- age   7:    2619448 bytes,   11396448 total
- age   8:     615800 bytes,   12012248 total
: 106341K->14672K(109248K), 0.0135790 secs] 114076K->22407K(502464K), 0.0136730 secs] [Times: user=0.12 sys=0.00, real=0.01 secs] 
Heap after GC invocations=12 (full 1):
 par new generation   total 109248K, used 14672K [0x00000000e0000000, 0x00000000e8000000, 0x00000000e8000000)
  eden space 87424K,   0% used [0x00000000e0000000, 0x00000000e0000000, 0x00000000e5560000)
  from space 21824K,  67% used [0x00000000e5560000, 0x00000000e63b40c0, 0x00000000e6ab0000)
  to   space 21824K,   0% used [0x00000000e6ab0000, 0x00000000e6ab0000, 0x00000000e8000000)
 concurrent mark-sweep generation total 393216K, used 7735K [0x00000000e8000000, 0x0000000100000000, 0x0000000100000000)
 Metaspace       used 40354K, capacity 41164K, committed 41520K, reserved 1085440K
  class space    used 4652K, capacity 4912K, committed 4912K, reserved 1048576K
}
2017-08-02T13:55:34.923-0700: 1492.136: Total time for which application threads were stopped: 0.0140340 seconds, Stopping threads took: 0.0000650 seconds
2017-08-02T13:55:34.923-0700: 1492.136: Total time for which application threads were stopped: 0.0002570 seconds, Stopping threads took: 0.0001170 seconds
2017-08-02T13:55:35.074-0700: 1492.294: Total time for which application threads were stopped: 0.0002430 seconds, Stopping threads took: 0.0000620 seconds
2017-08-02T13:55:35.196-0700: 1492.409: Total time for which application threads were stopped: 0.0001840 seconds, Stopping threads took: 0.0000400 seconds
2017-08-02T13:55:35.197-0700: 1492.409: Total time for which application threads were stopped: 0.0000900 seconds, Stopping threads took: 0.0000290 seconds
2017-08-02T13:55:35.197-0700: 1492.410: Total time for which application threads were stopped: 0.0001130 seconds, Stopping threads took: 0.0000550 seconds
2017-08-02T13:55:35.197-0700: 1492.410: Total time for which application threads were stopped: 0.0000800 seconds, Stopping threads took: 0.0000290 seconds
2017-08-02T13:55:35.329-0700: 1492.547: Total time for which application threads were stopped: 0.0001670 seconds, Stopping threads took: 0.0000460 seconds
{Heap before GC invocations=12 (full 1):
 par new generation   total 109248K, used 102096K [0x00000000e0000000, 0x00000000e8000000, 0x00000000e8000000)
  eden space 87424K, 100% used [0x00000000e0000000, 0x00000000e5560000, 0x00000000e5560000)
  from space 21824K,  67% used [0x00000000e5560000, 0x00000000e63b40c0, 0x00000000e6ab0000)
  to   space 21824K,   0% used [0x00000000e6ab0000, 0x00000000e6ab0000, 0x00000000e8000000)
 concurrent mark-sweep generation total 393216K, used 7735K [0x00000000e8000000, 0x0000000100000000, 0x0000000100000000)
 Metaspace       used 41233K, capacity 42114K, committed 42392K, reserved 1087488K
  class space    used 4733K, capacity 5017K, committed 5040K, reserved 1048576K
2017-08-02T13:55:35.366-0700: 1492.581: [GC (Allocation Failure) 2017-08-02T13:55:35.366-0700: 1492.581: [ParNew
Desired survivor size 20112992 bytes, new threshold 8 (max 8)
- age   1:    3290024 bytes,    3290024 total
- age   2:      85112 bytes,    3375136 total
- age   3:    1634920 bytes,    5010056 total
- age   4:    3372528 bytes,    8382584 total
- age   5:    1360840 bytes,    9743424 total
- age   6:      77968 bytes,    9821392 total
- age   7:    1431264 bytes,   11252656 total
- age   8:    2615512 bytes,   13868168 total
: 102096K->16672K(109248K), 0.0159240 secs] 109831K->25015K(502464K), 0.0159970 secs] [Times: user=0.02 sys=0.00, real=0.01 secs] 
Heap after GC invocations=13 (full 1):
 par new generation   total 109248K, used 16672K [0x00000000e0000000, 0x00000000e8000000, 0x00000000e8000000)
  eden space 87424K,   0% used [0x00000000e0000000, 0x00000000e0000000, 0x00000000e5560000)
  from space 21824K,  76% used [0x00000000e6ab0000, 0x00000000e7af8190, 0x00000000e8000000)
  to   space 21824K,   0% used [0x00000000e5560000, 0x00000000e5560000, 0x00000000e6ab0000)
 concurrent mark-sweep generation total 393216K, used 8343K [0x00000000e8000000, 0x0000000100000000, 0x0000000100000000)
 Metaspace       used 41233K, capacity 42114K, committed 42392K, reserved 1087488K
  class space    used 4733K, capacity 5017K, committed 5040K, reserved 1048576K
}
2017-08-02T13:55:35.382-0700: 1492.597: Total time for which application threads were stopped: 0.0162310 seconds, Stopping threads took: 0.0000360 seconds
2017-08-02T13:55:35.382-0700: 1492.597: [GC (CMS Initial Mark) [1 CMS-initial-mark: 8343K(393216K)] 26343K(502464K), 0.0042740 secs] [Times: user=0.00 sys=0.00, real=0.01 secs] 
2017-08-02T13:55:35.382-0700: 1492.601: Total time for which application threads were stopped: 0.0045220 seconds, Stopping threads took: 0.0000730 seconds
2017-08-02T13:55:35.382-0700: 1492.601: [CMS-concurrent-mark-start]
2017-08-02T13:55:35.396-0700: 1492.608: Total time for which application threads were stopped: 0.0001830 seconds, Stopping threads took: 0.0000570 seconds
2017-08-02T13:55:35.398-0700: 1492.611: [CMS-concurrent-mark: 0.009/0.010 secs] [Times: user=0.00 sys=0.04, real=0.01 secs] 
2017-08-02T13:55:35.398-0700: 1492.611: [CMS-concurrent-preclean-start]
2017-08-02T13:55:35.399-0700: 1492.612: [CMS-concurrent-preclean: 0.001/0.001 secs] [Times: user=0.00 sys=0.00, real=0.00 secs] 
2017-08-02T13:55:35.400-0700: 1492.612: [GC (CMS Final Remark) [YG occupancy: 18000 K (109248 K)]{Heap before GC invocations=13 (full 2):
 par new generation   total 109248K, used 18000K [0x00000000e0000000, 0x00000000e8000000, 0x00000000e8000000)
  eden space 87424K,   1% used [0x00000000e0000000, 0x00000000e014bfc8, 0x00000000e5560000)
  from space 21824K,  76% used [0x00000000e6ab0000, 0x00000000e7af8190, 0x00000000e8000000)
  to   space 21824K,   0% used [0x00000000e5560000, 0x00000000e5560000, 0x00000000e6ab0000)
 concurrent mark-sweep generation total 393216K, used 8343K [0x00000000e8000000, 0x0000000100000000, 0x0000000100000000)
 Metaspace       used 41290K, capacity 42178K, committed 42468K, reserved 1087488K
  class space    used 4740K, capacity 5017K, committed 5040K, reserved 1048576K
2017-08-02T13:55:35.400-0700: 1492.612: [GC (CMS Final Remark) 2017-08-02T13:55:35.400-0700: 1492.612: [ParNew
Desired survivor size 20112992 bytes, new threshold 8 (max 8)
- age   1:      80680 bytes,      80680 total
- age   2:    2445096 bytes,    2525776 total
- age   3:      85112 bytes,    2610888 total
- age   4:    1634944 bytes,    4245832 total
- age   5:    3369872 bytes,    7615704 total
- age   6:    1360840 bytes,    8976544 total
- age   7:      77968 bytes,    9054512 total
- age   8:    1431264 bytes,   10485776 total
: 18000K->14342K(109248K), 0.0186140 secs] 26343K->25322K(502464K), 0.0186870 secs] [Times: user=0.01 sys=0.00, real=0.02 secs] 
Heap after GC invocations=14 (full 2):
 par new generation   total 109248K, used 14342K [0x00000000e0000000, 0x00000000e8000000, 0x00000000e8000000)
  eden space 87424K,   0% used [0x00000000e0000000, 0x00000000e0000000, 0x00000000e5560000)
  from space 21824K,  65% used [0x00000000e5560000, 0x00000000e6361af0, 0x00000000e6ab0000)
  to   space 21824K,   0% used [0x00000000e6ab0000, 0x00000000e6ab0000, 0x00000000e8000000)
 concurrent mark-sweep generation total 393216K, used 10979K [0x00000000e8000000, 0x0000000100000000, 0x0000000100000000)
 Metaspace       used 41290K, capacity 42178K, committed 42468K, reserved 1087488K
  class space    used 4740K, capacity 5017K, committed 5040K, reserved 1048576K
}
2017-08-02T13:55:35.418-0700: 1492.631: [Rescan (parallel) , 0.0062390 secs]2017-08-02T13:55:35.424-0700: 1492.637: [weak refs processing, 0.0008550 secs]2017-08-02T13:55:35.425-0700: 1492.638: [class unloading, 0.0126310 secs]2017-08-02T13:55:35.429-0700: 1492.651: [scrub symbol table, 0.0072330 secs]2017-08-02T13:55:35.445-0700: 1492.658: [scrub string table, 0.0010910 secs][1 CMS-remark: 10979K(393216K)] 25322K(502464K), 0.0493000 secs] [Times: user=0.05 sys=0.00, real=0.05 secs] 
2017-08-02T13:55:35.449-0700: 1492.662: Total time for which application threads were stopped: 0.0496100 seconds, Stopping threads took: 0.0001650 seconds
2017-08-02T13:55:35.449-0700: 1492.662: [CMS-concurrent-sweep-start]
2017-08-02T13:55:35.449-0700: 1492.662: Total time for which application threads were stopped: 0.0002060 seconds, Stopping threads took: 0.0000740 seconds
2017-08-02T13:55:35.449-0700: 1492.662: Total time for which application threads were stopped: 0.0001020 seconds, Stopping threads took: 0.0000210 seconds
2017-08-02T13:55:35.449-0700: 1492.662: Total time for which application threads were stopped: 0.0000960 seconds, Stopping threads took: 0.0000190 seconds
2017-08-02T13:55:35.450-0700: 1492.663: Total time for which application threads were stopped: 0.0001090 seconds, Stopping threads took: 0.0000290 seconds
2017-08-02T13:55:35.450-0700: 1492.663: Total time for which application threads were stopped: 0.0000820 seconds, Stopping threads took: 0.0000180 seconds
2017-08-02T13:55:35.450-0700: 1492.663: Total time for which application threads were stopped: 0.0001200 seconds, Stopping threads took: 0.0000440 seconds
2017-08-02T13:55:35.450-0700: 1492.663: Total time for which application threads were stopped: 0.0001020 seconds, Stopping threads took: 0.0000350 seconds
2017-08-02T13:55:35.450-0700: 1492.663: Total time for which application threads were stopped: 0.0001020 seconds, Stopping threads took: 0.0000340 seconds
2017-08-02T13:55:35.450-0700: 1492.664: Total time for which application threads were stopped: 0.0001040 seconds, Stopping threads took: 0.0000360 seconds
2017-08-02T13:55:35.451-0700: 1492.664: Total time for which application threads were stopped: 0.0000850 seconds, Stopping threads took: 0.0000280 seconds
2017-08-02T13:55:35.451-0700: 1492.664: Total time for which application threads were stopped: 0.0001440 seconds, Stopping threads took: 0.0000720 seconds
2017-08-02T13:55:35.451-0700: 1492.664: Total time for which application threads were stopped: 0.0001010 seconds, Stopping threads took: 0.0000190 seconds
2017-08-02T13:55:35.451-0700: 1492.664: Total time for which application threads were stopped: 0.0001090 seconds, Stopping threads took: 0.0000270 seconds
2017-08-02T13:55:35.451-0700: 1492.664: Total time for which application threads were stopped: 0.0001060 seconds, Stopping threads took: 0.0000410 seconds
2017-08-02T13:55:35.452-0700: 1492.665: Total time for which application threads were stopped: 0.0000980 seconds, Stopping threads took: 0.0000380 seconds
2017-08-02T13:55:35.452-0700: 1492.665: Total time for which application threads were stopped: 0.0000980 seconds, Stopping threads took: 0.0000200 seconds
2017-08-02T13:55:35.452-0700: 1492.665: Total time for which application threads were stopped: 0.0001040 seconds, Stopping threads took: 0.0000360 seconds
2017-08-02T13:55:35.452-0700: 1492.665: Total time for which application threads were stopped: 0.0001070 seconds, Stopping threads took: 0.0000400 seconds
2017-08-02T13:55:35.452-0700: 1492.665: Total time for which application threads were stopped: 0.0001450 seconds, Stopping threads took: 0.0000180 seconds
2017-08-02T13:55:35.456-0700: 1492.670: [CMS-concurrent-sweep: 0.006/0.008 secs] [Times: user=0.00 sys=0.00, real=0.01 secs] 
2017-08-02T13:55:35.456-0700: 1492.670: [CMS-concurrent-reset-start]
2017-08-02T13:55:35.456-0700: 1492.672: [CMS-concurrent-reset: 0.002/0.002 secs] [Times: user=0.00 sys=0.00, real=0.00 secs] 
2017-08-02T13:55:35.557-0700: 1492.775: Total time for which application threads were stopped: 0.0002480 seconds, Stopping threads took: 0.0000530 seconds
2017-08-02T13:55:35.572-0700: 1492.797: Total time for which application threads were stopped: 0.0001430 seconds, Stopping threads took: 0.0000420 seconds
2017-08-02T13:55:35.572-0700: 1492.797: Total time for which application threads were stopped: 0.0000800 seconds, Stopping threads took: 0.0000270 seconds
2017-08-02T13:55:35.572-0700: 1492.797: Total time for which application threads were stopped: 0.0000620 seconds, Stopping threads took: 0.0000270 seconds
2017-08-02T13:55:35.572-0700: 1492.797: Total time for which application threads were stopped: 0.0000960 seconds, Stopping threads took: 0.0000380 seconds
2017-08-02T13:55:35.572-0700: 1492.797: Total time for which application threads were stopped: 0.0000650 seconds, Stopping threads took: 0.0000230 seconds
2017-08-02T13:55:35.572-0700: 1492.797: Total time for which application threads were stopped: 0.0000960 seconds, Stopping threads took: 0.0000310 seconds
2017-08-02T13:55:35.572-0700: 1492.798: Total time for which application threads were stopped: 0.0000630 seconds, Stopping threads took: 0.0000210 seconds
2017-08-02T13:55:35.572-0700: 1492.798: Total time for which application threads were stopped: 0.0000890 seconds, Stopping threads took: 0.0000310 seconds
2017-08-02T13:55:35.572-0700: 1492.798: Total time for which application threads were stopped: 0.0000620 seconds, Stopping threads took: 0.0000210 seconds
2017-08-02T13:55:35.572-0700: 1492.798: Total time for which application threads were stopped: 0.0001020 seconds, Stopping threads took: 0.0000300 seconds
2017-08-02T13:55:35.572-0700: 1492.798: Total time for which application threads were stopped: 0.0000680 seconds, Stopping threads took: 0.0000240 seconds
2017-08-02T13:55:35.572-0700: 1492.799: Total time for which application threads were stopped: 0.0001060 seconds, Stopping threads took: 0.0000340 seconds
2017-08-02T13:55:35.588-0700: 1492.804: Total time for which application threads were stopped: 0.0001570 seconds, Stopping threads took: 0.0000420 seconds
2017-08-02T13:55:35.607-0700: 1492.833: Total time for which application threads were stopped: 0.0002650 seconds, Stopping threads took: 0.0000820 seconds
2017-08-02T13:55:35.607-0700: 1492.833: Total time for which application threads were stopped: 0.0001180 seconds, Stopping threads took: 0.0000490 seconds
2017-08-02T13:55:35.607-0700: 1492.834: Total time for which application threads were stopped: 0.0001340 seconds, Stopping threads took: 0.0000570 seconds
2017-08-02T13:55:35.607-0700: 1492.835: Total time for which application threads were stopped: 0.0001440 seconds, Stopping threads took: 0.0000490 seconds
2017-08-02T13:55:35.624-0700: 1492.837: Total time for which application threads were stopped: 0.0002000 seconds, Stopping threads took: 0.0000650 seconds
2017-08-02T13:55:35.645-0700: 1492.860: Total time for which application threads were stopped: 0.0002420 seconds, Stopping threads took: 0.0001150 seconds
2017-08-02T13:55:35.645-0700: 1492.860: Total time for which application threads were stopped: 0.0001250 seconds, Stopping threads took: 0.0000590 seconds
2017-08-02T13:55:36.082-0700: 1493.297: Total time for which application threads were stopped: 0.0003090 seconds, Stopping threads took: 0.0000730 seconds
2017-08-02T13:55:36.082-0700: 1493.297: Total time for which application threads were stopped: 0.0001660 seconds, Stopping threads took: 0.0000540 seconds
2017-08-02T13:55:36.082-0700: 1493.298: Total time for which application threads were stopped: 0.0002050 seconds, Stopping threads took: 0.0000540 seconds
2017-08-02T13:55:36.082-0700: 1493.300: Total time for which application threads were stopped: 0.0002880 seconds, Stopping threads took: 0.0000890 seconds
2017-08-02T13:55:36.082-0700: 1493.308: Total time for which application threads were stopped: 0.0002670 seconds, Stopping threads took: 0.0001020 seconds
2017-08-02T13:55:36.082-0700: 1493.309: Total time for which application threads were stopped: 0.0002840 seconds, Stopping threads took: 0.0001640 seconds
2017-08-02T13:55:36.097-0700: 1493.318: Total time for which application threads were stopped: 0.0004470 seconds, Stopping threads took: 0.0002220 seconds
2017-08-02T13:55:36.097-0700: 1493.319: Total time for which application threads were stopped: 0.0003690 seconds, Stopping threads took: 0.0002480 seconds
2017-08-02T13:55:36.097-0700: 1493.320: Total time for which application threads were stopped: 0.0003780 seconds, Stopping threads took: 0.0002570 seconds
2017-08-02T13:55:36.097-0700: 1493.320: Total time for which application threads were stopped: 0.0003080 seconds, Stopping threads took: 0.0001890 seconds
2017-08-02T13:55:36.097-0700: 1493.321: Total time for which application threads were stopped: 0.0002840 seconds, Stopping threads took: 0.0001530 seconds
2017-08-02T13:55:36.285-0700: 1493.505: Total time for which application threads were stopped: 0.0001360 seconds, Stopping threads took: 0.0000310 seconds
2017-08-02T13:55:36.285-0700: 1493.505: Total time for which application threads were stopped: 0.0001180 seconds, Stopping threads took: 0.0000300 seconds
2017-08-02T13:55:36.285-0700: 1493.505: Total time for which application threads were stopped: 0.0000900 seconds, Stopping threads took: 0.0000300 seconds
2017-08-02T13:55:36.285-0700: 1493.506: Total time for which application threads were stopped: 0.0001940 seconds, Stopping threads took: 0.0000290 seconds
2017-08-02T13:55:36.368-0700: 1493.590: Total time for which application threads were stopped: 0.0004000 seconds, Stopping threads took: 0.0001160 seconds
2017-08-02T13:55:36.368-0700: 1493.593: Total time for which application threads were stopped: 0.0005060 seconds, Stopping threads took: 0.0002460 seconds
2017-08-02T13:55:36.368-0700: 1493.594: Total time for which application threads were stopped: 0.0003550 seconds, Stopping threads took: 0.0001210 seconds
2017-08-02T13:55:37.382-0700: 1494.595: Total time for which application threads were stopped: 0.0003630 seconds, Stopping threads took: 0.0001400 seconds
2017-08-02T13:55:40.383-0700: 1497.596: Total time for which application threads were stopped: 0.0003110 seconds, Stopping threads took: 0.0001400 seconds
2017-08-02T13:55:50.387-0700: 1507.600: Total time for which application threads were stopped: 0.0003120 seconds, Stopping threads took: 0.0001340 seconds
2017-08-02T13:55:57.389-0700: 1514.602: Total time for which application threads were stopped: 0.0001460 seconds, Stopping threads took: 0.0000440 seconds
{Heap before GC invocations=14 (full 2):
 par new generation   total 109248K, used 101766K [0x00000000e0000000, 0x00000000e8000000, 0x00000000e8000000)
  eden space 87424K, 100% used [0x00000000e0000000, 0x00000000e5560000, 0x00000000e5560000)
  from space 21824K,  65% used [0x00000000e5560000, 0x00000000e6361af0, 0x00000000e6ab0000)
  to   space 21824K,   0% used [0x00000000e6ab0000, 0x00000000e6ab0000, 0x00000000e8000000)
 concurrent mark-sweep generation total 393216K, used 10276K [0x00000000e8000000, 0x0000000100000000, 0x0000000100000000)
 Metaspace       used 41869K, capacity 42700K, committed 43108K, reserved 1087488K
  class space    used 4799K, capacity 5066K, committed 5168K, reserved 1048576K
2017-08-02T13:55:57.535-0700: 1514.751: [GC (Allocation Failure) 2017-08-02T13:55:57.535-0700: 1514.751: [ParNew
Desired survivor size 20112992 bytes, new threshold 8 (max 8)
- age   1:    2806240 bytes,    2806240 total
- age   2:      12720 bytes,    2818960 total
- age   3:    1806576 bytes,    4625536 total
- age   4:      85112 bytes,    4710648 total
- age   5:    1305640 bytes,    6016288 total
- age   6:    3217600 bytes,    9233888 total
- age   7:    1357376 bytes,   10591264 total
- age   8:      77968 bytes,   10669232 total
: 101766K->12187K(109248K), 0.0194510 secs] 112043K->23879K(502464K), 0.0195510 secs] [Times: user=0.06 sys=0.00, real=0.02 secs] 
Heap after GC invocations=15 (full 2):
 par new generation   total 109248K, used 12187K [0x00000000e0000000, 0x00000000e8000000, 0x00000000e8000000)
  eden space 87424K,   0% used [0x00000000e0000000, 0x00000000e0000000, 0x00000000e5560000)
  from space 21824K,  55% used [0x00000000e6ab0000, 0x00000000e7696c28, 0x00000000e8000000)
  to   space 21824K,   0% used [0x00000000e5560000, 0x00000000e5560000, 0x00000000e6ab0000)
 concurrent mark-sweep generation total 393216K, used 11692K [0x00000000e8000000, 0x0000000100000000, 0x0000000100000000)
 Metaspace       used 41869K, capacity 42700K, committed 43108K, reserved 1087488K
  class space    used 4799K, capacity 5066K, committed 5168K, reserved 1048576K
}
2017-08-02T13:55:57.554-0700: 1514.770: Total time for which application threads were stopped: 0.0199710 seconds, Stopping threads took: 0.0000670 seconds
2017-08-02T13:55:57.554-0700: 1514.771: Total time for which application threads were stopped: 0.0002980 seconds, Stopping threads took: 0.0001210 seconds
{Heap before GC invocations=15 (full 2):
 par new generation   total 109248K, used 99611K [0x00000000e0000000, 0x00000000e8000000, 0x00000000e8000000)
  eden space 87424K, 100% used [0x00000000e0000000, 0x00000000e5560000, 0x00000000e5560000)
  from space 21824K,  55% used [0x00000000e6ab0000, 0x00000000e7696c28, 0x00000000e8000000)
  to   space 21824K,   0% used [0x00000000e5560000, 0x00000000e5560000, 0x00000000e6ab0000)
 concurrent mark-sweep generation total 393216K, used 11692K [0x00000000e8000000, 0x0000000100000000, 0x0000000100000000)
 Metaspace       used 41889K, capacity 42724K, committed 43108K, reserved 1087488K
  class space    used 4802K, capacity 5070K, committed 5168K, reserved 1048576K
2017-08-02T13:55:57.604-0700: 1514.828: [GC (Allocation Failure) 2017-08-02T13:55:57.604-0700: 1514.828: [ParNew
Desired survivor size 20112992 bytes, new threshold 8 (max 8)
- age   1:     141712 bytes,     141712 total
- age   2:    1957224 bytes,    2098936 total
- age   3:      12720 bytes,    2111656 total
- age   4:    1806120 bytes,    3917776 total
- age   5:      85112 bytes,    4002888 total
- age   6:    1301936 bytes,    5304824 total
- age   7:    3206184 bytes,    8511008 total
- age   8:    1357176 bytes,    9868184 total
: 99611K->14941K(109248K), 0.0095510 secs] 111303K->26713K(502464K), 0.0096340 secs] [Times: user=0.06 sys=0.00, real=0.01 secs] 
Heap after GC invocations=16 (full 2):
 par new generation   total 109248K, used 14941K [0x00000000e0000000, 0x00000000e8000000, 0x00000000e8000000)
  eden space 87424K,   0% used [0x00000000e0000000, 0x00000000e0000000, 0x00000000e5560000)
  from space 21824K,  68% used [0x00000000e5560000, 0x00000000e63f7750, 0x00000000e6ab0000)
  to   space 21824K,   0% used [0x00000000e6ab0000, 0x00000000e6ab0000, 0x00000000e8000000)
 concurrent mark-sweep generation total 393216K, used 11771K [0x00000000e8000000, 0x0000000100000000, 0x0000000100000000)
 Metaspace       used 41889K, capacity 42724K, committed 43108K, reserved 1087488K
  class space    used 4802K, capacity 5070K, committed 5168K, reserved 1048576K
}
2017-08-02T13:55:57.620-0700: 1514.838: Total time for which application threads were stopped: 0.0099280 seconds, Stopping threads took: 0.0000490 seconds
2017-08-02T13:55:57.620-0700: 1514.838: Total time for which application threads were stopped: 0.0002260 seconds, Stopping threads took: 0.0000860 seconds
2017-08-02T13:55:57.771-0700: 1514.987: Total time for which application threads were stopped: 0.0002410 seconds, Stopping threads took: 0.0000600 seconds
2017-08-02T13:55:57.837-0700: 1515.063: Total time for which application threads were stopped: 0.0001960 seconds, Stopping threads took: 0.0000570 seconds
2017-08-02T13:55:57.837-0700: 1515.063: Total time for which application threads were stopped: 0.0001550 seconds, Stopping threads took: 0.0000980 seconds
2017-08-02T13:55:57.837-0700: 1515.063: Total time for which application threads were stopped: 0.0000890 seconds, Stopping threads took: 0.0000430 seconds
{Heap before GC invocations=16 (full 2):
 par new generation   total 109248K, used 102365K [0x00000000e0000000, 0x00000000e8000000, 0x00000000e8000000)
  eden space 87424K, 100% used [0x00000000e0000000, 0x00000000e5560000, 0x00000000e5560000)
  from space 21824K,  68% used [0x00000000e5560000, 0x00000000e63f7750, 0x00000000e6ab0000)
  to   space 21824K,   0% used [0x00000000e6ab0000, 0x00000000e6ab0000, 0x00000000e8000000)
 concurrent mark-sweep generation total 393216K, used 11771K [0x00000000e8000000, 0x0000000100000000, 0x0000000100000000)
 Metaspace       used 43220K, capacity 44114K, committed 44464K, reserved 1089536K
  class space    used 4936K, capacity 5211K, committed 5296K, reserved 1048576K
2017-08-02T13:55:58.058-0700: 1515.282: [GC (Allocation Failure) 2017-08-02T13:55:58.058-0700: 1515.282: [ParNew
Desired survivor size 20112992 bytes, new threshold 8 (max 8)
- age   1:    3943880 bytes,    3943880 total
- age   2:      89048 bytes,    4032928 total
- age   3:    1341096 bytes,    5374024 total
- age   4:      12720 bytes,    5386744 total
- age   5:    1803264 bytes,    7190008 total
- age   6:      85112 bytes,    7275120 total
- age   7:    1301616 bytes,    8576736 total
- age   8:    3206120 bytes,   11782856 total
: 102365K->13242K(109248K), 0.0160100 secs] 114137K->26347K(502464K), 0.0160990 secs] [Times: user=0.13 sys=0.00, real=0.01 secs] 
Heap after GC invocations=17 (full 2):
 par new generation   total 109248K, used 13242K [0x00000000e0000000, 0x00000000e8000000, 0x00000000e8000000)
  eden space 87424K,   0% used [0x00000000e0000000, 0x00000000e0000000, 0x00000000e5560000)
  from space 21824K,  60% used [0x00000000e6ab0000, 0x00000000e779eaf0, 0x00000000e8000000)
  to   space 21824K,   0% used [0x00000000e5560000, 0x00000000e5560000, 0x00000000e6ab0000)
 concurrent mark-sweep generation total 393216K, used 13104K [0x00000000e8000000, 0x0000000100000000, 0x0000000100000000)
 Metaspace       used 43220K, capacity 44114K, committed 44464K, reserved 1089536K
  class space    used 4936K, capacity 5211K, committed 5296K, reserved 1048576K
}
2017-08-02T13:55:58.085-0700: 1515.298: Total time for which application threads were stopped: 0.0164030 seconds, Stopping threads took: 0.0000400 seconds
2017-08-02T13:55:58.085-0700: 1515.298: Total time for which application threads were stopped: 0.0002270 seconds, Stopping threads took: 0.0000570 seconds
2017-08-02T13:55:58.123-0700: 1515.346: Total time for which application threads were stopped: 0.0002490 seconds, Stopping threads took: 0.0001490 seconds
2017-08-02T13:55:58.123-0700: 1515.347: Total time for which application threads were stopped: 0.0001780 seconds, Stopping threads took: 0.0000630 seconds
2017-08-02T13:55:58.158-0700: 1515.375: Total time for which application threads were stopped: 0.0001610 seconds, Stopping threads took: 0.0000540 seconds
2017-08-02T13:55:58.158-0700: 1515.376: Total time for which application threads were stopped: 0.0000920 seconds, Stopping threads took: 0.0000300 seconds
2017-08-02T13:55:58.158-0700: 1515.376: Total time for which application threads were stopped: 0.0000830 seconds, Stopping threads took: 0.0000320 seconds
2017-08-02T13:55:58.158-0700: 1515.376: Total time for which application threads were stopped: 0.0001170 seconds, Stopping threads took: 0.0000380 seconds
2017-08-02T13:55:58.158-0700: 1515.376: Total time for which application threads were stopped: 0.0001760 seconds, Stopping threads took: 0.0000890 seconds
2017-08-02T13:55:58.158-0700: 1515.377: Total time for which application threads were stopped: 0.0001740 seconds, Stopping threads took: 0.0000830 seconds
2017-08-02T13:55:58.158-0700: 1515.377: Total time for which application threads were stopped: 0.0001570 seconds, Stopping threads took: 0.0000970 seconds
2017-08-02T13:55:58.158-0700: 1515.377: Total time for which application threads were stopped: 0.0001500 seconds, Stopping threads took: 0.0001000 seconds
2017-08-02T13:55:58.158-0700: 1515.378: Total time for which application threads were stopped: 0.0001500 seconds, Stopping threads took: 0.0001020 seconds
2017-08-02T13:55:58.158-0700: 1515.378: Total time for which application threads were stopped: 0.0001900 seconds, Stopping threads took: 0.0001390 seconds
2017-08-02T13:55:58.158-0700: 1515.378: Total time for which application threads were stopped: 0.0001560 seconds, Stopping threads took: 0.0001060 seconds
2017-08-02T13:55:58.158-0700: 1515.378: Total time for which application threads were stopped: 0.0001320 seconds, Stopping threads took: 0.0000690 seconds
2017-08-02T13:55:58.158-0700: 1515.379: Total time for which application threads were stopped: 0.0001610 seconds, Stopping threads took: 0.0001100 seconds
2017-08-02T13:55:58.158-0700: 1515.379: Total time for which application threads were stopped: 0.0001520 seconds, Stopping threads took: 0.0000960 seconds
2017-08-02T13:55:58.158-0700: 1515.379: Total time for which application threads were stopped: 0.0001390 seconds, Stopping threads took: 0.0000690 seconds
2017-08-02T13:55:58.158-0700: 1515.380: Total time for which application threads were stopped: 0.0001130 seconds, Stopping threads took: 0.0000380 seconds
2017-08-02T13:55:58.158-0700: 1515.380: Total time for which application threads were stopped: 0.0001880 seconds, Stopping threads took: 0.0001280 seconds
2017-08-02T13:55:58.158-0700: 1515.380: Total time for which application threads were stopped: 0.0000870 seconds, Stopping threads took: 0.0000320 seconds
2017-08-02T13:55:58.158-0700: 1515.381: Total time for which application threads were stopped: 0.0003070 seconds, Stopping threads took: 0.0001460 seconds
2017-08-02T13:55:58.158-0700: 1515.381: Total time for which application threads were stopped: 0.0000880 seconds, Stopping threads took: 0.0000300 seconds
2017-08-02T13:55:58.174-0700: 1515.387: Total time for which application threads were stopped: 0.0002930 seconds, Stopping threads took: 0.0001300 seconds
2017-08-02T13:55:58.190-0700: 1515.404: Total time for which application threads were stopped: 0.0002660 seconds, Stopping threads took: 0.0000590 seconds
2017-08-02T13:55:58.190-0700: 1515.404: Total time for which application threads were stopped: 0.0001500 seconds, Stopping threads took: 0.0000380 seconds
2017-08-02T13:55:58.190-0700: 1515.405: Total time for which application threads were stopped: 0.0001590 seconds, Stopping threads took: 0.0000400 seconds
2017-08-02T13:55:58.190-0700: 1515.406: Total time for which application threads were stopped: 0.0001670 seconds, Stopping threads took: 0.0000480 seconds
2017-08-02T13:55:58.190-0700: 1515.407: Total time for which application threads were stopped: 0.0001980 seconds, Stopping threads took: 0.0000780 seconds
2017-08-02T13:55:58.207-0700: 1515.420: Total time for which application threads were stopped: 0.0002100 seconds, Stopping threads took: 0.0000540 seconds
2017-08-02T13:55:58.207-0700: 1515.420: Total time for which application threads were stopped: 0.0001280 seconds, Stopping threads took: 0.0000370 seconds
2017-08-02T13:55:58.680-0700: 1515.893: Total time for which application threads were stopped: 0.0002390 seconds, Stopping threads took: 0.0000740 seconds
2017-08-02T13:55:58.681-0700: 1515.894: Total time for which application threads were stopped: 0.0001580 seconds, Stopping threads took: 0.0000540 seconds
2017-08-02T13:55:58.681-0700: 1515.894: Total time for which application threads were stopped: 0.0001650 seconds, Stopping threads took: 0.0000540 seconds
2017-08-02T13:55:58.688-0700: 1515.901: Total time for which application threads were stopped: 0.0002810 seconds, Stopping threads took: 0.0000830 seconds
2017-08-02T13:55:58.689-0700: 1515.902: Total time for which application threads were stopped: 0.0002430 seconds, Stopping threads took: 0.0000910 seconds
2017-08-02T13:55:58.690-0700: 1515.912: Total time for which application threads were stopped: 0.0004050 seconds, Stopping threads took: 0.0001740 seconds
2017-08-02T13:55:58.690-0700: 1515.913: Total time for which application threads were stopped: 0.0002360 seconds, Stopping threads took: 0.0000820 seconds
2017-08-02T13:55:58.690-0700: 1515.913: Total time for which application threads were stopped: 0.0002360 seconds, Stopping threads took: 0.0001350 seconds
2017-08-02T13:55:58.690-0700: 1515.913: Total time for which application threads were stopped: 0.0001930 seconds, Stopping threads took: 0.0001030 seconds
2017-08-02T13:55:58.690-0700: 1515.914: Total time for which application threads were stopped: 0.0002030 seconds, Stopping threads took: 0.0000630 seconds
2017-08-02T13:55:58.690-0700: 1515.914: Total time for which application threads were stopped: 0.0002570 seconds, Stopping threads took: 0.0001070 seconds
2017-08-02T13:55:58.888-0700: 1516.101: Total time for which application threads were stopped: 0.0001130 seconds, Stopping threads took: 0.0000380 seconds
2017-08-02T13:55:58.888-0700: 1516.101: Total time for which application threads were stopped: 0.0001800 seconds, Stopping threads took: 0.0001310 seconds
2017-08-02T13:55:58.889-0700: 1516.102: Total time for which application threads were stopped: 0.0000980 seconds, Stopping threads took: 0.0000320 seconds
2017-08-02T13:55:58.890-0700: 1516.104: Total time for which application threads were stopped: 0.0002040 seconds, Stopping threads took: 0.0000970 seconds
2017-08-02T13:55:58.968-0700: 1516.190: Total time for which application threads were stopped: 0.0003430 seconds, Stopping threads took: 0.0001210 seconds
2017-08-02T13:55:58.968-0700: 1516.192: Total time for which application threads were stopped: 0.0004230 seconds, Stopping threads took: 0.0002320 seconds
2017-08-02T13:55:58.968-0700: 1516.193: Total time for which application threads were stopped: 0.0003340 seconds, Stopping threads took: 0.0001110 seconds
2017-08-02T13:55:59.981-0700: 1517.194: Total time for which application threads were stopped: 0.0003800 seconds, Stopping threads took: 0.0001280 seconds
{Heap before GC invocations=17 (full 2):
 par new generation   total 109248K, used 100664K [0x00000000e0000000, 0x00000000e8000000, 0x00000000e8000000)
  eden space 87424K,  99% used [0x00000000e0000000, 0x00000000e555f648, 0x00000000e5560000)
  from space 21824K,  60% used [0x00000000e6ab0000, 0x00000000e779eaf0, 0x00000000e8000000)
  to   space 21824K,   0% used [0x00000000e5560000, 0x00000000e5560000, 0x00000000e6ab0000)
 concurrent mark-sweep generation total 393216K, used 13104K [0x00000000e8000000, 0x0000000100000000, 0x0000000100000000)
 Metaspace       used 43445K, capacity 44348K, committed 44720K, reserved 1089536K
  class space    used 4960K, capacity 5244K, committed 5296K, reserved 1048576K
2017-08-02T13:56:27.426-0700: 1544.643: [GC (Allocation Failure) 2017-08-02T13:56:27.426-0700: 1544.643: [ParNew
Desired survivor size 20112992 bytes, new threshold 8 (max 8)
- age   1:    2159904 bytes,    2159904 total
- age   2:    2125904 bytes,    4285808 total
- age   3:      89048 bytes,    4374856 total
- age   4:    1154320 bytes,    5529176 total
- age   5:      12720 bytes,    5541896 total
- age   6:    1799704 bytes,    7341600 total
- age   7:      85112 bytes,    7426712 total
- age   8:    1296000 bytes,    8722712 total
: 100664K->11873K(109248K), 0.0156790 secs] 113768K->28150K(502464K), 0.0157830 secs] [Times: user=0.00 sys=0.00, real=0.02 secs] 
Heap after GC invocations=18 (full 2):
 par new generation   total 109248K, used 11873K [0x00000000e0000000, 0x00000000e8000000, 0x00000000e8000000)
  eden space 87424K,   0% used [0x00000000e0000000, 0x00000000e0000000, 0x00000000e5560000)
  from space 21824K,  54% used [0x00000000e5560000, 0x00000000e60f8680, 0x00000000e6ab0000)
  to   space 21824K,   0% used [0x00000000e6ab0000, 0x00000000e6ab0000, 0x00000000e8000000)
 concurrent mark-sweep generation total 393216K, used 16276K [0x00000000e8000000, 0x0000000100000000, 0x0000000100000000)
 Metaspace       used 43445K, capacity 44348K, committed 44720K, reserved 1089536K
  class space    used 4960K, capacity 5244K, committed 5296K, reserved 1048576K
}
2017-08-02T13:56:27.446-0700: 1544.659: Total time for which application threads were stopped: 0.0161050 seconds, Stopping threads took: 0.0000420 seconds
2017-08-02T13:56:27.447-0700: 1544.660: Total time for which application threads were stopped: 0.0001690 seconds, Stopping threads took: 0.0000610 seconds
2017-08-02T13:56:27.447-0700: 1544.660: Total time for which application threads were stopped: 0.0002090 seconds, Stopping threads took: 0.0000800 seconds
2017-08-02T13:56:27.447-0700: 1544.660: Total time for which application threads were stopped: 0.0002460 seconds, Stopping threads took: 0.0001480 seconds
2017-08-02T13:56:27.448-0700: 1544.661: Total time for which application threads were stopped: 0.0001290 seconds, Stopping threads took: 0.0000330 seconds
2017-08-02T13:56:27.448-0700: 1544.661: Total time for which application threads were stopped: 0.0001800 seconds, Stopping threads took: 0.0001020 seconds
2017-08-02T13:56:27.448-0700: 1544.661: Total time for which application threads were stopped: 0.0002180 seconds, Stopping threads took: 0.0001350 seconds
2017-08-02T13:56:27.448-0700: 1544.661: Total time for which application threads were stopped: 0.0001020 seconds, Stopping threads took: 0.0000330 seconds
2017-08-02T13:56:27.449-0700: 1544.662: Total time for which application threads were stopped: 0.0001710 seconds, Stopping threads took: 0.0000930 seconds
2017-08-02T13:56:27.449-0700: 1544.662: Total time for which application threads were stopped: 0.0001660 seconds, Stopping threads took: 0.0000960 seconds
2017-08-02T13:56:27.449-0700: 1544.662: Total time for which application threads were stopped: 0.0000940 seconds, Stopping threads took: 0.0000300 seconds
2017-08-02T13:56:27.449-0700: 1544.662: Total time for which application threads were stopped: 0.0001060 seconds, Stopping threads took: 0.0000420 seconds
2017-08-02T13:56:27.450-0700: 1544.663: Total time for which application threads were stopped: 0.0001380 seconds, Stopping threads took: 0.0000600 seconds
2017-08-02T13:56:27.450-0700: 1544.663: Total time for which application threads were stopped: 0.0000980 seconds, Stopping threads took: 0.0000350 seconds
2017-08-02T13:56:27.450-0700: 1544.663: Total time for which application threads were stopped: 0.0001780 seconds, Stopping threads took: 0.0000890 seconds
2017-08-02T13:56:27.450-0700: 1544.663: Total time for which application threads were stopped: 0.0001830 seconds, Stopping threads took: 0.0000960 seconds
2017-08-02T13:56:27.451-0700: 1544.664: Total time for which application threads were stopped: 0.0001590 seconds, Stopping threads took: 0.0000840 seconds
2017-08-02T13:56:27.451-0700: 1544.664: Total time for which application threads were stopped: 0.0001620 seconds, Stopping threads took: 0.0000930 seconds
2017-08-02T13:56:27.451-0700: 1544.664: Total time for which application threads were stopped: 0.0000960 seconds, Stopping threads took: 0.0000290 seconds
2017-08-02T13:56:27.451-0700: 1544.664: Total time for which application threads were stopped: 0.0001910 seconds, Stopping threads took: 0.0001120 seconds
2017-08-02T13:56:27.452-0700: 1544.665: Total time for which application threads were stopped: 0.0002530 seconds, Stopping threads took: 0.0000310 seconds
2017-08-02T13:56:27.452-0700: 1544.665: Total time for which application threads were stopped: 0.0002730 seconds, Stopping threads took: 0.0001450 seconds
{Heap before GC invocations=18 (full 2):
 par new generation   total 109248K, used 99297K [0x00000000e0000000, 0x00000000e8000000, 0x00000000e8000000)
  eden space 87424K, 100% used [0x00000000e0000000, 0x00000000e5560000, 0x00000000e5560000)
  from space 21824K,  54% used [0x00000000e5560000, 0x00000000e60f8680, 0x00000000e6ab0000)
  to   space 21824K,   0% used [0x00000000e6ab0000, 0x00000000e6ab0000, 0x00000000e8000000)
 concurrent mark-sweep generation total 393216K, used 16276K [0x00000000e8000000, 0x0000000100000000, 0x0000000100000000)
 Metaspace       used 43450K, capacity 44348K, committed 44720K, reserved 1089536K
  class space    used 4960K, capacity 5244K, committed 5296K, reserved 1048576K
2017-08-02T13:56:27.489-0700: 1544.717: [GC (Allocation Failure) 2017-08-02T13:56:27.489-0700: 1544.717: [ParNew
Desired survivor size 20112992 bytes, new threshold 8 (max 8)
- age   1:     283784 bytes,     283784 total
- age   2:    1675296 bytes,    1959080 total
- age   3:    1947616 bytes,    3906696 total
- age   4:      89048 bytes,    3995744 total
- age   5:     639760 bytes,    4635504 total
- age   6:      12656 bytes,    4648160 total
- age   7:    1627152 bytes,    6275312 total
- age   8:       6224 bytes,    6281536 total
: 99297K->9053K(109248K), 0.0206210 secs] 115574K->26488K(502464K), 0.0207260 secs] [Times: user=0.06 sys=0.00, real=0.02 secs] 
Heap after GC invocations=19 (full 2):
 par new generation   total 109248K, used 9053K [0x00000000e0000000, 0x00000000e8000000, 0x00000000e8000000)
  eden space 87424K,   0% used [0x00000000e0000000, 0x00000000e0000000, 0x00000000e5560000)
  from space 21824K,  41% used [0x00000000e6ab0000, 0x00000000e73874f8, 0x00000000e8000000)
  to   space 21824K,   0% used [0x00000000e5560000, 0x00000000e5560000, 0x00000000e6ab0000)
 concurrent mark-sweep generation total 393216K, used 17435K [0x00000000e8000000, 0x0000000100000000, 0x0000000100000000)
 Metaspace       used 43450K, capacity 44348K, committed 44720K, reserved 1089536K
  class space    used 4960K, capacity 5244K, committed 5296K, reserved 1048576K
}
2017-08-02T13:56:27.511-0700: 1544.738: Total time for which application threads were stopped: 0.0210390 seconds, Stopping threads took: 0.0000590 seconds
2017-08-02T13:56:27.680-0700: 1544.893: Total time for which application threads were stopped: 0.0002850 seconds, Stopping threads took: 0.0000620 seconds
2017-08-02T13:56:27.767-0700: 1544.980: Total time for which application threads were stopped: 0.0002610 seconds, Stopping threads took: 0.0000660 seconds
2017-08-02T13:56:28.101-0700: 1545.316: Total time for which application threads were stopped: 0.0001750 seconds, Stopping threads took: 0.0000590 seconds
2017-08-02T13:56:28.101-0700: 1545.316: Total time for which application threads were stopped: 0.0000930 seconds, Stopping threads took: 0.0000250 seconds
2017-08-02T13:56:28.120-0700: 1545.344: Total time for which application threads were stopped: 0.0001610 seconds, Stopping threads took: 0.0000650 seconds
2017-08-02T13:56:28.120-0700: 1545.344: Total time for which application threads were stopped: 0.0001070 seconds, Stopping threads took: 0.0000440 seconds
2017-08-02T13:56:28.120-0700: 1545.345: Total time for which application threads were stopped: 0.0000820 seconds, Stopping threads took: 0.0000250 seconds
2017-08-02T13:56:28.120-0700: 1545.346: Total time for which application threads were stopped: 0.0000730 seconds, Stopping threads took: 0.0000220 seconds
2017-08-02T13:56:28.137-0700: 1545.350: Total time for which application threads were stopped: 0.0001150 seconds, Stopping threads took: 0.0000380 seconds
2017-08-02T13:56:29.138-0700: 1546.351: Total time for which application threads were stopped: 0.0003590 seconds, Stopping threads took: 0.0001230 seconds
{Heap before GC invocations=19 (full 2):
 par new generation   total 109248K, used 96477K [0x00000000e0000000, 0x00000000e8000000, 0x00000000e8000000)
  eden space 87424K, 100% used [0x00000000e0000000, 0x00000000e5560000, 0x00000000e5560000)
  from space 21824K,  41% used [0x00000000e6ab0000, 0x00000000e73874f8, 0x00000000e8000000)
  to   space 21824K,   0% used [0x00000000e5560000, 0x00000000e5560000, 0x00000000e6ab0000)
 concurrent mark-sweep generation total 393216K, used 17435K [0x00000000e8000000, 0x0000000100000000, 0x0000000100000000)
 Metaspace       used 44956K, capacity 45880K, committed 46128K, reserved 1089536K
  class space    used 5117K, capacity 5414K, committed 5424K, reserved 1048576K
2017-08-02T13:56:39.494-0700: 1556.707: [GC (Allocation Failure) 2017-08-02T13:56:39.494-0700: 1556.707: [ParNew
Desired survivor size 20112992 bytes, new threshold 8 (max 8)
- age   1:    4339648 bytes,    4339648 total
- age   2:      86104 bytes,    4425752 total
- age   3:     915456 bytes,    5341208 total
- age   4:    1941264 bytes,    7282472 total
- age   5:      89112 bytes,    7371584 total
- age   6:     638840 bytes,    8010424 total
- age   7:      12656 bytes,    8023080 total
- age   8:    1624032 bytes,    9647112 total
: 96477K->10781K(109248K), 0.0298810 secs] 113912K->28222K(502464K), 0.0300390 secs] [Times: user=0.13 sys=0.00, real=0.03 secs] 
Heap after GC invocations=20 (full 2):
 par new generation   total 109248K, used 10781K [0x00000000e0000000, 0x00000000e8000000, 0x00000000e8000000)
  eden space 87424K,   0% used [0x00000000e0000000, 0x00000000e0000000, 0x00000000e5560000)
  from space 21824K,  49% used [0x00000000e5560000, 0x00000000e5fe7440, 0x00000000e6ab0000)
  to   space 21824K,   0% used [0x00000000e6ab0000, 0x00000000e6ab0000, 0x00000000e8000000)
 concurrent mark-sweep generation total 393216K, used 17441K [0x00000000e8000000, 0x0000000100000000, 0x0000000100000000)
 Metaspace       used 44956K, capacity 45880K, committed 46128K, reserved 1089536K
  class space    used 5117K, capacity 5414K, committed 5424K, reserved 1048576K
}
2017-08-02T13:56:39.522-0700: 1556.737: Total time for which application threads were stopped: 0.0306300 seconds, Stopping threads took: 0.0001290 seconds
2017-08-02T13:56:39.522-0700: 1556.737: Total time for which application threads were stopped: 0.0001660 seconds, Stopping threads took: 0.0000700 seconds
2017-08-02T13:57:12.263-0700: 1589.476: Total time for which application threads were stopped: 0.0002330 seconds, Stopping threads took: 0.0000460 seconds
2017-08-02T13:57:12.264-0700: 1589.477: Total time for which application threads were stopped: 0.0002190 seconds, Stopping threads took: 0.0001550 seconds
2017-08-02T13:57:12.264-0700: 1589.478: Total time for which application threads were stopped: 0.0003440 seconds, Stopping threads took: 0.0000270 seconds
2017-08-02T13:57:12.264-0700: 1589.482: Total time for which application threads were stopped: 0.0001650 seconds, Stopping threads took: 0.0000600 seconds
2017-08-02T13:59:45.320-0700: 1742.533: Total time for which application threads were stopped: 0.0003360 seconds, Stopping threads took: 0.0001330 seconds
2017-08-02T13:59:59.112-0700: 1756.328: Total time for which application threads were stopped: 0.0001990 seconds, Stopping threads took: 0.0000600 seconds
2017-08-02T13:59:59.112-0700: 1756.329: Total time for which application threads were stopped: 0.0001210 seconds, Stopping threads took: 0.0000410 seconds
2017-08-02T13:59:59.976-0700: 1757.196: Total time for which application threads were stopped: 0.0001320 seconds, Stopping threads took: 0.0000390 seconds
2017-08-02T13:59:59.976-0700: 1757.197: Total time for which application threads were stopped: 0.0000580 seconds, Stopping threads took: 0.0000210 seconds
2017-08-02T13:59:59.976-0700: 1757.197: Total time for which application threads were stopped: 0.0000750 seconds, Stopping threads took: 0.0000250 seconds
2017-08-02T14:00:00.985-0700: 1758.198: Total time for which application threads were stopped: 0.0003130 seconds, Stopping threads took: 0.0001400 seconds
2017-08-02T14:00:19.817-0700: 1777.043: Total time for which application threads were stopped: 0.0004020 seconds, Stopping threads took: 0.0001250 seconds
{Heap before GC invocations=20 (full 2):
 par new generation   total 109248K, used 98205K [0x00000000e0000000, 0x00000000e8000000, 0x00000000e8000000)
  eden space 87424K, 100% used [0x00000000e0000000, 0x00000000e5560000, 0x00000000e5560000)
  from space 21824K,  49% used [0x00000000e5560000, 0x00000000e5fe7440, 0x00000000e6ab0000)
  to   space 21824K,   0% used [0x00000000e6ab0000, 0x00000000e6ab0000, 0x00000000e8000000)
 concurrent mark-sweep generation total 393216K, used 17441K [0x00000000e8000000, 0x0000000100000000, 0x0000000100000000)
 Metaspace       used 45006K, capacity 45892K, committed 46128K, reserved 1089536K
  class space    used 5118K, capacity 5416K, committed 5424K, reserved 1048576K
2017-08-02T14:00:22.498-0700: 1779.718: [GC (Allocation Failure) 2017-08-02T14:00:22.498-0700: 1779.718: [ParNew
Desired survivor size 20112992 bytes, new threshold 8 (max 8)
- age   1:    1763344 bytes,    1763344 total
- age   2:    2391816 bytes,    4155160 total
- age   3:      86104 bytes,    4241264 total
- age   4:     369632 bytes,    4610896 total
- age   5:    1774008 bytes,    6384904 total
- age   6:       7080 bytes,    6391984 total
- age   7:     501968 bytes,    6893952 total
- age   8:      12656 bytes,    6906608 total
: 98205K->11946K(109248K), 0.0146100 secs] 115646K->31005K(502464K), 0.0147080 secs] [Times: user=0.05 sys=0.01, real=0.02 secs] 
Heap after GC invocations=21 (full 2):
 par new generation   total 109248K, used 11946K [0x00000000e0000000, 0x00000000e8000000, 0x00000000e8000000)
  eden space 87424K,   0% used [0x00000000e0000000, 0x00000000e0000000, 0x00000000e5560000)
  from space 21824K,  54% used [0x00000000e6ab0000, 0x00000000e765a860, 0x00000000e8000000)
  to   space 21824K,   0% used [0x00000000e5560000, 0x00000000e5560000, 0x00000000e6ab0000)
 concurrent mark-sweep generation total 393216K, used 19059K [0x00000000e8000000, 0x0000000100000000, 0x0000000100000000)
 Metaspace       used 45006K, capacity 45892K, committed 46128K, reserved 1089536K
  class space    used 5118K, capacity 5416K, committed 5424K, reserved 1048576K
}
2017-08-02T14:00:22.513-0700: 1779.733: Total time for which application threads were stopped: 0.0150870 seconds, Stopping threads took: 0.0000700 seconds
2017-08-02T14:00:22.513-0700: 1779.733: Total time for which application threads were stopped: 0.0002400 seconds, Stopping threads took: 0.0001180 seconds
2017-08-02T14:00:22.513-0700: 1779.734: Total time for which application threads were stopped: 0.0001620 seconds, Stopping threads took: 0.0000360 seconds
2017-08-02T14:00:22.513-0700: 1779.734: Total time for which application threads were stopped: 0.0001350 seconds, Stopping threads took: 0.0000560 seconds
2017-08-02T14:00:22.513-0700: 1779.734: Total time for which application threads were stopped: 0.0001550 seconds, Stopping threads took: 0.0000940 seconds
2017-08-02T14:00:22.513-0700: 1779.734: Total time for which application threads were stopped: 0.0001310 seconds, Stopping threads took: 0.0000700 seconds
2017-08-02T14:00:22.513-0700: 1779.734: Total time for which application threads were stopped: 0.0001170 seconds, Stopping threads took: 0.0000640 seconds
2017-08-02T14:00:22.513-0700: 1779.734: Total time for which application threads were stopped: 0.0001040 seconds, Stopping threads took: 0.0000580 seconds
2017-08-02T14:00:22.513-0700: 1779.735: Total time for which application threads were stopped: 0.0000830 seconds, Stopping threads took: 0.0000390 seconds
2017-08-02T14:00:22.513-0700: 1779.735: Total time for which application threads were stopped: 0.0001040 seconds, Stopping threads took: 0.0000610 seconds
2017-08-02T14:00:22.513-0700: 1779.735: Total time for which application threads were stopped: 0.0000680 seconds, Stopping threads took: 0.0000250 seconds
2017-08-02T14:00:22.513-0700: 1779.735: Total time for which application threads were stopped: 0.0000630 seconds, Stopping threads took: 0.0000240 seconds
2017-08-02T14:00:22.513-0700: 1779.735: Total time for which application threads were stopped: 0.0000840 seconds, Stopping threads took: 0.0000400 seconds
2017-08-02T14:00:22.513-0700: 1779.735: Total time for which application threads were stopped: 0.0002080 seconds, Stopping threads took: 0.0001650 seconds
2017-08-02T14:00:22.513-0700: 1779.735: Total time for which application threads were stopped: 0.0001200 seconds, Stopping threads took: 0.0000730 seconds
2017-08-02T14:00:22.513-0700: 1779.736: Total time for which application threads were stopped: 0.0001530 seconds, Stopping threads took: 0.0000610 seconds
2017-08-02T14:00:22.513-0700: 1779.736: Total time for which application threads were stopped: 0.0001140 seconds, Stopping threads took: 0.0000720 seconds
2017-08-02T14:00:22.513-0700: 1779.736: Total time for which application threads were stopped: 0.0001170 seconds, Stopping threads took: 0.0000710 seconds
2017-08-02T14:00:22.513-0700: 1779.736: Total time for which application threads were stopped: 0.0001100 seconds, Stopping threads took: 0.0000670 seconds
2017-08-02T14:00:22.513-0700: 1779.736: Total time for which application threads were stopped: 0.0001110 seconds, Stopping threads took: 0.0000680 seconds
2017-08-02T14:00:22.513-0700: 1779.736: Total time for which application threads were stopped: 0.0002080 seconds, Stopping threads took: 0.0000660 seconds
2017-08-02T14:00:22.513-0700: 1779.737: Total time for which application threads were stopped: 0.0001120 seconds, Stopping threads took: 0.0000430 seconds
{Heap before GC invocations=21 (full 2):
 par new generation   total 109248K, used 99370K [0x00000000e0000000, 0x00000000e8000000, 0x00000000e8000000)
  eden space 87424K, 100% used [0x00000000e0000000, 0x00000000e5560000, 0x00000000e5560000)
  from space 21824K,  54% used [0x00000000e6ab0000, 0x00000000e765a860, 0x00000000e8000000)
  to   space 21824K,   0% used [0x00000000e5560000, 0x00000000e5560000, 0x00000000e6ab0000)
 concurrent mark-sweep generation total 393216K, used 19059K [0x00000000e8000000, 0x0000000100000000, 0x0000000100000000)
 Metaspace       used 45006K, capacity 45892K, committed 46128K, reserved 1089536K
  class space    used 5118K, capacity 5416K, committed 5424K, reserved 1048576K
2017-08-02T14:00:22.588-0700: 1779.801: [GC (Allocation Failure) 2017-08-02T14:00:22.588-0700: 1779.801: [ParNew
Desired survivor size 20112992 bytes, new threshold 8 (max 8)
- age   1:     194864 bytes,     194864 total
- age   2:    1578280 bytes,    1773144 total
- age   3:    2217848 bytes,    3990992 total
- age   4:      86104 bytes,    4077096 total
- age   5:     369632 bytes,    4446728 total
- age   6:    1774008 bytes,    6220736 total
- age   7:       7080 bytes,    6227816 total
- age   8:     501968 bytes,    6729784 total
: 99370K->9192K(109248K), 0.0095930 secs] 118429K->28265K(502464K), 0.0096910 secs] [Times: user=0.06 sys=0.00, real=0.01 secs] 
Heap after GC invocations=22 (full 2):
 par new generation   total 109248K, used 9192K [0x00000000e0000000, 0x00000000e8000000, 0x00000000e8000000)
  eden space 87424K,   0% used [0x00000000e0000000, 0x00000000e0000000, 0x00000000e5560000)
  from space 21824K,  42% used [0x00000000e5560000, 0x00000000e5e5a3e0, 0x00000000e6ab0000)
  to   space 21824K,   0% used [0x00000000e6ab0000, 0x00000000e6ab0000, 0x00000000e8000000)
 concurrent mark-sweep generation total 393216K, used 19072K [0x00000000e8000000, 0x0000000100000000, 0x0000000100000000)
 Metaspace       used 45006K, capacity 45892K, committed 46128K, reserved 1089536K
  class space    used 5118K, capacity 5416K, committed 5424K, reserved 1048576K
}
2017-08-02T14:00:22.598-0700: 1779.811: Total time for which application threads were stopped: 0.0100000 seconds, Stopping threads took: 0.0000580 seconds
2017-08-02T14:00:22.715-0700: 1779.933: Total time for which application threads were stopped: 0.0002850 seconds, Stopping threads took: 0.0000880 seconds
2017-08-02T14:00:22.831-0700: 1780.050: Total time for which application threads were stopped: 0.0002610 seconds, Stopping threads took: 0.0000780 seconds
2017-08-02T14:00:22.831-0700: 1780.050: Total time for which application threads were stopped: 0.0001060 seconds, Stopping threads took: 0.0000320 seconds
2017-08-02T14:00:22.831-0700: 1780.051: Total time for which application threads were stopped: 0.0000860 seconds, Stopping threads took: 0.0000280 seconds
2017-08-02T14:00:22.831-0700: 1780.051: Total time for which application threads were stopped: 0.0000820 seconds, Stopping threads took: 0.0000280 seconds
2017-08-02T14:00:22.831-0700: 1780.051: Total time for which application threads were stopped: 0.0000840 seconds, Stopping threads took: 0.0000290 seconds
2017-08-02T14:00:22.831-0700: 1780.051: Total time for which application threads were stopped: 0.0000760 seconds, Stopping threads took: 0.0000260 seconds
2017-08-02T14:00:22.831-0700: 1780.051: Total time for which application threads were stopped: 0.0000750 seconds, Stopping threads took: 0.0000260 seconds
2017-08-02T14:00:22.831-0700: 1780.051: Total time for which application threads were stopped: 0.0001090 seconds, Stopping threads took: 0.0000330 seconds
2017-08-02T14:00:22.831-0700: 1780.052: Total time for which application threads were stopped: 0.0001050 seconds, Stopping threads took: 0.0000410 seconds
2017-08-02T14:00:22.831-0700: 1780.052: Total time for which application threads were stopped: 0.0000910 seconds, Stopping threads took: 0.0000270 seconds
2017-08-02T14:00:22.831-0700: 1780.052: Total time for which application threads were stopped: 0.0000640 seconds, Stopping threads took: 0.0000240 seconds
2017-08-02T14:00:22.831-0700: 1780.052: Total time for which application threads were stopped: 0.0000690 seconds, Stopping threads took: 0.0000260 seconds
2017-08-02T14:00:22.831-0700: 1780.052: Total time for which application threads were stopped: 0.0000710 seconds, Stopping threads took: 0.0000260 seconds
2017-08-02T14:00:22.831-0700: 1780.052: Total time for which application threads were stopped: 0.0000840 seconds, Stopping threads took: 0.0000250 seconds
2017-08-02T14:00:23.102-0700: 1780.319: Total time for which application threads were stopped: 0.0001310 seconds, Stopping threads took: 0.0000310 seconds
2017-08-02T14:00:23.102-0700: 1780.320: Total time for which application threads were stopped: 0.0000590 seconds, Stopping threads took: 0.0000200 seconds
2017-08-02T14:00:23.117-0700: 1780.344: Total time for which application threads were stopped: 0.0001400 seconds, Stopping threads took: 0.0000420 seconds
2017-08-02T14:00:23.117-0700: 1780.345: Total time for which application threads were stopped: 0.0001230 seconds, Stopping threads took: 0.0000820 seconds
2017-08-02T14:00:23.117-0700: 1780.345: Total time for which application threads were stopped: 0.0001740 seconds, Stopping threads took: 0.0001310 seconds
2017-08-02T14:00:23.133-0700: 1780.346: Total time for which application threads were stopped: 0.0001750 seconds, Stopping threads took: 0.0001240 seconds
2017-08-02T14:00:23.133-0700: 1780.351: Total time for which application threads were stopped: 0.0001340 seconds, Stopping threads took: 0.0000360 seconds
2017-08-02T14:00:24.139-0700: 1781.352: Total time for which application threads were stopped: 0.0003330 seconds, Stopping threads took: 0.0001390 seconds
2017-08-02T14:00:30.253-0700: 1787.475: Total time for which application threads were stopped: 0.0003610 seconds, Stopping threads took: 0.0001620 seconds
2017-08-02T14:00:30.253-0700: 1787.476: Total time for which application threads were stopped: 0.0003180 seconds, Stopping threads took: 0.0000820 seconds
2017-08-02T14:00:30.253-0700: 1787.477: Total time for which application threads were stopped: 0.0002790 seconds, Stopping threads took: 0.0001170 seconds
2017-08-02T14:00:30.253-0700: 1787.479: Total time for which application threads were stopped: 0.0002960 seconds, Stopping threads took: 0.0001100 seconds
2017-08-02T14:00:30.268-0700: 1787.493: Total time for which application threads were stopped: 0.0004320 seconds, Stopping threads took: 0.0001900 seconds
2017-08-02T14:00:30.268-0700: 1787.495: Total time for which application threads were stopped: 0.0003760 seconds, Stopping threads took: 0.0001210 seconds
2017-08-02T14:00:30.286-0700: 1787.499: Total time for which application threads were stopped: 0.0004380 seconds, Stopping threads took: 0.0001390 seconds
{Heap before GC invocations=22 (full 2):
 par new generation   total 109248K, used 96616K [0x00000000e0000000, 0x00000000e8000000, 0x00000000e8000000)
  eden space 87424K, 100% used [0x00000000e0000000, 0x00000000e5560000, 0x00000000e5560000)
  from space 21824K,  42% used [0x00000000e5560000, 0x00000000e5e5a3e0, 0x00000000e6ab0000)
  to   space 21824K,   0% used [0x00000000e6ab0000, 0x00000000e6ab0000, 0x00000000e8000000)
 concurrent mark-sweep generation total 393216K, used 19072K [0x00000000e8000000, 0x0000000100000000, 0x0000000100000000)
 Metaspace       used 46523K, capacity 47496K, committed 47920K, reserved 1091584K
  class space    used 5275K, capacity 5586K, committed 5680K, reserved 1048576K
2017-08-02T14:00:42.378-0700: 1799.591: [GC (Allocation Failure) 2017-08-02T14:00:42.378-0700: 1799.591: [ParNew
Desired survivor size 20112992 bytes, new threshold 8 (max 8)
- age   1:    4791760 bytes,    4791760 total
- age   2:      92872 bytes,    4884632 total
- age   3:     827888 bytes,    5712520 total
- age   4:    2083912 bytes,    7796432 total
- age   5:      86104 bytes,    7882536 total
- age   6:     369440 bytes,    8251976 total
- age   7:    1774008 bytes,   10025984 total
- age   8:       7080 bytes,   10033064 total
: 96616K->10997K(109248K), 0.0144730 secs] 115689K->30585K(502464K), 0.0145670 secs] [Times: user=0.00 sys=0.00, real=0.01 secs] 
Heap after GC invocations=23 (full 2):
 par new generation   total 109248K, used 10997K [0x00000000e0000000, 0x00000000e8000000, 0x00000000e8000000)
  eden space 87424K,   0% used [0x00000000e0000000, 0x00000000e0000000, 0x00000000e5560000)
  from space 21824K,  50% used [0x00000000e6ab0000, 0x00000000e756d590, 0x00000000e8000000)
  to   space 21824K,   0% used [0x00000000e5560000, 0x00000000e5560000, 0x00000000e6ab0000)
 concurrent mark-sweep generation total 393216K, used 19588K [0x00000000e8000000, 0x0000000100000000, 0x0000000100000000)
 Metaspace       used 46523K, capacity 47496K, committed 47920K, reserved 1091584K
  class space    used 5275K, capacity 5586K, committed 5680K, reserved 1048576K
}
2017-08-02T14:00:42.380-0700: 1799.606: Total time for which application threads were stopped: 0.0148800 seconds, Stopping threads took: 0.0000460 seconds
2017-08-02T14:00:42.380-0700: 1799.607: Total time for which application threads were stopped: 0.0002580 seconds, Stopping threads took: 0.0001050 seconds
2017-08-02T14:00:42.380-0700: 1799.607: Total time for which application threads were stopped: 0.0001450 seconds, Stopping threads took: 0.0000720 seconds
{Heap before GC invocations=23 (full 2):
 par new generation   total 109248K, used 98421K [0x00000000e0000000, 0x00000000e8000000, 0x00000000e8000000)
  eden space 87424K, 100% used [0x00000000e0000000, 0x00000000e5560000, 0x00000000e5560000)
  from space 21824K,  50% used [0x00000000e6ab0000, 0x00000000e756d590, 0x00000000e8000000)
  to   space 21824K,   0% used [0x00000000e5560000, 0x00000000e5560000, 0x00000000e6ab0000)
 concurrent mark-sweep generation total 393216K, used 19588K [0x00000000e8000000, 0x0000000100000000, 0x0000000100000000)
 Metaspace       used 46532K, capacity 47496K, committed 47920K, reserved 1091584K
  class space    used 5275K, capacity 5586K, committed 5680K, reserved 1048576K
2017-08-02T14:00:42.425-0700: 1799.652: [GC (Allocation Failure) 2017-08-02T14:00:42.425-0700: 1799.652: [ParNew
Desired survivor size 20112992 bytes, new threshold 8 (max 8)
- age   1:     736736 bytes,     736736 total
- age   2:    3074368 bytes,    3811104 total
- age   3:      92872 bytes,    3903976 total
- age   4:     372808 bytes,    4276784 total
- age   5:    1872232 bytes,    6149016 total
- age   6:       1120 bytes,    6150136 total
- age   7:     241872 bytes,    6392008 total
- age   8:    1774008 bytes,    8166016 total
: 98421K->14339K(109248K), 0.0137120 secs] 118009K->33934K(502464K), 0.0139000 secs] [Times: user=0.06 sys=0.00, real=0.01 secs] 
Heap after GC invocations=24 (full 2):
 par new generation   total 109248K, used 14339K [0x00000000e0000000, 0x00000000e8000000, 0x00000000e8000000)
  eden space 87424K,   0% used [0x00000000e0000000, 0x00000000e0000000, 0x00000000e5560000)
  from space 21824K,  65% used [0x00000000e5560000, 0x00000000e6360e70, 0x00000000e6ab0000)
  to   space 21824K,   0% used [0x00000000e6ab0000, 0x00000000e6ab0000, 0x00000000e8000000)
 concurrent mark-sweep generation total 393216K, used 19595K [0x00000000e8000000, 0x0000000100000000, 0x0000000100000000)
 Metaspace       used 46532K, capacity 47496K, committed 47920K, reserved 1091584K
  class space    used 5275K, capacity 5586K, committed 5680K, reserved 1048576K
}
2017-08-02T14:00:42.440-0700: 1799.666: Total time for which application threads were stopped: 0.0142220 seconds, Stopping threads took: 0.0000790 seconds
2017-08-02T14:00:42.440-0700: 1799.667: Total time for which application threads were stopped: 0.0002070 seconds, Stopping threads took: 0.0000930 seconds
2017-08-02T14:00:42.440-0700: 1799.667: Total time for which application threads were stopped: 0.0001680 seconds, Stopping threads took: 0.0000860 seconds
2017-08-02T14:00:42.440-0700: 1799.667: Total time for which application threads were stopped: 0.0001420 seconds, Stopping threads took: 0.0000950 seconds
2017-08-02T14:00:42.440-0700: 1799.667: Total time for which application threads were stopped: 0.0001270 seconds, Stopping threads took: 0.0000810 seconds
2017-08-02T14:00:42.440-0700: 1799.667: Total time for which application threads were stopped: 0.0001270 seconds, Stopping threads took: 0.0000800 seconds
2017-08-02T14:00:42.440-0700: 1799.668: Total time for which application threads were stopped: 0.0001330 seconds, Stopping threads took: 0.0000860 seconds
2017-08-02T14:00:42.440-0700: 1799.668: Total time for which application threads were stopped: 0.0001020 seconds, Stopping threads took: 0.0000560 seconds
2017-08-02T14:00:42.440-0700: 1799.668: Total time for which application threads were stopped: 0.0000640 seconds, Stopping threads took: 0.0000240 seconds
2017-08-02T14:00:42.440-0700: 1799.668: Total time for which application threads were stopped: 0.0001120 seconds, Stopping threads took: 0.0000650 seconds
2017-08-02T14:00:42.440-0700: 1799.668: Total time for which application threads were stopped: 0.0001040 seconds, Stopping threads took: 0.0000330 seconds
2017-08-02T14:00:42.440-0700: 1799.668: Total time for which application threads were stopped: 0.0001490 seconds, Stopping threads took: 0.0000930 seconds
2017-08-02T14:00:42.440-0700: 1799.668: Total time for which application threads were stopped: 0.0001240 seconds, Stopping threads took: 0.0000780 seconds
2017-08-02T14:00:42.440-0700: 1799.669: Total time for which application threads were stopped: 0.0001230 seconds, Stopping threads took: 0.0000770 seconds
2017-08-02T14:00:42.456-0700: 1799.669: Total time for which application threads were stopped: 0.0002100 seconds, Stopping threads took: 0.0001440 seconds
2017-08-02T14:00:42.456-0700: 1799.669: Total time for which application threads were stopped: 0.0001400 seconds, Stopping threads took: 0.0000670 seconds
2017-08-02T14:00:42.457-0700: 1799.669: Total time for which application threads were stopped: 0.0001320 seconds, Stopping threads took: 0.0000790 seconds
2017-08-02T14:00:42.457-0700: 1799.669: Total time for which application threads were stopped: 0.0001710 seconds, Stopping threads took: 0.0000950 seconds
2017-08-02T14:00:42.457-0700: 1799.670: Total time for which application threads were stopped: 0.0000870 seconds, Stopping threads took: 0.0000310 seconds
2017-08-02T14:00:42.457-0700: 1799.670: Total time for which application threads were stopped: 0.0001080 seconds, Stopping threads took: 0.0000600 seconds
2017-08-02T14:00:42.458-0700: 1799.670: Total time for which application threads were stopped: 0.0002490 seconds, Stopping threads took: 0.0000980 seconds
{Heap before GC invocations=24 (full 2):
 par new generation   total 109248K, used 101763K [0x00000000e0000000, 0x00000000e8000000, 0x00000000e8000000)
  eden space 87424K, 100% used [0x00000000e0000000, 0x00000000e5560000, 0x00000000e5560000)
  from space 21824K,  65% used [0x00000000e5560000, 0x00000000e6360e70, 0x00000000e6ab0000)
  to   space 21824K,   0% used [0x00000000e6ab0000, 0x00000000e6ab0000, 0x00000000e8000000)
 concurrent mark-sweep generation total 393216K, used 19595K [0x00000000e8000000, 0x0000000100000000, 0x0000000100000000)
 Metaspace       used 46535K, capacity 47496K, committed 47920K, reserved 1091584K
  class space    used 5275K, capacity 5586K, committed 5680K, reserved 1048576K
2017-08-02T14:00:42.561-0700: 1799.775: [GC (Allocation Failure) 2017-08-02T14:00:42.561-0700: 1799.775: [ParNew
Desired survivor size 20112992 bytes, new threshold 8 (max 8)
- age   1:     293384 bytes,     293384 total
- age   2:     716400 bytes,    1009784 total
- age   3:    2890656 bytes,    3900440 total
- age   4:      92872 bytes,    3993312 total
- age   5:     372808 bytes,    4366120 total
- age   6:    1872232 bytes,    6238352 total
- age   7:       1120 bytes,    6239472 total
- age   8:     241872 bytes,    6481344 total
: 101763K->9094K(109248K), 0.0207610 secs] 121358K->30464K(502464K), 0.0208440 secs] [Times: user=0.04 sys=0.02, real=0.02 secs] 
Heap after GC invocations=25 (full 2):
 par new generation   total 109248K, used 9094K [0x00000000e0000000, 0x00000000e8000000, 0x00000000e8000000)
  eden space 87424K,   0% used [0x00000000e0000000, 0x00000000e0000000, 0x00000000e5560000)
  from space 21824K,  41% used [0x00000000e6ab0000, 0x00000000e7391b68, 0x00000000e8000000)
  to   space 21824K,   0% used [0x00000000e5560000, 0x00000000e5560000, 0x00000000e6ab0000)
 concurrent mark-sweep generation total 393216K, used 21369K [0x00000000e8000000, 0x0000000100000000, 0x0000000100000000)
 Metaspace       used 46535K, capacity 47496K, committed 47920K, reserved 1091584K
  class space    used 5275K, capacity 5586K, committed 5680K, reserved 1048576K
}
2017-08-02T14:00:42.580-0700: 1799.796: Total time for which application threads were stopped: 0.0211210 seconds, Stopping threads took: 0.0000530 seconds
2017-08-02T14:00:42.679-0700: 1799.892: Total time for which application threads were stopped: 0.0001880 seconds, Stopping threads took: 0.0000460 seconds
2017-08-02T14:00:42.763-0700: 1799.976: Total time for which application threads were stopped: 0.0002060 seconds, Stopping threads took: 0.0000450 seconds
2017-08-02T14:00:42.763-0700: 1799.977: Total time for which application threads were stopped: 0.0001520 seconds, Stopping threads took: 0.0000610 seconds
2017-08-02T14:00:42.763-0700: 1799.977: Total time for which application threads were stopped: 0.0000660 seconds, Stopping threads took: 0.0000210 seconds
2017-08-02T14:00:42.763-0700: 1799.977: Total time for which application threads were stopped: 0.0000560 seconds, Stopping threads took: 0.0000200 seconds
2017-08-02T14:00:42.763-0700: 1799.977: Total time for which application threads were stopped: 0.0000590 seconds, Stopping threads took: 0.0000210 seconds
2017-08-02T14:00:42.763-0700: 1799.977: Total time for which application threads were stopped: 0.0000540 seconds, Stopping threads took: 0.0000200 seconds
2017-08-02T14:00:42.763-0700: 1799.977: Total time for which application threads were stopped: 0.0000530 seconds, Stopping threads took: 0.0000200 seconds
2017-08-02T14:00:42.763-0700: 1799.977: Total time for which application threads were stopped: 0.0000550 seconds, Stopping threads took: 0.0000210 seconds
2017-08-02T14:00:42.763-0700: 1799.978: Total time for which application threads were stopped: 0.0000540 seconds, Stopping threads took: 0.0000200 seconds
2017-08-02T14:00:42.763-0700: 1799.978: Total time for which application threads were stopped: 0.0000530 seconds, Stopping threads took: 0.0000190 seconds
2017-08-02T14:00:42.763-0700: 1799.978: Total time for which application threads were stopped: 0.0000550 seconds, Stopping threads took: 0.0000200 seconds
2017-08-02T14:00:42.763-0700: 1799.978: Total time for which application threads were stopped: 0.0000530 seconds, Stopping threads took: 0.0000190 seconds
2017-08-02T14:00:42.763-0700: 1799.978: Total time for which application threads were stopped: 0.0001290 seconds, Stopping threads took: 0.0000200 seconds
2017-08-02T14:00:42.763-0700: 1799.978: Total time for which application threads were stopped: 0.0000700 seconds, Stopping threads took: 0.0000200 seconds
2017-08-02T14:00:43.081-0700: 1800.295: Total time for which application threads were stopped: 0.0001750 seconds, Stopping threads took: 0.0000540 seconds
2017-08-02T14:00:43.081-0700: 1800.295: Total time for which application threads were stopped: 0.0001340 seconds, Stopping threads took: 0.0000640 seconds
2017-08-02T14:00:43.097-0700: 1800.321: Total time for which application threads were stopped: 0.0001910 seconds, Stopping threads took: 0.0000450 seconds
2017-08-02T14:00:43.113-0700: 1800.326: Total time for which application threads were stopped: 0.0001240 seconds, Stopping threads took: 0.0000410 seconds
2017-08-02T14:00:43.135-0700: 1800.350: Total time for which application threads were stopped: 0.0001670 seconds, Stopping threads took: 0.0000420 seconds
2017-08-02T14:00:43.135-0700: 1800.351: Total time for which application threads were stopped: 0.0000740 seconds, Stopping threads took: 0.0000230 seconds
2017-08-02T14:00:43.135-0700: 1800.351: Total time for which application threads were stopped: 0.0000820 seconds, Stopping threads took: 0.0000240 seconds
2017-08-02T14:00:43.135-0700: 1800.352: Total time for which application threads were stopped: 0.0000670 seconds, Stopping threads took: 0.0000210 seconds
2017-08-02T14:00:43.135-0700: 1800.353: Total time for which application threads were stopped: 0.0000800 seconds, Stopping threads took: 0.0000250 seconds
2017-08-02T14:00:43.151-0700: 1800.366: Total time for which application threads were stopped: 0.0002220 seconds, Stopping threads took: 0.0000620 seconds
2017-08-02T14:00:43.151-0700: 1800.366: Total time for which application threads were stopped: 0.0001840 seconds, Stopping threads took: 0.0001040 seconds
2017-08-02T14:00:43.440-0700: 1800.656: Total time for which application threads were stopped: 0.0004140 seconds, Stopping threads took: 0.0001080 seconds
2017-08-02T14:00:43.440-0700: 1800.657: Total time for which application threads were stopped: 0.0002340 seconds, Stopping threads took: 0.0000820 seconds
2017-08-02T14:00:43.440-0700: 1800.657: Total time for which application threads were stopped: 0.0002330 seconds, Stopping threads took: 0.0000810 seconds
2017-08-02T14:00:43.440-0700: 1800.667: Total time for which application threads were stopped: 0.0006060 seconds, Stopping threads took: 0.0001190 seconds
2017-08-02T14:00:43.455-0700: 1800.677: Total time for which application threads were stopped: 0.0003700 seconds, Stopping threads took: 0.0001520 seconds
2017-08-02T14:00:43.455-0700: 1800.678: Total time for which application threads were stopped: 0.0002570 seconds, Stopping threads took: 0.0001060 seconds
2017-08-02T14:00:43.455-0700: 1800.679: Total time for which application threads were stopped: 0.0002160 seconds, Stopping threads took: 0.0000760 seconds
2017-08-02T14:00:43.455-0700: 1800.679: Total time for which application threads were stopped: 0.0002180 seconds, Stopping threads took: 0.0000820 seconds
2017-08-02T14:00:43.455-0700: 1800.679: Total time for which application threads were stopped: 0.0002900 seconds, Stopping threads took: 0.0001060 seconds
2017-08-02T14:00:43.455-0700: 1800.680: Total time for which application threads were stopped: 0.0002800 seconds, Stopping threads took: 0.0001240 seconds
2017-08-02T14:00:43.657-0700: 1800.877: Total time for which application threads were stopped: 0.0001280 seconds, Stopping threads took: 0.0000300 seconds
2017-08-02T14:00:43.657-0700: 1800.879: Total time for which application threads were stopped: 0.0001140 seconds, Stopping threads took: 0.0000300 seconds
2017-08-02T14:00:43.657-0700: 1800.879: Total time for which application threads were stopped: 0.0000780 seconds, Stopping threads took: 0.0000220 seconds
2017-08-02T14:00:43.738-0700: 1800.961: Total time for which application threads were stopped: 0.0003540 seconds, Stopping threads took: 0.0001130 seconds
2017-08-02T14:00:43.738-0700: 1800.963: Total time for which application threads were stopped: 0.0002900 seconds, Stopping threads took: 0.0001120 seconds
2017-08-02T14:00:43.738-0700: 1800.964: Total time for which application threads were stopped: 0.0003460 seconds, Stopping threads took: 0.0001110 seconds
2017-08-02T14:00:44.752-0700: 1801.965: Total time for which application threads were stopped: 0.0003190 seconds, Stopping threads took: 0.0001360 seconds
{Heap before GC invocations=25 (full 2):
 par new generation   total 109248K, used 96518K [0x00000000e0000000, 0x00000000e8000000, 0x00000000e8000000)
  eden space 87424K, 100% used [0x00000000e0000000, 0x00000000e5560000, 0x00000000e5560000)
  from space 21824K,  41% used [0x00000000e6ab0000, 0x00000000e7391b68, 0x00000000e8000000)
  to   space 21824K,   0% used [0x00000000e5560000, 0x00000000e5560000, 0x00000000e6ab0000)
 concurrent mark-sweep generation total 393216K, used 21369K [0x00000000e8000000, 0x0000000100000000, 0x0000000100000000)
 Metaspace       used 48066K, capacity 49086K, committed 49328K, reserved 1093632K
  class space    used 5432K, capacity 5755K, committed 5808K, reserved 1048576K
2017-08-02T14:01:26.278-0700: 1843.491: [GC (Allocation Failure) 2017-08-02T14:01:26.278-0700: 1843.491: [ParNew
Desired survivor size 20112992 bytes, new threshold 8 (max 8)
- age   1:    4827696 bytes,    4827696 total
- age   2:     143168 bytes,    4970864 total
- age   3:     112376 bytes,    5083240 total
- age   4:    2671440 bytes,    7754680 total
- age   5:      92872 bytes,    7847552 total
- age   6:     366728 bytes,    8214280 total
- age   7:    1871816 bytes,   10086096 total
- age   8:       1120 bytes,   10087216 total
: 96518K->10998K(109248K), 0.0156510 secs] 117888K->32605K(502464K), 0.0157520 secs] [Times: user=0.00 sys=0.00, real=0.01 secs] 
Heap after GC invocations=26 (full 2):
 par new generation   total 109248K, used 10998K [0x00000000e0000000, 0x00000000e8000000, 0x00000000e8000000)
  eden space 87424K,   0% used [0x00000000e0000000, 0x00000000e0000000, 0x00000000e5560000)
  from space 21824K,  50% used [0x00000000e5560000, 0x00000000e601d938, 0x00000000e6ab0000)
  to   space 21824K,   0% used [0x00000000e6ab0000, 0x00000000e6ab0000, 0x00000000e8000000)
 concurrent mark-sweep generation total 393216K, used 21606K [0x00000000e8000000, 0x0000000100000000, 0x0000000100000000)
 Metaspace       used 48066K, capacity 49086K, committed 49328K, reserved 1093632K
  class space    used 5432K, capacity 5755K, committed 5808K, reserved 1048576K
}
2017-08-02T14:01:26.280-0700: 1843.507: Total time for which application threads were stopped: 0.0161420 seconds, Stopping threads took: 0.0000770 seconds
2017-08-02T14:01:26.280-0700: 1843.507: Total time for which application threads were stopped: 0.0002270 seconds, Stopping threads took: 0.0000570 seconds
2017-08-02T14:01:26.280-0700: 1843.508: Total time for which application threads were stopped: 0.0002220 seconds, Stopping threads took: 0.0001320 seconds
{Heap before GC invocations=26 (full 2):
 par new generation   total 109248K, used 98422K [0x00000000e0000000, 0x00000000e8000000, 0x00000000e8000000)
  eden space 87424K, 100% used [0x00000000e0000000, 0x00000000e5560000, 0x00000000e5560000)
  from space 21824K,  50% used [0x00000000e5560000, 0x00000000e601d938, 0x00000000e6ab0000)
  to   space 21824K,   0% used [0x00000000e6ab0000, 0x00000000e6ab0000, 0x00000000e8000000)
 concurrent mark-sweep generation total 393216K, used 21606K [0x00000000e8000000, 0x0000000100000000, 0x0000000100000000)
 Metaspace       used 48090K, capacity 49122K, committed 49328K, reserved 1093632K
  class space    used 5435K, capacity 5761K, committed 5808K, reserved 1048576K
2017-08-02T14:01:26.338-0700: 1843.564: [GC (Allocation Failure) 2017-08-02T14:01:26.338-0700: 1843.564: [ParNew
Desired survivor size 20112992 bytes, new threshold 8 (max 8)
- age   1:     803720 bytes,     803720 total
- age   2:    3055504 bytes,    3859224 total
- age   3:     143168 bytes,    4002392 total
- age   4:     112376 bytes,    4114768 total
- age   5:    2031280 bytes,    6146048 total
- age   6:        704 bytes,    6146752 total
- age   7:     235088 bytes,    6381840 total
- age   8:    1871816 bytes,    8253656 total
: 98422K->12351K(109248K), 0.0141300 secs] 120029K->33959K(502464K), 0.0142400 secs] [Times: user=0.06 sys=0.00, real=0.01 secs] 
Heap after GC invocations=27 (full 2):
 par new generation   total 109248K, used 12351K [0x00000000e0000000, 0x00000000e8000000, 0x00000000e8000000)
  eden space 87424K,   0% used [0x00000000e0000000, 0x00000000e0000000, 0x00000000e5560000)
  from space 21824K,  56% used [0x00000000e6ab0000, 0x00000000e76bfcf0, 0x00000000e8000000)
  to   space 21824K,   0% used [0x00000000e5560000, 0x00000000e5560000, 0x00000000e6ab0000)
 concurrent mark-sweep generation total 393216K, used 21607K [0x00000000e8000000, 0x0000000100000000, 0x0000000100000000)
 Metaspace       used 48090K, capacity 49122K, committed 49328K, reserved 1093632K
  class space    used 5435K, capacity 5761K, committed 5808K, reserved 1048576K
}
2017-08-02T14:01:26.354-0700: 1843.579: Total time for which application threads were stopped: 0.0146230 seconds, Stopping threads took: 0.0001020 seconds
{Heap before GC invocations=27 (full 2):
 par new generation   total 109248K, used 99775K [0x00000000e0000000, 0x00000000e8000000, 0x00000000e8000000)
  eden space 87424K, 100% used [0x00000000e0000000, 0x00000000e5560000, 0x00000000e5560000)
  from space 21824K,  56% used [0x00000000e6ab0000, 0x00000000e76bfcf0, 0x00000000e8000000)
  to   space 21824K,   0% used [0x00000000e5560000, 0x00000000e5560000, 0x00000000e6ab0000)
 concurrent mark-sweep generation total 393216K, used 21607K [0x00000000e8000000, 0x0000000100000000, 0x0000000100000000)
 Metaspace       used 48164K, capacity 49230K, committed 49328K, reserved 1093632K
  class space    used 5445K, capacity 5779K, committed 5808K, reserved 1048576K
2017-08-02T14:01:26.520-0700: 1843.740: [GC (Allocation Failure) 2017-08-02T14:01:26.520-0700: 1843.740: [ParNew
Desired survivor size 20112992 bytes, new threshold 8 (max 8)
- age   1:     610464 bytes,     610464 total
- age   2:     130088 bytes,     740552 total
- age   3:    2869072 bytes,    3609624 total
- age   4:     143168 bytes,    3752792 total
- age   5:     112376 bytes,    3865168 total
- age   6:    2030672 bytes,    5895840 total
- age   7:        704 bytes,    5896544 total
- age   8:     235024 bytes,    6131568 total
: 99775K->9165K(109248K), 0.0142200 secs] 121383K->32644K(502464K), 0.0142950 secs] [Times: user=0.05 sys=0.00, real=0.01 secs] 
Heap after GC invocations=28 (full 2):
 par new generation   total 109248K, used 9165K [0x00000000e0000000, 0x00000000e8000000, 0x00000000e8000000)
  eden space 87424K,   0% used [0x00000000e0000000, 0x00000000e0000000, 0x00000000e5560000)
  from space 21824K,  41% used [0x00000000e5560000, 0x00000000e5e53658, 0x00000000e6ab0000)
  to   space 21824K,   0% used [0x00000000e6ab0000, 0x00000000e6ab0000, 0x00000000e8000000)
 concurrent mark-sweep generation total 393216K, used 23478K [0x00000000e8000000, 0x0000000100000000, 0x0000000100000000)
 Metaspace       used 48164K, capacity 49230K, committed 49328K, reserved 1093632K
  class space    used 5445K, capacity 5779K, committed 5808K, reserved 1048576K
}
2017-08-02T14:01:26.539-0700: 1843.755: Total time for which application threads were stopped: 0.0145570 seconds, Stopping threads took: 0.0000450 seconds
2017-08-02T14:01:26.539-0700: 1843.756: Total time for which application threads were stopped: 0.0001970 seconds, Stopping threads took: 0.0000890 seconds
2017-08-02T14:01:26.605-0700: 1843.820: Total time for which application threads were stopped: 0.0001920 seconds, Stopping threads took: 0.0000510 seconds
2017-08-02T14:01:26.605-0700: 1843.821: Total time for which application threads were stopped: 0.0000910 seconds, Stopping threads took: 0.0000350 seconds
2017-08-02T14:01:26.857-0700: 1844.079: Total time for which application threads were stopped: 0.0001780 seconds, Stopping threads took: 0.0000430 seconds
2017-08-02T14:01:26.857-0700: 1844.080: Total time for which application threads were stopped: 0.0001020 seconds, Stopping threads took: 0.0000290 seconds
2017-08-02T14:01:26.892-0700: 1844.108: Total time for which application threads were stopped: 0.0001940 seconds, Stopping threads took: 0.0001080 seconds
2017-08-02T14:01:26.892-0700: 1844.109: Total time for which application threads were stopped: 0.0001330 seconds, Stopping threads took: 0.0000850 seconds
2017-08-02T14:01:26.892-0700: 1844.110: Total time for which application threads were stopped: 0.0000700 seconds, Stopping threads took: 0.0000240 seconds
2017-08-02T14:01:26.892-0700: 1844.114: Total time for which application threads were stopped: 0.0001110 seconds, Stopping threads took: 0.0000390 seconds
2017-08-02T14:01:27.901-0700: 1845.114: Total time for which application threads were stopped: 0.0003540 seconds, Stopping threads took: 0.0001390 seconds
2017-08-02T14:01:28.215-0700: 1845.439: Total time for which application threads were stopped: 0.0003260 seconds, Stopping threads took: 0.0001180 seconds
2017-08-02T14:01:28.215-0700: 1845.441: Total time for which application threads were stopped: 0.0004120 seconds, Stopping threads took: 0.0001710 seconds
2017-08-02T14:01:28.215-0700: 1845.443: Total time for which application threads were stopped: 0.0003470 seconds, Stopping threads took: 0.0001510 seconds
2017-08-02T14:01:28.231-0700: 1845.444: Total time for which application threads were stopped: 0.0012730 seconds, Stopping threads took: 0.0001710 seconds
2017-08-02T14:01:28.231-0700: 1845.456: Total time for which application threads were stopped: 0.0006140 seconds, Stopping threads took: 0.0003150 seconds
2017-08-02T14:01:29.244-0700: 1846.457: Total time for which application threads were stopped: 0.0003260 seconds, Stopping threads took: 0.0001440 seconds
{Heap before GC invocations=28 (full 2):
 par new generation   total 109248K, used 96560K [0x00000000e0000000, 0x00000000e8000000, 0x00000000e8000000)
  eden space 87424K,  99% used [0x00000000e0000000, 0x00000000e5558af8, 0x00000000e5560000)
  from space 21824K,  41% used [0x00000000e5560000, 0x00000000e5e53658, 0x00000000e6ab0000)
  to   space 21824K,   0% used [0x00000000e6ab0000, 0x00000000e6ab0000, 0x00000000e8000000)
 concurrent mark-sweep generation total 393216K, used 23478K [0x00000000e8000000, 0x0000000100000000, 0x0000000100000000)
 Metaspace       used 49658K, capacity 50688K, committed 50864K, reserved 1093632K
  class space    used 5603K, capacity 5948K, committed 6064K, reserved 1048576K
2017-08-02T14:01:59.291-0700: 1876.516: [GC (Allocation Failure) 2017-08-02T14:01:59.291-0700: 1876.516: [ParNew
Desired survivor size 20112992 bytes, new threshold 8 (max 8)
- age   1:    4946416 bytes,    4946416 total
- age   2:     606264 bytes,    5552680 total
- age   3:     129576 bytes,    5682256 total
- age   4:    2648768 bytes,    8331024 total
- age   5:     143168 bytes,    8474192 total
- age   6:     112376 bytes,    8586568 total
- age   7:    2027944 bytes,   10614512 total
- age   8:        704 bytes,   10615216 total
: 96560K->11948K(109248K), 0.0188160 secs] 120039K->35645K(502464K), 0.0189650 secs] [Times: user=0.06 sys=0.00, real=0.02 secs] 
Heap after GC invocations=29 (full 2):
 par new generation   total 109248K, used 11948K [0x00000000e0000000, 0x00000000e8000000, 0x00000000e8000000)
  eden space 87424K,   0% used [0x00000000e0000000, 0x00000000e0000000, 0x00000000e5560000)
  from space 21824K,  54% used [0x00000000e6ab0000, 0x00000000e765b020, 0x00000000e8000000)
  to   space 21824K,   0% used [0x00000000e5560000, 0x00000000e5560000, 0x00000000e6ab0000)
 concurrent mark-sweep generation total 393216K, used 23697K [0x00000000e8000000, 0x0000000100000000, 0x0000000100000000)
 Metaspace       used 49658K, capacity 50688K, committed 50864K, reserved 1093632K
  class space    used 5603K, capacity 5948K, committed 6064K, reserved 1048576K
}
2017-08-02T14:01:59.322-0700: 1876.535: Total time for which application threads were stopped: 0.0194430 seconds, Stopping threads took: 0.0001060 seconds
2017-08-02T14:01:59.325-0700: 1876.538: Total time for which application threads were stopped: 0.0005820 seconds, Stopping threads took: 0.0003790 seconds
2017-08-02T14:01:59.326-0700: 1876.539: Total time for which application threads were stopped: 0.0002380 seconds, Stopping threads took: 0.0000950 seconds
{Heap before GC invocations=29 (full 2):
 par new generation   total 109248K, used 99372K [0x00000000e0000000, 0x00000000e8000000, 0x00000000e8000000)
  eden space 87424K, 100% used [0x00000000e0000000, 0x00000000e5560000, 0x00000000e5560000)
  from space 21824K,  54% used [0x00000000e6ab0000, 0x00000000e765b020, 0x00000000e8000000)
  to   space 21824K,   0% used [0x00000000e5560000, 0x00000000e5560000, 0x00000000e6ab0000)
 concurrent mark-sweep generation total 393216K, used 23697K [0x00000000e8000000, 0x0000000100000000, 0x0000000100000000)
 Metaspace       used 49662K, capacity 50688K, committed 50864K, reserved 1093632K
  class space    used 5603K, capacity 5948K, committed 6064K, reserved 1048576K
2017-08-02T14:01:59.357-0700: 1876.584: [GC (Allocation Failure) 2017-08-02T14:01:59.357-0700: 1876.584: [ParNew
Desired survivor size 20112992 bytes, new threshold 8 (max 8)
- age   1:     413024 bytes,     413024 total
- age   2:    3267568 bytes,    3680592 total
- age   3:     606016 bytes,    4286608 total
- age   4:     129576 bytes,    4416184 total
- age   5:    2038944 bytes,    6455128 total
- age   6:       1024 bytes,    6456152 total
- age   7:       5480 bytes,    6461632 total
- age   8:    1989192 bytes,    8450824 total
: 99372K->14706K(109248K), 0.0118050 secs] 123069K->38404K(502464K), 0.0119040 secs] [Times: user=0.07 sys=0.00, real=0.01 secs] 
Heap after GC invocations=30 (full 2):
 par new generation   total 109248K, used 14706K [0x00000000e0000000, 0x00000000e8000000, 0x00000000e8000000)
  eden space 87424K,   0% used [0x00000000e0000000, 0x00000000e0000000, 0x00000000e5560000)
  from space 21824K,  67% used [0x00000000e5560000, 0x00000000e63bc9d0, 0x00000000e6ab0000)
  to   space 21824K,   0% used [0x00000000e6ab0000, 0x00000000e6ab0000, 0x00000000e8000000)
 concurrent mark-sweep generation total 393216K, used 23698K [0x00000000e8000000, 0x0000000100000000, 0x0000000100000000)
 Metaspace       used 49662K, capacity 50688K, committed 50864K, reserved 1093632K
  class space    used 5603K, capacity 5948K, committed 6064K, reserved 1048576K
}
2017-08-02T14:01:59.372-0700: 1876.596: Total time for which application threads were stopped: 0.0122340 seconds, Stopping threads took: 0.0000570 seconds
2017-08-02T14:01:59.508-0700: 1876.730: Total time for which application threads were stopped: 0.0002020 seconds, Stopping threads took: 0.0000700 seconds
2017-08-02T14:01:59.573-0700: 1876.800: Total time for which application threads were stopped: 0.0002780 seconds, Stopping threads took: 0.0000700 seconds
2017-08-02T14:01:59.573-0700: 1876.800: Total time for which application threads were stopped: 0.0001380 seconds, Stopping threads took: 0.0000400 seconds
2017-08-02T14:01:59.573-0700: 1876.801: Total time for which application threads were stopped: 0.0001020 seconds, Stopping threads took: 0.0000380 seconds
2017-08-02T14:01:59.573-0700: 1876.801: Total time for which application threads were stopped: 0.0000970 seconds, Stopping threads took: 0.0000300 seconds
2017-08-02T14:01:59.573-0700: 1876.801: Total time for which application threads were stopped: 0.0001000 seconds, Stopping threads took: 0.0000320 seconds
2017-08-02T14:01:59.573-0700: 1876.801: Total time for which application threads were stopped: 0.0000990 seconds, Stopping threads took: 0.0000300 seconds
2017-08-02T14:01:59.573-0700: 1876.801: Total time for which application threads were stopped: 0.0001050 seconds, Stopping threads took: 0.0000400 seconds
2017-08-02T14:01:59.573-0700: 1876.801: Total time for which application threads were stopped: 0.0000990 seconds, Stopping threads took: 0.0000330 seconds
2017-08-02T14:01:59.573-0700: 1876.802: Total time for which application threads were stopped: 0.0001020 seconds, Stopping threads took: 0.0000330 seconds
2017-08-02T14:01:59.589-0700: 1876.802: Total time for which application threads were stopped: 0.0001290 seconds, Stopping threads took: 0.0000340 seconds
2017-08-02T14:01:59.589-0700: 1876.802: Total time for which application threads were stopped: 0.0001130 seconds, Stopping threads took: 0.0000380 seconds
2017-08-02T14:01:59.590-0700: 1876.802: Total time for which application threads were stopped: 0.0001030 seconds, Stopping threads took: 0.0000310 seconds
2017-08-02T14:01:59.590-0700: 1876.802: Total time for which application threads were stopped: 0.0001010 seconds, Stopping threads took: 0.0000330 seconds
2017-08-02T14:01:59.590-0700: 1876.803: Total time for which application threads were stopped: 0.0001300 seconds, Stopping threads took: 0.0000330 seconds
2017-08-02T14:01:59.590-0700: 1876.803: Total time for which application threads were stopped: 0.0000990 seconds, Stopping threads took: 0.0000320 seconds
2017-08-02T14:01:59.590-0700: 1876.803: Total time for which application threads were stopped: 0.0001010 seconds, Stopping threads took: 0.0000330 seconds
{Heap before GC invocations=30 (full 2):
 par new generation   total 109248K, used 102113K [0x00000000e0000000, 0x00000000e8000000, 0x00000000e8000000)
  eden space 87424K,  99% used [0x00000000e0000000, 0x00000000e555bae8, 0x00000000e5560000)
  from space 21824K,  67% used [0x00000000e5560000, 0x00000000e63bc9d0, 0x00000000e6ab0000)
  to   space 21824K,   0% used [0x00000000e6ab0000, 0x00000000e6ab0000, 0x00000000e8000000)
 concurrent mark-sweep generation total 393216K, used 23698K [0x00000000e8000000, 0x0000000100000000, 0x0000000100000000)
 Metaspace       used 50017K, capacity 51124K, committed 51376K, reserved 1095680K
  class space    used 5632K, capacity 5988K, committed 6064K, reserved 1048576K
2017-08-02T14:01:59.663-0700: 1876.884: [GC (Allocation Failure) 2017-08-02T14:01:59.663-0700: 1876.884: [ParNew
Desired survivor size 20112992 bytes, new threshold 8 (max 8)
- age   1:    2506632 bytes,    2506632 total
- age   2:      77032 bytes,    2583664 total
- age   3:    2472936 bytes,    5056600 total
- age   4:     602688 bytes,    5659288 total
- age   5:     129576 bytes,    5788864 total
- age   6:    2038880 bytes,    7827744 total
- age   7:       1024 bytes,    7828768 total
- age   8:       5480 bytes,    7834248 total
: 102113K->10410K(109248K), 0.0216730 secs] 125811K->36095K(502464K), 0.0217770 secs] [Times: user=0.07 sys=0.00, real=0.02 secs] 
Heap after GC invocations=31 (full 2):
 par new generation   total 109248K, used 10410K [0x00000000e0000000, 0x00000000e8000000, 0x00000000e8000000)
  eden space 87424K,   0% used [0x00000000e0000000, 0x00000000e0000000, 0x00000000e5560000)
  from space 21824K,  47% used [0x00000000e6ab0000, 0x00000000e74da8f0, 0x00000000e8000000)
  to   space 21824K,   0% used [0x00000000e5560000, 0x00000000e5560000, 0x00000000e6ab0000)
 concurrent mark-sweep generation total 393216K, used 25684K [0x00000000e8000000, 0x0000000100000000, 0x0000000100000000)
 Metaspace       used 50017K, capacity 51124K, committed 51376K, reserved 1095680K
  class space    used 5632K, capacity 5988K, committed 6064K, reserved 1048576K
}
2017-08-02T14:01:59.678-0700: 1876.906: Total time for which application threads were stopped: 0.0222450 seconds, Stopping threads took: 0.0000810 seconds
2017-08-02T14:01:59.697-0700: 1876.911: Total time for which application threads were stopped: 0.0001780 seconds, Stopping threads took: 0.0000610 seconds
2017-08-02T14:01:59.986-0700: 1877.199: Total time for which application threads were stopped: 0.0002500 seconds, Stopping threads took: 0.0000610 seconds
2017-08-02T14:01:59.986-0700: 1877.199: Total time for which application threads were stopped: 0.0001410 seconds, Stopping threads took: 0.0000400 seconds
2017-08-02T14:02:00.032-0700: 1877.245: Total time for which application threads were stopped: 0.0001730 seconds, Stopping threads took: 0.0000490 seconds
2017-08-02T14:02:00.033-0700: 1877.246: Total time for which application threads were stopped: 0.0001340 seconds, Stopping threads took: 0.0000390 seconds
2017-08-02T14:02:00.033-0700: 1877.246: Total time for which application threads were stopped: 0.0001040 seconds, Stopping threads took: 0.0000310 seconds
2017-08-02T14:02:00.039-0700: 1877.252: Total time for which application threads were stopped: 0.0001310 seconds, Stopping threads took: 0.0000470 seconds
2017-08-02T14:02:00.063-0700: 1877.276: Total time for which application threads were stopped: 0.0001660 seconds, Stopping threads took: 0.0000540 seconds
2017-08-02T14:02:00.063-0700: 1877.276: Total time for which application threads were stopped: 0.0001240 seconds, Stopping threads took: 0.0000370 seconds
2017-08-02T14:02:00.064-0700: 1877.277: Total time for which application threads were stopped: 0.0001460 seconds, Stopping threads took: 0.0000350 seconds
2017-08-02T14:02:00.065-0700: 1877.278: Total time for which application threads were stopped: 0.0001610 seconds, Stopping threads took: 0.0000470 seconds
2017-08-02T14:02:00.066-0700: 1877.279: Total time for which application threads were stopped: 0.0001430 seconds, Stopping threads took: 0.0000460 seconds
2017-08-02T14:02:00.072-0700: 1877.285: Total time for which application threads were stopped: 0.0001660 seconds, Stopping threads took: 0.0000650 seconds
2017-08-02T14:02:00.072-0700: 1877.285: Total time for which application threads were stopped: 0.0000730 seconds, Stopping threads took: 0.0000270 seconds
2017-08-02T14:02:00.302-0700: 1877.515: Total time for which application threads were stopped: 0.0002210 seconds, Stopping threads took: 0.0000650 seconds
2017-08-02T14:02:00.302-0700: 1877.515: Total time for which application threads were stopped: 0.0001360 seconds, Stopping threads took: 0.0000430 seconds
2017-08-02T14:02:00.303-0700: 1877.516: Total time for which application threads were stopped: 0.0000910 seconds, Stopping threads took: 0.0000310 seconds
2017-08-02T14:02:00.304-0700: 1877.520: Total time for which application threads were stopped: 0.0002230 seconds, Stopping threads took: 0.0000910 seconds
2017-08-02T14:02:00.304-0700: 1877.521: Total time for which application threads were stopped: 0.0001510 seconds, Stopping threads took: 0.0000520 seconds
2017-08-02T14:02:00.304-0700: 1877.525: Total time for which application threads were stopped: 0.0001880 seconds, Stopping threads took: 0.0000690 seconds
2017-08-02T14:02:00.304-0700: 1877.526: Total time for which application threads were stopped: 0.0001260 seconds, Stopping threads took: 0.0000580 seconds
2017-08-02T14:02:00.304-0700: 1877.526: Total time for which application threads were stopped: 0.0001140 seconds, Stopping threads took: 0.0000500 seconds
2017-08-02T14:02:00.304-0700: 1877.526: Total time for which application threads were stopped: 0.0001090 seconds, Stopping threads took: 0.0000480 seconds
2017-08-02T14:02:00.304-0700: 1877.526: Total time for which application threads were stopped: 0.0001070 seconds, Stopping threads took: 0.0000460 seconds
2017-08-02T14:02:00.304-0700: 1877.527: Total time for which application threads were stopped: 0.0001720 seconds, Stopping threads took: 0.0000870 seconds
2017-08-02T14:02:00.304-0700: 1877.527: Total time for which application threads were stopped: 0.0001130 seconds, Stopping threads took: 0.0000530 seconds
2017-08-02T14:02:00.483-0700: 1877.696: Total time for which application threads were stopped: 0.0001560 seconds, Stopping threads took: 0.0000410 seconds
2017-08-02T14:02:00.483-0700: 1877.696: Total time for which application threads were stopped: 0.0001270 seconds, Stopping threads took: 0.0000560 seconds
2017-08-02T14:02:00.483-0700: 1877.696: Total time for which application threads were stopped: 0.0001050 seconds, Stopping threads took: 0.0000340 seconds
2017-08-02T14:02:00.486-0700: 1877.699: Total time for which application threads were stopped: 0.0001540 seconds, Stopping threads took: 0.0000670 seconds
2017-08-02T14:02:00.564-0700: 1877.785: Total time for which application threads were stopped: 0.0004610 seconds, Stopping threads took: 0.0002240 seconds
2017-08-02T14:02:00.564-0700: 1877.787: Total time for which application threads were stopped: 0.0002160 seconds, Stopping threads took: 0.0000680 seconds
2017-08-02T14:02:00.564-0700: 1877.787: Total time for which application threads were stopped: 0.0002870 seconds, Stopping threads took: 0.0000940 seconds
2017-08-02T14:02:00.564-0700: 1877.788: Total time for which application threads were stopped: 0.0002250 seconds, Stopping threads took: 0.0000710 seconds
2017-08-02T14:02:01.575-0700: 1878.789: Total time for which application threads were stopped: 0.0004010 seconds, Stopping threads took: 0.0001240 seconds
2017-08-02T14:07:13.106-0700: 2190.324: Total time for which application threads were stopped: 0.0001350 seconds, Stopping threads took: 0.0000480 seconds
2017-08-02T14:07:13.106-0700: 2190.324: Total time for which application threads were stopped: 0.0000570 seconds, Stopping threads took: 0.0000180 seconds
2017-08-02T14:07:13.967-0700: 2191.180: Total time for which application threads were stopped: 0.0002170 seconds, Stopping threads took: 0.0000660 seconds
2017-08-02T14:07:13.968-0700: 2191.181: Total time for which application threads were stopped: 0.0001730 seconds, Stopping threads took: 0.0000480 seconds
2017-08-02T14:07:13.968-0700: 2191.181: Total time for which application threads were stopped: 0.0001330 seconds, Stopping threads took: 0.0000430 seconds
2017-08-02T14:07:13.975-0700: 2191.188: Total time for which application threads were stopped: 0.0002540 seconds, Stopping threads took: 0.0000920 seconds
2017-08-02T14:07:14.976-0700: 2192.189: Total time for which application threads were stopped: 0.0002860 seconds, Stopping threads took: 0.0001150 seconds
2017-08-02T14:08:26.917-0700: 2264.133: Total time for which application threads were stopped: 0.0006750 seconds, Stopping threads took: 0.0001720 seconds
2017-08-02T14:08:27.705-0700: 2264.930: Total time for which application threads were stopped: 0.0001590 seconds, Stopping threads took: 0.0000580 seconds
2017-08-02T14:08:27.705-0700: 2264.930: Total time for which application threads were stopped: 0.0001060 seconds, Stopping threads took: 0.0000520 seconds
2017-08-02T14:08:28.718-0700: 2265.931: Total time for which application threads were stopped: 0.0003040 seconds, Stopping threads took: 0.0001350 seconds
2017-08-02T14:08:44.724-0700: 2281.937: Total time for which application threads were stopped: 0.0002840 seconds, Stopping threads took: 0.0001150 seconds
2017-08-02T14:10:33.762-0700: 2390.974: Total time for which application threads were stopped: 0.0001240 seconds, Stopping threads took: 0.0000500 seconds
2017-08-02T14:10:34.762-0700: 2391.975: Total time for which application threads were stopped: 0.0003700 seconds, Stopping threads took: 0.0001340 seconds
2017-08-02T14:15:18.856-0700: 2676.069: Total time for which application threads were stopped: 0.0003900 seconds, Stopping threads took: 0.0001560 seconds
2017-08-02T14:15:20.857-0700: 2678.070: Total time for which application threads were stopped: 0.0001820 seconds, Stopping threads took: 0.0000660 seconds
{Heap before GC invocations=31 (full 2):
 par new generation   total 109248K, used 97834K [0x00000000e0000000, 0x00000000e8000000, 0x00000000e8000000)
  eden space 87424K, 100% used [0x00000000e0000000, 0x00000000e5560000, 0x00000000e5560000)
  from space 21824K,  47% used [0x00000000e6ab0000, 0x00000000e74da8f0, 0x00000000e8000000)
  to   space 21824K,   0% used [0x00000000e5560000, 0x00000000e5560000, 0x00000000e6ab0000)
 concurrent mark-sweep generation total 393216K, used 25684K [0x00000000e8000000, 0x0000000100000000, 0x0000000100000000)
 Metaspace       used 51257K, capacity 52302K, committed 52528K, reserved 1095680K
  class space    used 5767K, capacity 6125K, committed 6192K, reserved 1048576K
2017-08-02T14:15:34.792-0700: 2692.015: [GC (Allocation Failure) 2017-08-02T14:15:34.792-0700: 2692.015: [ParNew
Desired survivor size 20112992 bytes, new threshold 8 (max 8)
- age   1:    3765000 bytes,    3765000 total
- age   2:    1569440 bytes,    5334440 total
- age   3:      77032 bytes,    5411472 total
- age   4:    2251368 bytes,    7662840 total
- age   5:     602472 bytes,    8265312 total
- age   6:     129576 bytes,    8394888 total
- age   7:    2035232 bytes,   10430120 total
- age   8:       1024 bytes,   10431144 total
: 97834K->11730K(109248K), 0.0161050 secs] 123519K->37420K(502464K), 0.0162160 secs] [Times: user=0.06 sys=0.00, real=0.02 secs] 
Heap after GC invocations=32 (full 2):
 par new generation   total 109248K, used 11730K [0x00000000e0000000, 0x00000000e8000000, 0x00000000e8000000)
  eden space 87424K,   0% used [0x00000000e0000000, 0x00000000e0000000, 0x00000000e5560000)
  from space 21824K,  53% used [0x00000000e5560000, 0x00000000e60d4860, 0x00000000e6ab0000)
  to   space 21824K,   0% used [0x00000000e6ab0000, 0x00000000e6ab0000, 0x00000000e8000000)
 concurrent mark-sweep generation total 393216K, used 25690K [0x00000000e8000000, 0x0000000100000000, 0x0000000100000000)
 Metaspace       used 51257K, capacity 52302K, committed 52528K, reserved 1095680K
  class space    used 5767K, capacity 6125K, committed 6192K, reserved 1048576K
}
2017-08-02T14:15:34.807-0700: 2692.032: Total time for which application threads were stopped: 0.0165950 seconds, Stopping threads took: 0.0000770 seconds
2017-08-02T14:15:34.807-0700: 2692.033: Total time for which application threads were stopped: 0.0006480 seconds, Stopping threads took: 0.0002450 seconds
2017-08-02T14:15:34.807-0700: 2692.034: Total time for which application threads were stopped: 0.0003140 seconds, Stopping threads took: 0.0000830 seconds
{Heap before GC invocations=32 (full 2):
 par new generation   total 109248K, used 99154K [0x00000000e0000000, 0x00000000e8000000, 0x00000000e8000000)
  eden space 87424K, 100% used [0x00000000e0000000, 0x00000000e5560000, 0x00000000e5560000)
  from space 21824K,  53% used [0x00000000e5560000, 0x00000000e60d4860, 0x00000000e6ab0000)
  to   space 21824K,   0% used [0x00000000e6ab0000, 0x00000000e6ab0000, 0x00000000e8000000)
 concurrent mark-sweep generation total 393216K, used 25690K [0x00000000e8000000, 0x0000000100000000, 0x0000000100000000)
 Metaspace       used 51257K, capacity 52302K, committed 52528K, reserved 1095680K
  class space    used 5767K, capacity 6125K, committed 6192K, reserved 1048576K
2017-08-02T14:15:34.873-0700: 2692.096: [GC (Allocation Failure) 2017-08-02T14:15:34.873-0700: 2692.096: [ParNew
Desired survivor size 20112992 bytes, new threshold 8 (max 8)
- age   1:     350248 bytes,     350248 total
- age   2:    2305808 bytes,    2656056 total
- age   3:    1354200 bytes,    4010256 total
- age   4:      77032 bytes,    4087288 total
- age   5:    1944736 bytes,    6032024 total
- age   6:      22144 bytes,    6054168 total
- age   7:       8808 bytes,    6062976 total
- age   8:    1823336 bytes,    7886312 total
: 99154K->12926K(109248K), 0.0122670 secs] 124844K->38617K(502464K), 0.0123720 secs] [Times: user=0.06 sys=0.00, real=0.02 secs] 
Heap after GC invocations=33 (full 2):
 par new generation   total 109248K, used 12926K [0x00000000e0000000, 0x00000000e8000000, 0x00000000e8000000)
  eden space 87424K,   0% used [0x00000000e0000000, 0x00000000e0000000, 0x00000000e5560000)
  from space 21824K,  59% used [0x00000000e6ab0000, 0x00000000e774f870, 0x00000000e8000000)
  to   space 21824K,   0% used [0x00000000e5560000, 0x00000000e5560000, 0x00000000e6ab0000)
 concurrent mark-sweep generation total 393216K, used 25691K [0x00000000e8000000, 0x0000000100000000, 0x0000000100000000)
 Metaspace       used 51257K, capacity 52302K, committed 52528K, reserved 1095680K
  class space    used 5767K, capacity 6125K, committed 6192K, reserved 1048576K
}
2017-08-02T14:15:34.892-0700: 2692.109: Total time for which application threads were stopped: 0.0127320 seconds, Stopping threads took: 0.0000680 seconds
2017-08-02T14:15:35.011-0700: 2692.234: Total time for which application threads were stopped: 0.0001970 seconds, Stopping threads took: 0.0000700 seconds
2017-08-02T14:15:35.061-0700: 2692.279: Total time for which application threads were stopped: 0.0003450 seconds, Stopping threads took: 0.0000550 seconds
2017-08-02T14:15:35.077-0700: 2692.299: Total time for which application threads were stopped: 0.0001720 seconds, Stopping threads took: 0.0000580 seconds
2017-08-02T14:15:35.077-0700: 2692.300: Total time for which application threads were stopped: 0.0000840 seconds, Stopping threads took: 0.0000240 seconds
{Heap before GC invocations=33 (full 2):
 par new generation   total 109248K, used 100350K [0x00000000e0000000, 0x00000000e8000000, 0x00000000e8000000)
  eden space 87424K, 100% used [0x00000000e0000000, 0x00000000e5560000, 0x00000000e5560000)
  from space 21824K,  59% used [0x00000000e6ab0000, 0x00000000e774f870, 0x00000000e8000000)
  to   space 21824K,   0% used [0x00000000e5560000, 0x00000000e5560000, 0x00000000e6ab0000)
 concurrent mark-sweep generation total 393216K, used 25691K [0x00000000e8000000, 0x0000000100000000, 0x0000000100000000)
 Metaspace       used 52165K, capacity 53244K, committed 53424K, reserved 1095680K
  class space    used 5855K, capacity 6240K, committed 6320K, reserved 1048576K
2017-08-02T14:15:35.212-0700: 2692.431: [GC (Allocation Failure) 2017-08-02T14:15:35.212-0700: 2692.431: [ParNew
Desired survivor size 20112992 bytes, new threshold 8 (max 8)
- age   1:    3241968 bytes,    3241968 total
- age   2:      79376 bytes,    3321344 total
- age   3:    1685864 bytes,    5007208 total
- age   4:    1351368 bytes,    6358576 total
- age   5:      77032 bytes,    6435608 total
- age   6:    1944736 bytes,    8380344 total
- age   7:      22144 bytes,    8402488 total
- age   8:       8808 bytes,    8411296 total
: 100350K->9179K(109248K), 0.0160750 secs] 126041K->36694K(502464K), 0.0161570 secs] [Times: user=0.13 sys=0.00, real=0.01 secs] 
Heap after GC invocations=34 (full 2):
 par new generation   total 109248K, used 9179K [0x00000000e0000000, 0x00000000e8000000, 0x00000000e8000000)
  eden space 87424K,   0% used [0x00000000e0000000, 0x00000000e0000000, 0x00000000e5560000)
  from space 21824K,  42% used [0x00000000e5560000, 0x00000000e5e56d78, 0x00000000e6ab0000)
  to   space 21824K,   0% used [0x00000000e6ab0000, 0x00000000e6ab0000, 0x00000000e8000000)
 concurrent mark-sweep generation total 393216K, used 27515K [0x00000000e8000000, 0x0000000100000000, 0x0000000100000000)
 Metaspace       used 52165K, capacity 53244K, committed 53424K, reserved 1095680K
  class space    used 5855K, capacity 6240K, committed 6320K, reserved 1048576K
}
2017-08-02T14:15:35.234-0700: 2692.447: Total time for which application threads were stopped: 0.0164470 seconds, Stopping threads took: 0.0000460 seconds
2017-08-02T14:15:35.234-0700: 2692.447: Total time for which application threads were stopped: 0.0002370 seconds, Stopping threads took: 0.0000870 seconds
2017-08-02T14:15:35.348-0700: 2692.574: Total time for which application threads were stopped: 0.0001910 seconds, Stopping threads took: 0.0000740 seconds
2017-08-02T14:15:35.348-0700: 2692.575: Total time for which application threads were stopped: 0.0001730 seconds, Stopping threads took: 0.0000960 seconds
2017-08-02T14:15:35.398-0700: 2692.613: Total time for which application threads were stopped: 0.0001520 seconds, Stopping threads took: 0.0000380 seconds
2017-08-02T14:15:35.398-0700: 2692.614: Total time for which application threads were stopped: 0.0000640 seconds, Stopping threads took: 0.0000220 seconds
2017-08-02T14:15:35.398-0700: 2692.614: Total time for which application threads were stopped: 0.0000670 seconds, Stopping threads took: 0.0000210 seconds
2017-08-02T14:15:35.398-0700: 2692.618: Total time for which application threads were stopped: 0.0001110 seconds, Stopping threads took: 0.0000370 seconds
2017-08-02T14:15:36.406-0700: 2693.619: Total time for which application threads were stopped: 0.0003190 seconds, Stopping threads took: 0.0001370 seconds
2017-08-02T14:15:39.935-0700: 2697.159: Total time for which application threads were stopped: 0.0003590 seconds, Stopping threads took: 0.0001290 seconds
2017-08-02T14:15:39.935-0700: 2697.160: Total time for which application threads were stopped: 0.0003010 seconds, Stopping threads took: 0.0001280 seconds
2017-08-02T14:15:39.935-0700: 2697.161: Total time for which application threads were stopped: 0.0002680 seconds, Stopping threads took: 0.0000980 seconds
2017-08-02T14:15:39.935-0700: 2697.162: Total time for which application threads were stopped: 0.0004170 seconds, Stopping threads took: 0.0002250 seconds
2017-08-02T14:15:39.935-0700: 2697.163: Total time for which application threads were stopped: 0.0002930 seconds, Stopping threads took: 0.0000860 seconds
2017-08-02T14:15:39.958-0700: 2697.174: Total time for which application threads were stopped: 0.0005310 seconds, Stopping threads took: 0.0002470 seconds
2017-08-02T14:15:39.958-0700: 2697.176: Total time for which application threads were stopped: 0.0005140 seconds, Stopping threads took: 0.0001370 seconds
2017-08-02T14:15:39.958-0700: 2697.178: Total time for which application threads were stopped: 0.0003070 seconds, Stopping threads took: 0.0001110 seconds
2017-08-02T14:16:08.976-0700: 2726.189: Total time for which application threads were stopped: 0.0003310 seconds, Stopping threads took: 0.0001400 seconds
2017-08-02T14:16:54.246-0700: 2771.471: Total time for which application threads were stopped: 0.0001610 seconds, Stopping threads took: 0.0000780 seconds
2017-08-02T14:16:54.246-0700: 2771.473: Total time for which application threads were stopped: 0.0001670 seconds, Stopping threads took: 0.0000630 seconds
2017-08-02T14:16:55.261-0700: 2772.473: Total time for which application threads were stopped: 0.0001160 seconds, Stopping threads took: 0.0000450 seconds
{Heap before GC invocations=34 (full 2):
 par new generation   total 109248K, used 96597K [0x00000000e0000000, 0x00000000e8000000, 0x00000000e8000000)
  eden space 87424K,  99% used [0x00000000e0000000, 0x00000000e555e968, 0x00000000e5560000)
  from space 21824K,  42% used [0x00000000e5560000, 0x00000000e5e56d78, 0x00000000e6ab0000)
  to   space 21824K,   0% used [0x00000000e6ab0000, 0x00000000e6ab0000, 0x00000000e8000000)
 concurrent mark-sweep generation total 393216K, used 27515K [0x00000000e8000000, 0x0000000100000000, 0x0000000100000000)
 Metaspace       used 52794K, capacity 53984K, committed 54192K, reserved 1097728K
  class space    used 5929K, capacity 6306K, committed 6320K, reserved 1048576K
2017-08-02T14:16:59.995-0700: 2777.212: [GC (Allocation Failure) 2017-08-02T14:16:59.995-0700: 2777.213: [ParNew
Desired survivor size 20112992 bytes, new threshold 8 (max 8)
- age   1:    2865488 bytes,    2865488 total
- age   2:    1902112 bytes,    4767600 total
- age   3:      79376 bytes,    4846976 total
- age   4:    1373864 bytes,    6220840 total
- age   5:    1347808 bytes,    7568648 total
- age   6:      77032 bytes,    7645680 total
- age   7:    1944024 bytes,    9589704 total
- age   8:      22144 bytes,    9611848 total
: 96597K->12565K(109248K), 0.0129700 secs] 124113K->40090K(502464K), 0.0130690 secs] [Times: user=0.04 sys=0.02, real=0.01 secs] 
Heap after GC invocations=35 (full 2):
 par new generation   total 109248K, used 12565K [0x00000000e0000000, 0x00000000e8000000, 0x00000000e8000000)
  eden space 87424K,   0% used [0x00000000e0000000, 0x00000000e0000000, 0x00000000e5560000)
  from space 21824K,  57% used [0x00000000e6ab0000, 0x00000000e76f57f0, 0x00000000e8000000)
  to   space 21824K,   0% used [0x00000000e5560000, 0x00000000e5560000, 0x00000000e6ab0000)
 concurrent mark-sweep generation total 393216K, used 27524K [0x00000000e8000000, 0x0000000100000000, 0x0000000100000000)
 Metaspace       used 52794K, capacity 53984K, committed 54192K, reserved 1097728K
  class space    used 5929K, capacity 6306K, committed 6320K, reserved 1048576K
}
2017-08-02T14:17:00.013-0700: 2777.226: Total time for which application threads were stopped: 0.0134080 seconds, Stopping threads took: 0.0000600 seconds
2017-08-02T14:17:00.013-0700: 2777.226: Total time for which application threads were stopped: 0.0002470 seconds, Stopping threads took: 0.0000900 seconds
{Heap before GC invocations=35 (full 2):
 par new generation   total 109248K, used 99989K [0x00000000e0000000, 0x00000000e8000000, 0x00000000e8000000)
  eden space 87424K, 100% used [0x00000000e0000000, 0x00000000e5560000, 0x00000000e5560000)
  from space 21824K,  57% used [0x00000000e6ab0000, 0x00000000e76f57f0, 0x00000000e8000000)
  to   space 21824K,   0% used [0x00000000e5560000, 0x00000000e5560000, 0x00000000e6ab0000)
 concurrent mark-sweep generation total 393216K, used 27524K [0x00000000e8000000, 0x0000000100000000, 0x0000000100000000)
 Metaspace       used 52794K, capacity 53984K, committed 54192K, reserved 1097728K
  class space    used 5929K, capacity 6306K, committed 6320K, reserved 1048576K
2017-08-02T14:17:00.055-0700: 2777.282: [GC (Allocation Failure) 2017-08-02T14:17:00.055-0700: 2777.282: [ParNew
Desired survivor size 20112992 bytes, new threshold 8 (max 8)
- age   1:     262704 bytes,     262704 total
- age   2:    2067984 bytes,    2330688 total
- age   3:    1721528 bytes,    4052216 total
- age   4:      79376 bytes,    4131592 total
- age   5:     843432 bytes,    4975024 total
- age   6:    1165024 bytes,    6140048 total
- age   7:       2520 bytes,    6142568 total
- age   8:    1829384 bytes,    7971952 total
: 99989K->9301K(109248K), 0.0113920 secs] 127514K->36848K(502464K), 0.0114790 secs] [Times: user=0.13 sys=0.00, real=0.01 secs] 
Heap after GC invocations=36 (full 2):
 par new generation   total 109248K, used 9301K [0x00000000e0000000, 0x00000000e8000000, 0x00000000e8000000)
  eden space 87424K,   0% used [0x00000000e0000000, 0x00000000e0000000, 0x00000000e5560000)
  from space 21824K,  42% used [0x00000000e5560000, 0x00000000e5e755e0, 0x00000000e6ab0000)
  to   space 21824K,   0% used [0x00000000e6ab0000, 0x00000000e6ab0000, 0x00000000e8000000)
 concurrent mark-sweep generation total 393216K, used 27547K [0x00000000e8000000, 0x0000000100000000, 0x0000000100000000)
 Metaspace       used 52794K, capacity 53984K, committed 54192K, reserved 1097728K
  class space    used 5929K, capacity 6306K, committed 6320K, reserved 1048576K
}
2017-08-02T14:17:00.074-0700: 2777.294: Total time for which application threads were stopped: 0.0117850 seconds, Stopping threads took: 0.0000530 seconds
2017-08-02T14:17:00.219-0700: 2777.432: Total time for which application threads were stopped: 0.0003100 seconds, Stopping threads took: 0.0000700 seconds
2017-08-02T14:17:00.337-0700: 2777.550: Total time for which application threads were stopped: 0.0002080 seconds, Stopping threads took: 0.0000650 seconds
2017-08-02T14:17:00.337-0700: 2777.550: Total time for which application threads were stopped: 0.0000720 seconds, Stopping threads took: 0.0000250 seconds
2017-08-02T14:17:00.338-0700: 2777.550: Total time for which application threads were stopped: 0.0000640 seconds, Stopping threads took: 0.0000210 seconds
2017-08-02T14:17:00.338-0700: 2777.550: Total time for which application threads were stopped: 0.0000570 seconds, Stopping threads took: 0.0000200 seconds
2017-08-02T14:17:00.338-0700: 2777.551: Total time for which application threads were stopped: 0.0000900 seconds, Stopping threads took: 0.0000440 seconds
2017-08-02T14:17:00.338-0700: 2777.551: Total time for which application threads were stopped: 0.0000910 seconds, Stopping threads took: 0.0000250 seconds
2017-08-02T14:17:00.338-0700: 2777.551: Total time for which application threads were stopped: 0.0000750 seconds, Stopping threads took: 0.0000340 seconds
2017-08-02T14:17:00.338-0700: 2777.551: Total time for which application threads were stopped: 0.0000820 seconds, Stopping threads took: 0.0000270 seconds
2017-08-02T14:17:00.338-0700: 2777.551: Total time for which application threads were stopped: 0.0001250 seconds, Stopping threads took: 0.0000830 seconds
2017-08-02T14:17:00.339-0700: 2777.551: Total time for which application threads were stopped: 0.0000630 seconds, Stopping threads took: 0.0000250 seconds
2017-08-02T14:17:00.339-0700: 2777.552: Total time for which application threads were stopped: 0.0000590 seconds, Stopping threads took: 0.0000210 seconds
2017-08-02T14:17:00.339-0700: 2777.552: Total time for which application threads were stopped: 0.0000550 seconds, Stopping threads took: 0.0000200 seconds
2017-08-02T14:17:00.339-0700: 2777.552: Total time for which application threads were stopped: 0.0000540 seconds, Stopping threads took: 0.0000190 seconds
2017-08-02T14:17:00.339-0700: 2777.552: Total time for which application threads were stopped: 0.0000750 seconds, Stopping threads took: 0.0000250 seconds
2017-08-02T14:17:00.339-0700: 2777.552: Total time for which application threads were stopped: 0.0000560 seconds, Stopping threads took: 0.0000210 seconds
2017-08-02T14:17:00.640-0700: 2777.856: Total time for which application threads were stopped: 0.0001470 seconds, Stopping threads took: 0.0000390 seconds
2017-08-02T14:17:00.640-0700: 2777.856: Total time for which application threads were stopped: 0.0000730 seconds, Stopping threads took: 0.0000260 seconds
2017-08-02T14:17:00.656-0700: 2777.883: Total time for which application threads were stopped: 0.0001640 seconds, Stopping threads took: 0.0000700 seconds
2017-08-02T14:17:00.656-0700: 2777.883: Total time for which application threads were stopped: 0.0000850 seconds, Stopping threads took: 0.0000400 seconds
2017-08-02T14:17:00.656-0700: 2777.884: Total time for which application threads were stopped: 0.0000760 seconds, Stopping threads took: 0.0000250 seconds
2017-08-02T14:17:00.656-0700: 2777.884: Total time for which application threads were stopped: 0.0000740 seconds, Stopping threads took: 0.0000320 seconds
2017-08-02T14:17:00.672-0700: 2777.885: Total time for which application threads were stopped: 0.0000860 seconds, Stopping threads took: 0.0000290 seconds
{Heap before GC invocations=36 (full 2):
 par new generation   total 109248K, used 96725K [0x00000000e0000000, 0x00000000e8000000, 0x00000000e8000000)
  eden space 87424K, 100% used [0x00000000e0000000, 0x00000000e5560000, 0x00000000e5560000)
  from space 21824K,  42% used [0x00000000e5560000, 0x00000000e5e755e0, 0x00000000e6ab0000)
  to   space 21824K,   0% used [0x00000000e6ab0000, 0x00000000e6ab0000, 0x00000000e8000000)
 concurrent mark-sweep generation total 393216K, used 27547K [0x00000000e8000000, 0x0000000100000000, 0x0000000100000000)
 Metaspace       used 54250K, capacity 55436K, committed 55728K, reserved 1097728K
  class space    used 6085K, capacity 6474K, committed 6576K, reserved 1048576K
2017-08-02T14:17:00.676-0700: 2777.888: [GC (Allocation Failure) 2017-08-02T14:17:00.676-0700: 2777.888: [ParNew
Desired survivor size 20112992 bytes, new threshold 8 (max 8)
- age   1:    4254984 bytes,    4254984 total
- age   2:      86216 bytes,    4341200 total
- age   3:    1212760 bytes,    5553960 total
- age   4:    1713344 bytes,    7267304 total
- age   5:      79376 bytes,    7346680 total
- age   6:     843048 bytes,    8189728 total
- age   7:    1165024 bytes,    9354752 total
- age   8:       2520 bytes,    9357272 total
: 96725K->14335K(109248K), 0.0162040 secs] 124272K->43712K(502464K), 0.0162990 secs] [Times: user=0.00 sys=0.00, real=0.02 secs] 
Heap after GC invocations=37 (full 2):
 par new generation   total 109248K, used 14335K [0x00000000e0000000, 0x00000000e8000000, 0x00000000e8000000)
  eden space 87424K,   0% used [0x00000000e0000000, 0x00000000e0000000, 0x00000000e5560000)
  from space 21824K,  65% used [0x00000000e6ab0000, 0x00000000e78afd00, 0x00000000e8000000)
  to   space 21824K,   0% used [0x00000000e5560000, 0x00000000e5560000, 0x00000000e6ab0000)
 concurrent mark-sweep generation total 393216K, used 29377K [0x00000000e8000000, 0x0000000100000000, 0x0000000100000000)
 Metaspace       used 54250K, capacity 55436K, committed 55728K, reserved 1097728K
  class space    used 6085K, capacity 6474K, committed 6576K, reserved 1048576K
}
2017-08-02T14:17:00.683-0700: 2777.905: Total time for which application threads were stopped: 0.0166140 seconds, Stopping threads took: 0.0000780 seconds
2017-08-02T14:17:00.683-0700: 2777.905: Total time for which application threads were stopped: 0.0001180 seconds, Stopping threads took: 0.0000440 seconds
2017-08-02T14:17:00.683-0700: 2777.905: Total time for which application threads were stopped: 0.0001220 seconds, Stopping threads took: 0.0000510 seconds
2017-08-02T14:17:01.693-0700: 2778.906: Total time for which application threads were stopped: 0.0002960 seconds, Stopping threads took: 0.0001150 seconds
2017-08-02T14:17:02.716-0700: 2779.938: Total time for which application threads were stopped: 0.0008260 seconds, Stopping threads took: 0.0001730 seconds
2017-08-02T14:17:02.716-0700: 2779.940: Total time for which application threads were stopped: 0.0002850 seconds, Stopping threads took: 0.0000910 seconds
2017-08-02T14:17:02.716-0700: 2779.941: Total time for which application threads were stopped: 0.0004920 seconds, Stopping threads took: 0.0000810 seconds
2017-08-02T14:17:02.737-0700: 2779.950: Total time for which application threads were stopped: 0.0003340 seconds, Stopping threads took: 0.0001160 seconds
2017-08-02T14:17:03.738-0700: 2780.951: Total time for which application threads were stopped: 0.0003200 seconds, Stopping threads took: 0.0001420 seconds
2017-08-02T14:17:15.742-0700: 2792.956: Total time for which application threads were stopped: 0.0003460 seconds, Stopping threads took: 0.0001430 seconds
2017-08-02T14:18:40.771-0700: 2877.984: Total time for which application threads were stopped: 0.0003800 seconds, Stopping threads took: 0.0001550 seconds
2017-08-02T14:21:31.649-0700: 3048.862: Total time for which application threads were stopped: 0.0006360 seconds, Stopping threads took: 0.0002560 seconds
2017-08-02T14:21:31.652-0700: 3048.865: Total time for which application threads were stopped: 0.0001490 seconds, Stopping threads took: 0.0000470 seconds
2017-08-02T14:21:32.531-0700: 3049.751: Total time for which application threads were stopped: 0.0001460 seconds, Stopping threads took: 0.0000390 seconds
2017-08-02T14:21:32.531-0700: 3049.751: Total time for which application threads were stopped: 0.0000620 seconds, Stopping threads took: 0.0000210 seconds
2017-08-02T14:21:32.531-0700: 3049.752: Total time for which application threads were stopped: 0.0000960 seconds, Stopping threads took: 0.0000220 seconds
2017-08-02T14:21:32.531-0700: 3049.752: Total time for which application threads were stopped: 0.0000650 seconds, Stopping threads took: 0.0000220 seconds
2017-08-02T14:21:32.531-0700: 3049.755: Total time for which application threads were stopped: 0.0001440 seconds, Stopping threads took: 0.0000430 seconds
2017-08-02T14:21:32.531-0700: 3049.755: Total time for which application threads were stopped: 0.0001850 seconds, Stopping threads took: 0.0000870 seconds
2017-08-02T14:21:33.542-0700: 3050.755: Total time for which application threads were stopped: 0.0003120 seconds, Stopping threads took: 0.0001190 seconds
2017-08-02T14:21:42.546-0700: 3059.759: Total time for which application threads were stopped: 0.0003010 seconds, Stopping threads took: 0.0001110 seconds
{Heap before GC invocations=37 (full 2):
 par new generation   total 109248K, used 101759K [0x00000000e0000000, 0x00000000e8000000, 0x00000000e8000000)
  eden space 87424K, 100% used [0x00000000e0000000, 0x00000000e5560000, 0x00000000e5560000)
  from space 21824K,  65% used [0x00000000e6ab0000, 0x00000000e78afd00, 0x00000000e8000000)
  to   space 21824K,   0% used [0x00000000e5560000, 0x00000000e5560000, 0x00000000e6ab0000)
 concurrent mark-sweep generation total 393216K, used 29377K [0x00000000e8000000, 0x0000000100000000, 0x0000000100000000)
 Metaspace       used 54289K, capacity 55436K, committed 55728K, reserved 1097728K
  class space    used 6085K, capacity 6474K, committed 6576K, reserved 1048576K
2017-08-02T14:21:46.289-0700: 3063.506: [GC (Allocation Failure) 2017-08-02T14:21:46.289-0700: 3063.506: [ParNew
Desired survivor size 20112992 bytes, new threshold 8 (max 8)
- age   1:    1412496 bytes,    1412496 total
- age   2:    2778288 bytes,    4190784 total
- age   3:      86216 bytes,    4277000 total
- age   4:     613056 bytes,    4890056 total
- age   5:    1536896 bytes,    6426952 total
- age   6:       2272 bytes,    6429224 total
- age   7:     695336 bytes,    7124560 total
- age   8:    1165024 bytes,    8289584 total
: 101759K->10190K(109248K), 0.0124190 secs] 131136K->39570K(502464K), 0.0125790 secs] [Times: user=0.00 sys=0.02, real=0.02 secs] 
Heap after GC invocations=38 (full 2):
 par new generation   total 109248K, used 10190K [0x00000000e0000000, 0x00000000e8000000, 0x00000000e8000000)
  eden space 87424K,   0% used [0x00000000e0000000, 0x00000000e0000000, 0x00000000e5560000)
  from space 21824K,  46% used [0x00000000e5560000, 0x00000000e5f53b20, 0x00000000e6ab0000)
  to   space 21824K,   0% used [0x00000000e6ab0000, 0x00000000e6ab0000, 0x00000000e8000000)
 concurrent mark-sweep generation total 393216K, used 29379K [0x00000000e8000000, 0x0000000100000000, 0x0000000100000000)
 Metaspace       used 54289K, capacity 55436K, committed 55728K, reserved 1097728K
  class space    used 6085K, capacity 6474K, committed 6576K, reserved 1048576K
}
2017-08-02T14:21:46.306-0700: 3063.519: Total time for which application threads were stopped: 0.0129030 seconds, Stopping threads took: 0.0000550 seconds
2017-08-02T14:21:46.306-0700: 3063.519: Total time for which application threads were stopped: 0.0002530 seconds, Stopping threads took: 0.0001030 seconds
{Heap before GC invocations=38 (full 2):
 par new generation   total 109248K, used 97614K [0x00000000e0000000, 0x00000000e8000000, 0x00000000e8000000)
  eden space 87424K, 100% used [0x00000000e0000000, 0x00000000e5560000, 0x00000000e5560000)
  from space 21824K,  46% used [0x00000000e5560000, 0x00000000e5f53b20, 0x00000000e6ab0000)
  to   space 21824K,   0% used [0x00000000e6ab0000, 0x00000000e6ab0000, 0x00000000e8000000)
 concurrent mark-sweep generation total 393216K, used 29379K [0x00000000e8000000, 0x0000000100000000, 0x0000000100000000)
 Metaspace       used 54289K, capacity 55436K, committed 55728K, reserved 1097728K
  class space    used 6085K, capacity 6474K, committed 6576K, reserved 1048576K
2017-08-02T14:21:46.347-0700: 3063.560: [GC (Allocation Failure) 2017-08-02T14:21:46.347-0700: 3063.560: [ParNew
Desired survivor size 20112992 bytes, new threshold 8 (max 8)
- age   1:     162968 bytes,     162968 total
- age   2:    1163008 bytes,    1325976 total
- age   3:    2604320 bytes,    3930296 total
- age   4:      86216 bytes,    4016512 total
- age   5:     613176 bytes,    4629688 total
- age   6:    1536896 bytes,    6166584 total
- age   7:       2272 bytes,    6168856 total
- age   8:     695336 bytes,    6864192 total
: 97614K->10635K(109248K), 0.0125650 secs] 126994K->41156K(502464K), 0.0126480 secs] [Times: user=0.07 sys=0.00, real=0.01 secs] 
Heap after GC invocations=39 (full 2):
 par new generation   total 109248K, used 10635K [0x00000000e0000000, 0x00000000e8000000, 0x00000000e8000000)
  eden space 87424K,   0% used [0x00000000e0000000, 0x00000000e0000000, 0x00000000e5560000)
  from space 21824K,  48% used [0x00000000e6ab0000, 0x00000000e7512f60, 0x00000000e8000000)
  to   space 21824K,   0% used [0x00000000e5560000, 0x00000000e5560000, 0x00000000e6ab0000)
 concurrent mark-sweep generation total 393216K, used 30521K [0x00000000e8000000, 0x0000000100000000, 0x0000000100000000)
 Metaspace       used 54289K, capacity 55436K, committed 55728K, reserved 1097728K
  class space    used 6085K, capacity 6474K, committed 6576K, reserved 1048576K
}
2017-08-02T14:21:46.358-0700: 3063.573: Total time for which application threads were stopped: 0.0129340 seconds, Stopping threads took: 0.0000470 seconds
2017-08-02T14:21:46.474-0700: 3063.688: Total time for which application threads were stopped: 0.0001860 seconds, Stopping threads took: 0.0000570 seconds
2017-08-02T14:21:46.590-0700: 3063.805: Total time for which application threads were stopped: 0.0005570 seconds, Stopping threads took: 0.0001290 seconds
2017-08-02T14:21:46.868-0700: 3064.095: Total time for which application threads were stopped: 0.0001630 seconds, Stopping threads took: 0.0000420 seconds
2017-08-02T14:21:46.868-0700: 3064.096: Total time for which application threads were stopped: 0.0001190 seconds, Stopping threads took: 0.0000530 seconds
2017-08-02T14:21:46.884-0700: 3064.101: Total time for which application threads were stopped: 0.0001220 seconds, Stopping threads took: 0.0000470 seconds
2017-08-02T14:21:47.889-0700: 3065.102: Total time for which application threads were stopped: 0.0003310 seconds, Stopping threads took: 0.0001300 seconds
2017-08-02T14:21:48.871-0700: 3066.084: Total time for which application threads were stopped: 0.0005160 seconds, Stopping threads took: 0.0002790 seconds
2017-08-02T14:21:48.872-0700: 3066.085: Total time for which application threads were stopped: 0.0002850 seconds, Stopping threads took: 0.0000980 seconds
2017-08-02T14:21:48.873-0700: 3066.086: Total time for which application threads were stopped: 0.0002670 seconds, Stopping threads took: 0.0000960 seconds
2017-08-02T14:21:48.877-0700: 3066.090: Total time for which application threads were stopped: 0.0005210 seconds, Stopping threads took: 0.0001840 seconds
2017-08-02T14:21:48.879-0700: 3066.092: Total time for which application threads were stopped: 0.0002950 seconds, Stopping threads took: 0.0001640 seconds
2017-08-02T14:21:48.883-0700: 3066.097: Total time for which application threads were stopped: 0.0003570 seconds, Stopping threads took: 0.0001660 seconds
2017-08-02T14:21:48.883-0700: 3066.098: Total time for which application threads were stopped: 0.0002230 seconds, Stopping threads took: 0.0000810 seconds
2017-08-02T14:21:48.883-0700: 3066.099: Total time for which application threads were stopped: 0.0002860 seconds, Stopping threads took: 0.0001590 seconds
2017-08-02T14:21:49.887-0700: 3067.100: Total time for which application threads were stopped: 0.0004310 seconds, Stopping threads took: 0.0001160 seconds
2017-08-02T14:22:16.058-0700: 3093.272: Total time for which application threads were stopped: 0.0001570 seconds, Stopping threads took: 0.0000600 seconds
2017-08-02T14:22:16.058-0700: 3093.274: Total time for which application threads were stopped: 0.0001880 seconds, Stopping threads took: 0.0000690 seconds
2017-08-02T14:22:17.061-0700: 3094.274: Total time for which application threads were stopped: 0.0001520 seconds, Stopping threads took: 0.0000620 seconds
{Heap before GC invocations=39 (full 2):
 par new generation   total 109248K, used 98041K [0x00000000e0000000, 0x00000000e8000000, 0x00000000e8000000)
  eden space 87424K,  99% used [0x00000000e0000000, 0x00000000e555b850, 0x00000000e5560000)
  from space 21824K,  48% used [0x00000000e6ab0000, 0x00000000e7512f60, 0x00000000e8000000)
  to   space 21824K,   0% used [0x00000000e5560000, 0x00000000e5560000, 0x00000000e6ab0000)
 concurrent mark-sweep generation total 393216K, used 30521K [0x00000000e8000000, 0x0000000100000000, 0x0000000100000000)
 Metaspace       used 55763K, capacity 56952K, committed 57136K, reserved 1099776K
  class space    used 6241K, capacity 6642K, committed 6704K, reserved 1048576K
2017-08-02T14:22:24.080-0700: 3101.301: [GC (Allocation Failure) 2017-08-02T14:22:24.080-0700: 3101.301: [ParNew
Desired survivor size 20112992 bytes, new threshold 8 (max 8)
- age   1:    5036760 bytes,    5036760 total
- age   2:      93304 bytes,    5130064 total
- age   3:     363168 bytes,    5493232 total
- age   4:    2461016 bytes,    7954248 total
- age   5:      86216 bytes,    8040464 total
- age   6:     612824 bytes,    8653288 total
- age   7:    1536896 bytes,   10190184 total
- age   8:       2272 bytes,   10192456 total
: 98041K->12069K(109248K), 0.0166300 secs] 128563K->43308K(502464K), 0.0167400 secs] [Times: user=0.07 sys=0.00, real=0.01 secs] 
Heap after GC invocations=40 (full 2):
 par new generation   total 109248K, used 12069K [0x00000000e0000000, 0x00000000e8000000, 0x00000000e8000000)
  eden space 87424K,   0% used [0x00000000e0000000, 0x00000000e0000000, 0x00000000e5560000)
  from space 21824K,  55% used [0x00000000e5560000, 0x00000000e6129620, 0x00000000e6ab0000)
  to   space 21824K,   0% used [0x00000000e6ab0000, 0x00000000e6ab0000, 0x00000000e8000000)
 concurrent mark-sweep generation total 393216K, used 31239K [0x00000000e8000000, 0x0000000100000000, 0x0000000100000000)
 Metaspace       used 55763K, capacity 56952K, committed 57136K, reserved 1099776K
  class space    used 6241K, capacity 6642K, committed 6704K, reserved 1048576K
}
2017-08-02T14:22:24.105-0700: 3101.318: Total time for which application threads were stopped: 0.0171320 seconds, Stopping threads took: 0.0000490 seconds
2017-08-02T14:22:24.105-0700: 3101.318: Total time for which application threads were stopped: 0.0002950 seconds, Stopping threads took: 0.0001830 seconds
2017-08-02T14:22:24.106-0700: 3101.319: Total time for which application threads were stopped: 0.0003530 seconds, Stopping threads took: 0.0001580 seconds
{Heap before GC invocations=40 (full 2):
 par new generation   total 109248K, used 99481K [0x00000000e0000000, 0x00000000e8000000, 0x00000000e8000000)
  eden space 87424K,  99% used [0x00000000e0000000, 0x00000000e555d140, 0x00000000e5560000)
  from space 21824K,  55% used [0x00000000e5560000, 0x00000000e6129620, 0x00000000e6ab0000)
  to   space 21824K,   0% used [0x00000000e6ab0000, 0x00000000e6ab0000, 0x00000000e8000000)
 concurrent mark-sweep generation total 393216K, used 31239K [0x00000000e8000000, 0x0000000100000000, 0x0000000100000000)
 Metaspace       used 55764K, capacity 56952K, committed 57136K, reserved 1099776K
  class space    used 6241K, capacity 6642K, committed 6704K, reserved 1048576K
2017-08-02T14:22:24.127-0700: 3101.350: [GC (Allocation Failure) 2017-08-02T14:22:24.127-0700: 3101.350: [ParNew
Desired survivor size 20112992 bytes, new threshold 8 (max 8)
- age   1:    1056896 bytes,    1056896 total
- age   2:    3215720 bytes,    4272616 total
- age   3:      93304 bytes,    4365920 total
- age   4:     362576 bytes,    4728496 total
- age   5:    1796720 bytes,    6525216 total
- age   6:       1288 bytes,    6526504 total
- age   7:     486552 bytes,    7013056 total
- age   8:    1536896 bytes,    8549952 total
: 99481K->14572K(109248K), 0.0130020 secs] 130720K->45814K(502464K), 0.0131040 secs] [Times: user=0.06 sys=0.00, real=0.01 secs] 
Heap after GC invocations=41 (full 2):
 par new generation   total 109248K, used 14572K [0x00000000e0000000, 0x00000000e8000000, 0x00000000e8000000)
  eden space 87424K,   0% used [0x00000000e0000000, 0x00000000e0000000, 0x00000000e5560000)
  from space 21824K,  66% used [0x00000000e6ab0000, 0x00000000e78eb2f8, 0x00000000e8000000)
  to   space 21824K,   0% used [0x00000000e5560000, 0x00000000e5560000, 0x00000000e6ab0000)
 concurrent mark-sweep generation total 393216K, used 31241K [0x00000000e8000000, 0x0000000100000000, 0x0000000100000000)
 Metaspace       used 55764K, capacity 56952K, committed 57136K, reserved 1099776K
  class space    used 6241K, capacity 6642K, committed 6704K, reserved 1048576K
}
2017-08-02T14:22:24.151-0700: 3101.363: Total time for which application threads were stopped: 0.0134330 seconds, Stopping threads took: 0.0000610 seconds
{Heap before GC invocations=41 (full 2):
 par new generation   total 109248K, used 101996K [0x00000000e0000000, 0x00000000e8000000, 0x00000000e8000000)
  eden space 87424K, 100% used [0x00000000e0000000, 0x00000000e5560000, 0x00000000e5560000)
  from space 21824K,  66% used [0x00000000e6ab0000, 0x00000000e78eb2f8, 0x00000000e8000000)
  to   space 21824K,   0% used [0x00000000e5560000, 0x00000000e5560000, 0x00000000e6ab0000)
 concurrent mark-sweep generation total 393216K, used 31241K [0x00000000e8000000, 0x0000000100000000, 0x0000000100000000)
 Metaspace       used 55767K, capacity 56952K, committed 57136K, reserved 1099776K
  class space    used 6241K, capacity 6642K, committed 6704K, reserved 1048576K
2017-08-02T14:22:24.212-0700: 3101.426: [GC (Allocation Failure) 2017-08-02T14:22:24.212-0700: 3101.426: [ParNew
Desired survivor size 20112992 bytes, new threshold 8 (max 8)
- age   1:     320912 bytes,     320912 total
- age   2:     716560 bytes,    1037472 total
- age   3:    3032008 bytes,    4069480 total
- age   4:      93304 bytes,    4162784 total
- age   5:     362576 bytes,    4525360 total
- age   6:    1796720 bytes,    6322080 total
- age   7:       1288 bytes,    6323368 total
- age   8:     486552 bytes,    6809920 total
: 101996K->8338K(109248K), 0.0135670 secs] 133238K->41103K(502464K), 0.0136580 secs] [Times: user=0.00 sys=0.00, real=0.02 secs] 
Heap after GC invocations=42 (full 2):
 par new generation   total 109248K, used 8338K [0x00000000e0000000, 0x00000000e8000000, 0x00000000e8000000)
  eden space 87424K,   0% used [0x00000000e0000000, 0x00000000e0000000, 0x00000000e5560000)
  from space 21824K,  38% used [0x00000000e5560000, 0x00000000e5d84980, 0x00000000e6ab0000)
  to   space 21824K,   0% used [0x00000000e6ab0000, 0x00000000e6ab0000, 0x00000000e8000000)
 concurrent mark-sweep generation total 393216K, used 32765K [0x00000000e8000000, 0x0000000100000000, 0x0000000100000000)
 Metaspace       used 55767K, capacity 56952K, committed 57136K, reserved 1099776K
  class space    used 6241K, capacity 6642K, committed 6704K, reserved 1048576K
}
2017-08-02T14:22:24.212-0700: 3101.439: Total time for which application threads were stopped: 0.0139530 seconds, Stopping threads took: 0.0000540 seconds
2017-08-02T14:22:24.294-0700: 3101.520: Total time for which application threads were stopped: 0.0002670 seconds, Stopping threads took: 0.0001180 seconds
2017-08-02T14:22:24.430-0700: 3101.649: Total time for which application threads were stopped: 0.0004960 seconds, Stopping threads took: 0.0001160 seconds
2017-08-02T14:22:24.430-0700: 3101.650: Total time for which application threads were stopped: 0.0003080 seconds, Stopping threads took: 0.0000980 seconds
2017-08-02T14:22:24.430-0700: 3101.651: Total time for which application threads were stopped: 0.0002420 seconds, Stopping threads took: 0.0000810 seconds
2017-08-02T14:22:24.430-0700: 3101.651: Total time for which application threads were stopped: 0.0001900 seconds, Stopping threads took: 0.0000630 seconds
2017-08-02T14:22:24.430-0700: 3101.652: Total time for which application threads were stopped: 0.0002920 seconds, Stopping threads took: 0.0000940 seconds
2017-08-02T14:22:24.430-0700: 3101.652: Total time for which application threads were stopped: 0.0002040 seconds, Stopping threads took: 0.0000700 seconds
2017-08-02T14:22:24.430-0700: 3101.653: Total time for which application threads were stopped: 0.0001840 seconds, Stopping threads took: 0.0000620 seconds
2017-08-02T14:22:24.430-0700: 3101.653: Total time for which application threads were stopped: 0.0002810 seconds, Stopping threads took: 0.0000950 seconds
2017-08-02T14:22:24.430-0700: 3101.654: Total time for which application threads were stopped: 0.0002000 seconds, Stopping threads took: 0.0000700 seconds
2017-08-02T14:22:24.430-0700: 3101.654: Total time for which application threads were stopped: 0.0001830 seconds, Stopping threads took: 0.0000620 seconds
2017-08-02T14:22:24.430-0700: 3101.655: Total time for which application threads were stopped: 0.0005460 seconds, Stopping threads took: 0.0000940 seconds
2017-08-02T14:22:24.430-0700: 3101.655: Total time for which application threads were stopped: 0.0004190 seconds, Stopping threads took: 0.0000680 seconds
2017-08-02T14:22:24.716-0700: 3101.929: Total time for which application threads were stopped: 0.0001740 seconds, Stopping threads took: 0.0000450 seconds
2017-08-02T14:22:24.716-0700: 3101.929: Total time for which application threads were stopped: 0.0000990 seconds, Stopping threads took: 0.0000270 seconds
2017-08-02T14:22:24.732-0700: 3101.955: Total time for which application threads were stopped: 0.0002070 seconds, Stopping threads took: 0.0000900 seconds
2017-08-02T14:22:24.732-0700: 3101.955: Total time for which application threads were stopped: 0.0002450 seconds, Stopping threads took: 0.0000730 seconds
2017-08-02T14:22:24.748-0700: 3101.961: Total time for which application threads were stopped: 0.0001320 seconds, Stopping threads took: 0.0000480 seconds
2017-08-02T14:22:24.875-0700: 3102.088: Total time for which application threads were stopped: 0.0002190 seconds, Stopping threads took: 0.0000580 seconds
2017-08-02T14:22:24.875-0700: 3102.089: Total time for which application threads were stopped: 0.0001580 seconds, Stopping threads took: 0.0000430 seconds
2017-08-02T14:22:24.876-0700: 3102.089: Total time for which application threads were stopped: 0.0001360 seconds, Stopping threads took: 0.0000350 seconds
2017-08-02T14:22:24.877-0700: 3102.090: Total time for which application threads were stopped: 0.0001470 seconds, Stopping threads took: 0.0000420 seconds
2017-08-02T14:22:24.878-0700: 3102.091: Total time for which application threads were stopped: 0.0001840 seconds, Stopping threads took: 0.0000460 seconds
2017-08-02T14:22:24.891-0700: 3102.104: Total time for which application threads were stopped: 0.0001480 seconds, Stopping threads took: 0.0000440 seconds
2017-08-02T14:22:24.891-0700: 3102.104: Total time for which application threads were stopped: 0.0001140 seconds, Stopping threads took: 0.0000260 seconds
2017-08-02T14:22:25.892-0700: 3103.105: Total time for which application threads were stopped: 0.0003720 seconds, Stopping threads took: 0.0001410 seconds
2017-08-02T14:22:26.652-0700: 3103.867: Total time for which application threads were stopped: 0.0002720 seconds, Stopping threads took: 0.0000850 seconds
2017-08-02T14:22:26.652-0700: 3103.867: Total time for which application threads were stopped: 0.0001690 seconds, Stopping threads took: 0.0000600 seconds
2017-08-02T14:22:26.652-0700: 3103.868: Total time for which application threads were stopped: 0.0001440 seconds, Stopping threads took: 0.0000490 seconds
2017-08-02T14:22:26.652-0700: 3103.879: Total time for which application threads were stopped: 0.0002440 seconds, Stopping threads took: 0.0000810 seconds
2017-08-02T14:22:26.668-0700: 3103.881: Total time for which application threads were stopped: 0.0001290 seconds, Stopping threads took: 0.0000500 seconds
2017-08-02T14:22:26.668-0700: 3103.887: Total time for which application threads were stopped: 0.0001490 seconds, Stopping threads took: 0.0000570 seconds
2017-08-02T14:22:26.668-0700: 3103.888: Total time for which application threads were stopped: 0.0001190 seconds, Stopping threads took: 0.0000440 seconds
2017-08-02T14:22:26.668-0700: 3103.888: Total time for which application threads were stopped: 0.0001120 seconds, Stopping threads took: 0.0000390 seconds
2017-08-02T14:22:26.668-0700: 3103.888: Total time for which application threads were stopped: 0.0001450 seconds, Stopping threads took: 0.0000400 seconds
2017-08-02T14:22:26.668-0700: 3103.888: Total time for which application threads were stopped: 0.0001020 seconds, Stopping threads took: 0.0000330 seconds
2017-08-02T14:22:26.668-0700: 3103.888: Total time for which application threads were stopped: 0.0001080 seconds, Stopping threads took: 0.0000360 seconds
2017-08-02T14:22:26.668-0700: 3103.889: Total time for which application threads were stopped: 0.0000970 seconds, Stopping threads took: 0.0000360 seconds
2017-08-02T14:22:26.869-0700: 3104.090: Total time for which application threads were stopped: 0.0002570 seconds, Stopping threads took: 0.0000620 seconds
2017-08-02T14:22:26.869-0700: 3104.090: Total time for which application threads were stopped: 0.0001220 seconds, Stopping threads took: 0.0000370 seconds
2017-08-02T14:22:26.869-0700: 3104.091: Total time for which application threads were stopped: 0.0001080 seconds, Stopping threads took: 0.0000350 seconds
2017-08-02T14:22:26.869-0700: 3104.091: Total time for which application threads were stopped: 0.0000930 seconds, Stopping threads took: 0.0000310 seconds
2017-08-02T14:22:26.869-0700: 3104.091: Total time for which application threads were stopped: 0.0000970 seconds, Stopping threads took: 0.0000310 seconds
2017-08-02T14:22:26.869-0700: 3104.093: Total time for which application threads were stopped: 0.0002090 seconds, Stopping threads took: 0.0000900 seconds
2017-08-02T14:22:26.905-0700: 3104.117: Total time for which application threads were stopped: 0.0001800 seconds, Stopping threads took: 0.0000530 seconds
2017-08-02T14:22:26.928-0700: 3104.141: Total time for which application threads were stopped: 0.0001840 seconds, Stopping threads took: 0.0000500 seconds
2017-08-02T14:22:27.929-0700: 3105.142: Total time for which application threads were stopped: 0.0006690 seconds, Stopping threads took: 0.0003150 seconds
2017-08-02T14:22:28.727-0700: 3105.942: Total time for which application threads were stopped: 0.0003470 seconds, Stopping threads took: 0.0001090 seconds
2017-08-02T14:22:28.727-0700: 3105.943: Total time for which application threads were stopped: 0.0002170 seconds, Stopping threads took: 0.0000700 seconds
2017-08-02T14:22:28.745-0700: 3105.958: Total time for which application threads were stopped: 0.0003330 seconds, Stopping threads took: 0.0001160 seconds
2017-08-02T14:22:28.747-0700: 3105.960: Total time for which application threads were stopped: 0.0002900 seconds, Stopping threads took: 0.0001140 seconds
2017-08-02T14:22:28.754-0700: 3105.980: Total time for which application threads were stopped: 0.0004570 seconds, Stopping threads took: 0.0001630 seconds
2017-08-02T14:22:28.769-0700: 3105.983: Total time for which application threads were stopped: 0.0001880 seconds, Stopping threads took: 0.0000610 seconds
2017-08-02T14:22:28.987-0700: 3106.210: Total time for which application threads were stopped: 0.0001230 seconds, Stopping threads took: 0.0000380 seconds
2017-08-02T14:22:29.046-0700: 3106.259: Total time for which application threads were stopped: 0.0004280 seconds, Stopping threads took: 0.0001050 seconds
2017-08-02T14:22:30.047-0700: 3107.260: Total time for which application threads were stopped: 0.0004790 seconds, Stopping threads took: 0.0002000 seconds
2017-08-02T14:22:31.015-0700: 3108.239: Total time for which application threads were stopped: 0.0003480 seconds, Stopping threads took: 0.0001030 seconds
2017-08-02T14:22:31.015-0700: 3108.240: Total time for which application threads were stopped: 0.0003250 seconds, Stopping threads took: 0.0000820 seconds
2017-08-02T14:22:31.039-0700: 3108.252: Total time for which application threads were stopped: 0.0002180 seconds, Stopping threads took: 0.0001060 seconds
2017-08-02T14:22:31.040-0700: 3108.253: Total time for which application threads were stopped: 0.0001460 seconds, Stopping threads took: 0.0000450 seconds
{Heap before GC invocations=42 (full 2):
 par new generation   total 109248K, used 95762K [0x00000000e0000000, 0x00000000e8000000, 0x00000000e8000000)
  eden space 87424K, 100% used [0x00000000e0000000, 0x00000000e5560000, 0x00000000e5560000)
  from space 21824K,  38% used [0x00000000e5560000, 0x00000000e5d84980, 0x00000000e6ab0000)
  to   space 21824K,   0% used [0x00000000e6ab0000, 0x00000000e6ab0000, 0x00000000e8000000)
 concurrent mark-sweep generation total 393216K, used 32765K [0x00000000e8000000, 0x0000000100000000, 0x0000000100000000)
 Metaspace       used 57358K, capacity 58536K, committed 58800K, reserved 1101824K
  class space    used 6397K, capacity 6810K, committed 6832K, reserved 1048576K
2017-08-02T14:22:31.095-0700: 3108.312: [GC (Allocation Failure) 2017-08-02T14:22:31.095-0700: 3108.312: [ParNew
Desired survivor size 20112992 bytes, new threshold 8 (max 8)
- age   1:    4604568 bytes,    4604568 total
- age   2:     146680 bytes,    4751248 total
- age   3:     108632 bytes,    4859880 total
- age   4:    2770264 bytes,    7630144 total
- age   5:      93304 bytes,    7723448 total
- age   6:     361992 bytes,    8085440 total
- age   7:    1796688 bytes,    9882128 total
- age   8:       1288 bytes,    9883416 total
: 95762K->13567K(109248K), 0.0154240 secs] 128527K->46828K(502464K), 0.0155260 secs] [Times: user=0.00 sys=0.02, real=0.01 secs] 
Heap after GC invocations=43 (full 2):
 par new generation   total 109248K, used 13567K [0x00000000e0000000, 0x00000000e8000000, 0x00000000e8000000)
  eden space 87424K,   0% used [0x00000000e0000000, 0x00000000e0000000, 0x00000000e5560000)
  from space 21824K,  62% used [0x00000000e6ab0000, 0x00000000e77efe90, 0x00000000e8000000)
  to   space 21824K,   0% used [0x00000000e5560000, 0x00000000e5560000, 0x00000000e6ab0000)
 concurrent mark-sweep generation total 393216K, used 33260K [0x00000000e8000000, 0x0000000100000000, 0x0000000100000000)
 Metaspace       used 57358K, capacity 58536K, committed 58800K, reserved 1101824K
  class space    used 6397K, capacity 6810K, committed 6832K, reserved 1048576K
}
2017-08-02T14:22:31.114-0700: 3108.327: Total time for which application threads were stopped: 0.0158280 seconds, Stopping threads took: 0.0000400 seconds
2017-08-02T14:22:31.115-0700: 3108.328: Total time for which application threads were stopped: 0.0001670 seconds, Stopping threads took: 0.0000460 seconds
2017-08-02T14:22:31.347-0700: 3108.561: Total time for which application threads were stopped: 0.0002420 seconds, Stopping threads took: 0.0000540 seconds
2017-08-02T14:22:32.348-0700: 3109.561: Total time for which application threads were stopped: 0.0001610 seconds, Stopping threads took: 0.0000590 seconds
2017-08-02T14:22:33.008-0700: 3110.221: Total time for which application threads were stopped: 0.0005300 seconds, Stopping threads took: 0.0001640 seconds
2017-08-02T14:22:33.009-0700: 3110.223: Total time for which application threads were stopped: 0.0004100 seconds, Stopping threads took: 0.0001250 seconds
2017-08-02T14:22:33.009-0700: 3110.236: Total time for which application threads were stopped: 0.0003220 seconds, Stopping threads took: 0.0001040 seconds
2017-08-02T14:22:33.025-0700: 3110.239: Total time for which application threads were stopped: 0.0002470 seconds, Stopping threads took: 0.0000790 seconds
2017-08-02T14:22:33.343-0700: 3110.557: Total time for which application threads were stopped: 0.0001650 seconds, Stopping threads took: 0.0000410 seconds
2017-08-02T14:22:35.025-0700: 3112.240: Total time for which application threads were stopped: 0.0001920 seconds, Stopping threads took: 0.0000650 seconds
2017-08-02T14:22:35.025-0700: 3112.241: Total time for which application threads were stopped: 0.0000850 seconds, Stopping threads took: 0.0000280 seconds
2017-08-02T14:22:35.025-0700: 3112.245: Total time for which application threads were stopped: 0.0001490 seconds, Stopping threads took: 0.0000690 seconds
2017-08-02T14:22:35.025-0700: 3112.246: Total time for which application threads were stopped: 0.0000810 seconds, Stopping threads took: 0.0000240 seconds
2017-08-02T14:22:35.410-0700: 3112.625: Total time for which application threads were stopped: 0.0003700 seconds, Stopping threads took: 0.0001100 seconds
2017-08-02T14:22:36.413-0700: 3113.626: Total time for which application threads were stopped: 0.0003070 seconds, Stopping threads took: 0.0001340 seconds
2017-08-02T14:22:37.258-0700: 3114.474: Total time for which application threads were stopped: 0.0005710 seconds, Stopping threads took: 0.0001610 seconds
2017-08-02T14:22:37.258-0700: 3114.476: Total time for which application threads were stopped: 0.0009980 seconds, Stopping threads took: 0.0001150 seconds
2017-08-02T14:22:37.273-0700: 3114.494: Total time for which application threads were stopped: 0.0003570 seconds, Stopping threads took: 0.0001300 seconds
2017-08-02T14:22:37.612-0700: 3114.839: Total time for which application threads were stopped: 0.0001690 seconds, Stopping threads took: 0.0000610 seconds
2017-08-02T14:22:37.628-0700: 3114.842: Total time for which application threads were stopped: 0.0001790 seconds, Stopping threads took: 0.0000530 seconds
2017-08-02T14:22:37.628-0700: 3114.843: Total time for which application threads were stopped: 0.0002580 seconds, Stopping threads took: 0.0001800 seconds
2017-08-02T14:22:37.628-0700: 3114.843: Total time for which application threads were stopped: 0.0001430 seconds, Stopping threads took: 0.0000850 seconds
2017-08-02T14:22:37.628-0700: 3114.843: Total time for which application threads were stopped: 0.0001490 seconds, Stopping threads took: 0.0000800 seconds
2017-08-02T14:22:37.628-0700: 3114.844: Total time for which application threads were stopped: 0.0002440 seconds, Stopping threads took: 0.0001400 seconds
2017-08-02T14:22:37.650-0700: 3114.863: Total time for which application threads were stopped: 0.0010430 seconds, Stopping threads took: 0.0000550 seconds
2017-08-02T14:22:37.653-0700: 3114.866: Total time for which application threads were stopped: 0.0001830 seconds, Stopping threads took: 0.0000750 seconds
2017-08-02T14:22:37.653-0700: 3114.866: Total time for which application threads were stopped: 0.0000670 seconds, Stopping threads took: 0.0000290 seconds
2017-08-02T14:22:37.653-0700: 3114.866: Total time for which application threads were stopped: 0.0000900 seconds, Stopping threads took: 0.0000520 seconds
2017-08-02T14:22:37.654-0700: 3114.866: Total time for which application threads were stopped: 0.0000880 seconds, Stopping threads took: 0.0000450 seconds
2017-08-02T14:22:37.715-0700: 3114.939: Total time for which application threads were stopped: 0.0001510 seconds, Stopping threads took: 0.0000500 seconds
2017-08-02T14:22:37.774-0700: 3114.989: Total time for which application threads were stopped: 0.0003060 seconds, Stopping threads took: 0.0001170 seconds
2017-08-02T14:22:37.774-0700: 3114.992: Total time for which application threads were stopped: 0.0001570 seconds, Stopping threads took: 0.0000530 seconds
2017-08-02T14:22:37.774-0700: 3114.999: Total time for which application threads were stopped: 0.0011580 seconds, Stopping threads took: 0.0000620 seconds
2017-08-02T14:22:37.794-0700: 3115.007: Total time for which application threads were stopped: 0.0009820 seconds, Stopping threads took: 0.0000520 seconds
2017-08-02T14:22:37.798-0700: 3115.011: Total time for which application threads were stopped: 0.0001400 seconds, Stopping threads took: 0.0000460 seconds
2017-08-02T14:22:38.799-0700: 3116.012: Total time for which application threads were stopped: 0.0004200 seconds, Stopping threads took: 0.0001370 seconds
2017-08-02T14:22:39.592-0700: 3116.808: Total time for which application threads were stopped: 0.0005900 seconds, Stopping threads took: 0.0001570 seconds
2017-08-02T14:22:39.592-0700: 3116.810: Total time for which application threads were stopped: 0.0003640 seconds, Stopping threads took: 0.0001150 seconds
2017-08-02T14:22:39.612-0700: 3116.833: Total time for which application threads were stopped: 0.0004340 seconds, Stopping threads took: 0.0002170 seconds
2017-08-02T14:22:39.612-0700: 3116.834: Total time for which application threads were stopped: 0.0002940 seconds, Stopping threads took: 0.0001120 seconds
2017-08-02T14:22:39.612-0700: 3116.834: Total time for which application threads were stopped: 0.0002750 seconds, Stopping threads took: 0.0001100 seconds
2017-08-02T14:22:39.612-0700: 3116.835: Total time for which application threads were stopped: 0.0003400 seconds, Stopping threads took: 0.0001970 seconds
2017-08-02T14:22:39.612-0700: 3116.835: Total time for which application threads were stopped: 0.0002920 seconds, Stopping threads took: 0.0001540 seconds
2017-08-02T14:22:39.612-0700: 3116.836: Total time for which application threads were stopped: 0.0003230 seconds, Stopping threads took: 0.0001800 seconds
2017-08-02T14:22:39.612-0700: 3116.837: Total time for which application threads were stopped: 0.0003010 seconds, Stopping threads took: 0.0001660 seconds
2017-08-02T14:22:39.612-0700: 3116.838: Total time for which application threads were stopped: 0.0003370 seconds, Stopping threads took: 0.0002010 seconds
2017-08-02T14:22:39.612-0700: 3116.838: Total time for which application threads were stopped: 0.0003080 seconds, Stopping threads took: 0.0001670 seconds
2017-08-02T14:22:39.612-0700: 3116.839: Total time for which application threads were stopped: 0.0004570 seconds, Stopping threads took: 0.0002680 seconds
2017-08-02T14:22:39.612-0700: 3116.840: Total time for which application threads were stopped: 0.0006520 seconds, Stopping threads took: 0.0002300 seconds
2017-08-02T14:22:39.895-0700: 3117.114: Total time for which application threads were stopped: 0.0001800 seconds, Stopping threads took: 0.0000400 seconds
2017-08-02T14:22:39.895-0700: 3117.114: Total time for which application threads were stopped: 0.0000710 seconds, Stopping threads took: 0.0000260 seconds
2017-08-02T14:22:39.895-0700: 3117.114: Total time for which application threads were stopped: 0.0000900 seconds, Stopping threads took: 0.0000250 seconds
2017-08-02T14:22:39.895-0700: 3117.114: Total time for which application threads were stopped: 0.0001270 seconds, Stopping threads took: 0.0000260 seconds
2017-08-02T14:22:39.895-0700: 3117.115: Total time for which application threads were stopped: 0.0000780 seconds, Stopping threads took: 0.0000260 seconds
2017-08-02T14:22:39.895-0700: 3117.115: Total time for which application threads were stopped: 0.0000700 seconds, Stopping threads took: 0.0000250 seconds
2017-08-02T14:22:39.995-0700: 3117.209: Total time for which application threads were stopped: 0.0002030 seconds, Stopping threads took: 0.0000500 seconds
2017-08-02T14:22:40.997-0700: 3118.210: Total time for which application threads were stopped: 0.0003720 seconds, Stopping threads took: 0.0001430 seconds
2017-08-02T14:22:41.785-0700: 3118.998: Total time for which application threads were stopped: 0.0001230 seconds, Stopping threads took: 0.0000400 seconds
2017-08-02T14:22:41.785-0700: 3118.998: Total time for which application threads were stopped: 0.0000830 seconds, Stopping threads took: 0.0000200 seconds
2017-08-02T14:22:41.948-0700: 3119.171: Total time for which application threads were stopped: 0.0003280 seconds, Stopping threads took: 0.0001040 seconds
2017-08-02T14:22:42.009-0700: 3119.224: Total time for which application threads were stopped: 0.0003750 seconds, Stopping threads took: 0.0001090 seconds
2017-08-02T14:22:43.695-0700: 3120.917: Total time for which application threads were stopped: 0.0005330 seconds, Stopping threads took: 0.0002710 seconds
2017-08-02T14:22:44.705-0700: 3121.918: Total time for which application threads were stopped: 0.0001280 seconds, Stopping threads took: 0.0000470 seconds
2017-08-02T14:24:50.749-0700: 3247.962: Total time for which application threads were stopped: 0.0003240 seconds, Stopping threads took: 0.0001410 seconds
2017-08-02T14:29:02.361-0700: 3499.587: Total time for which application threads were stopped: 0.0003860 seconds, Stopping threads took: 0.0000840 seconds
2017-08-02T14:29:02.361-0700: 3499.589: Total time for which application threads were stopped: 0.0001710 seconds, Stopping threads took: 0.0000540 seconds
2017-08-02T14:29:02.376-0700: 3499.590: Total time for which application threads were stopped: 0.0002520 seconds, Stopping threads took: 0.0001180 seconds
2017-08-02T14:29:02.376-0700: 3499.590: Total time for which application threads were stopped: 0.0001320 seconds, Stopping threads took: 0.0000480 seconds
2017-08-02T14:29:02.376-0700: 3499.591: Total time for which application threads were stopped: 0.0004610 seconds, Stopping threads took: 0.0000630 seconds
2017-08-02T14:29:02.376-0700: 3499.595: Total time for which application threads were stopped: 0.0001800 seconds, Stopping threads took: 0.0000650 seconds
2017-08-02T14:29:02.376-0700: 3499.597: Total time for which application threads were stopped: 0.0002290 seconds, Stopping threads took: 0.0000650 seconds
2017-08-02T14:29:03.384-0700: 3500.598: Total time for which application threads were stopped: 0.0003210 seconds, Stopping threads took: 0.0001300 seconds
2017-08-02T14:29:15.389-0700: 3512.602: Total time for which application threads were stopped: 0.0001660 seconds, Stopping threads took: 0.0000680 seconds
{Heap before GC invocations=43 (full 2):
 par new generation   total 109248K, used 100984K [0x00000000e0000000, 0x00000000e8000000, 0x00000000e8000000)
  eden space 87424K,  99% used [0x00000000e0000000, 0x00000000e555e350, 0x00000000e5560000)
  from space 21824K,  62% used [0x00000000e6ab0000, 0x00000000e77efe90, 0x00000000e8000000)
  to   space 21824K,   0% used [0x00000000e5560000, 0x00000000e5560000, 0x00000000e6ab0000)
 concurrent mark-sweep generation total 393216K, used 33260K [0x00000000e8000000, 0x0000000100000000, 0x0000000100000000)
 Metaspace       used 57871K, capacity 59056K, committed 59184K, reserved 1101824K
  class space    used 6447K, capacity 6874K, committed 6960K, reserved 1048576K
2017-08-02T14:29:19.661-0700: 3516.883: [GC (Allocation Failure) 2017-08-02T14:29:19.661-0700: 3516.883: [ParNew
Desired survivor size 20112992 bytes, new threshold 8 (max 8)
- age   1:    2029824 bytes,    2029824 total
- age   2:    2293744 bytes,    4323568 total
- age   3:     146680 bytes,    4470248 total
- age   4:     108456 bytes,    4578704 total
- age   5:    2037912 bytes,    6616616 total
- age   6:        200 bytes,    6616816 total
- age   7:     188352 bytes,    6805168 total
- age   8:    1796688 bytes,    8601856 total
: 100984K->11534K(109248K), 0.0393020 secs] 134245K->44796K(502464K), 0.0395420 secs] [Times: user=0.12 sys=0.00, real=0.04 secs] 
Heap after GC invocations=44 (full 2):
 par new generation   total 109248K, used 11534K [0x00000000e0000000, 0x00000000e8000000, 0x00000000e8000000)
  eden space 87424K,   0% used [0x00000000e0000000, 0x00000000e0000000, 0x00000000e5560000)
  from space 21824K,  52% used [0x00000000e5560000, 0x00000000e60a3ac8, 0x00000000e6ab0000)
  to   space 21824K,   0% used [0x00000000e6ab0000, 0x00000000e6ab0000, 0x00000000e8000000)
 concurrent mark-sweep generation total 393216K, used 33262K [0x00000000e8000000, 0x0000000100000000, 0x0000000100000000)
 Metaspace       used 57871K, capacity 59056K, committed 59184K, reserved 1101824K
  class space    used 6447K, capacity 6874K, committed 6960K, reserved 1048576K
}
2017-08-02T14:29:19.706-0700: 3516.923: Total time for which application threads were stopped: 0.0402320 seconds, Stopping threads took: 0.0001050 seconds
2017-08-02T14:29:19.706-0700: 3516.925: Total time for which application threads were stopped: 0.0005420 seconds, Stopping threads took: 0.0002320 seconds
{Heap before GC invocations=44 (full 2):
 par new generation   total 109248K, used 98958K [0x00000000e0000000, 0x00000000e8000000, 0x00000000e8000000)
  eden space 87424K, 100% used [0x00000000e0000000, 0x00000000e5560000, 0x00000000e5560000)
  from space 21824K,  52% used [0x00000000e5560000, 0x00000000e60a3ac8, 0x00000000e6ab0000)
  to   space 21824K,   0% used [0x00000000e6ab0000, 0x00000000e6ab0000, 0x00000000e8000000)
 concurrent mark-sweep generation total 393216K, used 33262K [0x00000000e8000000, 0x0000000100000000, 0x0000000100000000)
 Metaspace       used 57878K, capacity 59056K, committed 59184K, reserved 1101824K
  class space    used 6447K, capacity 6874K, committed 6960K, reserved 1048576K
2017-08-02T14:29:19.803-0700: 3517.025: [GC (Allocation Failure) 2017-08-02T14:29:19.803-0700: 3517.025: [ParNew
Desired survivor size 20112992 bytes, new threshold 8 (max 8)
- age   1:     716384 bytes,     716384 total
- age   2:    1538944 bytes,    2255328 total
- age   3:    2119320 bytes,    4374648 total
- age   4:     146680 bytes,    4521328 total
- age   5:     108456 bytes,    4629784 total
- age   6:    2037912 bytes,    6667696 total
- age   7:        200 bytes,    6667896 total
- age   8:     186832 bytes,    6854728 total
: 98958K->8863K(109248K), 0.0481950 secs] 132220K->43922K(502464K), 0.0483910 secs] [Times: user=0.18 sys=0.00, real=0.05 secs] 
Heap after GC invocations=45 (full 2):
 par new generation   total 109248K, used 8863K [0x00000000e0000000, 0x00000000e8000000, 0x00000000e8000000)
  eden space 87424K,   0% used [0x00000000e0000000, 0x00000000e0000000, 0x00000000e5560000)
  from space 21824K,  40% used [0x00000000e6ab0000, 0x00000000e7357e00, 0x00000000e8000000)
  to   space 21824K,   0% used [0x00000000e5560000, 0x00000000e5560000, 0x00000000e6ab0000)
 concurrent mark-sweep generation total 393216K, used 35058K [0x00000000e8000000, 0x0000000100000000, 0x0000000100000000)
 Metaspace       used 57878K, capacity 59056K, committed 59184K, reserved 1101824K
  class space    used 6447K, capacity 6874K, committed 6960K, reserved 1048576K
}
2017-08-02T14:29:19.853-0700: 3517.073: Total time for which application threads were stopped: 0.0491780 seconds, Stopping threads took: 0.0001170 seconds
{Heap before GC invocations=45 (full 2):
 par new generation   total 109248K, used 96281K [0x00000000e0000000, 0x00000000e8000000, 0x00000000e8000000)
  eden space 87424K,  99% used [0x00000000e0000000, 0x00000000e555e980, 0x00000000e5560000)
  from space 21824K,  40% used [0x00000000e6ab0000, 0x00000000e7357e00, 0x00000000e8000000)
  to   space 21824K,   0% used [0x00000000e5560000, 0x00000000e5560000, 0x00000000e6ab0000)
 concurrent mark-sweep generation total 393216K, used 35058K [0x00000000e8000000, 0x0000000100000000, 0x0000000100000000)
 Metaspace       used 57878K, capacity 59056K, committed 59184K, reserved 1101824K
  class space    used 6447K, capacity 6874K, committed 6960K, reserved 1048576K
2017-08-02T14:29:20.005-0700: 3517.230: [GC (Allocation Failure) 2017-08-02T14:29:20.005-0700: 3517.230: [ParNew
Desired survivor size 20112992 bytes, new threshold 8 (max 8)
- age   1:     264944 bytes,     264944 total
- age   2:     715056 bytes,     980000 total
- age   3:    1529200 bytes,    2509200 total
- age   4:    2119320 bytes,    4628520 total
- age   5:     146680 bytes,    4775200 total
- age   6:     108456 bytes,    4883656 total
- age   7:    2037912 bytes,    6921568 total
- age   8:        200 bytes,    6921768 total
: 96281K->8140K(109248K), 0.0344080 secs] 131340K->43383K(502464K), 0.0345780 secs] [Times: user=0.19 sys=0.00, real=0.03 secs] 
Heap after GC invocations=46 (full 2):
 par new generation   total 109248K, used 8140K [0x00000000e0000000, 0x00000000e8000000, 0x00000000e8000000)
  eden space 87424K,   0% used [0x00000000e0000000, 0x00000000e0000000, 0x00000000e5560000)
  from space 21824K,  37% used [0x00000000e5560000, 0x00000000e5d533f8, 0x00000000e6ab0000)
  to   space 21824K,   0% used [0x00000000e6ab0000, 0x00000000e6ab0000, 0x00000000e8000000)
 concurrent mark-sweep generation total 393216K, used 35242K [0x00000000e8000000, 0x0000000100000000, 0x0000000100000000)
 Metaspace       used 57878K, capacity 59056K, committed 59184K, reserved 1101824K
  class space    used 6447K, capacity 6874K, committed 6960K, reserved 1048576K
}
2017-08-02T14:29:20.052-0700: 3517.265: Total time for which application threads were stopped: 0.0352840 seconds, Stopping threads took: 0.0001370 seconds
2017-08-02T14:29:20.308-0700: 3517.521: Total time for which application threads were stopped: 0.0005090 seconds, Stopping threads took: 0.0002130 seconds
2017-08-02T14:29:20.458-0700: 3517.671: Total time for which application threads were stopped: 0.0006180 seconds, Stopping threads took: 0.0002190 seconds
2017-08-02T14:29:20.458-0700: 3517.673: Total time for which application threads were stopped: 0.0003560 seconds, Stopping threads took: 0.0001200 seconds
2017-08-02T14:29:20.965-0700: 3518.192: Total time for which application threads were stopped: 0.0003740 seconds, Stopping threads took: 0.0001040 seconds
2017-08-02T14:29:21.050-0700: 3518.272: Total time for which application threads were stopped: 0.0005070 seconds, Stopping threads took: 0.0002550 seconds
2017-08-02T14:29:21.050-0700: 3518.272: Total time for which application threads were stopped: 0.0003840 seconds, Stopping threads took: 0.0001180 seconds
2017-08-02T14:29:21.050-0700: 3518.273: Total time for which application threads were stopped: 0.0003010 seconds, Stopping threads took: 0.0001010 seconds
2017-08-02T14:29:21.066-0700: 3518.287: Total time for which application threads were stopped: 0.0003480 seconds, Stopping threads took: 0.0001250 seconds
2017-08-02T14:29:22.075-0700: 3519.288: Total time for which application threads were stopped: 0.0003270 seconds, Stopping threads took: 0.0001370 seconds
2017-08-02T14:30:15.095-0700: 3572.308: Total time for which application threads were stopped: 0.0004190 seconds, Stopping threads took: 0.0001620 seconds
2017-08-02T14:30:21.981-0700: 3579.209: Total time for which application threads were stopped: 0.0003850 seconds, Stopping threads took: 0.0001210 seconds
2017-08-02T14:30:21.997-0700: 3579.214: Total time for which application threads were stopped: 0.0002500 seconds, Stopping threads took: 0.0001080 seconds
2017-08-02T14:30:23.001-0700: 3580.214: Total time for which application threads were stopped: 0.0002840 seconds, Stopping threads took: 0.0001170 seconds
2017-08-02T14:30:26.481-0700: 3583.693: Total time for which application threads were stopped: 0.0004920 seconds, Stopping threads took: 0.0001510 seconds
2017-08-02T14:30:26.482-0700: 3583.695: Total time for which application threads were stopped: 0.0004900 seconds, Stopping threads took: 0.0001220 seconds
2017-08-02T14:30:26.483-0700: 3583.696: Total time for which application threads were stopped: 0.0003290 seconds, Stopping threads took: 0.0001040 seconds
2017-08-02T14:30:26.484-0700: 3583.697: Total time for which application threads were stopped: 0.0003960 seconds, Stopping threads took: 0.0001450 seconds
2017-08-02T14:30:26.493-0700: 3583.708: Total time for which application threads were stopped: 0.0004840 seconds, Stopping threads took: 0.0002590 seconds
2017-08-02T14:30:26.493-0700: 3583.711: Total time for which application threads were stopped: 0.0004650 seconds, Stopping threads took: 0.0002420 seconds
{Heap before GC invocations=46 (full 2):
 par new generation   total 109248K, used 95564K [0x00000000e0000000, 0x00000000e8000000, 0x00000000e8000000)
  eden space 87424K, 100% used [0x00000000e0000000, 0x00000000e5560000, 0x00000000e5560000)
  from space 21824K,  37% used [0x00000000e5560000, 0x00000000e5d533f8, 0x00000000e6ab0000)
  to   space 21824K,   0% used [0x00000000e6ab0000, 0x00000000e6ab0000, 0x00000000e8000000)
 concurrent mark-sweep generation total 393216K, used 35242K [0x00000000e8000000, 0x0000000100000000, 0x0000000100000000)
 Metaspace       used 59441K, capacity 60750K, committed 60848K, reserved 1103872K
  class space    used 6613K, capacity 7061K, committed 7088K, reserved 1048576K
2017-08-02T14:30:33.835-0700: 3591.056: [GC (Allocation Failure) 2017-08-02T14:30:33.835-0700: 3591.056: [ParNew
Desired survivor size 20112992 bytes, new threshold 8 (max 8)
- age   1:    4878296 bytes,    4878296 total
- age   2:      93576 bytes,    4971872 total
- age   3:     104728 bytes,    5076600 total
- age   4:    1026560 bytes,    6103160 total
- age   5:    2109640 bytes,    8212800 total
- age   6:     146680 bytes,    8359480 total
- age   7:     108456 bytes,    8467936 total
- age   8:    2037912 bytes,   10505848 total
: 95564K->13442K(109248K), 0.0166880 secs] 130807K->48685K(502464K), 0.0168240 secs] [Times: user=0.08 sys=0.00, real=0.02 secs] 
Heap after GC invocations=47 (full 2):
 par new generation   total 109248K, used 13442K [0x00000000e0000000, 0x00000000e8000000, 0x00000000e8000000)
  eden space 87424K,   0% used [0x00000000e0000000, 0x00000000e0000000, 0x00000000e5560000)
  from space 21824K,  61% used [0x00000000e6ab0000, 0x00000000e77d0840, 0x00000000e8000000)
  to   space 21824K,   0% used [0x00000000e5560000, 0x00000000e5560000, 0x00000000e6ab0000)
 concurrent mark-sweep generation total 393216K, used 35243K [0x00000000e8000000, 0x0000000100000000, 0x0000000100000000)
 Metaspace       used 59441K, capacity 60750K, committed 60848K, reserved 1103872K
  class space    used 6613K, capacity 7061K, committed 7088K, reserved 1048576K
}
2017-08-02T14:30:33.860-0700: 3591.073: Total time for which application threads were stopped: 0.0172500 seconds, Stopping threads took: 0.0000870 seconds
2017-08-02T14:30:33.861-0700: 3591.074: Total time for which application threads were stopped: 0.0002870 seconds, Stopping threads took: 0.0001210 seconds
2017-08-02T14:30:33.862-0700: 3591.075: Total time for which application threads were stopped: 0.0002890 seconds, Stopping threads took: 0.0001050 seconds
{Heap before GC invocations=47 (full 2):
 par new generation   total 109248K, used 100866K [0x00000000e0000000, 0x00000000e8000000, 0x00000000e8000000)
  eden space 87424K, 100% used [0x00000000e0000000, 0x00000000e5560000, 0x00000000e5560000)
  from space 21824K,  61% used [0x00000000e6ab0000, 0x00000000e77d0840, 0x00000000e8000000)
  to   space 21824K,   0% used [0x00000000e5560000, 0x00000000e5560000, 0x00000000e6ab0000)
 concurrent mark-sweep generation total 393216K, used 35243K [0x00000000e8000000, 0x0000000100000000, 0x0000000100000000)
 Metaspace       used 59442K, capacity 60750K, committed 60848K, reserved 1103872K
  class space    used 6613K, capacity 7061K, committed 7088K, reserved 1048576K
2017-08-02T14:30:33.901-0700: 3591.115: [GC (Allocation Failure) 2017-08-02T14:30:33.901-0700: 3591.115: [ParNew
Desired survivor size 20112992 bytes, new threshold 8 (max 8)
- age   1:     733248 bytes,     733248 total
- age   2:    3160464 bytes,    3893712 total
- age   3:      93576 bytes,    3987288 total
- age   4:     104728 bytes,    4092016 total
- age   5:     551664 bytes,    4643680 total
- age   6:    1801144 bytes,    6444824 total
- age   7:        944 bytes,    6445768 total
- age   8:       4800 bytes,    6450568 total
: 100866K->10681K(109248K), 0.0312370 secs] 136109K->47920K(502464K), 0.0313320 secs] [Times: user=0.13 sys=0.00, real=0.03 secs] 
Heap after GC invocations=48 (full 2):
 par new generation   total 109248K, used 10681K [0x00000000e0000000, 0x00000000e8000000, 0x00000000e8000000)
  eden space 87424K,   0% used [0x00000000e0000000, 0x00000000e0000000, 0x00000000e5560000)
  from space 21824K,  48% used [0x00000000e5560000, 0x00000000e5fce740, 0x00000000e6ab0000)
  to   space 21824K,   0% used [0x00000000e6ab0000, 0x00000000e6ab0000, 0x00000000e8000000)
 concurrent mark-sweep generation total 393216K, used 37238K [0x00000000e8000000, 0x0000000100000000, 0x0000000100000000)
 Metaspace       used 59442K, capacity 60750K, committed 60848K, reserved 1103872K
  class space    used 6613K, capacity 7061K, committed 7088K, reserved 1048576K
}
2017-08-02T14:30:33.921-0700: 3591.147: Total time for which application threads were stopped: 0.0316280 seconds, Stopping threads took: 0.0000610 seconds
{Heap before GC invocations=48 (full 2):
 par new generation   total 109248K, used 98099K [0x00000000e0000000, 0x00000000e8000000, 0x00000000e8000000)
  eden space 87424K,  99% used [0x00000000e0000000, 0x00000000e555e668, 0x00000000e5560000)
  from space 21824K,  48% used [0x00000000e5560000, 0x00000000e5fce740, 0x00000000e6ab0000)
  to   space 21824K,   0% used [0x00000000e6ab0000, 0x00000000e6ab0000, 0x00000000e8000000)
 concurrent mark-sweep generation total 393216K, used 37238K [0x00000000e8000000, 0x0000000100000000, 0x0000000100000000)
 Metaspace       used 59445K, capacity 60754K, committed 60848K, reserved 1103872K
  class space    used 6613K, capacity 7061K, committed 7088K, reserved 1048576K
2017-08-02T14:30:34.078-0700: 3591.291: [GC (Allocation Failure) 2017-08-02T14:30:34.078-0700: 3591.291: [ParNew
Desired survivor size 20112992 bytes, new threshold 8 (max 8)
- age   1:     618240 bytes,     618240 total
- age   2:     121848 bytes,     740088 total
- age   3:    2976752 bytes,    3716840 total
- age   4:      93576 bytes,    3810416 total
- age   5:     104728 bytes,    3915144 total
- age   6:     551664 bytes,    4466808 total
- age   7:    1801080 bytes,    6267888 total
- age   8:        944 bytes,    6268832 total
: 98099K->7275K(109248K), 0.0127330 secs] 135338K->44518K(502464K), 0.0128170 secs] [Times: user=0.00 sys=0.00, real=0.01 secs] 
Heap after GC invocations=49 (full 2):
 par new generation   total 109248K, used 7275K [0x00000000e0000000, 0x00000000e8000000, 0x00000000e8000000)
  eden space 87424K,   0% used [0x00000000e0000000, 0x00000000e0000000, 0x00000000e5560000)
  from space 21824K,  33% used [0x00000000e6ab0000, 0x00000000e71caca0, 0x00000000e8000000)
  to   space 21824K,   0% used [0x00000000e5560000, 0x00000000e5560000, 0x00000000e6ab0000)
 concurrent mark-sweep generation total 393216K, used 37243K [0x00000000e8000000, 0x0000000100000000, 0x0000000100000000)
 Metaspace       used 59445K, capacity 60754K, committed 60848K, reserved 1103872K
  class space    used 6613K, capacity 7061K, committed 7088K, reserved 1048576K
}
2017-08-02T14:30:34.079-0700: 3591.304: Total time for which application threads were stopped: 0.0131550 seconds, Stopping threads took: 0.0001010 seconds
2017-08-02T14:30:34.094-0700: 3591.313: Total time for which application threads were stopped: 0.0002440 seconds, Stopping threads took: 0.0000700 seconds
2017-08-02T14:30:34.180-0700: 3591.401: Total time for which application threads were stopped: 0.0005200 seconds, Stopping threads took: 0.0001800 seconds
2017-08-02T14:30:34.180-0700: 3591.402: Total time for which application threads were stopped: 0.0002650 seconds, Stopping threads took: 0.0000870 seconds
2017-08-02T14:30:34.180-0700: 3591.403: Total time for which application threads were stopped: 0.0001930 seconds, Stopping threads took: 0.0000650 seconds
2017-08-02T14:30:34.180-0700: 3591.403: Total time for which application threads were stopped: 0.0001840 seconds, Stopping threads took: 0.0000600 seconds
2017-08-02T14:30:34.180-0700: 3591.404: Total time for which application threads were stopped: 0.0002900 seconds, Stopping threads took: 0.0000950 seconds
2017-08-02T14:30:34.180-0700: 3591.404: Total time for which application threads were stopped: 0.0002030 seconds, Stopping threads took: 0.0000700 seconds
2017-08-02T14:30:34.180-0700: 3591.404: Total time for which application threads were stopped: 0.0001840 seconds, Stopping threads took: 0.0000620 seconds
2017-08-02T14:30:34.180-0700: 3591.405: Total time for which application threads were stopped: 0.0002870 seconds, Stopping threads took: 0.0000950 seconds
2017-08-02T14:30:34.180-0700: 3591.405: Total time for which application threads were stopped: 0.0001980 seconds, Stopping threads took: 0.0000670 seconds
2017-08-02T14:30:34.180-0700: 3591.406: Total time for which application threads were stopped: 0.0001830 seconds, Stopping threads took: 0.0000610 seconds
2017-08-02T14:30:34.180-0700: 3591.406: Total time for which application threads were stopped: 0.0002740 seconds, Stopping threads took: 0.0000940 seconds
2017-08-02T14:30:34.180-0700: 3591.407: Total time for which application threads were stopped: 0.0001960 seconds, Stopping threads took: 0.0000660 seconds
2017-08-02T14:30:34.180-0700: 3591.407: Total time for which application threads were stopped: 0.0001800 seconds, Stopping threads took: 0.0000600 seconds
2017-08-02T14:30:35.072-0700: 3592.288: Total time for which application threads were stopped: 0.0004470 seconds, Stopping threads took: 0.0000990 seconds
2017-08-02T14:30:35.072-0700: 3592.289: Total time for which application threads were stopped: 0.0002380 seconds, Stopping threads took: 0.0000820 seconds
2017-08-02T14:30:35.142-0700: 3592.362: Total time for which application threads were stopped: 0.0004810 seconds, Stopping threads took: 0.0002600 seconds
2017-08-02T14:30:35.142-0700: 3592.363: Total time for which application threads were stopped: 0.0003860 seconds, Stopping threads took: 0.0002200 seconds
2017-08-02T14:30:35.142-0700: 3592.365: Total time for which application threads were stopped: 0.0002950 seconds, Stopping threads took: 0.0001310 seconds
2017-08-02T14:30:35.142-0700: 3592.366: Total time for which application threads were stopped: 0.0002110 seconds, Stopping threads took: 0.0000770 seconds
2017-08-02T14:30:35.142-0700: 3592.367: Total time for which application threads were stopped: 0.0002010 seconds, Stopping threads took: 0.0000730 seconds
2017-08-02T14:30:35.157-0700: 3592.380: Total time for which application threads were stopped: 0.0003030 seconds, Stopping threads took: 0.0001140 seconds
2017-08-02T14:30:35.241-0700: 3592.454: Total time for which application threads were stopped: 0.0024950 seconds, Stopping threads took: 0.0001090 seconds
2017-08-02T14:30:35.242-0700: 3592.460: Total time for which application threads were stopped: 0.0021100 seconds, Stopping threads took: 0.0000890 seconds
2017-08-02T14:30:35.242-0700: 3592.462: Total time for which application threads were stopped: 0.0003940 seconds, Stopping threads took: 0.0001000 seconds
2017-08-02T14:30:35.242-0700: 3592.463: Total time for which application threads were stopped: 0.0002600 seconds, Stopping threads took: 0.0000860 seconds
2017-08-02T14:30:35.242-0700: 3592.463: Total time for which application threads were stopped: 0.0002570 seconds, Stopping threads took: 0.0000800 seconds
2017-08-02T14:30:35.242-0700: 3592.465: Total time for which application threads were stopped: 0.0002540 seconds, Stopping threads took: 0.0000800 seconds
2017-08-02T14:30:35.242-0700: 3592.467: Total time for which application threads were stopped: 0.0002720 seconds, Stopping threads took: 0.0000900 seconds
2017-08-02T14:30:35.281-0700: 3592.494: Total time for which application threads were stopped: 0.0005460 seconds, Stopping threads took: 0.0002710 seconds
2017-08-02T14:30:35.282-0700: 3592.495: Total time for which application threads were stopped: 0.0003420 seconds, Stopping threads took: 0.0001530 seconds
2017-08-02T14:30:35.510-0700: 3592.726: Total time for which application threads were stopped: 0.0004770 seconds, Stopping threads took: 0.0001560 seconds
2017-08-02T14:30:35.510-0700: 3592.727: Total time for which application threads were stopped: 0.0004330 seconds, Stopping threads took: 0.0002010 seconds
2017-08-02T14:30:35.510-0700: 3592.728: Total time for which application threads were stopped: 0.0004040 seconds, Stopping threads took: 0.0001860 seconds
2017-08-02T14:30:35.531-0700: 3592.744: Total time for which application threads were stopped: 0.0004020 seconds, Stopping threads took: 0.0001110 seconds
2017-08-02T14:30:35.532-0700: 3592.744: Total time for which application threads were stopped: 0.0002870 seconds, Stopping threads took: 0.0000940 seconds
2017-08-02T14:30:35.532-0700: 3592.745: Total time for which application threads were stopped: 0.0002240 seconds, Stopping threads took: 0.0000750 seconds
2017-08-02T14:30:35.532-0700: 3592.745: Total time for which application threads were stopped: 0.0002000 seconds, Stopping threads took: 0.0000670 seconds
2017-08-02T14:30:35.533-0700: 3592.746: Total time for which application threads were stopped: 0.0002110 seconds, Stopping threads took: 0.0000700 seconds
2017-08-02T14:30:35.533-0700: 3592.746: Total time for which application threads were stopped: 0.0002230 seconds, Stopping threads took: 0.0000850 seconds
2017-08-02T14:30:35.938-0700: 3593.151: Total time for which application threads were stopped: 0.0003620 seconds, Stopping threads took: 0.0000990 seconds
2017-08-02T14:30:35.940-0700: 3593.153: Total time for which application threads were stopped: 0.0002400 seconds, Stopping threads took: 0.0000820 seconds
2017-08-02T14:30:35.940-0700: 3593.153: Total time for which application threads were stopped: 0.0002330 seconds, Stopping threads took: 0.0000800 seconds
2017-08-02T14:30:35.941-0700: 3593.154: Total time for which application threads were stopped: 0.0002450 seconds, Stopping threads took: 0.0000840 seconds
2017-08-02T14:30:35.942-0700: 3593.155: Total time for which application threads were stopped: 0.0002590 seconds, Stopping threads took: 0.0000820 seconds
2017-08-02T14:30:36.942-0700: 3594.155: Total time for which application threads were stopped: 0.0002930 seconds, Stopping threads took: 0.0001130 seconds
2017-08-02T14:31:25.959-0700: 3643.172: Total time for which application threads were stopped: 0.0003570 seconds, Stopping threads took: 0.0001330 seconds
2017-08-02T14:31:44.965-0700: 3662.178: Total time for which application threads were stopped: 0.0003810 seconds, Stopping threads took: 0.0001560 seconds
2017-08-02T14:32:13.978-0700: 3691.191: Total time for which application threads were stopped: 0.0003190 seconds, Stopping threads took: 0.0001320 seconds
2017-08-02T14:32:23.919-0700: 3701.132: Total time for which application threads were stopped: 0.0001590 seconds, Stopping threads took: 0.0000540 seconds
2017-08-02T14:32:23.919-0700: 3701.132: Total time for which application threads were stopped: 0.0000730 seconds, Stopping threads took: 0.0000220 seconds
2017-08-02T14:32:24.839-0700: 3702.052: Total time for which application threads were stopped: 0.0003900 seconds, Stopping threads took: 0.0001260 seconds
2017-08-02T14:32:24.839-0700: 3702.053: Total time for which application threads were stopped: 0.0003870 seconds, Stopping threads took: 0.0001070 seconds
2017-08-02T14:32:24.839-0700: 3702.054: Total time for which application threads were stopped: 0.0003830 seconds, Stopping threads took: 0.0001090 seconds
2017-08-02T14:32:24.839-0700: 3702.055: Total time for which application threads were stopped: 0.0003920 seconds, Stopping threads took: 0.0001110 seconds
2017-08-02T14:32:24.839-0700: 3702.056: Total time for which application threads were stopped: 0.0003580 seconds, Stopping threads took: 0.0001010 seconds
2017-08-02T14:32:24.839-0700: 3702.067: Total time for which application threads were stopped: 0.0004920 seconds, Stopping threads took: 0.0001590 seconds
2017-08-02T14:32:24.855-0700: 3702.070: Total time for which application threads were stopped: 0.0006350 seconds, Stopping threads took: 0.0002390 seconds
{Heap before GC invocations=49 (full 2):
 par new generation   total 109248K, used 94699K [0x00000000e0000000, 0x00000000e8000000, 0x00000000e8000000)
  eden space 87424K, 100% used [0x00000000e0000000, 0x00000000e5560000, 0x00000000e5560000)
  from space 21824K,  33% used [0x00000000e6ab0000, 0x00000000e71caca0, 0x00000000e8000000)
  to   space 21824K,   0% used [0x00000000e5560000, 0x00000000e5560000, 0x00000000e6ab0000)
 concurrent mark-sweep generation total 393216K, used 37243K [0x00000000e8000000, 0x0000000100000000, 0x0000000100000000)
 Metaspace       used 60956K, capacity 62334K, committed 62640K, reserved 1103872K
  class space    used 6773K, capacity 7229K, committed 7344K, reserved 1048576K
2017-08-02T14:32:34.709-0700: 3711.930: [GC (Allocation Failure) 2017-08-02T14:32:34.709-0700: 3711.930: [ParNew
Desired survivor size 20112992 bytes, new threshold 8 (max 8)
- age   1:    5836984 bytes,    5836984 total
- age   2:     143600 bytes,    5980584 total
- age   3:     120632 bytes,    6101216 total
- age   4:    2674320 bytes,    8775536 total
- age   5:      93576 bytes,    8869112 total
- age   6:     104728 bytes,    8973840 total
- age   7:     472256 bytes,    9446096 total
- age   8:    1761568 bytes,   11207664 total
: 94699K->14627K(109248K), 0.0382710 secs] 131942K->51871K(502464K), 0.0384530 secs] [Times: user=0.13 sys=0.00, real=0.03 secs] 
Heap after GC invocations=50 (full 2):
 par new generation   total 109248K, used 14627K [0x00000000e0000000, 0x00000000e8000000, 0x00000000e8000000)
  eden space 87424K,   0% used [0x00000000e0000000, 0x00000000e0000000, 0x00000000e5560000)
  from space 21824K,  67% used [0x00000000e5560000, 0x00000000e63a8ca8, 0x00000000e6ab0000)
  to   space 21824K,   0% used [0x00000000e6ab0000, 0x00000000e6ab0000, 0x00000000e8000000)
 concurrent mark-sweep generation total 393216K, used 37244K [0x00000000e8000000, 0x0000000100000000, 0x0000000100000000)
 Metaspace       used 60956K, capacity 62334K, committed 62640K, reserved 1103872K
  class space    used 6773K, capacity 7229K, committed 7344K, reserved 1048576K
}
2017-08-02T14:32:34.744-0700: 3711.968: Total time for which application threads were stopped: 0.0391690 seconds, Stopping threads took: 0.0001050 seconds
2017-08-02T14:32:34.744-0700: 3711.969: Total time for which application threads were stopped: 0.0003900 seconds, Stopping threads took: 0.0002050 seconds
2017-08-02T14:32:34.744-0700: 3711.970: Total time for which application threads were stopped: 0.0005350 seconds, Stopping threads took: 0.0001670 seconds
{Heap before GC invocations=50 (full 2):
 par new generation   total 109248K, used 102051K [0x00000000e0000000, 0x00000000e8000000, 0x00000000e8000000)
  eden space 87424K, 100% used [0x00000000e0000000, 0x00000000e5560000, 0x00000000e5560000)
  from space 21824K,  67% used [0x00000000e5560000, 0x00000000e63a8ca8, 0x00000000e6ab0000)
  to   space 21824K,   0% used [0x00000000e6ab0000, 0x00000000e6ab0000, 0x00000000e8000000)
 concurrent mark-sweep generation total 393216K, used 37244K [0x00000000e8000000, 0x0000000100000000, 0x0000000100000000)
 Metaspace       used 61009K, capacity 62418K, committed 62640K, reserved 1103872K
  class space    used 6781K, capacity 7243K, committed 7344K, reserved 1048576K
2017-08-02T14:32:34.815-0700: 3712.042: [GC (Allocation Failure) 2017-08-02T14:32:34.815-0700: 3712.042: [ParNew
Desired survivor size 20112992 bytes, new threshold 8 (max 8)
- age   1:     374720 bytes,     374720 total
- age   2:    4158424 bytes,    4533144 total
- age   3:     143600 bytes,    4676744 total
- age   4:     120632 bytes,    4797376 total
- age   5:    2024040 bytes,    6821416 total
- age   6:        200 bytes,    6821616 total
- age   7:       3208 bytes,    6824824 total
- age   8:     429024 bytes,    7253848 total
: 102051K->9509K(109248K), 0.0483610 secs] 139295K->48516K(502464K), 0.0486440 secs] [Times: user=0.17 sys=0.02, real=0.05 secs] 
Heap after GC invocations=51 (full 2):
 par new generation   total 109248K, used 9509K [0x00000000e0000000, 0x00000000e8000000, 0x00000000e8000000)
  eden space 87424K,   0% used [0x00000000e0000000, 0x00000000e0000000, 0x00000000e5560000)
  from space 21824K,  43% used [0x00000000e6ab0000, 0x00000000e73f96a8, 0x00000000e8000000)
  to   space 21824K,   0% used [0x00000000e5560000, 0x00000000e5560000, 0x00000000e6ab0000)
 concurrent mark-sweep generation total 393216K, used 39007K [0x00000000e8000000, 0x0000000100000000, 0x0000000100000000)
 Metaspace       used 61009K, capacity 62418K, committed 62640K, reserved 1103872K
  class space    used 6781K, capacity 7243K, committed 7344K, reserved 1048576K
}
2017-08-02T14:32:34.876-0700: 3712.090: Total time for which application threads were stopped: 0.0493180 seconds, Stopping threads took: 0.0001130 seconds
2017-08-02T14:32:35.304-0700: 3712.517: Total time for which application threads were stopped: 0.0007280 seconds, Stopping threads took: 0.0002490 seconds
{Heap before GC invocations=51 (full 2):
 par new generation   total 109248K, used 96933K [0x00000000e0000000, 0x00000000e8000000, 0x00000000e8000000)
  eden space 87424K, 100% used [0x00000000e0000000, 0x00000000e5560000, 0x00000000e5560000)
  from space 21824K,  43% used [0x00000000e6ab0000, 0x00000000e73f96a8, 0x00000000e8000000)
  to   space 21824K,   0% used [0x00000000e5560000, 0x00000000e5560000, 0x00000000e6ab0000)
 concurrent mark-sweep generation total 393216K, used 39007K [0x00000000e8000000, 0x0000000100000000, 0x0000000100000000)
 Metaspace       used 61062K, capacity 62478K, committed 62640K, reserved 1103872K
  class space    used 6786K, capacity 7253K, committed 7344K, reserved 1048576K
2017-08-02T14:32:35.381-0700: 3712.609: [GC (Allocation Failure) 2017-08-02T14:32:35.381-0700: 3712.609: [ParNew
Desired survivor size 20112992 bytes, new threshold 8 (max 8)
- age   1:     936528 bytes,     936528 total
- age   2:      83480 bytes,    1020008 total
- age   3:    3575576 bytes,    4595584 total
- age   4:     143600 bytes,    4739184 total
- age   5:     120632 bytes,    4859816 total
- age   6:    2024040 bytes,    6883856 total
- age   7:        200 bytes,    6884056 total
- age   8:       3208 bytes,    6887264 total
: 96933K->9033K(109248K), 0.0380070 secs] 135940K->48461K(502464K), 0.0381800 secs] [Times: user=0.09 sys=0.00, real=0.03 secs] 
Heap after GC invocations=52 (full 2):
 par new generation   total 109248K, used 9033K [0x00000000e0000000, 0x00000000e8000000, 0x00000000e8000000)
  eden space 87424K,   0% used [0x00000000e0000000, 0x00000000e0000000, 0x00000000e5560000)
  from space 21824K,  41% used [0x00000000e5560000, 0x00000000e5e326b8, 0x00000000e6ab0000)
  to   space 21824K,   0% used [0x00000000e6ab0000, 0x00000000e6ab0000, 0x00000000e8000000)
 concurrent mark-sweep generation total 393216K, used 39428K [0x00000000e8000000, 0x0000000100000000, 0x0000000100000000)
 Metaspace       used 61062K, capacity 62478K, committed 62640K, reserved 1103872K
  class space    used 6786K, capacity 7253K, committed 7344K, reserved 1048576K
}
2017-08-02T14:32:35.431-0700: 3712.647: Total time for which application threads were stopped: 0.0388240 seconds, Stopping threads took: 0.0001100 seconds
2017-08-02T14:32:35.473-0700: 3712.699: Total time for which application threads were stopped: 0.0003690 seconds, Stopping threads took: 0.0000980 seconds
2017-08-02T14:32:35.473-0700: 3712.700: Total time for which application threads were stopped: 0.0002370 seconds, Stopping threads took: 0.0000640 seconds
2017-08-02T14:32:36.114-0700: 3713.342: Total time for which application threads were stopped: 0.0005450 seconds, Stopping threads took: 0.0002560 seconds
2017-08-02T14:32:36.132-0700: 3713.345: Total time for which application threads were stopped: 0.0002860 seconds, Stopping threads took: 0.0000980 seconds
2017-08-02T14:32:36.215-0700: 3713.435: Total time for which application threads were stopped: 0.0003430 seconds, Stopping threads took: 0.0001100 seconds
2017-08-02T14:32:36.234-0700: 3713.448: Total time for which application threads were stopped: 0.0004360 seconds, Stopping threads took: 0.0001420 seconds
2017-08-02T14:32:36.516-0700: 3713.729: Total time for which application threads were stopped: 0.0001730 seconds, Stopping threads took: 0.0000470 seconds
2017-08-02T14:32:36.516-0700: 3713.729: Total time for which application threads were stopped: 0.0001570 seconds, Stopping threads took: 0.0000420 seconds
2017-08-02T14:32:36.517-0700: 3713.730: Total time for which application threads were stopped: 0.0001210 seconds, Stopping threads took: 0.0000310 seconds
2017-08-02T14:32:36.518-0700: 3713.731: Total time for which application threads were stopped: 0.0000940 seconds, Stopping threads took: 0.0000240 seconds
2017-08-02T14:32:36.518-0700: 3713.731: Total time for which application threads were stopped: 0.0000900 seconds, Stopping threads took: 0.0000230 seconds
2017-08-02T14:32:36.532-0700: 3713.744: Total time for which application threads were stopped: 0.0001760 seconds, Stopping threads took: 0.0000490 seconds
2017-08-02T14:32:36.532-0700: 3713.745: Total time for which application threads were stopped: 0.0001140 seconds, Stopping threads took: 0.0000290 seconds
2017-08-02T14:32:37.533-0700: 3714.746: Total time for which application threads were stopped: 0.0003410 seconds, Stopping threads took: 0.0001170 seconds
2017-08-02T14:32:38.361-0700: 3715.576: Total time for which application threads were stopped: 0.0004150 seconds, Stopping threads took: 0.0001120 seconds
2017-08-02T14:32:38.361-0700: 3715.577: Total time for which application threads were stopped: 0.0003620 seconds, Stopping threads took: 0.0000870 seconds
2017-08-02T14:32:38.361-0700: 3715.578: Total time for which application threads were stopped: 0.0002330 seconds, Stopping threads took: 0.0000970 seconds
2017-08-02T14:32:38.397-0700: 3715.610: Total time for which application threads were stopped: 0.0004400 seconds, Stopping threads took: 0.0001600 seconds
2017-08-02T14:32:38.398-0700: 3715.611: Total time for which application threads were stopped: 0.0004560 seconds, Stopping threads took: 0.0002370 seconds
2017-08-02T14:32:38.399-0700: 3715.612: Total time for which application threads were stopped: 0.0004800 seconds, Stopping threads took: 0.0002830 seconds
2017-08-02T14:32:38.399-0700: 3715.612: Total time for which application threads were stopped: 0.0003100 seconds, Stopping threads took: 0.0001550 seconds
2017-08-02T14:32:38.400-0700: 3715.613: Total time for which application threads were stopped: 0.0003450 seconds, Stopping threads took: 0.0001610 seconds
2017-08-02T14:32:38.401-0700: 3715.613: Total time for which application threads were stopped: 0.0002750 seconds, Stopping threads took: 0.0000770 seconds
2017-08-02T14:32:38.401-0700: 3715.614: Total time for which application threads were stopped: 0.0003150 seconds, Stopping threads took: 0.0001410 seconds
2017-08-02T14:32:38.805-0700: 3716.030: Total time for which application threads were stopped: 0.0004230 seconds, Stopping threads took: 0.0001220 seconds
2017-08-02T14:32:38.805-0700: 3716.032: Total time for which application threads were stopped: 0.0002500 seconds, Stopping threads took: 0.0000860 seconds
2017-08-02T14:32:38.805-0700: 3716.032: Total time for which application threads were stopped: 0.0002260 seconds, Stopping threads took: 0.0000750 seconds
2017-08-02T14:32:38.805-0700: 3716.033: Total time for which application threads were stopped: 0.0002670 seconds, Stopping threads took: 0.0000740 seconds
2017-08-02T14:32:38.805-0700: 3716.033: Total time for which application threads were stopped: 0.0002600 seconds, Stopping threads took: 0.0000750 seconds
2017-08-02T14:32:38.821-0700: 3716.034: Total time for which application threads were stopped: 0.0002930 seconds, Stopping threads took: 0.0000970 seconds
2017-08-02T14:32:38.849-0700: 3716.065: Total time for which application threads were stopped: 0.0005130 seconds, Stopping threads took: 0.0001480 seconds
2017-08-02T14:32:38.865-0700: 3716.081: Total time for which application threads were stopped: 0.0003910 seconds, Stopping threads took: 0.0001150 seconds
2017-08-02T14:32:39.869-0700: 3717.081: Total time for which application threads were stopped: 0.0004470 seconds, Stopping threads took: 0.0001410 seconds
2017-08-02T14:32:40.721-0700: 3717.937: Total time for which application threads were stopped: 0.0003600 seconds, Stopping threads took: 0.0001110 seconds
2017-08-02T14:32:40.721-0700: 3717.937: Total time for which application threads were stopped: 0.0002800 seconds, Stopping threads took: 0.0000720 seconds
2017-08-02T14:32:40.749-0700: 3717.971: Total time for which application threads were stopped: 0.0003700 seconds, Stopping threads took: 0.0001280 seconds
2017-08-02T14:32:41.206-0700: 3718.418: Total time for which application threads were stopped: 0.0003550 seconds, Stopping threads took: 0.0001090 seconds
2017-08-02T14:32:41.241-0700: 3718.454: Total time for which application threads were stopped: 0.0004030 seconds, Stopping threads took: 0.0001220 seconds
2017-08-02T14:32:42.241-0700: 3719.454: Total time for which application threads were stopped: 0.0003130 seconds, Stopping threads took: 0.0001330 seconds
2017-08-02T14:32:42.965-0700: 3720.178: Total time for which application threads were stopped: 0.0003470 seconds, Stopping threads took: 0.0001330 seconds
2017-08-02T14:32:43.506-0700: 3720.719: Total time for which application threads were stopped: 0.0007450 seconds, Stopping threads took: 0.0001270 seconds
2017-08-02T14:32:43.521-0700: 3720.734: Total time for which application threads were stopped: 0.0005720 seconds, Stopping threads took: 0.0001110 seconds
2017-08-02T14:43:03.180-0700: 4340.395: Total time for which application threads were stopped: 0.0002430 seconds, Stopping threads took: 0.0000950 seconds
2017-08-02T14:43:04.183-0700: 4341.396: Total time for which application threads were stopped: 0.0002950 seconds, Stopping threads took: 0.0001170 seconds
2017-08-02T14:43:05.183-0700: 4342.396: Total time for which application threads were stopped: 0.0002720 seconds, Stopping threads took: 0.0001100 seconds
2017-08-02T14:43:12.868-0700: 4350.091: Total time for which application threads were stopped: 0.0009720 seconds, Stopping threads took: 0.0002120 seconds
2017-08-02T14:43:12.868-0700: 4350.094: Total time for which application threads were stopped: 0.0005340 seconds, Stopping threads took: 0.0001500 seconds
2017-08-02T14:43:12.868-0700: 4350.095: Total time for which application threads were stopped: 0.0004510 seconds, Stopping threads took: 0.0001220 seconds
2017-08-02T14:43:12.884-0700: 4350.097: Total time for which application threads were stopped: 0.0010350 seconds, Stopping threads took: 0.0005420 seconds
2017-08-02T14:43:12.885-0700: 4350.099: Total time for which application threads were stopped: 0.0004410 seconds, Stopping threads took: 0.0002030 seconds
2017-08-02T14:43:12.887-0700: 4350.100: Total time for which application threads were stopped: 0.0004410 seconds, Stopping threads took: 0.0002200 seconds
2017-08-02T14:43:12.887-0700: 4350.101: Total time for which application threads were stopped: 0.0003930 seconds, Stopping threads took: 0.0002090 seconds
2017-08-02T14:43:12.887-0700: 4350.102: Total time for which application threads were stopped: 0.0003150 seconds, Stopping threads took: 0.0000930 seconds
2017-08-02T14:43:12.887-0700: 4350.103: Total time for which application threads were stopped: 0.0003420 seconds, Stopping threads took: 0.0001210 seconds
2017-08-02T14:43:12.887-0700: 4350.104: Total time for which application threads were stopped: 0.0003460 seconds, Stopping threads took: 0.0001180 seconds
2017-08-02T14:43:12.903-0700: 4350.120: Total time for which application threads were stopped: 0.0005180 seconds, Stopping threads took: 0.0002950 seconds
2017-08-02T14:43:12.903-0700: 4350.122: Total time for which application threads were stopped: 0.0005240 seconds, Stopping threads took: 0.0001770 seconds
2017-08-02T14:43:13.910-0700: 4351.123: Total time for which application threads were stopped: 0.0003940 seconds, Stopping threads took: 0.0001250 seconds
{Heap before GC invocations=52 (full 2):
 par new generation   total 109248K, used 96457K [0x00000000e0000000, 0x00000000e8000000, 0x00000000e8000000)
  eden space 87424K, 100% used [0x00000000e0000000, 0x00000000e5560000, 0x00000000e5560000)
  from space 21824K,  41% used [0x00000000e5560000, 0x00000000e5e326b8, 0x00000000e6ab0000)
  to   space 21824K,   0% used [0x00000000e6ab0000, 0x00000000e6ab0000, 0x00000000e8000000)
 concurrent mark-sweep generation total 393216K, used 39428K [0x00000000e8000000, 0x0000000100000000, 0x0000000100000000)
 Metaspace       used 62589K, capacity 64000K, committed 64304K, reserved 1105920K
  class space    used 6942K, capacity 7422K, committed 7472K, reserved 1048576K
2017-08-02T14:43:20.859-0700: 4358.076: [GC (Allocation Failure) 2017-08-02T14:43:20.859-0700: 4358.076: [ParNew
Desired survivor size 20112992 bytes, new threshold 8 (max 8)
- age   1:    4468112 bytes,    4468112 total
- age   2:     404000 bytes,    4872112 total
- age   3:      83320 bytes,    4955432 total
- age   4:    3070048 bytes,    8025480 total
- age   5:     144392 bytes,    8169872 total
- age   6:     120696 bytes,    8290568 total
- age   7:    2023224 bytes,   10313792 total
- age   8:        200 bytes,   10313992 total
: 96457K->11459K(109248K), 0.0161050 secs] 135885K->50890K(502464K), 0.0162120 secs] [Times: user=0.02 sys=0.00, real=0.02 secs] 
Heap after GC invocations=53 (full 2):
 par new generation   total 109248K, used 11459K [0x00000000e0000000, 0x00000000e8000000, 0x00000000e8000000)
  eden space 87424K,   0% used [0x00000000e0000000, 0x00000000e0000000, 0x00000000e5560000)
  from space 21824K,  52% used [0x00000000e6ab0000, 0x00000000e75e0cc8, 0x00000000e8000000)
  to   space 21824K,   0% used [0x00000000e5560000, 0x00000000e5560000, 0x00000000e6ab0000)
 concurrent mark-sweep generation total 393216K, used 39431K [0x00000000e8000000, 0x0000000100000000, 0x0000000100000000)
 Metaspace       used 62589K, capacity 64000K, committed 64304K, reserved 1105920K
  class space    used 6942K, capacity 7422K, committed 7472K, reserved 1048576K
}
2017-08-02T14:43:20.874-0700: 4358.093: Total time for which application threads were stopped: 0.0164940 seconds, Stopping threads took: 0.0000400 seconds
2017-08-02T14:43:20.874-0700: 4358.093: Total time for which application threads were stopped: 0.0002450 seconds, Stopping threads took: 0.0001510 seconds
{Heap before GC invocations=53 (full 2):
 par new generation   total 109248K, used 98851K [0x00000000e0000000, 0x00000000e8000000, 0x00000000e8000000)
  eden space 87424K,  99% used [0x00000000e0000000, 0x00000000e5558000, 0x00000000e5560000)
  from space 21824K,  52% used [0x00000000e6ab0000, 0x00000000e75e0cc8, 0x00000000e8000000)
  to   space 21824K,   0% used [0x00000000e5560000, 0x00000000e5560000, 0x00000000e6ab0000)
 concurrent mark-sweep generation total 393216K, used 39431K [0x00000000e8000000, 0x0000000100000000, 0x0000000100000000)
 Metaspace       used 62591K, capacity 64000K, committed 64304K, reserved 1105920K
  class space    used 6942K, capacity 7422K, committed 7472K, reserved 1048576K
2017-08-02T14:43:20.916-0700: 4358.145: [GC (Allocation Failure) 2017-08-02T14:43:20.916-0700: 4358.145: [ParNew
Desired survivor size 20112992 bytes, new threshold 8 (max 8)
- age   1:    1227248 bytes,    1227248 total
- age   2:    2936312 bytes,    4163560 total
- age   3:     230424 bytes,    4393984 total
- age   4:      82200 bytes,    4476184 total
- age   5:    2307872 bytes,    6784056 total
- age   6:       4016 bytes,    6788072 total
- age   7:       3096 bytes,    6791168 total
- age   8:    1835016 bytes,    8626184 total
: 98851K->14761K(109248K), 0.0295500 secs] 138282K->54192K(502464K), 0.0296660 secs] [Times: user=0.14 sys=0.00, real=0.03 secs] 
Heap after GC invocations=54 (full 2):
 par new generation   total 109248K, used 14761K [0x00000000e0000000, 0x00000000e8000000, 0x00000000e8000000)
  eden space 87424K,   0% used [0x00000000e0000000, 0x00000000e0000000, 0x00000000e5560000)
  from space 21824K,  67% used [0x00000000e5560000, 0x00000000e63ca570, 0x00000000e6ab0000)
  to   space 21824K,   0% used [0x00000000e6ab0000, 0x00000000e6ab0000, 0x00000000e8000000)
 concurrent mark-sweep generation total 393216K, used 39431K [0x00000000e8000000, 0x0000000100000000, 0x0000000100000000)
 Metaspace       used 62591K, capacity 64000K, committed 64304K, reserved 1105920K
  class space    used 6942K, capacity 7422K, committed 7472K, reserved 1048576K
}
2017-08-02T14:43:20.960-0700: 4358.174: Total time for which application threads were stopped: 0.0300200 seconds, Stopping threads took: 0.0000480 seconds
2017-08-02T14:43:20.960-0700: 4358.175: Total time for which application threads were stopped: 0.0004410 seconds, Stopping threads took: 0.0002100 seconds
{Heap before GC invocations=54 (full 2):
 par new generation   total 109248K, used 102185K [0x00000000e0000000, 0x00000000e8000000, 0x00000000e8000000)
  eden space 87424K, 100% used [0x00000000e0000000, 0x00000000e5560000, 0x00000000e5560000)
  from space 21824K,  67% used [0x00000000e5560000, 0x00000000e63ca570, 0x00000000e6ab0000)
  to   space 21824K,   0% used [0x00000000e6ab0000, 0x00000000e6ab0000, 0x00000000e8000000)
 concurrent mark-sweep generation total 393216K, used 39431K [0x00000000e8000000, 0x0000000100000000, 0x0000000100000000)
 Metaspace       used 62591K, capacity 64000K, committed 64304K, reserved 1105920K
  class space    used 6942K, capacity 7422K, committed 7472K, reserved 1048576K
2017-08-02T14:43:21.060-0700: 4358.285: [GC (Allocation Failure) 2017-08-02T14:43:21.060-0700: 4358.285: [ParNew
Desired survivor size 20112992 bytes, new threshold 8 (max 8)
- age   1:     252080 bytes,     252080 total
- age   2:     977480 bytes,    1229560 total
- age   3:    2934872 bytes,    4164432 total
- age   4:     230424 bytes,    4394856 total
- age   5:      82200 bytes,    4477056 total
- age   6:    2307872 bytes,    6784928 total
- age   7:       4016 bytes,    6788944 total
- age   8:       3096 bytes,    6792040 total
: 102185K->8429K(109248K), 0.0449730 secs] 141616K->49697K(502464K), 0.0451460 secs] [Times: user=0.19 sys=0.00, real=0.05 secs] 
Heap after GC invocations=55 (full 2):
 par new generation   total 109248K, used 8429K [0x00000000e0000000, 0x00000000e8000000, 0x00000000e8000000)
  eden space 87424K,   0% used [0x00000000e0000000, 0x00000000e0000000, 0x00000000e5560000)
  from space 21824K,  38% used [0x00000000e6ab0000, 0x00000000e72eb600, 0x00000000e8000000)
  to   space 21824K,   0% used [0x00000000e5560000, 0x00000000e5560000, 0x00000000e6ab0000)
 concurrent mark-sweep generation total 393216K, used 41267K [0x00000000e8000000, 0x0000000100000000, 0x0000000100000000)
 Metaspace       used 62591K, capacity 64000K, committed 64304K, reserved 1105920K
  class space    used 6942K, capacity 7422K, committed 7472K, reserved 1048576K
}
2017-08-02T14:43:21.117-0700: 4358.331: Total time for which application threads were stopped: 0.0458590 seconds, Stopping threads took: 0.0001080 seconds
2017-08-02T14:43:21.362-0700: 4358.575: Total time for which application threads were stopped: 0.0005610 seconds, Stopping threads took: 0.0002400 seconds
2017-08-02T14:43:21.514-0700: 4358.727: Total time for which application threads were stopped: 0.0007680 seconds, Stopping threads took: 0.0001850 seconds
2017-08-02T14:43:21.516-0700: 4358.729: Total time for which application threads were stopped: 0.0002890 seconds, Stopping threads took: 0.0001080 seconds
2017-08-02T14:43:22.371-0700: 4359.584: Total time for which application threads were stopped: 0.0003570 seconds, Stopping threads took: 0.0001010 seconds
2017-08-02T14:43:22.522-0700: 4359.742: Total time for which application threads were stopped: 0.0004470 seconds, Stopping threads took: 0.0002180 seconds
2017-08-02T14:43:22.522-0700: 4359.742: Total time for which application threads were stopped: 0.0002530 seconds, Stopping threads took: 0.0001100 seconds
2017-08-02T14:43:22.522-0700: 4359.743: Total time for which application threads were stopped: 0.0006910 seconds, Stopping threads took: 0.0001190 seconds
2017-08-02T14:43:22.538-0700: 4359.759: Total time for which application threads were stopped: 0.0004100 seconds, Stopping threads took: 0.0001420 seconds
2017-08-02T14:43:22.672-0700: 4359.885: Total time for which application threads were stopped: 0.0001620 seconds, Stopping threads took: 0.0000490 seconds
2017-08-02T14:43:22.672-0700: 4359.885: Total time for which application threads were stopped: 0.0001020 seconds, Stopping threads took: 0.0000300 seconds
2017-08-02T14:43:22.672-0700: 4359.885: Total time for which application threads were stopped: 0.0000760 seconds, Stopping threads took: 0.0000240 seconds
2017-08-02T14:43:22.673-0700: 4359.886: Total time for which application threads were stopped: 0.0000850 seconds, Stopping threads took: 0.0000270 seconds
2017-08-02T14:43:22.674-0700: 4359.887: Total time for which application threads were stopped: 0.0001410 seconds, Stopping threads took: 0.0000440 seconds
2017-08-02T14:43:22.685-0700: 4359.898: Total time for which application threads were stopped: 0.0001590 seconds, Stopping threads took: 0.0000450 seconds
2017-08-02T14:43:22.685-0700: 4359.898: Total time for which application threads were stopped: 0.0000960 seconds, Stopping threads took: 0.0000200 seconds
2017-08-02T14:43:24.107-0700: 4361.320: Total time for which application threads were stopped: 0.0003360 seconds, Stopping threads took: 0.0001050 seconds
2017-08-02T14:43:24.108-0700: 4361.321: Total time for which application threads were stopped: 0.0002690 seconds, Stopping threads took: 0.0000830 seconds
2017-08-02T14:43:24.108-0700: 4361.321: Total time for which application threads were stopped: 0.0002380 seconds, Stopping threads took: 0.0000840 seconds
2017-08-02T14:43:24.136-0700: 4361.350: Total time for which application threads were stopped: 0.0004890 seconds, Stopping threads took: 0.0002270 seconds
2017-08-02T14:43:24.138-0700: 4361.351: Total time for which application threads were stopped: 0.0002770 seconds, Stopping threads took: 0.0001060 seconds
2017-08-02T14:43:24.139-0700: 4361.352: Total time for which application threads were stopped: 0.0005810 seconds, Stopping threads took: 0.0001570 seconds
2017-08-02T14:43:24.745-0700: 4361.966: Total time for which application threads were stopped: 0.0003880 seconds, Stopping threads took: 0.0001210 seconds
2017-08-02T14:43:24.745-0700: 4361.967: Total time for which application threads were stopped: 0.0002470 seconds, Stopping threads took: 0.0000780 seconds
2017-08-02T14:43:24.745-0700: 4361.968: Total time for which application threads were stopped: 0.0003900 seconds, Stopping threads took: 0.0001820 seconds
2017-08-02T14:43:24.745-0700: 4361.969: Total time for which application threads were stopped: 0.0004130 seconds, Stopping threads took: 0.0001560 seconds
2017-08-02T14:43:24.756-0700: 4361.969: Total time for which application threads were stopped: 0.0002250 seconds, Stopping threads took: 0.0000890 seconds
2017-08-02T14:43:24.757-0700: 4361.970: Total time for which application threads were stopped: 0.0002530 seconds, Stopping threads took: 0.0000990 seconds
2017-08-02T14:43:24.758-0700: 4361.971: Total time for which application threads were stopped: 0.0004170 seconds, Stopping threads took: 0.0001600 seconds
2017-08-02T14:43:24.758-0700: 4361.972: Total time for which application threads were stopped: 0.0004020 seconds, Stopping threads took: 0.0001530 seconds
2017-08-02T14:43:24.758-0700: 4361.972: Total time for which application threads were stopped: 0.0004740 seconds, Stopping threads took: 0.0002400 seconds
2017-08-02T14:43:24.758-0700: 4361.973: Total time for which application threads were stopped: 0.0006040 seconds, Stopping threads took: 0.0002670 seconds
2017-08-02T14:43:24.758-0700: 4361.974: Total time for which application threads were stopped: 0.0003790 seconds, Stopping threads took: 0.0001520 seconds
2017-08-02T14:43:24.758-0700: 4361.975: Total time for which application threads were stopped: 0.0005700 seconds, Stopping threads took: 0.0002990 seconds
2017-08-02T14:43:24.758-0700: 4361.976: Total time for which application threads were stopped: 0.0004580 seconds, Stopping threads took: 0.0002040 seconds
2017-08-02T14:43:24.758-0700: 4361.976: Total time for which application threads were stopped: 0.0003810 seconds, Stopping threads took: 0.0000830 seconds
2017-08-02T14:43:24.758-0700: 4361.977: Total time for which application threads were stopped: 0.0005120 seconds, Stopping threads took: 0.0002310 seconds
2017-08-02T14:43:24.758-0700: 4361.977: Total time for which application threads were stopped: 0.0003160 seconds, Stopping threads took: 0.0000820 seconds
2017-08-02T14:43:24.758-0700: 4361.978: Total time for which application threads were stopped: 0.0004640 seconds, Stopping threads took: 0.0001980 seconds
2017-08-02T14:43:24.758-0700: 4361.979: Total time for which application threads were stopped: 0.0004190 seconds, Stopping threads took: 0.0001720 seconds
2017-08-02T14:43:24.758-0700: 4361.979: Total time for which application threads were stopped: 0.0003630 seconds, Stopping threads took: 0.0001440 seconds
2017-08-02T14:43:24.758-0700: 4361.980: Total time for which application threads were stopped: 0.0003420 seconds, Stopping threads took: 0.0001070 seconds
2017-08-02T14:43:24.758-0700: 4361.981: Total time for which application threads were stopped: 0.0003210 seconds, Stopping threads took: 0.0001430 seconds
2017-08-02T14:43:24.758-0700: 4361.981: Total time for which application threads were stopped: 0.0003870 seconds, Stopping threads took: 0.0001470 seconds
2017-08-02T14:43:24.758-0700: 4361.982: Total time for which application threads were stopped: 0.0003070 seconds, Stopping threads took: 0.0001320 seconds
2017-08-02T14:43:24.758-0700: 4361.983: Total time for which application threads were stopped: 0.0003460 seconds, Stopping threads took: 0.0001850 seconds
2017-08-02T14:43:24.758-0700: 4361.983: Total time for which application threads were stopped: 0.0003010 seconds, Stopping threads took: 0.0001470 seconds
2017-08-02T14:43:24.758-0700: 4361.984: Total time for which application threads were stopped: 0.0003110 seconds, Stopping threads took: 0.0001560 seconds
2017-08-02T14:43:24.758-0700: 4361.985: Total time for which application threads were stopped: 0.0004070 seconds, Stopping threads took: 0.0001820 seconds
2017-08-02T14:43:24.758-0700: 4361.985: Total time for which application threads were stopped: 0.0004080 seconds, Stopping threads took: 0.0002270 seconds
2017-08-02T14:43:24.758-0700: 4361.986: Total time for which application threads were stopped: 0.0002810 seconds, Stopping threads took: 0.0000980 seconds
2017-08-02T14:43:24.774-0700: 4361.987: Total time for which application threads were stopped: 0.0005500 seconds, Stopping threads took: 0.0001090 seconds
2017-08-02T14:43:24.774-0700: 4361.988: Total time for which application threads were stopped: 0.0004640 seconds, Stopping threads took: 0.0000790 seconds
{Heap before GC invocations=55 (full 2):
 par new generation   total 109248K, used 95853K [0x00000000e0000000, 0x00000000e8000000, 0x00000000e8000000)
  eden space 87424K, 100% used [0x00000000e0000000, 0x00000000e5560000, 0x00000000e5560000)
  from space 21824K,  38% used [0x00000000e6ab0000, 0x00000000e72eb600, 0x00000000e8000000)
  to   space 21824K,   0% used [0x00000000e5560000, 0x00000000e5560000, 0x00000000e6ab0000)
 concurrent mark-sweep generation total 393216K, used 41267K [0x00000000e8000000, 0x0000000100000000, 0x0000000100000000)
 Metaspace       used 64077K, capacity 65516K, committed 65712K, reserved 1107968K
  class space    used 7098K, capacity 7590K, committed 7600K, reserved 1048576K
2017-08-02T14:43:24.903-0700: 4362.129: [GC (Allocation Failure) 2017-08-02T14:43:24.903-0700: 4362.129: [ParNew
Desired survivor size 20112992 bytes, new threshold 8 (max 8)
- age   1:    5134232 bytes,    5134232 total
- age   2:      96312 bytes,    5230544 total
- age   3:     346976 bytes,    5577520 total
- age   4:    2385976 bytes,    7963496 total
- age   5:     225064 bytes,    8188560 total
- age   6:      82200 bytes,    8270760 total
- age   7:    2273056 bytes,   10543816 total
- age   8:       4016 bytes,   10547832 total
: 95853K->13563K(109248K), 0.0721920 secs] 137121K->54834K(502464K), 0.0723180 secs] [Times: user=0.05 sys=0.00, real=0.07 secs] 
Heap after GC invocations=56 (full 2):
 par new generation   total 109248K, used 13563K [0x00000000e0000000, 0x00000000e8000000, 0x00000000e8000000)
  eden space 87424K,   0% used [0x00000000e0000000, 0x00000000e0000000, 0x00000000e5560000)
  from space 21824K,  62% used [0x00000000e5560000, 0x00000000e629ef18, 0x00000000e6ab0000)
  to   space 21824K,   0% used [0x00000000e6ab0000, 0x00000000e6ab0000, 0x00000000e8000000)
 concurrent mark-sweep generation total 393216K, used 41271K [0x00000000e8000000, 0x0000000100000000, 0x0000000100000000)
 Metaspace       used 64077K, capacity 65516K, committed 65712K, reserved 1107968K
  class space    used 7098K, capacity 7590K, committed 7600K, reserved 1048576K
}
2017-08-02T14:43:24.982-0700: 4362.202: Total time for which application threads were stopped: 0.0727870 seconds, Stopping threads took: 0.0001070 seconds
2017-08-02T14:43:24.982-0700: 4362.206: Total time for which application threads were stopped: 0.0006270 seconds, Stopping threads took: 0.0001430 seconds
2017-08-02T14:43:25.073-0700: 4362.286: Total time for which application threads were stopped: 0.0004230 seconds, Stopping threads took: 0.0002000 seconds
2017-08-02T14:45:01.107-0700: 4458.320: Total time for which application threads were stopped: 0.0003180 seconds, Stopping threads took: 0.0001330 seconds
2017-08-02T14:45:03.108-0700: 4460.321: Total time for which application threads were stopped: 0.0003090 seconds, Stopping threads took: 0.0001390 seconds
2017-08-02T14:47:11.494-0700: 4588.711: Total time for which application threads were stopped: 0.0001350 seconds, Stopping threads took: 0.0000450 seconds
2017-08-02T14:47:11.494-0700: 4588.711: Total time for which application threads were stopped: 0.0000540 seconds, Stopping threads took: 0.0000170 seconds
2017-08-02T14:47:11.728-0700: 4588.957: Total time for which application threads were stopped: 0.0003510 seconds, Stopping threads took: 0.0001020 seconds
2017-08-02T14:47:12.744-0700: 4589.957: Total time for which application threads were stopped: 0.0003230 seconds, Stopping threads took: 0.0001400 seconds
2017-08-02T14:47:13.745-0700: 4590.958: Total time for which application threads were stopped: 0.0004110 seconds, Stopping threads took: 0.0001600 seconds
2017-08-02T14:47:14.746-0700: 4591.959: Total time for which application threads were stopped: 0.0003320 seconds, Stopping threads took: 0.0001400 seconds
2017-08-02T14:48:22.936-0700: 4660.149: Total time for which application threads were stopped: 0.0018190 seconds, Stopping threads took: 0.0000400 seconds
2017-08-02T14:48:23.937-0700: 4661.150: Total time for which application threads were stopped: 0.0003240 seconds, Stopping threads took: 0.0001330 seconds
2017-08-02T14:49:16.954-0700: 4714.167: Total time for which application threads were stopped: 0.0001450 seconds, Stopping threads took: 0.0000580 seconds
2017-08-02T14:49:17.744-0700: 4714.957: Total time for which application threads were stopped: 0.0002210 seconds, Stopping threads took: 0.0001020 seconds
2017-08-02T14:49:17.746-0700: 4714.959: Total time for which application threads were stopped: 0.0002720 seconds, Stopping threads took: 0.0001180 seconds
2017-08-02T14:49:17.747-0700: 4714.961: Total time for which application threads were stopped: 0.0001750 seconds, Stopping threads took: 0.0000780 seconds
2017-08-02T14:49:18.749-0700: 4715.962: Total time for which application threads were stopped: 0.0003200 seconds, Stopping threads took: 0.0001360 seconds
2017-08-02T14:49:20.750-0700: 4717.963: Total time for which application threads were stopped: 0.0003060 seconds, Stopping threads took: 0.0001330 seconds
2017-08-02T14:54:28.872-0700: 5026.085: Total time for which application threads were stopped: 0.0173970 seconds, Stopping threads took: 0.0172280 seconds
2017-08-02T14:54:28.898-0700: 5026.111: Total time for which application threads were stopped: 0.0001280 seconds, Stopping threads took: 0.0000420 seconds
2017-08-02T14:54:28.898-0700: 5026.111: Total time for which application threads were stopped: 0.0000640 seconds, Stopping threads took: 0.0000260 seconds
2017-08-02T14:54:28.898-0700: 5026.111: Total time for which application threads were stopped: 0.0001550 seconds, Stopping threads took: 0.0000970 seconds
2017-08-02T14:54:28.899-0700: 5026.111: Total time for which application threads were stopped: 0.0000980 seconds, Stopping threads took: 0.0000400 seconds
2017-08-02T14:54:28.899-0700: 5026.112: Total time for which application threads were stopped: 0.0000760 seconds, Stopping threads took: 0.0000270 seconds
2017-08-02T14:54:28.900-0700: 5026.113: Total time for which application threads were stopped: 0.0001250 seconds, Stopping threads took: 0.0000370 seconds
2017-08-02T14:54:28.900-0700: 5026.113: Total time for which application threads were stopped: 0.0000700 seconds, Stopping threads took: 0.0000260 seconds
2017-08-02T14:54:28.901-0700: 5026.113: Total time for which application threads were stopped: 0.0000570 seconds, Stopping threads took: 0.0000210 seconds
2017-08-02T14:54:28.901-0700: 5026.114: Total time for which application threads were stopped: 0.0000970 seconds, Stopping threads took: 0.0000530 seconds
2017-08-02T14:54:28.901-0700: 5026.114: Total time for which application threads were stopped: 0.0000680 seconds, Stopping threads took: 0.0000260 seconds
2017-08-02T14:54:28.901-0700: 5026.114: Total time for which application threads were stopped: 0.0001600 seconds, Stopping threads took: 0.0001130 seconds
2017-08-02T14:54:28.901-0700: 5026.114: Total time for which application threads were stopped: 0.0000950 seconds, Stopping threads took: 0.0000510 seconds
2017-08-02T14:54:28.902-0700: 5026.114: Total time for which application threads were stopped: 0.0000590 seconds, Stopping threads took: 0.0000210 seconds
2017-08-02T14:54:28.904-0700: 5026.117: Total time for which application threads were stopped: 0.0001120 seconds, Stopping threads took: 0.0000410 seconds
2017-08-02T14:54:28.905-0700: 5026.117: Total time for which application threads were stopped: 0.0001080 seconds, Stopping threads took: 0.0000700 seconds
2017-08-02T14:57:41.975-0700: 5219.188: Total time for which application threads were stopped: 0.0004970 seconds, Stopping threads took: 0.0001390 seconds
2017-08-02T14:57:47.919-0700: 5225.132: Total time for which application threads were stopped: 0.0011850 seconds, Stopping threads took: 0.0000830 seconds
2017-08-02T14:57:48.919-0700: 5226.132: Total time for which application threads were stopped: 0.0003740 seconds, Stopping threads took: 0.0001350 seconds
2017-08-02T14:57:51.941-0700: 5229.154: Total time for which application threads were stopped: 0.0203980 seconds, Stopping threads took: 0.0202160 seconds
2017-08-02T15:35:15.093-0700: 7472.310: Total time for which application threads were stopped: 0.0004250 seconds, Stopping threads took: 0.0000630 seconds
2017-08-02T15:35:15.496-0700: 7472.718: Total time for which application threads were stopped: 0.0060890 seconds, Stopping threads took: 0.0004830 seconds
2017-08-02T15:35:15.496-0700: 7472.723: Total time for which application threads were stopped: 0.0031020 seconds, Stopping threads took: 0.0001540 seconds
2017-08-02T15:35:15.512-0700: 7472.734: Total time for which application threads were stopped: 0.0007860 seconds, Stopping threads took: 0.0002250 seconds
2017-08-02T15:35:15.512-0700: 7472.735: Total time for which application threads were stopped: 0.0003270 seconds, Stopping threads took: 0.0000920 seconds
2017-08-02T15:35:15.522-0700: 7472.737: Total time for which application threads were stopped: 0.0005830 seconds, Stopping threads took: 0.0001970 seconds
2017-08-02T15:35:15.522-0700: 7472.738: Total time for which application threads were stopped: 0.0005060 seconds, Stopping threads took: 0.0002790 seconds
2017-08-02T15:35:15.923-0700: 7473.140: Total time for which application threads were stopped: 0.3466660 seconds, Stopping threads took: 0.3445330 seconds
2017-08-02T15:35:15.929-0700: 7473.145: Total time for which application threads were stopped: 0.0023170 seconds, Stopping threads took: 0.0001420 seconds
2017-08-02T15:35:15.930-0700: 7473.146: Total time for which application threads were stopped: 0.0007190 seconds, Stopping threads took: 0.0002500 seconds
2017-08-02T15:35:16.341-0700: 7473.557: Total time for which application threads were stopped: 0.2811990 seconds, Stopping threads took: 0.2792670 seconds
2017-08-02T15:35:16.342-0700: 7473.558: Total time for which application threads were stopped: 0.0005870 seconds, Stopping threads took: 0.0001950 seconds
2017-08-02T15:35:16.343-0700: 7473.559: Total time for which application threads were stopped: 0.0006690 seconds, Stopping threads took: 0.0002370 seconds
2017-08-02T15:35:16.344-0700: 7473.560: Total time for which application threads were stopped: 0.0006580 seconds, Stopping threads took: 0.0002430 seconds
2017-08-02T15:35:16.390-0700: 7473.607: Total time for which application threads were stopped: 0.0007400 seconds, Stopping threads took: 0.0003650 seconds
2017-08-02T15:35:16.391-0700: 7473.608: Total time for which application threads were stopped: 0.0008010 seconds, Stopping threads took: 0.0002830 seconds
2017-08-02T15:35:17.752-0700: 7474.968: Total time for which application threads were stopped: 0.3641780 seconds, Stopping threads took: 0.3619850 seconds
2017-08-02T15:35:17.753-0700: 7474.969: Total time for which application threads were stopped: 0.0004960 seconds, Stopping threads took: 0.0000950 seconds
2017-08-02T15:35:17.799-0700: 7475.015: Total time for which application threads were stopped: 0.0005550 seconds, Stopping threads took: 0.0001330 seconds
2017-08-02T15:35:17.801-0700: 7475.017: Total time for which application threads were stopped: 0.0007240 seconds, Stopping threads took: 0.0002180 seconds
2017-08-02T15:35:17.801-0700: 7475.017: Total time for which application threads were stopped: 0.0004630 seconds, Stopping threads took: 0.0001840 seconds
2017-08-02T15:35:17.802-0700: 7475.018: Total time for which application threads were stopped: 0.0007290 seconds, Stopping threads took: 0.0002730 seconds
2017-08-02T15:35:19.803-0700: 7477.019: Total time for which application threads were stopped: 0.0003190 seconds, Stopping threads took: 0.0001260 seconds
2017-08-02T15:35:30.810-0700: 7488.026: Total time for which application threads were stopped: 0.0003460 seconds, Stopping threads took: 0.0001290 seconds
2017-08-02T15:35:31.811-0700: 7489.027: Total time for which application threads were stopped: 0.0003520 seconds, Stopping threads took: 0.0001310 seconds
2017-08-02T15:36:17.803-0700: 7535.020: Total time for which application threads were stopped: 0.0002970 seconds, Stopping threads took: 0.0001150 seconds
2017-08-02T15:37:41.831-0700: 7619.051: Total time for which application threads were stopped: 0.0003560 seconds, Stopping threads took: 0.0001340 seconds
2017-08-02T15:38:25.880-0700: 7663.096: Total time for which application threads were stopped: 0.0001760 seconds, Stopping threads took: 0.0000710 seconds
2017-08-02T15:43:38.987-0700: 7976.203: Total time for which application threads were stopped: 0.0004390 seconds, Stopping threads took: 0.0001400 seconds
2017-08-02T16:04:56.589-0700: 9253.805: Total time for which application threads were stopped: 0.0009120 seconds, Stopping threads took: 0.0002060 seconds
2017-08-02T16:05:07.531-0700: 9264.753: Total time for which application threads were stopped: 0.0004440 seconds, Stopping threads took: 0.0000450 seconds
{Heap before GC invocations=56 (full 2):
 par new generation   total 109248K, used 100987K [0x00000000e0000000, 0x00000000e8000000, 0x00000000e8000000)
  eden space 87424K, 100% used [0x00000000e0000000, 0x00000000e5560000, 0x00000000e5560000)
  from space 21824K,  62% used [0x00000000e5560000, 0x00000000e629ef18, 0x00000000e6ab0000)
  to   space 21824K,   0% used [0x00000000e6ab0000, 0x00000000e6ab0000, 0x00000000e8000000)
 concurrent mark-sweep generation total 393216K, used 41271K [0x00000000e8000000, 0x0000000100000000, 0x0000000100000000)
 Metaspace       used 64767K, capacity 66244K, committed 66352K, reserved 1107968K
  class space    used 7182K, capacity 7706K, committed 7728K, reserved 1048576K
2017-08-02T16:05:07.682-0700: 9264.905: [GC (Allocation Failure) 2017-08-02T16:05:07.682-0700: 9264.905: [ParNew
Desired survivor size 20112992 bytes, new threshold 8 (max 8)
- age   1:    2835504 bytes,    2835504 total
- age   2:    2192704 bytes,    5028208 total
- age   3:      96312 bytes,    5124520 total
- age   4:     324728 bytes,    5449248 total
- age   5:    1634624 bytes,    7083872 total
- age   6:      44368 bytes,    7128240 total
- age   7:      16392 bytes,    7144632 total
- age   8:    1935632 bytes,    9080264 total
: 100987K->12082K(109248K), 0.0355330 secs] 142258K->53357K(502464K), 0.0356570 secs] [Times: user=0.08 sys=0.05, real=0.04 secs] 
Heap after GC invocations=57 (full 2):
 par new generation   total 109248K, used 12082K [0x00000000e0000000, 0x00000000e8000000, 0x00000000e8000000)
  eden space 87424K,   0% used [0x00000000e0000000, 0x00000000e0000000, 0x00000000e5560000)
  from space 21824K,  55% used [0x00000000e6ab0000, 0x00000000e767c850, 0x00000000e8000000)
  to   space 21824K,   0% used [0x00000000e5560000, 0x00000000e5560000, 0x00000000e6ab0000)
 concurrent mark-sweep generation total 393216K, used 41275K [0x00000000e8000000, 0x0000000100000000, 0x0000000100000000)
 Metaspace       used 64767K, capacity 66244K, committed 66352K, reserved 1107968K
  class space    used 7182K, capacity 7706K, committed 7728K, reserved 1048576K
}
2017-08-02T16:05:07.713-0700: 9264.941: Total time for which application threads were stopped: 0.0359810 seconds, Stopping threads took: 0.0000520 seconds
2017-08-02T16:05:07.713-0700: 9264.942: Total time for which application threads were stopped: 0.0002560 seconds, Stopping threads took: 0.0001070 seconds
{Heap before GC invocations=57 (full 2):
 par new generation   total 109248K, used 99506K [0x00000000e0000000, 0x00000000e8000000, 0x00000000e8000000)
  eden space 87424K, 100% used [0x00000000e0000000, 0x00000000e5560000, 0x00000000e5560000)
  from space 21824K,  55% used [0x00000000e6ab0000, 0x00000000e767c850, 0x00000000e8000000)
  to   space 21824K,   0% used [0x00000000e5560000, 0x00000000e5560000, 0x00000000e6ab0000)
 concurrent mark-sweep generation total 393216K, used 41275K [0x00000000e8000000, 0x0000000100000000, 0x0000000100000000)
 Metaspace       used 64775K, capacity 66256K, committed 66352K, reserved 1107968K
  class space    used 7184K, capacity 7708K, committed 7728K, reserved 1048576K
2017-08-02T16:05:07.779-0700: 9264.994: [GC (Allocation Failure) 2017-08-02T16:05:07.779-0700: 9264.994: [ParNew
Desired survivor size 20112992 bytes, new threshold 8 (max 8)
- age   1:     572240 bytes,     572240 total
- age   2:    2127656 bytes,    2699896 total
- age   3:    1871592 bytes,    4571488 total
- age   4:      96312 bytes,    4667800 total
- age   5:     298592 bytes,    4966392 total
- age   6:    1634624 bytes,    6601016 total
- age   7:      44368 bytes,    6645384 total
- age   8:      16392 bytes,    6661776 total
: 99506K->9333K(109248K), 0.0238600 secs] 140781K->52542K(502464K), 0.0239620 secs] [Times: user=0.05 sys=0.01, real=0.02 secs] 
Heap after GC invocations=58 (full 2):
 par new generation   total 109248K, used 9333K [0x00000000e0000000, 0x00000000e8000000, 0x00000000e8000000)
  eden space 87424K,   0% used [0x00000000e0000000, 0x00000000e0000000, 0x00000000e5560000)
  from space 21824K,  42% used [0x00000000e5560000, 0x00000000e5e7d7c0, 0x00000000e6ab0000)
  to   space 21824K,   0% used [0x00000000e6ab0000, 0x00000000e6ab0000, 0x00000000e8000000)
 concurrent mark-sweep generation total 393216K, used 43208K [0x00000000e8000000, 0x0000000100000000, 0x0000000100000000)
 Metaspace       used 64775K, capacity 66256K, committed 66352K, reserved 1107968K
  class space    used 7184K, capacity 7708K, committed 7728K, reserved 1048576K
}
2017-08-02T16:05:07.798-0700: 9265.018: Total time for which application threads were stopped: 0.0243650 seconds, Stopping threads took: 0.0000710 seconds
2017-08-02T16:05:07.907-0700: 9265.124: Total time for which application threads were stopped: 0.0001620 seconds, Stopping threads took: 0.0000380 seconds
2017-08-02T16:05:08.075-0700: 9265.301: Total time for which application threads were stopped: 0.0008040 seconds, Stopping threads took: 0.0003900 seconds
2017-08-02T16:05:08.075-0700: 9265.304: Total time for which application threads were stopped: 0.0003090 seconds, Stopping threads took: 0.0000980 seconds
2017-08-02T16:05:09.102-0700: 9266.333: Total time for which application threads were stopped: 0.0283270 seconds, Stopping threads took: 0.0269150 seconds
2017-08-02T16:05:10.032-0700: 9267.252: Total time for which application threads were stopped: 0.0015270 seconds, Stopping threads took: 0.0004460 seconds
2017-08-02T16:05:10.070-0700: 9267.295: Total time for which application threads were stopped: 0.0004290 seconds, Stopping threads took: 0.0001450 seconds
{Heap before GC invocations=58 (full 2):
 par new generation   total 109248K, used 96757K [0x00000000e0000000, 0x00000000e8000000, 0x00000000e8000000)
  eden space 87424K, 100% used [0x00000000e0000000, 0x00000000e5560000, 0x00000000e5560000)
  from space 21824K,  42% used [0x00000000e5560000, 0x00000000e5e7d7c0, 0x00000000e6ab0000)
  to   space 21824K,   0% used [0x00000000e6ab0000, 0x00000000e6ab0000, 0x00000000e8000000)
 concurrent mark-sweep generation total 393216K, used 43208K [0x00000000e8000000, 0x0000000100000000, 0x0000000100000000)
 Metaspace       used 66515K, capacity 68188K, committed 68400K, reserved 1110016K
  class space    used 7383K, capacity 7956K, committed 7984K, reserved 1048576K
2017-08-02T16:05:11.138-0700: 9268.354: [GC (Allocation Failure) 2017-08-02T16:05:11.139-0700: 9268.354: [ParNew
Desired survivor size 20112992 bytes, new threshold 8 (max 8)
- age   1:    4202592 bytes,    4202592 total
- age   2:      85352 bytes,    4287944 total
- age   3:    1343576 bytes,    5631520 total
- age   4:    1862064 bytes,    7493584 total
- age   5:      96312 bytes,    7589896 total
- age   6:     298592 bytes,    7888488 total
- age   7:    1631360 bytes,    9519848 total
- age   8:      44368 bytes,    9564216 total
: 96757K->10819K(109248K), 0.0912710 secs] 139966K->54044K(502464K), 0.0914960 secs] [Times: user=0.11 sys=0.22, real=0.09 secs] 
Heap after GC invocations=59 (full 2):
 par new generation   total 109248K, used 10819K [0x00000000e0000000, 0x00000000e8000000, 0x00000000e8000000)
  eden space 87424K,   0% used [0x00000000e0000000, 0x00000000e0000000, 0x00000000e5560000)
  from space 21824K,  49% used [0x00000000e6ab0000, 0x00000000e7540c80, 0x00000000e8000000)
  to   space 21824K,   0% used [0x00000000e5560000, 0x00000000e5560000, 0x00000000e6ab0000)
 concurrent mark-sweep generation total 393216K, used 43225K [0x00000000e8000000, 0x0000000100000000, 0x0000000100000000)
 Metaspace       used 66515K, capacity 68188K, committed 68400K, reserved 1110016K
  class space    used 7383K, capacity 7956K, committed 7984K, reserved 1048576K
}
2017-08-02T16:05:11.230-0700: 9268.446: Total time for which application threads were stopped: 0.0921330 seconds, Stopping threads took: 0.0001270 seconds
2017-08-02T16:05:11.231-0700: 9268.447: Total time for which application threads were stopped: 0.0001450 seconds, Stopping threads took: 0.0000390 seconds
2017-08-02T16:05:14.972-0700: 9272.187: Total time for which application threads were stopped: 0.0002080 seconds, Stopping threads took: 0.0000590 seconds
2017-08-02T16:05:15.853-0700: 9273.069: Total time for which application threads were stopped: 0.0002460 seconds, Stopping threads took: 0.0000610 seconds
2017-08-02T16:05:15.867-0700: 9273.083: Total time for which application threads were stopped: 0.0003250 seconds, Stopping threads took: 0.0001800 seconds
2017-08-02T16:05:15.873-0700: 9273.090: Total time for which application threads were stopped: 0.0002460 seconds, Stopping threads took: 0.0000600 seconds
2017-08-02T16:05:16.151-0700: 9273.368: Total time for which application threads were stopped: 0.0002070 seconds, Stopping threads took: 0.0000560 seconds
2017-08-02T16:05:16.152-0700: 9273.368: Total time for which application threads were stopped: 0.0001130 seconds, Stopping threads took: 0.0000390 seconds
2017-08-02T16:05:16.152-0700: 9273.368: Total time for which application threads were stopped: 0.0001330 seconds, Stopping threads took: 0.0000310 seconds
2017-08-02T16:05:16.154-0700: 9273.370: Total time for which application threads were stopped: 0.0001690 seconds, Stopping threads took: 0.0000480 seconds
2017-08-02T16:05:16.159-0700: 9273.375: Total time for which application threads were stopped: 0.0002150 seconds, Stopping threads took: 0.0000560 seconds
2017-08-02T16:05:16.169-0700: 9273.385: Total time for which application threads were stopped: 0.0001990 seconds, Stopping threads took: 0.0000550 seconds
2017-08-02T16:05:16.169-0700: 9273.386: Total time for which application threads were stopped: 0.0001030 seconds, Stopping threads took: 0.0000300 seconds
2017-08-02T16:05:18.168-0700: 9275.384: Total time for which application threads were stopped: 0.0004420 seconds, Stopping threads took: 0.0001310 seconds
2017-08-02T16:05:18.184-0700: 9275.402: Total time for which application threads were stopped: 0.0003710 seconds, Stopping threads took: 0.0001130 seconds
2017-08-02T16:05:19.187-0700: 9276.403: Total time for which application threads were stopped: 0.0004390 seconds, Stopping threads took: 0.0001420 seconds
2017-08-02T16:05:20.081-0700: 9277.299: Total time for which application threads were stopped: 0.0003440 seconds, Stopping threads took: 0.0001070 seconds
2017-08-02T16:05:20.081-0700: 9277.300: Total time for which application threads were stopped: 0.0002170 seconds, Stopping threads took: 0.0000720 seconds
2017-08-02T16:05:20.081-0700: 9277.300: Total time for which application threads were stopped: 0.0002310 seconds, Stopping threads took: 0.0000820 seconds
2017-08-02T16:05:20.081-0700: 9277.301: Total time for which application threads were stopped: 0.0002330 seconds, Stopping threads took: 0.0000820 seconds
2017-08-02T16:05:20.130-0700: 9277.346: Total time for which application threads were stopped: 0.0003070 seconds, Stopping threads took: 0.0001120 seconds
2017-08-02T16:05:20.130-0700: 9277.347: Total time for which application threads were stopped: 0.0002650 seconds, Stopping threads took: 0.0000990 seconds
2017-08-02T16:05:20.130-0700: 9277.348: Total time for which application threads were stopped: 0.0002540 seconds, Stopping threads took: 0.0000960 seconds
2017-08-02T16:05:20.130-0700: 9277.348: Total time for which application threads were stopped: 0.0002520 seconds, Stopping threads took: 0.0000950 seconds
2017-08-02T16:05:20.469-0700: 9277.693: Total time for which application threads were stopped: 0.0003400 seconds, Stopping threads took: 0.0001060 seconds
2017-08-02T16:05:20.469-0700: 9277.693: Total time for which application threads were stopped: 0.0002930 seconds, Stopping threads took: 0.0000830 seconds
2017-08-02T16:05:20.469-0700: 9277.695: Total time for which application threads were stopped: 0.0002360 seconds, Stopping threads took: 0.0000830 seconds
2017-08-02T16:05:20.519-0700: 9277.735: Total time for which application threads were stopped: 0.0003930 seconds, Stopping threads took: 0.0001160 seconds
2017-08-02T16:05:21.519-0700: 9278.736: Total time for which application threads were stopped: 0.0003110 seconds, Stopping threads took: 0.0001410 seconds
2017-08-02T16:05:22.433-0700: 9279.663: Total time for which application threads were stopped: 0.0004890 seconds, Stopping threads took: 0.0002320 seconds
2017-08-02T16:05:22.852-0700: 9280.070: Total time for which application threads were stopped: 0.0004170 seconds, Stopping threads took: 0.0001190 seconds
2017-08-02T16:05:23.855-0700: 9281.071: Total time for which application threads were stopped: 0.0003160 seconds, Stopping threads took: 0.0001370 seconds
2017-08-02T16:05:24.566-0700: 9281.786: Total time for which application threads were stopped: 0.0003380 seconds, Stopping threads took: 0.0001160 seconds
2017-08-02T16:05:24.970-0700: 9282.188: Total time for which application threads were stopped: 0.0003590 seconds, Stopping threads took: 0.0001070 seconds
2017-08-02T16:05:26.974-0700: 9284.191: Total time for which application threads were stopped: 0.0006160 seconds, Stopping threads took: 0.0003330 seconds
2017-08-02T16:05:26.989-0700: 9284.215: Total time for which application threads were stopped: 0.0006420 seconds, Stopping threads took: 0.0003180 seconds
2017-08-02T16:05:27.503-0700: 9284.722: Total time for which application threads were stopped: 0.0003750 seconds, Stopping threads took: 0.0001110 seconds
2017-08-02T16:05:29.300-0700: 9286.524: Total time for which application threads were stopped: 0.0003210 seconds, Stopping threads took: 0.0001040 seconds
2017-08-02T16:05:29.778-0700: 9286.994: Total time for which application threads were stopped: 0.0003760 seconds, Stopping threads took: 0.0001220 seconds
2017-08-02T16:05:30.778-0700: 9287.995: Total time for which application threads were stopped: 0.0003120 seconds, Stopping threads took: 0.0001310 seconds
2017-08-02T16:05:31.534-0700: 9288.750: Total time for which application threads were stopped: 0.0003610 seconds, Stopping threads took: 0.0001500 seconds
2017-08-02T16:05:32.021-0700: 9289.240: Total time for which application threads were stopped: 0.0003890 seconds, Stopping threads took: 0.0001160 seconds
2017-08-02T16:05:33.024-0700: 9290.240: Total time for which application threads were stopped: 0.0003140 seconds, Stopping threads took: 0.0001410 seconds
2017-08-02T16:05:33.817-0700: 9291.033: Total time for which application threads were stopped: 0.0004610 seconds, Stopping threads took: 0.0001400 seconds
2017-08-02T16:05:34.304-0700: 9291.522: Total time for which application threads were stopped: 0.0003970 seconds, Stopping threads took: 0.0001160 seconds
{Heap before GC invocations=59 (full 2):
 par new generation   total 109248K, used 98234K [0x00000000e0000000, 0x00000000e8000000, 0x00000000e8000000)
  eden space 87424K,  99% used [0x00000000e0000000, 0x00000000e555dd30, 0x00000000e5560000)
  from space 21824K,  49% used [0x00000000e6ab0000, 0x00000000e7540c80, 0x00000000e8000000)
  to   space 21824K,   0% used [0x00000000e5560000, 0x00000000e5560000, 0x00000000e6ab0000)
 concurrent mark-sweep generation total 393216K, used 43225K [0x00000000e8000000, 0x0000000100000000, 0x0000000100000000)
 Metaspace       used 66552K, capacity 68252K, committed 68400K, reserved 1110016K
  class space    used 7383K, capacity 7956K, committed 7984K, reserved 1048576K
2017-08-02T16:05:35.816-0700: 9293.041: [GC (Allocation Failure) 2017-08-02T16:05:35.816-0700: 9293.041: [ParNew
Desired survivor size 20112992 bytes, new threshold 8 (max 8)
- age   1:    1228040 bytes,    1228040 total
- age   2:    2719528 bytes,    3947568 total
- age   3:      85352 bytes,    4032920 total
- age   4:     538320 bytes,    4571240 total
- age   5:    1654120 bytes,    6225360 total
- age   6:        200 bytes,    6225560 total
- age   7:     162248 bytes,    6387808 total
- age   8:    1630360 bytes,    8018168 total
: 98234K->11859K(109248K), 0.0434940 secs] 141460K->55130K(502464K), 0.0436770 secs] [Times: user=0.11 sys=0.02, real=0.04 secs] 
Heap after GC invocations=60 (full 2):
 par new generation   total 109248K, used 11859K [0x00000000e0000000, 0x00000000e8000000, 0x00000000e8000000)
  eden space 87424K,   0% used [0x00000000e0000000, 0x00000000e0000000, 0x00000000e5560000)
  from space 21824K,  54% used [0x00000000e5560000, 0x00000000e60f4ff0, 0x00000000e6ab0000)
  to   space 21824K,   0% used [0x00000000e6ab0000, 0x00000000e6ab0000, 0x00000000e8000000)
 concurrent mark-sweep generation total 393216K, used 43270K [0x00000000e8000000, 0x0000000100000000, 0x0000000100000000)
 Metaspace       used 66552K, capacity 68252K, committed 68400K, reserved 1110016K
  class space    used 7383K, capacity 7956K, committed 7984K, reserved 1048576K
}
2017-08-02T16:05:35.868-0700: 9293.084: Total time for which application threads were stopped: 0.0444230 seconds, Stopping threads took: 0.0001530 seconds
2017-08-02T16:05:35.871-0700: 9293.091: Total time for which application threads were stopped: 0.0003330 seconds, Stopping threads took: 0.0001040 seconds
2017-08-02T16:05:36.875-0700: 9294.091: Total time for which application threads were stopped: 0.0003800 seconds, Stopping threads took: 0.0001120 seconds
2017-08-02T16:05:44.878-0700: 9302.094: Total time for which application threads were stopped: 0.0002910 seconds, Stopping threads took: 0.0001270 seconds
{Heap before GC invocations=60 (full 2):
 par new generation   total 109248K, used 99283K [0x00000000e0000000, 0x00000000e8000000, 0x00000000e8000000)
  eden space 87424K, 100% used [0x00000000e0000000, 0x00000000e5560000, 0x00000000e5560000)
  from space 21824K,  54% used [0x00000000e5560000, 0x00000000e60f4ff0, 0x00000000e6ab0000)
  to   space 21824K,   0% used [0x00000000e6ab0000, 0x00000000e6ab0000, 0x00000000e8000000)
 concurrent mark-sweep generation total 393216K, used 43270K [0x00000000e8000000, 0x0000000100000000, 0x0000000100000000)
 Metaspace       used 66569K, capacity 68270K, committed 68400K, reserved 1110016K
  class space    used 7385K, capacity 7959K, committed 7984K, reserved 1048576K
2017-08-02T16:06:02.569-0700: 9319.796: [GC (Allocation Failure) 2017-08-02T16:06:02.569-0700: 9319.796: [ParNew
Desired survivor size 20112992 bytes, new threshold 8 (max 8)
- age   1:    1858672 bytes,    1858672 total
- age   2:     852624 bytes,    2711296 total
- age   3:    2072232 bytes,    4783528 total
- age   4:      85352 bytes,    4868880 total
- age   5:     500064 bytes,    5368944 total
- age   6:    1654120 bytes,    7023064 total
- age   7:        200 bytes,    7023264 total
- age   8:     162248 bytes,    7185512 total
: 99283K->9835K(109248K), 0.0171290 secs] 142554K->54739K(502464K), 0.0172150 secs] [Times: user=0.05 sys=0.02, real=0.02 secs] 
Heap after GC invocations=61 (full 2):
 par new generation   total 109248K, used 9835K [0x00000000e0000000, 0x00000000e8000000, 0x00000000e8000000)
  eden space 87424K,   0% used [0x00000000e0000000, 0x00000000e0000000, 0x00000000e5560000)
  from space 21824K,  45% used [0x00000000e6ab0000, 0x00000000e744ae30, 0x00000000e8000000)
  to   space 21824K,   0% used [0x00000000e5560000, 0x00000000e5560000, 0x00000000e6ab0000)
 concurrent mark-sweep generation total 393216K, used 44903K [0x00000000e8000000, 0x0000000100000000, 0x0000000100000000)
 Metaspace       used 66569K, capacity 68270K, committed 68400K, reserved 1110016K
  class space    used 7385K, capacity 7959K, committed 7984K, reserved 1048576K
}
2017-08-02T16:06:02.585-0700: 9319.813: Total time for which application threads were stopped: 0.0175260 seconds, Stopping threads took: 0.0000510 seconds
2017-08-02T16:06:02.585-0700: 9319.813: Total time for which application threads were stopped: 0.0002610 seconds, Stopping threads took: 0.0000960 seconds
{Heap before GC invocations=61 (full 2):
 par new generation   total 109248K, used 97259K [0x00000000e0000000, 0x00000000e8000000, 0x00000000e8000000)
  eden space 87424K, 100% used [0x00000000e0000000, 0x00000000e5560000, 0x00000000e5560000)
  from space 21824K,  45% used [0x00000000e6ab0000, 0x00000000e744ae30, 0x00000000e8000000)
  to   space 21824K,   0% used [0x00000000e5560000, 0x00000000e5560000, 0x00000000e6ab0000)
 concurrent mark-sweep generation total 393216K, used 44903K [0x00000000e8000000, 0x0000000100000000, 0x0000000100000000)
 Metaspace       used 66569K, capacity 68270K, committed 68400K, reserved 1110016K
  class space    used 7385K, capacity 7959K, committed 7984K, reserved 1048576K
2017-08-02T16:06:02.654-0700: 9319.870: [GC (Allocation Failure) 2017-08-02T16:06:02.654-0700: 9319.870: [ParNew
Desired survivor size 20112992 bytes, new threshold 8 (max 8)
- age   1:     162168 bytes,     162168 total
- age   2:    1552544 bytes,    1714712 total
- age   3:     852168 bytes,    2566880 total
- age   4:    2072232 bytes,    4639112 total
- age   5:      85352 bytes,    4724464 total
- age   6:     500064 bytes,    5224528 total
- age   7:    1654120 bytes,    6878648 total
- age   8:        200 bytes,    6878848 total
: 97259K->8133K(109248K), 0.0147220 secs] 142163K->53197K(502464K), 0.0148080 secs] [Times: user=0.00 sys=0.00, real=0.01 secs] 
Heap after GC invocations=62 (full 2):
 par new generation   total 109248K, used 8133K [0x00000000e0000000, 0x00000000e8000000, 0x00000000e8000000)
  eden space 87424K,   0% used [0x00000000e0000000, 0x00000000e0000000, 0x00000000e5560000)
  from space 21824K,  37% used [0x00000000e5560000, 0x00000000e5d516b8, 0x00000000e6ab0000)
  to   space 21824K,   0% used [0x00000000e6ab0000, 0x00000000e6ab0000, 0x00000000e8000000)
 concurrent mark-sweep generation total 393216K, used 45063K [0x00000000e8000000, 0x0000000100000000, 0x0000000100000000)
 Metaspace       used 66569K, capacity 68270K, committed 68400K, reserved 1110016K
  class space    used 7385K, capacity 7959K, committed 7984K, reserved 1048576K
}
2017-08-02T16:06:02.655-0700: 9319.885: Total time for which application threads were stopped: 0.0150880 seconds, Stopping threads took: 0.0000560 seconds
2017-08-02T16:06:02.771-0700: 9319.998: Total time for which application threads were stopped: 0.0002220 seconds, Stopping threads took: 0.0000700 seconds
2017-08-02T16:06:02.887-0700: 9320.117: Total time for which application threads were stopped: 0.0004890 seconds, Stopping threads took: 0.0001720 seconds
2017-08-02T16:06:03.902-0700: 9321.118: Total time for which application threads were stopped: 0.0003490 seconds, Stopping threads took: 0.0001060 seconds
2017-08-02T16:06:03.931-0700: 9321.148: Total time for which application threads were stopped: 0.0003090 seconds, Stopping threads took: 0.0000960 seconds
2017-08-02T16:06:03.931-0700: 9321.149: Total time for which application threads were stopped: 0.0002710 seconds, Stopping threads took: 0.0000840 seconds
2017-08-02T16:06:03.931-0700: 9321.149: Total time for which application threads were stopped: 0.0002500 seconds, Stopping threads took: 0.0000820 seconds
2017-08-02T16:06:03.931-0700: 9321.150: Total time for which application threads were stopped: 0.0002350 seconds, Stopping threads took: 0.0000820 seconds
2017-08-02T16:06:03.931-0700: 9321.151: Total time for which application threads were stopped: 0.0002340 seconds, Stopping threads took: 0.0000820 seconds
2017-08-02T16:06:03.931-0700: 9321.151: Total time for which application threads were stopped: 0.0002350 seconds, Stopping threads took: 0.0000820 seconds
2017-08-02T16:06:03.931-0700: 9321.152: Total time for which application threads were stopped: 0.0002460 seconds, Stopping threads took: 0.0000820 seconds
2017-08-02T16:06:04.936-0700: 9322.153: Total time for which application threads were stopped: 0.0003280 seconds, Stopping threads took: 0.0001360 seconds
2017-08-02T16:06:05.293-0700: 9322.509: Total time for which application threads were stopped: 0.0001340 seconds, Stopping threads took: 0.0000440 seconds
2017-08-02T16:06:05.946-0700: 9323.162: Total time for which application threads were stopped: 0.0004580 seconds, Stopping threads took: 0.0001410 seconds
2017-08-02T16:06:05.947-0700: 9323.163: Total time for which application threads were stopped: 0.0003430 seconds, Stopping threads took: 0.0001020 seconds
2017-08-02T16:06:05.947-0700: 9323.163: Total time for which application threads were stopped: 0.0004220 seconds, Stopping threads took: 0.0001140 seconds
2017-08-02T16:06:05.949-0700: 9323.165: Total time for which application threads were stopped: 0.0003480 seconds, Stopping threads took: 0.0001320 seconds
2017-08-02T16:06:05.950-0700: 9323.166: Total time for which application threads were stopped: 0.0003640 seconds, Stopping threads took: 0.0001840 seconds
2017-08-02T16:06:05.951-0700: 9323.167: Total time for which application threads were stopped: 0.0006690 seconds, Stopping threads took: 0.0004540 seconds
2017-08-02T16:06:05.952-0700: 9323.168: Total time for which application threads were stopped: 0.0003230 seconds, Stopping threads took: 0.0001600 seconds
2017-08-02T16:06:05.953-0700: 9323.169: Total time for which application threads were stopped: 0.0003130 seconds, Stopping threads took: 0.0001620 seconds
2017-08-02T16:06:05.953-0700: 9323.169: Total time for which application threads were stopped: 0.0002930 seconds, Stopping threads took: 0.0001430 seconds
2017-08-02T16:06:05.976-0700: 9323.192: Total time for which application threads were stopped: 0.0004850 seconds, Stopping threads took: 0.0001060 seconds
2017-08-02T16:06:05.978-0700: 9323.194: Total time for which application threads were stopped: 0.0003070 seconds, Stopping threads took: 0.0000900 seconds
2017-08-02T16:06:06.980-0700: 9324.196: Total time for which application threads were stopped: 0.0001770 seconds, Stopping threads took: 0.0000690 seconds
2017-08-02T16:06:06.986-0700: 9324.202: Total time for which application threads were stopped: 0.0002320 seconds, Stopping threads took: 0.0000520 seconds
2017-08-02T16:06:06.987-0700: 9324.202: Total time for which application threads were stopped: 0.0000990 seconds, Stopping threads took: 0.0000330 seconds
2017-08-02T16:06:06.987-0700: 9324.203: Total time for which application threads were stopped: 0.0001010 seconds, Stopping threads took: 0.0000300 seconds
2017-08-02T16:06:06.988-0700: 9324.204: Total time for which application threads were stopped: 0.0001480 seconds, Stopping threads took: 0.0000430 seconds
2017-08-02T16:06:06.989-0700: 9324.205: Total time for which application threads were stopped: 0.0001400 seconds, Stopping threads took: 0.0000390 seconds
2017-08-02T16:06:07.002-0700: 9324.218: Total time for which application threads were stopped: 0.0002030 seconds, Stopping threads took: 0.0000660 seconds
2017-08-02T16:06:07.002-0700: 9324.218: Total time for which application threads were stopped: 0.0000970 seconds, Stopping threads took: 0.0000320 seconds
{Heap before GC invocations=62 (full 2):
 par new generation   total 109248K, used 95557K [0x00000000e0000000, 0x00000000e8000000, 0x00000000e8000000)
  eden space 87424K, 100% used [0x00000000e0000000, 0x00000000e5560000, 0x00000000e5560000)
  from space 21824K,  37% used [0x00000000e5560000, 0x00000000e5d516b8, 0x00000000e6ab0000)
  to   space 21824K,   0% used [0x00000000e6ab0000, 0x00000000e6ab0000, 0x00000000e8000000)
 concurrent mark-sweep generation total 393216K, used 45063K [0x00000000e8000000, 0x0000000100000000, 0x0000000100000000)
 Metaspace       used 68028K, capacity 69722K, committed 69936K, reserved 1112064K
  class space    used 7540K, capacity 8127K, committed 8240K, reserved 1048576K
2017-08-02T16:06:07.724-0700: 9324.940: [GC (Allocation Failure) 2017-08-02T16:06:07.724-0700: 9324.940: [ParNew
Desired survivor size 20112992 bytes, new threshold 8 (max 8)
- age   1:    5401216 bytes,    5401216 total
- age   2:      92688 bytes,    5493904 total
- age   3:     805800 bytes,    6299704 total
- age   4:     423008 bytes,    6722712 total
- age   5:    2063216 bytes,    8785928 total
- age   6:      85352 bytes,    8871280 total
- age   7:     471208 bytes,    9342488 total
- age   8:    1653960 bytes,   10996448 total
: 95557K->14855K(109248K), 0.0394200 secs] 140621K->59918K(502464K), 0.0396130 secs] [Times: user=0.13 sys=0.00, real=0.04 secs] 
Heap after GC invocations=63 (full 2):
 par new generation   total 109248K, used 14855K [0x00000000e0000000, 0x00000000e8000000, 0x00000000e8000000)
  eden space 87424K,   0% used [0x00000000e0000000, 0x00000000e0000000, 0x00000000e5560000)
  from space 21824K,  68% used [0x00000000e6ab0000, 0x00000000e7931c00, 0x00000000e8000000)
  to   space 21824K,   0% used [0x00000000e5560000, 0x00000000e5560000, 0x00000000e6ab0000)
 concurrent mark-sweep generation total 393216K, used 45063K [0x00000000e8000000, 0x0000000100000000, 0x0000000100000000)
 Metaspace       used 68028K, capacity 69722K, committed 69936K, reserved 1112064K
  class space    used 7540K, capacity 8127K, committed 8240K, reserved 1048576K
}
2017-08-02T16:06:07.757-0700: 9324.980: Total time for which application threads were stopped: 0.0402740 seconds, Stopping threads took: 0.0001100 seconds
2017-08-02T16:06:07.757-0700: 9324.981: Total time for which application threads were stopped: 0.0002630 seconds, Stopping threads took: 0.0000920 seconds
2017-08-02T16:06:08.765-0700: 9325.982: Total time for which application threads were stopped: 0.0004230 seconds, Stopping threads took: 0.0001360 seconds
2017-08-02T16:06:08.828-0700: 9326.047: Total time for which application threads were stopped: 0.0003440 seconds, Stopping threads took: 0.0001130 seconds
2017-08-02T16:06:08.828-0700: 9326.047: Total time for which application threads were stopped: 0.0002360 seconds, Stopping threads took: 0.0000830 seconds
2017-08-02T16:06:08.828-0700: 9326.048: Total time for which application threads were stopped: 0.0002320 seconds, Stopping threads took: 0.0000820 seconds
2017-08-02T16:06:08.844-0700: 9326.068: Total time for which application threads were stopped: 0.0005300 seconds, Stopping threads took: 0.0002540 seconds
2017-08-02T16:06:08.844-0700: 9326.069: Total time for which application threads were stopped: 0.0003300 seconds, Stopping threads took: 0.0001110 seconds
2017-08-02T16:06:08.844-0700: 9326.070: Total time for which application threads were stopped: 0.0004780 seconds, Stopping threads took: 0.0003060 seconds
2017-08-02T16:06:08.844-0700: 9326.071: Total time for which application threads were stopped: 0.0003970 seconds, Stopping threads took: 0.0002240 seconds
2017-08-02T16:06:08.844-0700: 9326.072: Total time for which application threads were stopped: 0.0004040 seconds, Stopping threads took: 0.0002320 seconds
2017-08-02T16:06:08.844-0700: 9326.072: Total time for which application threads were stopped: 0.0004020 seconds, Stopping threads took: 0.0002310 seconds
2017-08-02T16:06:08.844-0700: 9326.073: Total time for which application threads were stopped: 0.0004060 seconds, Stopping threads took: 0.0002350 seconds
2017-08-02T16:06:08.844-0700: 9326.074: Total time for which application threads were stopped: 0.0003990 seconds, Stopping threads took: 0.0002270 seconds
2017-08-02T16:06:08.844-0700: 9326.074: Total time for which application threads were stopped: 0.0003610 seconds, Stopping threads took: 0.0001970 seconds
2017-08-02T16:06:08.844-0700: 9326.075: Total time for which application threads were stopped: 0.0004460 seconds, Stopping threads took: 0.0002280 seconds
2017-08-02T16:06:08.860-0700: 9326.076: Total time for which application threads were stopped: 0.0004640 seconds, Stopping threads took: 0.0002280 seconds
2017-08-02T16:06:09.322-0700: 9326.538: Total time for which application threads were stopped: 0.0003500 seconds, Stopping threads took: 0.0001100 seconds
2017-08-02T16:06:09.328-0700: 9326.543: Total time for which application threads were stopped: 0.0003190 seconds, Stopping threads took: 0.0001040 seconds
2017-08-02T16:06:09.363-0700: 9326.579: Total time for which application threads were stopped: 0.0003670 seconds, Stopping threads took: 0.0001090 seconds
2017-08-02T16:06:09.385-0700: 9326.603: Total time for which application threads were stopped: 0.0003680 seconds, Stopping threads took: 0.0001100 seconds
2017-08-02T16:06:11.366-0700: 9328.582: Total time for which application threads were stopped: 0.0003310 seconds, Stopping threads took: 0.0001070 seconds
2017-08-02T16:06:11.367-0700: 9328.583: Total time for which application threads were stopped: 0.0002190 seconds, Stopping threads took: 0.0000720 seconds
2017-08-02T16:06:11.380-0700: 9328.607: Total time for which application threads were stopped: 0.0009030 seconds, Stopping threads took: 0.0002710 seconds
2017-08-02T16:06:11.850-0700: 9329.069: Total time for which application threads were stopped: 0.0003910 seconds, Stopping threads took: 0.0001110 seconds
2017-08-02T16:06:11.850-0700: 9329.073: Total time for which application threads were stopped: 0.0003940 seconds, Stopping threads took: 0.0000970 seconds
2017-08-02T16:06:11.900-0700: 9329.117: Total time for which application threads were stopped: 0.0003680 seconds, Stopping threads took: 0.0001140 seconds
2017-08-02T16:06:13.597-0700: 9330.818: Total time for which application threads were stopped: 0.0004440 seconds, Stopping threads took: 0.0001580 seconds
2017-08-02T16:06:13.597-0700: 9330.819: Total time for which application threads were stopped: 0.0003250 seconds, Stopping threads took: 0.0001380 seconds
2017-08-02T16:06:14.045-0700: 9331.261: Total time for which application threads were stopped: 0.0003560 seconds, Stopping threads took: 0.0001070 seconds
2017-08-02T16:06:14.081-0700: 9331.299: Total time for which application threads were stopped: 0.0003530 seconds, Stopping threads took: 0.0001120 seconds
2017-08-02T16:06:15.893-0700: 9333.116: Total time for which application threads were stopped: 0.0003560 seconds, Stopping threads took: 0.0001260 seconds
2017-08-02T16:06:16.339-0700: 9333.560: Total time for which application threads were stopped: 0.0003250 seconds, Stopping threads took: 0.0001040 seconds
2017-08-02T16:06:16.397-0700: 9333.615: Total time for which application threads were stopped: 0.0004830 seconds, Stopping threads took: 0.0002040 seconds
2017-08-02T16:06:18.241-0700: 9335.464: Total time for which application threads were stopped: 0.0004030 seconds, Stopping threads took: 0.0001770 seconds
2017-08-02T16:06:18.715-0700: 9335.933: Total time for which application threads were stopped: 0.0004250 seconds, Stopping threads took: 0.0001360 seconds
2017-08-02T16:06:18.775-0700: 9335.991: Total time for which application threads were stopped: 0.0003880 seconds, Stopping threads took: 0.0001090 seconds
2017-08-02T16:06:20.611-0700: 9337.830: Total time for which application threads were stopped: 0.0003500 seconds, Stopping threads took: 0.0001140 seconds
2017-08-02T16:06:21.140-0700: 9338.357: Total time for which application threads were stopped: 0.0001660 seconds, Stopping threads took: 0.0000490 seconds
2017-08-02T16:06:21.178-0700: 9338.394: Total time for which application threads were stopped: 0.0003850 seconds, Stopping threads took: 0.0001150 seconds
2017-08-02T16:06:22.179-0700: 9339.395: Total time for which application threads were stopped: 0.0005600 seconds, Stopping threads took: 0.0003530 seconds
2017-08-02T16:06:22.878-0700: 9340.103: Total time for which application threads were stopped: 0.0003400 seconds, Stopping threads took: 0.0001100 seconds
2017-08-02T16:06:23.363-0700: 9340.579: Total time for which application threads were stopped: 0.0003710 seconds, Stopping threads took: 0.0001020 seconds
2017-08-02T16:06:23.417-0700: 9340.635: Total time for which application threads were stopped: 0.0003550 seconds, Stopping threads took: 0.0001080 seconds
2017-08-02T16:06:24.419-0700: 9341.635: Total time for which application threads were stopped: 0.0003120 seconds, Stopping threads took: 0.0001420 seconds
2017-08-02T16:06:25.129-0700: 9342.351: Total time for which application threads were stopped: 0.0005250 seconds, Stopping threads took: 0.0002130 seconds
2017-08-02T16:06:25.583-0700: 9342.803: Total time for which application threads were stopped: 0.0003430 seconds, Stopping threads took: 0.0001010 seconds
2017-08-02T16:06:25.633-0700: 9342.851: Total time for which application threads were stopped: 0.0004850 seconds, Stopping threads took: 0.0002230 seconds
2017-08-02T16:06:27.223-0700: 9344.439: Total time for which application threads were stopped: 0.0003610 seconds, Stopping threads took: 0.0001220 seconds
2017-08-02T16:06:27.691-0700: 9344.907: Total time for which application threads were stopped: 0.0003640 seconds, Stopping threads took: 0.0001080 seconds
2017-08-02T16:06:28.691-0700: 9345.907: Total time for which application threads were stopped: 0.0003730 seconds, Stopping threads took: 0.0001330 seconds
{Heap before GC invocations=63 (full 2):
 par new generation   total 109248K, used 102279K [0x00000000e0000000, 0x00000000e8000000, 0x00000000e8000000)
  eden space 87424K, 100% used [0x00000000e0000000, 0x00000000e5560000, 0x00000000e5560000)
  from space 21824K,  68% used [0x00000000e6ab0000, 0x00000000e7931c00, 0x00000000e8000000)
  to   space 21824K,   0% used [0x00000000e5560000, 0x00000000e5560000, 0x00000000e6ab0000)
 concurrent mark-sweep generation total 393216K, used 45063K [0x00000000e8000000, 0x0000000100000000, 0x0000000100000000)
 Metaspace       used 68086K, capacity 69858K, committed 70192K, reserved 1112064K
  class space    used 7543K, capacity 8131K, committed 8240K, reserved 1048576K
2017-08-02T16:06:38.205-0700: 9355.429: [GC (Allocation Failure) 2017-08-02T16:06:38.205-0700: 9355.429: [ParNew
Desired survivor size 20112992 bytes, new threshold 8 (max 8)
- age   1:    1038072 bytes,    1038072 total
- age   2:    2523272 bytes,    3561344 total
- age   3:      92688 bytes,    3654032 total
- age   4:     337800 bytes,    3991832 total
- age   5:     162632 bytes,    4154464 total
- age   6:    1882224 bytes,    6036688 total
- age   7:       3352 bytes,    6040040 total
- age   8:     313624 bytes,    6353664 total
: 102279K->8268K(109248K), 0.0183670 secs] 147342K->54989K(502464K), 0.0184620 secs] [Times: user=0.08 sys=0.00, real=0.02 secs] 
Heap after GC invocations=64 (full 2):
 par new generation   total 109248K, used 8268K [0x00000000e0000000, 0x00000000e8000000, 0x00000000e8000000)
  eden space 87424K,   0% used [0x00000000e0000000, 0x00000000e0000000, 0x00000000e5560000)
  from space 21824K,  37% used [0x00000000e5560000, 0x00000000e5d73330, 0x00000000e6ab0000)
  to   space 21824K,   0% used [0x00000000e6ab0000, 0x00000000e6ab0000, 0x00000000e8000000)
 concurrent mark-sweep generation total 393216K, used 46721K [0x00000000e8000000, 0x0000000100000000, 0x0000000100000000)
 Metaspace       used 68086K, capacity 69858K, committed 70192K, reserved 1112064K
  class space    used 7543K, capacity 8131K, committed 8240K, reserved 1048576K
}
2017-08-02T16:06:38.231-0700: 9355.447: Total time for which application threads were stopped: 0.0187440 seconds, Stopping threads took: 0.0000380 seconds
{Heap before GC invocations=64 (full 2):
 par new generation   total 109248K, used 95692K [0x00000000e0000000, 0x00000000e8000000, 0x00000000e8000000)
  eden space 87424K, 100% used [0x00000000e0000000, 0x00000000e5560000, 0x00000000e5560000)
  from space 21824K,  37% used [0x00000000e5560000, 0x00000000e5d73330, 0x00000000e6ab0000)
  to   space 21824K,   0% used [0x00000000e6ab0000, 0x00000000e6ab0000, 0x00000000e8000000)
 concurrent mark-sweep generation total 393216K, used 46721K [0x00000000e8000000, 0x0000000100000000, 0x0000000100000000)
 Metaspace       used 68097K, capacity 69858K, committed 70192K, reserved 1112064K
  class space    used 7543K, capacity 8131K, committed 8240K, reserved 1048576K
2017-08-02T16:06:38.357-0700: 9355.580: [GC (Allocation Failure) 2017-08-02T16:06:38.357-0700: 9355.580: [ParNew
Desired survivor size 20112992 bytes, new threshold 8 (max 8)
- age   1:    1407704 bytes,    1407704 total
- age   2:    1015432 bytes,    2423136 total
- age   3:    2049320 bytes,    4472456 total
- age   4:      92688 bytes,    4565144 total
- age   5:     326888 bytes,    4892032 total
- age   6:     162552 bytes,    5054584 total
- age   7:    1882224 bytes,    6936808 total
- age   8:       3352 bytes,    6940160 total
: 95692K->7409K(109248K), 0.0293090 secs] 142413K->54440K(502464K), 0.0294490 secs] [Times: user=0.07 sys=0.02, real=0.03 secs] 
Heap after GC invocations=65 (full 2):
 par new generation   total 109248K, used 7409K [0x00000000e0000000, 0x00000000e8000000, 0x00000000e8000000)
  eden space 87424K,   0% used [0x00000000e0000000, 0x00000000e0000000, 0x00000000e5560000)
  from space 21824K,  33% used [0x00000000e6ab0000, 0x00000000e71ec780, 0x00000000e8000000)
  to   space 21824K,   0% used [0x00000000e5560000, 0x00000000e5560000, 0x00000000e6ab0000)
 concurrent mark-sweep generation total 393216K, used 47030K [0x00000000e8000000, 0x0000000100000000, 0x0000000100000000)
 Metaspace       used 68097K, capacity 69858K, committed 70192K, reserved 1112064K
  class space    used 7543K, capacity 8131K, committed 8240K, reserved 1048576K
}
2017-08-02T16:06:38.391-0700: 9355.609: Total time for which application threads were stopped: 0.0299450 seconds, Stopping threads took: 0.0000730 seconds
2017-08-02T16:06:38.391-0700: 9355.610: Total time for which application threads were stopped: 0.0007060 seconds, Stopping threads took: 0.0001930 seconds
{Heap before GC invocations=65 (full 2):
 par new generation   total 109248K, used 94833K [0x00000000e0000000, 0x00000000e8000000, 0x00000000e8000000)
  eden space 87424K, 100% used [0x00000000e0000000, 0x00000000e5560000, 0x00000000e5560000)
  from space 21824K,  33% used [0x00000000e6ab0000, 0x00000000e71ec780, 0x00000000e8000000)
  to   space 21824K,   0% used [0x00000000e5560000, 0x00000000e5560000, 0x00000000e6ab0000)
 concurrent mark-sweep generation total 393216K, used 47030K [0x00000000e8000000, 0x0000000100000000, 0x0000000100000000)
 Metaspace       used 68098K, capacity 69858K, committed 70192K, reserved 1112064K
  class space    used 7543K, capacity 8131K, committed 8240K, reserved 1048576K
2017-08-02T16:06:38.509-0700: 9355.735: [GC (Allocation Failure) 2017-08-02T16:06:38.509-0700: 9355.735: [ParNew
Desired survivor size 20112992 bytes, new threshold 8 (max 8)
- age   1:     621752 bytes,     621752 total
- age   2:    1216008 bytes,    1837760 total
- age   3:    1015432 bytes,    2853192 total
- age   4:    2049320 bytes,    4902512 total
- age   5:      92688 bytes,    4995200 total
- age   6:     326888 bytes,    5322088 total
- age   7:     162552 bytes,    5484640 total
- age   8:    1882224 bytes,    7366864 total
: 94833K->10516K(109248K), 0.0338820 secs] 141864K->57550K(502464K), 0.0340800 secs] [Times: user=0.12 sys=0.00, real=0.04 secs] 
Heap after GC invocations=66 (full 2):
 par new generation   total 109248K, used 10516K [0x00000000e0000000, 0x00000000e8000000, 0x00000000e8000000)
  eden space 87424K,   0% used [0x00000000e0000000, 0x00000000e0000000, 0x00000000e5560000)
  from space 21824K,  48% used [0x00000000e5560000, 0x00000000e5fa51d8, 0x00000000e6ab0000)
  to   space 21824K,   0% used [0x00000000e6ab0000, 0x00000000e6ab0000, 0x00000000e8000000)
 concurrent mark-sweep generation total 393216K, used 47034K [0x00000000e8000000, 0x0000000100000000, 0x0000000100000000)
 Metaspace       used 68098K, capacity 69858K, committed 70192K, reserved 1112064K
  class space    used 7543K, capacity 8131K, committed 8240K, reserved 1048576K
}
2017-08-02T16:06:38.543-0700: 9355.769: Total time for which application threads were stopped: 0.0348080 seconds, Stopping threads took: 0.0001220 seconds
2017-08-02T16:06:38.814-0700: 9356.044: Total time for which application threads were stopped: 0.0005520 seconds, Stopping threads took: 0.0002400 seconds
2017-08-02T16:06:38.932-0700: 9356.149: Total time for which application threads were stopped: 0.0011110 seconds, Stopping threads took: 0.0001120 seconds
2017-08-02T16:06:39.000-0700: 9356.225: Total time for which application threads were stopped: 0.0005690 seconds, Stopping threads took: 0.0001420 seconds
2017-08-02T16:06:39.000-0700: 9356.227: Total time for which application threads were stopped: 0.0003090 seconds, Stopping threads took: 0.0001030 seconds
2017-08-02T16:06:39.460-0700: 9356.676: Total time for which application threads were stopped: 0.0004040 seconds, Stopping threads took: 0.0001070 seconds
2017-08-02T16:06:39.579-0700: 9356.801: Total time for which application threads were stopped: 0.0003650 seconds, Stopping threads took: 0.0001110 seconds
2017-08-02T16:06:39.866-0700: 9357.090: Total time for which application threads were stopped: 0.0004170 seconds, Stopping threads took: 0.0001760 seconds
2017-08-02T16:06:40.049-0700: 9357.269: Total time for which application threads were stopped: 0.0006050 seconds, Stopping threads took: 0.0001130 seconds
2017-08-02T16:06:40.553-0700: 9357.769: [GC (CMS Initial Mark) [1 CMS-initial-mark: 47034K(393216K)] 126655K(502464K), 0.0448320 secs] [Times: user=0.17 sys=0.00, real=0.04 secs] 
2017-08-02T16:06:40.589-0700: 9357.814: Total time for which application threads were stopped: 0.0452610 seconds, Stopping threads took: 0.0001190 seconds
2017-08-02T16:06:40.589-0700: 9357.814: [CMS-concurrent-mark-start]
2017-08-02T16:06:40.623-0700: 9357.839: [CMS-concurrent-mark: 0.025/0.025 secs] [Times: user=0.11 sys=0.00, real=0.03 secs] 
2017-08-02T16:06:40.623-0700: 9357.839: [CMS-concurrent-preclean-start]
2017-08-02T16:06:40.626-0700: 9357.842: [CMS-concurrent-preclean: 0.002/0.002 secs] [Times: user=0.00 sys=0.00, real=0.00 secs] 
2017-08-02T16:06:40.626-0700: 9357.842: [CMS-concurrent-abortable-preclean-start]
2017-08-02T16:06:41.125-0700: 9358.341: Total time for which application threads were stopped: 0.0002460 seconds, Stopping threads took: 0.0000350 seconds
2017-08-02T16:06:41.267-0700: 9358.493: Total time for which application threads were stopped: 0.0003190 seconds, Stopping threads took: 0.0001050 seconds
2017-08-02T16:06:41.812-0700: 9359.028: Total time for which application threads were stopped: 0.0008900 seconds, Stopping threads took: 0.0001390 seconds
2017-08-02T16:06:41.833-0700: 9359.049: Total time for which application threads were stopped: 0.0003410 seconds, Stopping threads took: 0.0001180 seconds
2017-08-02T16:06:42.240-0700: 9359.456: Total time for which application threads were stopped: 0.0003540 seconds, Stopping threads took: 0.0001090 seconds
2017-08-02T16:06:42.241-0700: 9359.457: Total time for which application threads were stopped: 0.0002880 seconds, Stopping threads took: 0.0001230 seconds
2017-08-02T16:06:42.242-0700: 9359.458: Total time for which application threads were stopped: 0.0004160 seconds, Stopping threads took: 0.0001510 seconds
2017-08-02T16:06:42.242-0700: 9359.458: Total time for which application threads were stopped: 0.0003110 seconds, Stopping threads took: 0.0001510 seconds
2017-08-02T16:06:42.243-0700: 9359.459: Total time for which application threads were stopped: 0.0003290 seconds, Stopping threads took: 0.0001440 seconds
2017-08-02T16:06:42.244-0700: 9359.460: Total time for which application threads were stopped: 0.0003810 seconds, Stopping threads took: 0.0001280 seconds
2017-08-02T16:06:42.245-0700: 9359.461: Total time for which application threads were stopped: 0.0004670 seconds, Stopping threads took: 0.0002510 seconds
2017-08-02T16:06:42.246-0700: 9359.461: Total time for which application threads were stopped: 0.0004160 seconds, Stopping threads took: 0.0001970 seconds
2017-08-02T16:06:42.246-0700: 9359.462: Total time for which application threads were stopped: 0.0004020 seconds, Stopping threads took: 0.0001970 seconds
2017-08-02T16:06:42.260-0700: 9359.475: Total time for which application threads were stopped: 0.0006430 seconds, Stopping threads took: 0.0003210 seconds
2017-08-02T16:06:43.271-0700: 9360.488: Total time for which application threads were stopped: 0.0004440 seconds, Stopping threads took: 0.0001660 seconds
2017-08-02T16:06:44.276-0700: 9361.492: Total time for which application threads were stopped: 0.0002710 seconds, Stopping threads took: 0.0001080 seconds
2017-08-02T16:06:44.610-0700: 9361.827: Total time for which application threads were stopped: 0.0002030 seconds, Stopping threads took: 0.0000550 seconds
2017-08-02T16:06:44.610-0700: 9361.827: Total time for which application threads were stopped: 0.0001260 seconds, Stopping threads took: 0.0000390 seconds
2017-08-02T16:06:44.610-0700: 9361.828: Total time for which application threads were stopped: 0.0001280 seconds, Stopping threads took: 0.0000390 seconds
2017-08-02T16:06:44.610-0700: 9361.829: Total time for which application threads were stopped: 0.0001230 seconds, Stopping threads took: 0.0000360 seconds
2017-08-02T16:06:44.610-0700: 9361.829: Total time for which application threads were stopped: 0.0000670 seconds, Stopping threads took: 0.0000210 seconds
2017-08-02T16:06:44.626-0700: 9361.842: Total time for which application threads were stopped: 0.0001480 seconds, Stopping threads took: 0.0000470 seconds
2017-08-02T16:06:44.626-0700: 9361.842: Total time for which application threads were stopped: 0.0001640 seconds, Stopping threads took: 0.0000280 seconds
2017-08-02T16:06:44.642-0700: 9361.858: Total time for which application threads were stopped: 0.0001660 seconds, Stopping threads took: 0.0000640 seconds
{Heap before GC invocations=66 (full 3):
 par new generation   total 109248K, used 97940K [0x00000000e0000000, 0x00000000e8000000, 0x00000000e8000000)
  eden space 87424K, 100% used [0x00000000e0000000, 0x00000000e5560000, 0x00000000e5560000)
  from space 21824K,  48% used [0x00000000e5560000, 0x00000000e5fa51d8, 0x00000000e6ab0000)
  to   space 21824K,   0% used [0x00000000e6ab0000, 0x00000000e6ab0000, 0x00000000e8000000)
 concurrent mark-sweep generation total 393216K, used 47034K [0x00000000e8000000, 0x0000000100000000, 0x0000000100000000)
 Metaspace       used 69557K, capacity 71310K, committed 71368K, reserved 1112064K
  class space    used 7698K, capacity 8299K, committed 8316K, reserved 1048576K
2017-08-02T16:06:45.519-0700: 9362.736: [GC (Allocation Failure) 2017-08-02T16:06:45.519-0700: 9362.736: [ParNew
Desired survivor size 20112992 bytes, new threshold 8 (max 8)
- age   1:    5525312 bytes,    5525312 total
- age   2:      93816 bytes,    5619128 total
- age   3:     588320 bytes,    6207448 total
- age   4:     463704 bytes,    6671152 total
- age   5:    2035048 bytes,    8706200 total
- age   6:      92688 bytes,    8798888 total
- age   7:     326856 bytes,    9125744 total
- age   8:     154920 bytes,    9280664 total
: 97940K->10500K(109248K), 0.0473660 secs] 144974K->59418K(502464K), 0.0475360 secs] [Times: user=0.11 sys=0.01, real=0.05 secs] 
Heap after GC invocations=67 (full 3):
 par new generation   total 109248K, used 10500K [0x00000000e0000000, 0x00000000e8000000, 0x00000000e8000000)
  eden space 87424K,   0% used [0x00000000e0000000, 0x00000000e0000000, 0x00000000e5560000)
  from space 21824K,  48% used [0x00000000e6ab0000, 0x00000000e74f11e0, 0x00000000e8000000)
  to   space 21824K,   0% used [0x00000000e5560000, 0x00000000e5560000, 0x00000000e6ab0000)
 concurrent mark-sweep generation total 393216K, used 48918K [0x00000000e8000000, 0x0000000100000000, 0x0000000100000000)
 Metaspace       used 69557K, capacity 71310K, committed 71368K, reserved 1112064K
  class space    used 7698K, capacity 8299K, committed 8316K, reserved 1048576K
}
2017-08-02T16:06:45.552-0700: 9362.783: Total time for which application threads were stopped: 0.0481180 seconds, Stopping threads took: 0.0001110 seconds
2017-08-02T16:06:45.568-0700: 9362.785: Total time for which application threads were stopped: 0.0001890 seconds, Stopping threads took: 0.0000630 seconds
2017-08-02T16:06:46.404-0700: 9363.620: Total time for which application threads were stopped: 0.0007550 seconds, Stopping threads took: 0.0002270 seconds
2017-08-02T16:06:46.405-0700: 9363.621: Total time for which application threads were stopped: 0.0005190 seconds, Stopping threads took: 0.0003320 seconds
2017-08-02T16:06:46.406-0700: 9363.622: Total time for which application threads were stopped: 0.0004340 seconds, Stopping threads took: 0.0002540 seconds
2017-08-02T16:06:46.425-0700: 9363.647: Total time for which application threads were stopped: 0.0004480 seconds, Stopping threads took: 0.0001250 seconds
2017-08-02T16:06:46.425-0700: 9363.648: Total time for which application threads were stopped: 0.0003420 seconds, Stopping threads took: 0.0001060 seconds
2017-08-02T16:06:46.425-0700: 9363.649: Total time for which application threads were stopped: 0.0003850 seconds, Stopping threads took: 0.0002020 seconds
2017-08-02T16:06:46.425-0700: 9363.650: Total time for which application threads were stopped: 0.0002510 seconds, Stopping threads took: 0.0001040 seconds
2017-08-02T16:06:46.425-0700: 9363.650: Total time for which application threads were stopped: 0.0003890 seconds, Stopping threads took: 0.0002060 seconds
2017-08-02T16:06:46.425-0700: 9363.651: Total time for which application threads were stopped: 0.0002350 seconds, Stopping threads took: 0.0000880 seconds
2017-08-02T16:06:46.425-0700: 9363.651: Total time for which application threads were stopped: 0.0002130 seconds, Stopping threads took: 0.0000730 seconds
2017-08-02T16:06:46.425-0700: 9363.652: Total time for which application threads were stopped: 0.0003020 seconds, Stopping threads took: 0.0000740 seconds
2017-08-02T16:06:46.425-0700: 9363.653: Total time for which application threads were stopped: 0.0003840 seconds, Stopping threads took: 0.0002010 seconds
2017-08-02T16:06:46.425-0700: 9363.653: Total time for which application threads were stopped: 0.0002300 seconds, Stopping threads took: 0.0000830 seconds
2017-08-02T16:06:46.425-0700: 9363.654: Total time for which application threads were stopped: 0.0002710 seconds, Stopping threads took: 0.0000760 seconds
 CMS: abort preclean due to time 2017-08-02T16:06:46.666-0700: 9363.882: [CMS-concurrent-abortable-preclean: 4.057/6.040 secs] [Times: user=5.03 sys=0.15, real=6.04 secs] 
2017-08-02T16:06:46.670-0700: 9363.887: [GC (CMS Final Remark) [YG occupancy: 16981 K (109248 K)]{Heap before GC invocations=67 (full 3):
 par new generation   total 109248K, used 16981K [0x00000000e0000000, 0x00000000e8000000, 0x00000000e8000000)
  eden space 87424K,   7% used [0x00000000e0000000, 0x00000000e0654410, 0x00000000e5560000)
  from space 21824K,  48% used [0x00000000e6ab0000, 0x00000000e74f11e0, 0x00000000e8000000)
  to   space 21824K,   0% used [0x00000000e5560000, 0x00000000e5560000, 0x00000000e6ab0000)
 concurrent mark-sweep generation total 393216K, used 48918K [0x00000000e8000000, 0x0000000100000000, 0x0000000100000000)
 Metaspace       used 69558K, capacity 71310K, committed 71368K, reserved 1112064K
  class space    used 7698K, capacity 8299K, committed 8316K, reserved 1048576K
2017-08-02T16:06:46.670-0700: 9363.887: [GC (CMS Final Remark) 2017-08-02T16:06:46.670-0700: 9363.887: [ParNew
Desired survivor size 20112992 bytes, new threshold 8 (max 8)
- age   1:      90224 bytes,      90224 total
- age   2:    3469384 bytes,    3559608 total
- age   3:      93816 bytes,    3653424 total
- age   4:     310552 bytes,    3963976 total
- age   5:     234296 bytes,    4198272 total
- age   6:    1823280 bytes,    6021552 total
- age   7:        520 bytes,    6022072 total
- age   8:     194304 bytes,    6216376 total
: 16981K->11771K(109248K), 0.0373900 secs] 65899K->60836K(502464K), 0.0375780 secs] [Times: user=0.13 sys=0.00, real=0.04 secs] 
Heap after GC invocations=68 (full 3):
 par new generation   total 109248K, used 11771K [0x00000000e0000000, 0x00000000e8000000, 0x00000000e8000000)
  eden space 87424K,   0% used [0x00000000e0000000, 0x00000000e0000000, 0x00000000e5560000)
  from space 21824K,  53% used [0x00000000e5560000, 0x00000000e60deca0, 0x00000000e6ab0000)
  to   space 21824K,   0% used [0x00000000e6ab0000, 0x00000000e6ab0000, 0x00000000e8000000)
 concurrent mark-sweep generation total 393216K, used 49065K [0x00000000e8000000, 0x0000000100000000, 0x0000000100000000)
 Metaspace       used 69558K, capacity 71310K, committed 71368K, reserved 1112064K
  class space    used 7698K, capacity 8299K, committed 8316K, reserved 1048576K
}
2017-08-02T16:06:46.701-0700: 9363.925: [Rescan (parallel) , 0.0107560 secs]2017-08-02T16:06:46.720-0700: 9363.936: [weak refs processing, 0.0043340 secs]2017-08-02T16:06:46.720-0700: 9363.940: [class unloading, 0.0583990 secs]2017-08-02T16:06:46.770-0700: 9363.998: [scrub symbol table, 0.0148230 secs]2017-08-02T16:06:46.786-0700: 9364.013: [scrub string table, 0.0021300 secs][1 CMS-remark: 49065K(393216K)] 60836K(502464K), 0.1549940 secs] [Times: user=0.36 sys=0.01, real=0.16 secs] 
2017-08-02T16:06:46.820-0700: 9364.042: Total time for which application threads were stopped: 0.1556810 seconds, Stopping threads took: 0.0001560 seconds
2017-08-02T16:06:46.820-0700: 9364.042: [CMS-concurrent-sweep-start]
2017-08-02T16:06:46.820-0700: 9364.044: Total time for which application threads were stopped: 0.0002790 seconds, Stopping threads took: 0.0000850 seconds
2017-08-02T16:06:46.820-0700: 9364.045: Total time for which application threads were stopped: 0.0002220 seconds, Stopping threads took: 0.0000700 seconds
2017-08-02T16:06:46.836-0700: 9364.057: Total time for which application threads were stopped: 0.0003930 seconds, Stopping threads took: 0.0001150 seconds
2017-08-02T16:06:46.836-0700: 9364.058: Total time for which application threads were stopped: 0.0003500 seconds, Stopping threads took: 0.0001060 seconds
2017-08-02T16:06:46.836-0700: 9364.058: Total time for which application threads were stopped: 0.0003190 seconds, Stopping threads took: 0.0000960 seconds
2017-08-02T16:06:46.852-0700: 9364.073: Total time for which application threads were stopped: 0.0005520 seconds, Stopping threads took: 0.0001440 seconds
2017-08-02T16:06:46.852-0700: 9364.074: Total time for which application threads were stopped: 0.0004060 seconds, Stopping threads took: 0.0001300 seconds
2017-08-02T16:06:46.852-0700: 9364.075: Total time for which application threads were stopped: 0.0003730 seconds, Stopping threads took: 0.0001210 seconds
2017-08-02T16:06:46.852-0700: 9364.075: Total time for which application threads were stopped: 0.0003450 seconds, Stopping threads took: 0.0001080 seconds
2017-08-02T16:06:46.852-0700: 9364.076: Total time for which application threads were stopped: 0.0002310 seconds, Stopping threads took: 0.0000820 seconds
2017-08-02T16:06:46.852-0700: 9364.077: Total time for which application threads were stopped: 0.0002180 seconds, Stopping threads took: 0.0000770 seconds
2017-08-02T16:06:46.852-0700: 9364.077: Total time for which application threads were stopped: 0.0002140 seconds, Stopping threads took: 0.0000770 seconds
2017-08-02T16:06:46.871-0700: 9364.090: Total time for which application threads were stopped: 0.0003230 seconds, Stopping threads took: 0.0001050 seconds
2017-08-02T16:06:46.871-0700: 9364.091: Total time for which application threads were stopped: 0.0003150 seconds, Stopping threads took: 0.0001100 seconds
2017-08-02T16:06:46.871-0700: 9364.092: Total time for which application threads were stopped: 0.0003690 seconds, Stopping threads took: 0.0001120 seconds
2017-08-02T16:06:46.871-0700: 9364.093: Total time for which application threads were stopped: 0.0003180 seconds, Stopping threads took: 0.0000890 seconds
2017-08-02T16:06:46.871-0700: 9364.093: Total time for which application threads were stopped: 0.0002390 seconds, Stopping threads took: 0.0000800 seconds
2017-08-02T16:06:46.871-0700: 9364.094: Total time for which application threads were stopped: 0.0002270 seconds, Stopping threads took: 0.0000770 seconds
2017-08-02T16:06:46.871-0700: 9364.094: Total time for which application threads were stopped: 0.0002200 seconds, Stopping threads took: 0.0000750 seconds
2017-08-02T16:06:46.871-0700: 9364.095: Total time for which application threads were stopped: 0.0007250 seconds, Stopping threads took: 0.0001030 seconds
2017-08-02T16:06:46.902-0700: 9364.131: Total time for which application threads were stopped: 0.0003800 seconds, Stopping threads took: 0.0001510 seconds
2017-08-02T16:06:46.902-0700: 9364.133: Total time for which application threads were stopped: 0.0003540 seconds, Stopping threads took: 0.0001660 seconds
2017-08-02T16:06:46.919-0700: 9364.135: Total time for which application threads were stopped: 0.0006150 seconds, Stopping threads took: 0.0001450 seconds
2017-08-02T16:06:46.921-0700: 9364.139: Total time for which application threads were stopped: 0.0002860 seconds, Stopping threads took: 0.0000820 seconds
2017-08-02T16:06:46.921-0700: 9364.140: Total time for which application threads were stopped: 0.0003150 seconds, Stopping threads took: 0.0000910 seconds
2017-08-02T16:06:46.921-0700: 9364.141: Total time for which application threads were stopped: 0.0002760 seconds, Stopping threads took: 0.0001020 seconds
2017-08-02T16:06:46.921-0700: 9364.141: Total time for which application threads were stopped: 0.0003330 seconds, Stopping threads took: 0.0001050 seconds
2017-08-02T16:06:46.921-0700: 9364.142: Total time for which application threads were stopped: 0.0002770 seconds, Stopping threads took: 0.0000800 seconds
2017-08-02T16:06:46.921-0700: 9364.144: Total time for which application threads were stopped: 0.0003130 seconds, Stopping threads took: 0.0000990 seconds
2017-08-02T16:06:46.921-0700: 9364.144: Total time for which application threads were stopped: 0.0002790 seconds, Stopping threads took: 0.0000780 seconds
2017-08-02T16:06:46.921-0700: 9364.145: Total time for which application threads were stopped: 0.0002660 seconds, Stopping threads took: 0.0000910 seconds
2017-08-02T16:06:46.921-0700: 9364.145: Total time for which application threads were stopped: 0.0002150 seconds, Stopping threads took: 0.0000700 seconds
2017-08-02T16:06:46.921-0700: 9364.146: Total time for which application threads were stopped: 0.0002130 seconds, Stopping threads took: 0.0000820 seconds
2017-08-02T16:06:46.921-0700: 9364.146: Total time for which application threads were stopped: 0.0002140 seconds, Stopping threads took: 0.0000840 seconds
2017-08-02T16:06:46.921-0700: 9364.147: Total time for which application threads were stopped: 0.0002750 seconds, Stopping threads took: 0.0000940 seconds
2017-08-02T16:06:46.921-0700: 9364.148: Total time for which application threads were stopped: 0.0002660 seconds, Stopping threads took: 0.0000770 seconds
2017-08-02T16:06:46.921-0700: 9364.148: Total time for which application threads were stopped: 0.0002610 seconds, Stopping threads took: 0.0000730 seconds
2017-08-02T16:06:46.921-0700: 9364.148: Total time for which application threads were stopped: 0.0001990 seconds, Stopping threads took: 0.0000670 seconds
2017-08-02T16:06:46.921-0700: 9364.149: Total time for which application threads were stopped: 0.0003090 seconds, Stopping threads took: 0.0000860 seconds
2017-08-02T16:06:46.921-0700: 9364.149: Total time for which application threads were stopped: 0.0002620 seconds, Stopping threads took: 0.0000880 seconds
2017-08-02T16:06:46.921-0700: 9364.150: Total time for which application threads were stopped: 0.0003130 seconds, Stopping threads took: 0.0001310 seconds
2017-08-02T16:06:46.921-0700: 9364.150: Total time for which application threads were stopped: 0.0002390 seconds, Stopping threads took: 0.0000750 seconds
2017-08-02T16:06:46.921-0700: 9364.151: Total time for which application threads were stopped: 0.0006160 seconds, Stopping threads took: 0.0000840 seconds
2017-08-02T16:06:46.937-0700: 9364.153: Total time for which application threads were stopped: 0.0002750 seconds, Stopping threads took: 0.0001190 seconds
2017-08-02T16:06:46.937-0700: 9364.153: Total time for which application threads were stopped: 0.0001520 seconds, Stopping threads took: 0.0000500 seconds
2017-08-02T16:06:46.937-0700: 9364.154: Total time for which application threads were stopped: 0.0001450 seconds, Stopping threads took: 0.0000480 seconds
2017-08-02T16:06:46.937-0700: 9364.154: Total time for which application threads were stopped: 0.0001700 seconds, Stopping threads took: 0.0000670 seconds
2017-08-02T16:06:46.937-0700: 9364.155: Total time for which application threads were stopped: 0.0002340 seconds, Stopping threads took: 0.0000950 seconds
2017-08-02T16:06:46.937-0700: 9364.155: Total time for which application threads were stopped: 0.0002290 seconds, Stopping threads took: 0.0000580 seconds
2017-08-02T16:06:46.937-0700: 9364.156: Total time for which application threads were stopped: 0.0001950 seconds, Stopping threads took: 0.0000670 seconds
2017-08-02T16:06:46.937-0700: 9364.156: Total time for which application threads were stopped: 0.0001850 seconds, Stopping threads took: 0.0000590 seconds
2017-08-02T16:06:46.937-0700: 9364.157: Total time for which application threads were stopped: 0.0004700 seconds, Stopping threads took: 0.0000700 seconds
2017-08-02T16:06:47.074-0700: 9364.292: [CMS-concurrent-sweep: 0.207/0.250 secs] [Times: user=0.41 sys=0.30, real=0.25 secs] 
2017-08-02T16:06:47.074-0700: 9364.293: [CMS-concurrent-reset-start]
2017-08-02T16:06:47.074-0700: 9364.296: [CMS-concurrent-reset: 0.003/0.003 secs] [Times: user=0.00 sys=0.00, real=0.00 secs] 
2017-08-02T16:06:47.159-0700: 9364.375: Total time for which application threads were stopped: 0.0627950 seconds, Stopping threads took: 0.0001080 seconds
2017-08-02T16:06:47.206-0700: 9364.425: Total time for which application threads were stopped: 0.0007130 seconds, Stopping threads took: 0.0001460 seconds
2017-08-02T16:06:47.224-0700: 9364.439: Total time for which application threads were stopped: 0.0004260 seconds, Stopping threads took: 0.0001220 seconds
2017-08-02T16:06:48.224-0700: 9365.440: Total time for which application threads were stopped: 0.0003680 seconds, Stopping threads took: 0.0001240 seconds
2017-08-02T16:06:48.786-0700: 9366.002: Total time for which application threads were stopped: 0.0003670 seconds, Stopping threads took: 0.0001350 seconds
2017-08-02T16:06:48.787-0700: 9366.003: Total time for which application threads were stopped: 0.0002160 seconds, Stopping threads took: 0.0000660 seconds
2017-08-02T16:06:48.808-0700: 9366.024: Total time for which application threads were stopped: 0.0004640 seconds, Stopping threads took: 0.0001240 seconds
2017-08-02T16:06:49.275-0700: 9366.491: Total time for which application threads were stopped: 0.0003890 seconds, Stopping threads took: 0.0001030 seconds
2017-08-02T16:06:49.340-0700: 9366.556: Total time for which application threads were stopped: 0.0004210 seconds, Stopping threads took: 0.0001270 seconds
2017-08-02T16:06:51.291-0700: 9368.516: Total time for which application threads were stopped: 0.0005490 seconds, Stopping threads took: 0.0003240 seconds
2017-08-02T16:06:51.796-0700: 9369.014: Total time for which application threads were stopped: 0.0003970 seconds, Stopping threads took: 0.0001270 seconds
2017-08-02T16:06:53.338-0700: 9370.554: Total time for which application threads were stopped: 0.0004870 seconds, Stopping threads took: 0.0002350 seconds
2017-08-02T16:06:53.826-0700: 9371.042: Total time for which application threads were stopped: 0.0004140 seconds, Stopping threads took: 0.0001280 seconds
2017-08-02T16:06:55.428-0700: 9372.649: Total time for which application threads were stopped: 0.0004020 seconds, Stopping threads took: 0.0001120 seconds
2017-08-02T16:06:55.970-0700: 9373.188: Total time for which application threads were stopped: 0.0003860 seconds, Stopping threads took: 0.0001160 seconds
2017-08-02T16:06:56.973-0700: 9374.189: Total time for which application threads were stopped: 0.0003720 seconds, Stopping threads took: 0.0001360 seconds
2017-08-02T16:06:57.617-0700: 9374.847: Total time for which application threads were stopped: 0.0003580 seconds, Stopping threads took: 0.0001280 seconds
2017-08-02T16:06:58.152-0700: 9375.370: Total time for which application threads were stopped: 0.0003850 seconds, Stopping threads took: 0.0001220 seconds
2017-08-02T16:06:59.155-0700: 9376.371: Total time for which application threads were stopped: 0.0005660 seconds, Stopping threads took: 0.0003050 seconds
2017-08-02T16:06:59.838-0700: 9377.054: Total time for which application threads were stopped: 0.0003760 seconds, Stopping threads took: 0.0001460 seconds
2017-08-02T16:07:00.354-0700: 9377.570: Total time for which application threads were stopped: 0.0003950 seconds, Stopping threads took: 0.0001260 seconds
2017-08-02T16:07:02.090-0700: 9379.306: Total time for which application threads were stopped: 0.0003310 seconds, Stopping threads took: 0.0001220 seconds
2017-08-02T16:07:02.603-0700: 9379.819: Total time for which application threads were stopped: 0.0003900 seconds, Stopping threads took: 0.0001250 seconds
2017-08-02T16:07:03.995-0700: 9381.211: Total time for which application threads were stopped: 0.0006970 seconds, Stopping threads took: 0.0003190 seconds
2017-08-02T16:07:04.996-0700: 9382.212: Total time for which application threads were stopped: 0.0005680 seconds, Stopping threads took: 0.0001670 seconds
{Heap before GC invocations=68 (full 3):
 par new generation   total 109248K, used 99195K [0x00000000e0000000, 0x00000000e8000000, 0x00000000e8000000)
  eden space 87424K, 100% used [0x00000000e0000000, 0x00000000e5560000, 0x00000000e5560000)
  from space 21824K,  53% used [0x00000000e5560000, 0x00000000e60deca0, 0x00000000e6ab0000)
  to   space 21824K,   0% used [0x00000000e6ab0000, 0x00000000e6ab0000, 0x00000000e8000000)
 concurrent mark-sweep generation total 393216K, used 18922K [0x00000000e8000000, 0x0000000100000000, 0x0000000100000000)
 Metaspace       used 46608K, capacity 47984K, committed 71368K, reserved 1112064K
  class space    used 5203K, capacity 5594K, committed 8316K, reserved 1048576K
2017-08-02T16:07:26.231-0700: 9403.447: [GC (Allocation Failure) 2017-08-02T16:07:26.231-0700: 9403.447: [ParNew
Desired survivor size 20112992 bytes, new threshold 8 (max 8)
- age   1:    1787448 bytes,    1787448 total
- age   2:      66712 bytes,    1854160 total
- age   3:    2039912 bytes,    3894072 total
- age   4:      93816 bytes,    3987888 total
- age   5:     307360 bytes,    4295248 total
- age   6:     190272 bytes,    4485520 total
- age   7:    1821376 bytes,    6306896 total
- age   8:        520 bytes,    6307416 total
: 99195K->7750K(109248K), 0.0316760 secs] 118117K->26864K(502464K), 0.0319090 secs] [Times: user=0.08 sys=0.00, real=0.03 secs] 
Heap after GC invocations=69 (full 3):
 par new generation   total 109248K, used 7750K [0x00000000e0000000, 0x00000000e8000000, 0x00000000e8000000)
  eden space 87424K,   0% used [0x00000000e0000000, 0x00000000e0000000, 0x00000000e5560000)
  from space 21824K,  35% used [0x00000000e6ab0000, 0x00000000e72418f0, 0x00000000e8000000)
  to   space 21824K,   0% used [0x00000000e5560000, 0x00000000e5560000, 0x00000000e6ab0000)
 concurrent mark-sweep generation total 393216K, used 19114K [0x00000000e8000000, 0x0000000100000000, 0x0000000100000000)
 Metaspace       used 46608K, capacity 47984K, committed 71368K, reserved 1112064K
  class space    used 5203K, capacity 5594K, committed 8316K, reserved 1048576K
}
2017-08-02T16:07:26.261-0700: 9403.479: Total time for which application threads were stopped: 0.0328300 seconds, Stopping threads took: 0.0001340 seconds
{Heap before GC invocations=69 (full 3):
 par new generation   total 109248K, used 95174K [0x00000000e0000000, 0x00000000e8000000, 0x00000000e8000000)
  eden space 87424K, 100% used [0x00000000e0000000, 0x00000000e5560000, 0x00000000e5560000)
  from space 21824K,  35% used [0x00000000e6ab0000, 0x00000000e72418f0, 0x00000000e8000000)
  to   space 21824K,   0% used [0x00000000e5560000, 0x00000000e5560000, 0x00000000e6ab0000)
 concurrent mark-sweep generation total 393216K, used 19114K [0x00000000e8000000, 0x0000000100000000, 0x0000000100000000)
 Metaspace       used 46608K, capacity 47984K, committed 71368K, reserved 1112064K
  class space    used 5203K, capacity 5594K, committed 8316K, reserved 1048576K
2017-08-02T16:07:26.357-0700: 9403.573: [GC (Allocation Failure) 2017-08-02T16:07:26.357-0700: 9403.573: [ParNew
Desired survivor size 20112992 bytes, new threshold 8 (max 8)
- age   1:     847960 bytes,     847960 total
- age   2:    1486824 bytes,    2334784 total
- age   3:      66712 bytes,    2401496 total
- age   4:    2039456 bytes,    4440952 total
- age   5:      93816 bytes,    4534768 total
- age   6:     299088 bytes,    4833856 total
- age   7:     190272 bytes,    5024128 total
- age   8:    1821376 bytes,    6845504 total
: 95174K->10789K(109248K), 0.0264940 secs] 114288K->29904K(502464K), 0.0267600 secs] [Times: user=0.07 sys=0.00, real=0.03 secs] 
Heap after GC invocations=70 (full 3):
 par new generation   total 109248K, used 10789K [0x00000000e0000000, 0x00000000e8000000, 0x00000000e8000000)
  eden space 87424K,   0% used [0x00000000e0000000, 0x00000000e0000000, 0x00000000e5560000)
  from space 21824K,  49% used [0x00000000e5560000, 0x00000000e5fe95c0, 0x00000000e6ab0000)
  to   space 21824K,   0% used [0x00000000e6ab0000, 0x00000000e6ab0000, 0x00000000e8000000)
 concurrent mark-sweep generation total 393216K, used 19114K [0x00000000e8000000, 0x0000000100000000, 0x0000000100000000)
 Metaspace       used 46608K, capacity 47984K, committed 71368K, reserved 1112064K
  class space    used 5203K, capacity 5594K, committed 8316K, reserved 1048576K
}
2017-08-02T16:07:26.373-0700: 9403.600: Total time for which application threads were stopped: 0.0278670 seconds, Stopping threads took: 0.0002220 seconds
{Heap before GC invocations=70 (full 3):
 par new generation   total 109248K, used 98213K [0x00000000e0000000, 0x00000000e8000000, 0x00000000e8000000)
  eden space 87424K, 100% used [0x00000000e0000000, 0x00000000e5560000, 0x00000000e5560000)
  from space 21824K,  49% used [0x00000000e5560000, 0x00000000e5fe95c0, 0x00000000e6ab0000)
  to   space 21824K,   0% used [0x00000000e6ab0000, 0x00000000e6ab0000, 0x00000000e8000000)
 concurrent mark-sweep generation total 393216K, used 19114K [0x00000000e8000000, 0x0000000100000000, 0x0000000100000000)
 Metaspace       used 46608K, capacity 47984K, committed 71368K, reserved 1112064K
  class space    used 5203K, capacity 5594K, committed 8316K, reserved 1048576K
2017-08-02T16:07:26.508-0700: 9403.733: [GC (Allocation Failure) 2017-08-02T16:07:26.508-0700: 9403.733: [ParNew
Desired survivor size 20112992 bytes, new threshold 8 (max 8)
- age   1:     237480 bytes,     237480 total
- age   2:     749400 bytes,     986880 total
- age   3:    1477080 bytes,    2463960 total
- age   4:      66712 bytes,    2530672 total
- age   5:    2039480 bytes,    4570152 total
- age   6:      93816 bytes,    4663968 total
- age   7:     299088 bytes,    4963056 total
- age   8:     190272 bytes,    5153328 total
: 98213K->6039K(109248K), 0.0337490 secs] 117328K->26975K(502464K), 0.0339400 secs] [Times: user=0.12 sys=0.00, real=0.03 secs] 
Heap after GC invocations=71 (full 3):
 par new generation   total 109248K, used 6039K [0x00000000e0000000, 0x00000000e8000000, 0x00000000e8000000)
  eden space 87424K,   0% used [0x00000000e0000000, 0x00000000e0000000, 0x00000000e5560000)
  from space 21824K,  27% used [0x00000000e6ab0000, 0x00000000e7095f80, 0x00000000e8000000)
  to   space 21824K,   0% used [0x00000000e5560000, 0x00000000e5560000, 0x00000000e6ab0000)
 concurrent mark-sweep generation total 393216K, used 20935K [0x00000000e8000000, 0x0000000100000000, 0x0000000100000000)
 Metaspace       used 46608K, capacity 47984K, committed 71368K, reserved 1112064K
  class space    used 5203K, capacity 5594K, committed 8316K, reserved 1048576K
}
2017-08-02T16:07:26.540-0700: 9403.767: Total time for which application threads were stopped: 0.0346840 seconds, Stopping threads took: 0.0001210 seconds
2017-08-02T16:07:26.811-0700: 9404.037: Total time for which application threads were stopped: 0.0007060 seconds, Stopping threads took: 0.0001820 seconds
2017-08-02T16:07:26.962-0700: 9404.179: Total time for which application threads were stopped: 0.0005440 seconds, Stopping threads took: 0.0001290 seconds
2017-08-02T16:07:26.962-0700: 9404.181: Total time for which application threads were stopped: 0.0002460 seconds, Stopping threads took: 0.0000830 seconds
2017-08-02T16:07:27.966-0700: 9405.182: Total time for which application threads were stopped: 0.0005350 seconds, Stopping threads took: 0.0001230 seconds
2017-08-02T16:07:27.992-0700: 9405.208: Total time for which application threads were stopped: 0.0003710 seconds, Stopping threads took: 0.0001110 seconds
2017-08-02T16:07:27.993-0700: 9405.209: Total time for which application threads were stopped: 0.0003470 seconds, Stopping threads took: 0.0001330 seconds
2017-08-02T16:07:27.993-0700: 9405.209: Total time for which application threads were stopped: 0.0002280 seconds, Stopping threads took: 0.0000750 seconds
2017-08-02T16:07:27.994-0700: 9405.210: Total time for which application threads were stopped: 0.0002130 seconds, Stopping threads took: 0.0000770 seconds
2017-08-02T16:07:27.995-0700: 9405.210: Total time for which application threads were stopped: 0.0004030 seconds, Stopping threads took: 0.0002070 seconds
2017-08-02T16:07:27.995-0700: 9405.211: Total time for which application threads were stopped: 0.0003250 seconds, Stopping threads took: 0.0001580 seconds
2017-08-02T16:07:27.996-0700: 9405.212: Total time for which application threads were stopped: 0.0002470 seconds, Stopping threads took: 0.0000940 seconds
2017-08-02T16:07:27.997-0700: 9405.213: Total time for which application threads were stopped: 0.0004020 seconds, Stopping threads took: 0.0001490 seconds
2017-08-02T16:07:27.997-0700: 9405.213: Total time for which application threads were stopped: 0.0002820 seconds, Stopping threads took: 0.0001120 seconds
2017-08-02T16:07:28.998-0700: 9406.214: Total time for which application threads were stopped: 0.0002940 seconds, Stopping threads took: 0.0001190 seconds
2017-08-02T16:07:29.884-0700: 9407.100: Total time for which application threads were stopped: 0.0002130 seconds, Stopping threads took: 0.0000570 seconds
2017-08-02T16:07:30.493-0700: 9407.709: Total time for which application threads were stopped: 0.0003490 seconds, Stopping threads took: 0.0001230 seconds
2017-08-02T16:07:31.494-0700: 9408.710: Total time for which application threads were stopped: 0.0003150 seconds, Stopping threads took: 0.0001210 seconds
2017-08-02T16:07:32.494-0700: 9409.711: Total time for which application threads were stopped: 0.0002960 seconds, Stopping threads took: 0.0001170 seconds
2017-08-02T16:07:33.495-0700: 9410.711: Total time for which application threads were stopped: 0.0003890 seconds, Stopping threads took: 0.0001600 seconds
2017-08-02T16:07:35.496-0700: 9412.712: Total time for which application threads were stopped: 0.0003400 seconds, Stopping threads took: 0.0001240 seconds
{Heap before GC invocations=71 (full 3):
 par new generation   total 109248K, used 93463K [0x00000000e0000000, 0x00000000e8000000, 0x00000000e8000000)
  eden space 87424K, 100% used [0x00000000e0000000, 0x00000000e5560000, 0x00000000e5560000)
  from space 21824K,  27% used [0x00000000e6ab0000, 0x00000000e7095f80, 0x00000000e8000000)
  to   space 21824K,   0% used [0x00000000e5560000, 0x00000000e5560000, 0x00000000e6ab0000)
 concurrent mark-sweep generation total 393216K, used 20935K [0x00000000e8000000, 0x0000000100000000, 0x0000000100000000)
 Metaspace       used 48080K, capacity 49500K, committed 71368K, reserved 1112064K
  class space    used 5358K, capacity 5762K, committed 8316K, reserved 1048576K
2017-08-02T16:07:37.042-0700: 9414.267: [GC (Allocation Failure) 2017-08-02T16:07:37.042-0700: 9414.267: [ParNew
Desired survivor size 20112992 bytes, new threshold 8 (max 8)
- age   1:    4856440 bytes,    4856440 total
- age   2:      94800 bytes,    4951240 total
- age   3:     137392 bytes,    5088632 total
- age   4:     981456 bytes,    6070088 total
- age   5:      18936 bytes,    6089024 total
- age   6:    2024080 bytes,    8113104 total
- age   7:      93816 bytes,    8206920 total
- age   8:     298936 bytes,    8505856 total
: 93463K->11323K(109248K), 0.0271150 secs] 114399K->32444K(502464K), 0.0273120 secs] [Times: user=0.06 sys=0.00, real=0.03 secs] 
Heap after GC invocations=72 (full 3):
 par new generation   total 109248K, used 11323K [0x00000000e0000000, 0x00000000e8000000, 0x00000000e8000000)
  eden space 87424K,   0% used [0x00000000e0000000, 0x00000000e0000000, 0x00000000e5560000)
  from space 21824K,  51% used [0x00000000e5560000, 0x00000000e606ec80, 0x00000000e6ab0000)
  to   space 21824K,   0% used [0x00000000e6ab0000, 0x00000000e6ab0000, 0x00000000e8000000)
 concurrent mark-sweep generation total 393216K, used 21120K [0x00000000e8000000, 0x0000000100000000, 0x0000000100000000)
 Metaspace       used 48080K, capacity 49500K, committed 71368K, reserved 1112064K
  class space    used 5358K, capacity 5762K, committed 8316K, reserved 1048576K
}
2017-08-02T16:07:37.066-0700: 9414.294: Total time for which application threads were stopped: 0.0281070 seconds, Stopping threads took: 0.0001540 seconds
2017-08-02T16:07:37.066-0700: 9414.295: Total time for which application threads were stopped: 0.0004230 seconds, Stopping threads took: 0.0002390 seconds
2017-08-02T16:07:37.132-0700: 9414.349: Total time for which application threads were stopped: 0.0003110 seconds, Stopping threads took: 0.0000570 seconds
2017-08-02T16:07:37.132-0700: 9414.349: Total time for which application threads were stopped: 0.0002420 seconds, Stopping threads took: 0.0001210 seconds
2017-08-02T16:07:37.132-0700: 9414.350: Total time for which application threads were stopped: 0.0001780 seconds, Stopping threads took: 0.0000590 seconds
2017-08-02T16:07:37.132-0700: 9414.350: Total time for which application threads were stopped: 0.0000620 seconds, Stopping threads took: 0.0000190 seconds
2017-08-02T16:07:37.132-0700: 9414.351: Total time for which application threads were stopped: 0.0001870 seconds, Stopping threads took: 0.0000240 seconds
2017-08-02T16:07:37.148-0700: 9414.364: Total time for which application threads were stopped: 0.0002250 seconds, Stopping threads took: 0.0000850 seconds
2017-08-02T16:07:37.148-0700: 9414.365: Total time for which application threads were stopped: 0.0001020 seconds, Stopping threads took: 0.0000330 seconds
2017-08-02T16:07:37.148-0700: 9414.365: Total time for which application threads were stopped: 0.0001170 seconds, Stopping threads took: 0.0000360 seconds
2017-08-02T16:07:38.150-0700: 9415.366: Total time for which application threads were stopped: 0.0002700 seconds, Stopping threads took: 0.0001170 seconds
2017-08-02T16:07:38.899-0700: 9416.117: Total time for which application threads were stopped: 0.0003320 seconds, Stopping threads took: 0.0001110 seconds
2017-08-02T16:07:38.899-0700: 9416.118: Total time for which application threads were stopped: 0.0004700 seconds, Stopping threads took: 0.0000840 seconds
2017-08-02T16:07:38.899-0700: 9416.119: Total time for which application threads were stopped: 0.0004280 seconds, Stopping threads took: 0.0000880 seconds
2017-08-02T16:07:38.899-0700: 9416.120: Total time for which application threads were stopped: 0.0002390 seconds, Stopping threads took: 0.0000830 seconds
2017-08-02T16:07:38.914-0700: 9416.136: Total time for which application threads were stopped: 0.0006240 seconds, Stopping threads took: 0.0001120 seconds
2017-08-02T16:07:38.914-0700: 9416.138: Total time for which application threads were stopped: 0.0004440 seconds, Stopping threads took: 0.0000840 seconds
2017-08-02T16:07:38.914-0700: 9416.138: Total time for which application threads were stopped: 0.0004290 seconds, Stopping threads took: 0.0000820 seconds
2017-08-02T16:07:39.336-0700: 9416.564: Total time for which application threads were stopped: 0.0003380 seconds, Stopping threads took: 0.0001120 seconds
2017-08-02T16:07:39.353-0700: 9416.569: Total time for which application threads were stopped: 0.0004490 seconds, Stopping threads took: 0.0001880 seconds
2017-08-02T16:07:39.402-0700: 9416.619: Total time for which application threads were stopped: 0.0003520 seconds, Stopping threads took: 0.0001110 seconds
2017-08-02T16:07:39.417-0700: 9416.635: Total time for which application threads were stopped: 0.0003650 seconds, Stopping threads took: 0.0001170 seconds
2017-08-02T16:07:41.144-0700: 9418.360: Total time for which application threads were stopped: 0.0003820 seconds, Stopping threads took: 0.0001210 seconds
2017-08-02T16:07:41.145-0700: 9418.360: Total time for which application threads were stopped: 0.0002240 seconds, Stopping threads took: 0.0000830 seconds
2017-08-02T16:07:41.145-0700: 9418.361: Total time for which application threads were stopped: 0.0002290 seconds, Stopping threads took: 0.0000830 seconds
2017-08-02T16:07:41.146-0700: 9418.362: Total time for which application threads were stopped: 0.0003040 seconds, Stopping threads took: 0.0000830 seconds
2017-08-02T16:07:41.157-0700: 9418.379: Total time for which application threads were stopped: 0.0003090 seconds, Stopping threads took: 0.0001220 seconds
2017-08-02T16:07:41.157-0700: 9418.380: Total time for which application threads were stopped: 0.0002620 seconds, Stopping threads took: 0.0000990 seconds
2017-08-02T16:07:41.157-0700: 9418.381: Total time for which application threads were stopped: 0.0002460 seconds, Stopping threads took: 0.0000940 seconds
2017-08-02T16:07:41.157-0700: 9418.381: Total time for which application threads were stopped: 0.0002490 seconds, Stopping threads took: 0.0000930 seconds
2017-08-02T16:07:41.157-0700: 9418.382: Total time for which application threads were stopped: 0.0002470 seconds, Stopping threads took: 0.0000960 seconds
2017-08-02T16:07:41.157-0700: 9418.382: Total time for which application threads were stopped: 0.0002460 seconds, Stopping threads took: 0.0000940 seconds
2017-08-02T16:07:41.157-0700: 9418.383: Total time for which application threads were stopped: 0.0002450 seconds, Stopping threads took: 0.0000930 seconds
2017-08-02T16:07:41.157-0700: 9418.383: Total time for which application threads were stopped: 0.0002490 seconds, Stopping threads took: 0.0000940 seconds
2017-08-02T16:07:41.157-0700: 9418.384: Total time for which application threads were stopped: 0.0002470 seconds, Stopping threads took: 0.0000950 seconds
2017-08-02T16:07:41.157-0700: 9418.384: Total time for which application threads were stopped: 0.0003020 seconds, Stopping threads took: 0.0000950 seconds
2017-08-02T16:07:41.157-0700: 9418.385: Total time for which application threads were stopped: 0.0002470 seconds, Stopping threads took: 0.0000930 seconds
2017-08-02T16:07:41.591-0700: 9418.815: Total time for which application threads were stopped: 0.0003470 seconds, Stopping threads took: 0.0001160 seconds
2017-08-02T16:07:41.591-0700: 9418.819: Total time for which application threads were stopped: 0.0003260 seconds, Stopping threads took: 0.0001040 seconds
2017-08-02T16:07:41.642-0700: 9418.859: Total time for which application threads were stopped: 0.0003900 seconds, Stopping threads took: 0.0001220 seconds
2017-08-02T16:07:42.644-0700: 9419.860: Total time for which application threads were stopped: 0.0003180 seconds, Stopping threads took: 0.0001390 seconds
2017-08-02T16:07:43.645-0700: 9420.861: Total time for which application threads were stopped: 0.0004270 seconds, Stopping threads took: 0.0001620 seconds
2017-08-02T16:07:43.663-0700: 9420.879: Total time for which application threads were stopped: 0.0005140 seconds, Stopping threads took: 0.0002420 seconds
2017-08-02T16:07:44.171-0700: 9421.387: Total time for which application threads were stopped: 0.0004680 seconds, Stopping threads took: 0.0001650 seconds
2017-08-02T16:07:44.220-0700: 9421.436: Total time for which application threads were stopped: 0.0005030 seconds, Stopping threads took: 0.0001510 seconds
2017-08-02T16:07:45.782-0700: 9422.998: Total time for which application threads were stopped: 0.0004950 seconds, Stopping threads took: 0.0001810 seconds
2017-08-02T16:07:46.252-0700: 9423.468: Total time for which application threads were stopped: 0.0003800 seconds, Stopping threads took: 0.0001400 seconds
2017-08-02T16:07:46.296-0700: 9423.512: Total time for which application threads were stopped: 0.0003010 seconds, Stopping threads took: 0.0001020 seconds
2017-08-02T16:07:47.297-0700: 9424.513: Total time for which application threads were stopped: 0.0003130 seconds, Stopping threads took: 0.0001410 seconds
2017-08-02T16:07:47.947-0700: 9425.174: Total time for which application threads were stopped: 0.0004490 seconds, Stopping threads took: 0.0001630 seconds
2017-08-02T16:07:48.487-0700: 9425.715: Total time for which application threads were stopped: 0.0004290 seconds, Stopping threads took: 0.0001420 seconds
2017-08-02T16:07:48.553-0700: 9425.770: Total time for which application threads were stopped: 0.0003680 seconds, Stopping threads took: 0.0001240 seconds
2017-08-02T16:07:50.177-0700: 9427.393: Total time for which application threads were stopped: 0.0003300 seconds, Stopping threads took: 0.0001150 seconds
2017-08-02T16:07:50.407-0700: 9427.633: Total time for which application threads were stopped: 0.0003180 seconds, Stopping threads took: 0.0001070 seconds
2017-08-02T16:07:50.458-0700: 9427.675: Total time for which application threads were stopped: 0.0003910 seconds, Stopping threads took: 0.0001180 seconds
2017-08-02T16:07:51.459-0700: 9428.675: Total time for which application threads were stopped: 0.0003130 seconds, Stopping threads took: 0.0001350 seconds
2017-08-02T16:07:52.309-0700: 9429.531: Total time for which application threads were stopped: 0.0003420 seconds, Stopping threads took: 0.0001300 seconds
2017-08-02T16:07:52.795-0700: 9430.020: Total time for which application threads were stopped: 0.0003110 seconds, Stopping threads took: 0.0001050 seconds
2017-08-02T16:07:52.844-0700: 9430.061: Total time for which application threads were stopped: 0.0005520 seconds, Stopping threads took: 0.0001090 seconds
2017-08-02T16:07:54.901-0700: 9432.120: Total time for which application threads were stopped: 0.0004310 seconds, Stopping threads took: 0.0002120 seconds
2017-08-02T16:07:54.967-0700: 9432.185: Total time for which application threads were stopped: 0.0003490 seconds, Stopping threads took: 0.0001070 seconds
2017-08-02T16:07:55.969-0700: 9433.185: Total time for which application threads were stopped: 0.0003090 seconds, Stopping threads took: 0.0001380 seconds
{Heap before GC invocations=72 (full 3):
 par new generation   total 109248K, used 98673K [0x00000000e0000000, 0x00000000e8000000, 0x00000000e8000000)
  eden space 87424K,  99% used [0x00000000e0000000, 0x00000000e554d948, 0x00000000e5560000)
  from space 21824K,  51% used [0x00000000e5560000, 0x00000000e606ec80, 0x00000000e6ab0000)
  to   space 21824K,   0% used [0x00000000e6ab0000, 0x00000000e6ab0000, 0x00000000e8000000)
 concurrent mark-sweep generation total 393216K, used 21120K [0x00000000e8000000, 0x0000000100000000, 0x0000000100000000)
 Metaspace       used 48158K, capacity 49564K, committed 71368K, reserved 1112064K
  class space    used 5360K, capacity 5762K, committed 8316K, reserved 1048576K
2017-08-02T16:07:56.579-0700: 9433.803: [GC (Allocation Failure) 2017-08-02T16:07:56.579-0700: 9433.803: [ParNew
Desired survivor size 20112992 bytes, new threshold 8 (max 8)
- age   1:    1335712 bytes,    1335712 total
- age   2:    2683312 bytes,    4019024 total
- age   3:      94800 bytes,    4113824 total
- age   4:     137392 bytes,    4251216 total
- age   5:     453424 bytes,    4704640 total
- age   6:      13184 bytes,    4717824 total
- age   7:    1813840 bytes,    6531664 total
- age   8:        200 bytes,    6531864 total
: 98673K->7432K(109248K), 0.0288040 secs] 119794K->28715K(502464K), 0.0290070 secs] [Times: user=0.06 sys=0.01, real=0.03 secs] 
Heap after GC invocations=73 (full 3):
 par new generation   total 109248K, used 7432K [0x00000000e0000000, 0x00000000e8000000, 0x00000000e8000000)
  eden space 87424K,   0% used [0x00000000e0000000, 0x00000000e0000000, 0x00000000e5560000)
  from space 21824K,  34% used [0x00000000e6ab0000, 0x00000000e71f22c0, 0x00000000e8000000)
  to   space 21824K,   0% used [0x00000000e5560000, 0x00000000e5560000, 0x00000000e6ab0000)
 concurrent mark-sweep generation total 393216K, used 21282K [0x00000000e8000000, 0x0000000100000000, 0x0000000100000000)
 Metaspace       used 48158K, capacity 49564K, committed 71368K, reserved 1112064K
  class space    used 5360K, capacity 5762K, committed 8316K, reserved 1048576K
}
2017-08-02T16:07:56.616-0700: 9433.832: Total time for which application threads were stopped: 0.0298040 seconds, Stopping threads took: 0.0002620 seconds
2017-08-02T16:07:56.626-0700: 9433.845: Total time for which application threads were stopped: 0.0003320 seconds, Stopping threads took: 0.0001070 seconds
2017-08-02T16:07:56.626-0700: 9433.846: Total time for which application threads were stopped: 0.0002960 seconds, Stopping threads took: 0.0000830 seconds
2017-08-02T16:07:57.067-0700: 9434.286: Total time for which application threads were stopped: 0.0003500 seconds, Stopping threads took: 0.0001040 seconds
2017-08-02T16:07:58.071-0700: 9435.287: Total time for which application threads were stopped: 0.0003240 seconds, Stopping threads took: 0.0001340 seconds
2017-08-02T16:09:40.107-0700: 9537.323: Total time for which application threads were stopped: 0.0003280 seconds, Stopping threads took: 0.0001370 seconds
2017-08-02T16:09:40.290-0700: 9537.512: Total time for which application threads were stopped: 0.0001200 seconds, Stopping threads took: 0.0000410 seconds
2017-08-02T16:09:41.296-0700: 9538.512: Total time for which application threads were stopped: 0.0003750 seconds, Stopping threads took: 0.0001570 seconds
{Heap before GC invocations=73 (full 3):
 par new generation   total 109248K, used 94856K [0x00000000e0000000, 0x00000000e8000000, 0x00000000e8000000)
  eden space 87424K, 100% used [0x00000000e0000000, 0x00000000e5560000, 0x00000000e5560000)
  from space 21824K,  34% used [0x00000000e6ab0000, 0x00000000e71f22c0, 0x00000000e8000000)
  to   space 21824K,   0% used [0x00000000e5560000, 0x00000000e5560000, 0x00000000e6ab0000)
 concurrent mark-sweep generation total 393216K, used 21282K [0x00000000e8000000, 0x0000000100000000, 0x0000000100000000)
 Metaspace       used 48168K, capacity 49564K, committed 71368K, reserved 1112064K
  class space    used 5360K, capacity 5762K, committed 8316K, reserved 1048576K
2017-08-02T16:10:57.494-0700: 9614.710: [GC (Allocation Failure) 2017-08-02T16:10:57.494-0700: 9614.710: [ParNew
Desired survivor size 20112992 bytes, new threshold 8 (max 8)
- age   1:    2044056 bytes,    2044056 total
- age   2:     817536 bytes,    2861592 total
- age   3:    2005008 bytes,    4866600 total
- age   4:      94800 bytes,    4961400 total
- age   5:     129208 bytes,    5090608 total
- age   6:     450272 bytes,    5540880 total
- age   7:      13152 bytes,    5554032 total
- age   8:    1813456 bytes,    7367488 total
: 94856K->8768K(109248K), 0.0124330 secs] 116139K->30051K(502464K), 0.0125370 secs] [Times: user=0.00 sys=0.00, real=0.01 secs] 
Heap after GC invocations=74 (full 3):
 par new generation   total 109248K, used 8768K [0x00000000e0000000, 0x00000000e8000000, 0x00000000e8000000)
  eden space 87424K,   0% used [0x00000000e0000000, 0x00000000e0000000, 0x00000000e5560000)
  from space 21824K,  40% used [0x00000000e5560000, 0x00000000e5df0370, 0x00000000e6ab0000)
  to   space 21824K,   0% used [0x00000000e6ab0000, 0x00000000e6ab0000, 0x00000000e8000000)
 concurrent mark-sweep generation total 393216K, used 21283K [0x00000000e8000000, 0x0000000100000000, 0x0000000100000000)
 Metaspace       used 48168K, capacity 49564K, committed 71368K, reserved 1112064K
  class space    used 5360K, capacity 5762K, committed 8316K, reserved 1048576K
}
2017-08-02T16:10:57.494-0700: 9614.723: Total time for which application threads were stopped: 0.0129570 seconds, Stopping threads took: 0.0000610 seconds
{Heap before GC invocations=74 (full 3):
 par new generation   total 109248K, used 96192K [0x00000000e0000000, 0x00000000e8000000, 0x00000000e8000000)
  eden space 87424K, 100% used [0x00000000e0000000, 0x00000000e5560000, 0x00000000e5560000)
  from space 21824K,  40% used [0x00000000e5560000, 0x00000000e5df0370, 0x00000000e6ab0000)
  to   space 21824K,   0% used [0x00000000e6ab0000, 0x00000000e6ab0000, 0x00000000e8000000)
 concurrent mark-sweep generation total 393216K, used 21283K [0x00000000e8000000, 0x0000000100000000, 0x0000000100000000)
 Metaspace       used 48168K, capacity 49564K, committed 71368K, reserved 1112064K
  class space    used 5360K, capacity 5762K, committed 8316K, reserved 1048576K
2017-08-02T16:10:57.544-0700: 9614.767: [GC (Allocation Failure) 2017-08-02T16:10:57.544-0700: 9614.767: [ParNew
Desired survivor size 20112992 bytes, new threshold 8 (max 8)
- age   1:     115312 bytes,     115312 total
- age   2:    1833400 bytes,    1948712 total
- age   3:     817080 bytes,    2765792 total
- age   4:    2005008 bytes,    4770800 total
- age   5:      94800 bytes,    4865600 total
- age   6:     129208 bytes,    4994808 total
- age   7:     450272 bytes,    5445080 total
- age   8:      13152 bytes,    5458232 total
: 96192K->8572K(109248K), 0.0109230 secs] 117475K->31668K(502464K), 0.0110060 secs] [Times: user=0.06 sys=0.00, real=0.01 secs] 
Heap after GC invocations=75 (full 3):
 par new generation   total 109248K, used 8572K [0x00000000e0000000, 0x00000000e8000000, 0x00000000e8000000)
  eden space 87424K,   0% used [0x00000000e0000000, 0x00000000e0000000, 0x00000000e5560000)
  from space 21824K,  39% used [0x00000000e6ab0000, 0x00000000e730f020, 0x00000000e8000000)
  to   space 21824K,   0% used [0x00000000e5560000, 0x00000000e5560000, 0x00000000e6ab0000)
 concurrent mark-sweep generation total 393216K, used 23096K [0x00000000e8000000, 0x0000000100000000, 0x0000000100000000)
 Metaspace       used 48168K, capacity 49564K, committed 71368K, reserved 1112064K
  class space    used 5360K, capacity 5762K, committed 8316K, reserved 1048576K
}
2017-08-02T16:10:57.560-0700: 9614.778: Total time for which application threads were stopped: 0.0113760 seconds, Stopping threads took: 0.0000650 seconds
2017-08-02T16:10:57.661-0700: 9614.885: Total time for which application threads were stopped: 0.0001400 seconds, Stopping threads took: 0.0000370 seconds
2017-08-02T16:10:57.746-0700: 9614.976: Total time for which application threads were stopped: 0.0001900 seconds, Stopping threads took: 0.0000410 seconds
2017-08-02T16:10:57.746-0700: 9614.977: Total time for which application threads were stopped: 0.0001050 seconds, Stopping threads took: 0.0000350 seconds
2017-08-02T16:10:57.746-0700: 9614.977: Total time for which application threads were stopped: 0.0000840 seconds, Stopping threads took: 0.0000260 seconds
2017-08-02T16:10:57.746-0700: 9614.977: Total time for which application threads were stopped: 0.0000720 seconds, Stopping threads took: 0.0000220 seconds
2017-08-02T16:10:57.761-0700: 9614.977: Total time for which application threads were stopped: 0.0001250 seconds, Stopping threads took: 0.0000520 seconds
2017-08-02T16:10:57.761-0700: 9614.977: Total time for which application threads were stopped: 0.0000840 seconds, Stopping threads took: 0.0000300 seconds
2017-08-02T16:10:57.761-0700: 9614.978: Total time for which application threads were stopped: 0.0000790 seconds, Stopping threads took: 0.0000270 seconds
2017-08-02T16:10:57.761-0700: 9614.978: Total time for which application threads were stopped: 0.0000790 seconds, Stopping threads took: 0.0000280 seconds
2017-08-02T16:10:57.761-0700: 9614.978: Total time for which application threads were stopped: 0.0000810 seconds, Stopping threads took: 0.0000300 seconds
2017-08-02T16:10:58.013-0700: 9615.242: Total time for which application threads were stopped: 0.0002070 seconds, Stopping threads took: 0.0000860 seconds
2017-08-02T16:10:58.085-0700: 9615.301: Total time for which application threads were stopped: 0.0001210 seconds, Stopping threads took: 0.0000430 seconds
2017-08-02T16:10:58.086-0700: 9615.302: Total time for which application threads were stopped: 0.0001410 seconds, Stopping threads took: 0.0000220 seconds
2017-08-02T16:10:58.096-0700: 9615.312: Total time for which application threads were stopped: 0.0001810 seconds, Stopping threads took: 0.0000590 seconds
{Heap before GC invocations=75 (full 3):
 par new generation   total 109248K, used 95996K [0x00000000e0000000, 0x00000000e8000000, 0x00000000e8000000)
  eden space 87424K, 100% used [0x00000000e0000000, 0x00000000e5560000, 0x00000000e5560000)
  from space 21824K,  39% used [0x00000000e6ab0000, 0x00000000e730f020, 0x00000000e8000000)
  to   space 21824K,   0% used [0x00000000e5560000, 0x00000000e5560000, 0x00000000e6ab0000)
 concurrent mark-sweep generation total 393216K, used 23096K [0x00000000e8000000, 0x0000000100000000, 0x0000000100000000)
 Metaspace       used 49602K, capacity 51016K, committed 71368K, reserved 1112064K
  class space    used 5516K, capacity 5930K, committed 8316K, reserved 1048576K
2017-08-02T16:10:58.248-0700: 9615.469: [GC (Allocation Failure) 2017-08-02T16:10:58.248-0700: 9615.469: [ParNew
Desired survivor size 20112992 bytes, new threshold 8 (max 8)
- age   1:    4506040 bytes,    4506040 total
- age   2:      88056 bytes,    4594096 total
- age   3:     901152 bytes,    5495248 total
- age   4:     415144 bytes,    5910392 total
- age   5:    1995576 bytes,    7905968 total
- age   6:      94800 bytes,    8000768 total
- age   7:     129208 bytes,    8129976 total
- age   8:     450272 bytes,    8580248 total
: 95996K->9902K(109248K), 0.0318140 secs] 119092K->33011K(502464K), 0.0319540 secs] [Times: user=0.08 sys=0.00, real=0.03 secs] 
Heap after GC invocations=76 (full 3):
 par new generation   total 109248K, used 9902K [0x00000000e0000000, 0x00000000e8000000, 0x00000000e8000000)
  eden space 87424K,   0% used [0x00000000e0000000, 0x00000000e0000000, 0x00000000e5560000)
  from space 21824K,  45% used [0x00000000e5560000, 0x00000000e5f0ba98, 0x00000000e6ab0000)
  to   space 21824K,   0% used [0x00000000e6ab0000, 0x00000000e6ab0000, 0x00000000e8000000)
 concurrent mark-sweep generation total 393216K, used 23109K [0x00000000e8000000, 0x0000000100000000, 0x0000000100000000)
 Metaspace       used 49602K, capacity 51016K, committed 71368K, reserved 1112064K
  class space    used 5516K, capacity 5930K, committed 8316K, reserved 1048576K
}
2017-08-02T16:10:58.285-0700: 9615.501: Total time for which application threads were stopped: 0.0325650 seconds, Stopping threads took: 0.0001150 seconds
2017-08-02T16:10:58.286-0700: 9615.502: Total time for which application threads were stopped: 0.0002320 seconds, Stopping threads took: 0.0001210 seconds
2017-08-02T16:10:58.655-0700: 9615.877: Total time for which application threads were stopped: 0.0004170 seconds, Stopping threads took: 0.0001300 seconds
2017-08-02T16:10:58.819-0700: 9616.042: Total time for which application threads were stopped: 0.0001720 seconds, Stopping threads took: 0.0000530 seconds
2017-08-02T16:10:58.819-0700: 9616.042: Total time for which application threads were stopped: 0.0002100 seconds, Stopping threads took: 0.0001620 seconds
2017-08-02T16:10:58.819-0700: 9616.042: Total time for which application threads were stopped: 0.0000740 seconds, Stopping threads took: 0.0000230 seconds
2017-08-02T16:10:58.819-0700: 9616.043: Total time for which application threads were stopped: 0.0000790 seconds, Stopping threads took: 0.0000270 seconds
2017-08-02T16:10:58.819-0700: 9616.043: Total time for which application threads were stopped: 0.0000780 seconds, Stopping threads took: 0.0000250 seconds
2017-08-02T16:10:58.835-0700: 9616.052: Total time for which application threads were stopped: 0.0001340 seconds, Stopping threads took: 0.0000430 seconds
2017-08-02T16:11:00.726-0700: 9617.942: Total time for which application threads were stopped: 0.0003500 seconds, Stopping threads took: 0.0001100 seconds
2017-08-02T16:11:00.726-0700: 9617.942: Total time for which application threads were stopped: 0.0002390 seconds, Stopping threads took: 0.0000830 seconds
2017-08-02T16:11:00.726-0700: 9617.943: Total time for which application threads were stopped: 0.0002350 seconds, Stopping threads took: 0.0000820 seconds
2017-08-02T16:11:00.742-0700: 9617.961: Total time for which application threads were stopped: 0.0004860 seconds, Stopping threads took: 0.0002560 seconds
2017-08-02T16:11:00.742-0700: 9617.962: Total time for which application threads were stopped: 0.0004110 seconds, Stopping threads took: 0.0002330 seconds
2017-08-02T16:11:00.742-0700: 9617.962: Total time for which application threads were stopped: 0.0004020 seconds, Stopping threads took: 0.0002260 seconds
2017-08-02T16:11:00.742-0700: 9617.963: Total time for which application threads were stopped: 0.0004660 seconds, Stopping threads took: 0.0002310 seconds
2017-08-02T16:11:00.742-0700: 9617.964: Total time for which application threads were stopped: 0.0004030 seconds, Stopping threads took: 0.0002230 seconds
2017-08-02T16:11:00.742-0700: 9617.964: Total time for which application threads were stopped: 0.0004050 seconds, Stopping threads took: 0.0002300 seconds
2017-08-02T16:11:00.742-0700: 9617.965: Total time for which application threads were stopped: 0.0004100 seconds, Stopping threads took: 0.0002360 seconds
2017-08-02T16:11:00.742-0700: 9617.966: Total time for which application threads were stopped: 0.0004030 seconds, Stopping threads took: 0.0002270 seconds
2017-08-02T16:11:00.742-0700: 9617.966: Total time for which application threads were stopped: 0.0003960 seconds, Stopping threads took: 0.0002210 seconds
2017-08-02T16:11:00.742-0700: 9617.967: Total time for which application threads were stopped: 0.0003940 seconds, Stopping threads took: 0.0002200 seconds
2017-08-02T16:11:00.742-0700: 9617.968: Total time for which application threads were stopped: 0.0003940 seconds, Stopping threads took: 0.0002190 seconds
2017-08-02T16:11:00.993-0700: 9618.213: Total time for which application threads were stopped: 0.0002500 seconds, Stopping threads took: 0.0000870 seconds
2017-08-02T16:11:01.009-0700: 9618.226: Total time for which application threads were stopped: 0.0001860 seconds, Stopping threads took: 0.0000590 seconds
2017-08-02T16:11:01.025-0700: 9618.241: Total time for which application threads were stopped: 0.0003020 seconds, Stopping threads took: 0.0000610 seconds
2017-08-02T16:11:02.027-0700: 9619.242: Total time for which application threads were stopped: 0.0004970 seconds, Stopping threads took: 0.0002780 seconds
2017-08-02T16:11:02.814-0700: 9620.032: Total time for which application threads were stopped: 0.0003310 seconds, Stopping threads took: 0.0001100 seconds
2017-08-02T16:11:02.814-0700: 9620.032: Total time for which application threads were stopped: 0.0002120 seconds, Stopping threads took: 0.0000720 seconds
2017-08-02T16:11:02.830-0700: 9620.055: Total time for which application threads were stopped: 0.0005670 seconds, Stopping threads took: 0.0003410 seconds
2017-08-02T16:11:03.148-0700: 9620.363: Total time for which application threads were stopped: 0.0001350 seconds, Stopping threads took: 0.0000390 seconds
2017-08-02T16:11:03.148-0700: 9620.364: Total time for which application threads were stopped: 0.0000660 seconds, Stopping threads took: 0.0000290 seconds
2017-08-02T16:11:03.183-0700: 9620.399: Total time for which application threads were stopped: 0.0001750 seconds, Stopping threads took: 0.0000570 seconds
2017-08-02T16:11:04.184-0700: 9621.400: Total time for which application threads were stopped: 0.0003630 seconds, Stopping threads took: 0.0001350 seconds
2017-08-02T16:11:04.865-0700: 9622.086: Total time for which application threads were stopped: 0.0003630 seconds, Stopping threads took: 0.0001310 seconds
2017-08-02T16:11:05.148-0700: 9622.365: Total time for which application threads were stopped: 0.0002180 seconds, Stopping threads took: 0.0000570 seconds
2017-08-02T16:11:07.150-0700: 9624.366: Total time for which application threads were stopped: 0.0003700 seconds, Stopping threads took: 0.0001420 seconds
2017-08-02T16:11:07.179-0700: 9624.404: Total time for which application threads were stopped: 0.0004980 seconds, Stopping threads took: 0.0002810 seconds
2017-08-02T16:11:07.498-0700: 9624.714: Total time for which application threads were stopped: 0.0001850 seconds, Stopping threads took: 0.0000590 seconds
2017-08-02T16:11:09.194-0700: 9626.410: Total time for which application threads were stopped: 0.0003650 seconds, Stopping threads took: 0.0001510 seconds
2017-08-02T16:11:09.534-0700: 9626.750: Total time for which application threads were stopped: 0.0002350 seconds, Stopping threads took: 0.0000740 seconds
2017-08-02T16:11:11.210-0700: 9628.427: Total time for which application threads were stopped: 0.0003170 seconds, Stopping threads took: 0.0001050 seconds
2017-08-02T16:11:11.537-0700: 9628.754: Total time for which application threads were stopped: 0.0001840 seconds, Stopping threads took: 0.0000580 seconds
2017-08-02T16:11:13.226-0700: 9630.456: Total time for which application threads were stopped: 0.0003300 seconds, Stopping threads took: 0.0001120 seconds
2017-08-02T16:11:13.522-0700: 9630.738: Total time for which application threads were stopped: 0.0001840 seconds, Stopping threads took: 0.0000640 seconds
2017-08-02T16:11:14.522-0700: 9631.738: Total time for which application threads were stopped: 0.0001150 seconds, Stopping threads took: 0.0000460 seconds
2017-08-02T16:11:15.307-0700: 9632.527: Total time for which application threads were stopped: 0.0001390 seconds, Stopping threads took: 0.0000500 seconds
2017-08-02T16:11:15.574-0700: 9632.791: Total time for which application threads were stopped: 0.0002380 seconds, Stopping threads took: 0.0000780 seconds
{Heap before GC invocations=76 (full 3):
 par new generation   total 109248K, used 97326K [0x00000000e0000000, 0x00000000e8000000, 0x00000000e8000000)
  eden space 87424K, 100% used [0x00000000e0000000, 0x00000000e5560000, 0x00000000e5560000)
  from space 21824K,  45% used [0x00000000e5560000, 0x00000000e5f0ba98, 0x00000000e6ab0000)
  to   space 21824K,   0% used [0x00000000e6ab0000, 0x00000000e6ab0000, 0x00000000e8000000)
 concurrent mark-sweep generation total 393216K, used 23109K [0x00000000e8000000, 0x0000000100000000, 0x0000000100000000)
 Metaspace       used 49615K, capacity 51016K, committed 71368K, reserved 1112064K
  class space    used 5516K, capacity 5930K, committed 8316K, reserved 1048576K
2017-08-02T16:11:17.253-0700: 9634.469: [GC (Allocation Failure) 2017-08-02T16:11:17.253-0700: 9634.469: [ParNew
Desired survivor size 20112992 bytes, new threshold 8 (max 8)
- age   1:    1241776 bytes,    1241776 total
- age   2:    2662184 bytes,    3903960 total
- age   3:      88056 bytes,    3992016 total
- age   4:     402536 bytes,    4394552 total
- age   5:     306056 bytes,    4700608 total
- age   6:    1806104 bytes,    6506712 total
- age   7:        200 bytes,    6506912 total
- age   8:      29800 bytes,    6536712 total
: 97326K->8807K(109248K), 0.0308590 secs] 120435K->32292K(502464K), 0.0311270 secs] [Times: user=0.06 sys=0.01, real=0.03 secs] 
Heap after GC invocations=77 (full 3):
 par new generation   total 109248K, used 8807K [0x00000000e0000000, 0x00000000e8000000, 0x00000000e8000000)
  eden space 87424K,   0% used [0x00000000e0000000, 0x00000000e0000000, 0x00000000e5560000)
  from space 21824K,  40% used [0x00000000e6ab0000, 0x00000000e7349ea0, 0x00000000e8000000)
  to   space 21824K,   0% used [0x00000000e5560000, 0x00000000e5560000, 0x00000000e6ab0000)
 concurrent mark-sweep generation total 393216K, used 23485K [0x00000000e8000000, 0x0000000100000000, 0x0000000100000000)
 Metaspace       used 49615K, capacity 51016K, committed 71368K, reserved 1112064K
  class space    used 5516K, capacity 5930K, committed 8316K, reserved 1048576K
}
2017-08-02T16:11:17.284-0700: 9634.500: Total time for which application threads were stopped: 0.0317230 seconds, Stopping threads took: 0.0001180 seconds
2017-08-02T16:11:17.284-0700: 9634.501: Total time for which application threads were stopped: 0.0004440 seconds, Stopping threads took: 0.0001830 seconds
2017-08-02T16:11:17.284-0700: 9634.503: Total time for which application threads were stopped: 0.0001340 seconds, Stopping threads took: 0.0000400 seconds
2017-08-02T16:11:58.524-0700: 9675.751: Total time for which application threads were stopped: 0.0002240 seconds, Stopping threads took: 0.0000420 seconds
2017-08-02T16:12:04.728-0700: 9681.944: Total time for which application threads were stopped: 0.0002110 seconds, Stopping threads took: 0.0000870 seconds
2017-08-02T16:12:05.729-0700: 9682.945: Total time for which application threads were stopped: 0.0003120 seconds, Stopping threads took: 0.0001370 seconds
2017-08-02T16:12:09.947-0700: 9687.171: Total time for which application threads were stopped: 0.0001680 seconds, Stopping threads took: 0.0000640 seconds
{Heap before GC invocations=77 (full 3):
 par new generation   total 109248K, used 96231K [0x00000000e0000000, 0x00000000e8000000, 0x00000000e8000000)
  eden space 87424K, 100% used [0x00000000e0000000, 0x00000000e5560000, 0x00000000e5560000)
  from space 21824K,  40% used [0x00000000e6ab0000, 0x00000000e7349ea0, 0x00000000e8000000)
  to   space 21824K,   0% used [0x00000000e5560000, 0x00000000e5560000, 0x00000000e6ab0000)
 concurrent mark-sweep generation total 393216K, used 23485K [0x00000000e8000000, 0x0000000100000000, 0x0000000100000000)
 Metaspace       used 49639K, capacity 51016K, committed 71368K, reserved 1112064K
  class space    used 5516K, capacity 5930K, committed 8316K, reserved 1048576K
2017-08-02T16:12:09.998-0700: 9687.216: [GC (Allocation Failure) 2017-08-02T16:12:09.998-0700: 9687.216: [ParNew
Desired survivor size 20112992 bytes, new threshold 8 (max 8)
- age   1:    1902880 bytes,    1902880 total
- age   2:     918584 bytes,    2821464 total
- age   3:    2010136 bytes,    4831600 total
- age   4:      88056 bytes,    4919656 total
- age   5:     363000 bytes,    5282656 total
- age   6:     304976 bytes,    5587632 total
- age   7:    1806104 bytes,    7393736 total
- age   8:        200 bytes,    7393936 total
: 96231K->10388K(109248K), 0.0118800 secs] 119716K->33903K(502464K), 0.0119810 secs] [Times: user=0.00 sys=0.00, real=0.01 secs] 
Heap after GC invocations=78 (full 3):
 par new generation   total 109248K, used 10388K [0x00000000e0000000, 0x00000000e8000000, 0x00000000e8000000)
  eden space 87424K,   0% used [0x00000000e0000000, 0x00000000e0000000, 0x00000000e5560000)
  from space 21824K,  47% used [0x00000000e5560000, 0x00000000e5f85170, 0x00000000e6ab0000)
  to   space 21824K,   0% used [0x00000000e6ab0000, 0x00000000e6ab0000, 0x00000000e8000000)
 concurrent mark-sweep generation total 393216K, used 23515K [0x00000000e8000000, 0x0000000100000000, 0x0000000100000000)
 Metaspace       used 49639K, capacity 51016K, committed 71368K, reserved 1112064K
  class space    used 5516K, capacity 5930K, committed 8316K, reserved 1048576K
}
2017-08-02T16:12:09.998-0700: 9687.228: Total time for which application threads were stopped: 0.0122840 seconds, Stopping threads took: 0.0000540 seconds
{Heap before GC invocations=78 (full 3):
 par new generation   total 109248K, used 97812K [0x00000000e0000000, 0x00000000e8000000, 0x00000000e8000000)
  eden space 87424K, 100% used [0x00000000e0000000, 0x00000000e5560000, 0x00000000e5560000)
  from space 21824K,  47% used [0x00000000e5560000, 0x00000000e5f85170, 0x00000000e6ab0000)
  to   space 21824K,   0% used [0x00000000e6ab0000, 0x00000000e6ab0000, 0x00000000e8000000)
 concurrent mark-sweep generation total 393216K, used 23515K [0x00000000e8000000, 0x0000000100000000, 0x0000000100000000)
 Metaspace       used 49639K, capacity 51016K, committed 71368K, reserved 1112064K
  class space    used 5516K, capacity 5930K, committed 8316K, reserved 1048576K
2017-08-02T16:12:10.048-0700: 9687.275: [GC (Allocation Failure) 2017-08-02T16:12:10.048-0700: 9687.275: [ParNew
Desired survivor size 20112992 bytes, new threshold 8 (max 8)
- age   1:     221064 bytes,     221064 total
- age   2:    1652328 bytes,    1873392 total
- age   3:     918112 bytes,    2791504 total
- age   4:    2010136 bytes,    4801640 total
- age   5:      88056 bytes,    4889696 total
- age   6:     363000 bytes,    5252696 total
- age   7:     304976 bytes,    5557672 total
- age   8:    1806104 bytes,    7363776 total
: 97812K->9366K(109248K), 0.0106960 secs] 121327K->32882K(502464K), 0.0107910 secs] [Times: user=0.06 sys=0.00, real=0.01 secs] 
Heap after GC invocations=79 (full 3):
 par new generation   total 109248K, used 9366K [0x00000000e0000000, 0x00000000e8000000, 0x00000000e8000000)
  eden space 87424K,   0% used [0x00000000e0000000, 0x00000000e0000000, 0x00000000e5560000)
  from space 21824K,  42% used [0x00000000e6ab0000, 0x00000000e73d59f0, 0x00000000e8000000)
  to   space 21824K,   0% used [0x00000000e5560000, 0x00000000e5560000, 0x00000000e6ab0000)
 concurrent mark-sweep generation total 393216K, used 23515K [0x00000000e8000000, 0x0000000100000000, 0x0000000100000000)
 Metaspace       used 49639K, capacity 51016K, committed 71368K, reserved 1112064K
  class space    used 5516K, capacity 5930K, committed 8316K, reserved 1048576K
}
2017-08-02T16:12:10.070-0700: 9687.286: Total time for which application threads were stopped: 0.0111130 seconds, Stopping threads took: 0.0000550 seconds
2017-08-02T16:12:10.171-0700: 9687.387: Total time for which application threads were stopped: 0.0001910 seconds, Stopping threads took: 0.0000770 seconds
2017-08-02T16:12:10.214-0700: 9687.444: Total time for which application threads were stopped: 0.0002230 seconds, Stopping threads took: 0.0000710 seconds
2017-08-02T16:12:10.214-0700: 9687.444: Total time for which application threads were stopped: 0.0001100 seconds, Stopping threads took: 0.0000340 seconds
2017-08-02T16:12:10.214-0700: 9687.444: Total time for which application threads were stopped: 0.0000880 seconds, Stopping threads took: 0.0000270 seconds
2017-08-02T16:12:10.214-0700: 9687.444: Total time for which application threads were stopped: 0.0000850 seconds, Stopping threads took: 0.0000260 seconds
2017-08-02T16:12:10.214-0700: 9687.445: Total time for which application threads were stopped: 0.0000890 seconds, Stopping threads took: 0.0000290 seconds
2017-08-02T16:12:10.214-0700: 9687.445: Total time for which application threads were stopped: 0.0000850 seconds, Stopping threads took: 0.0000270 seconds
2017-08-02T16:12:10.214-0700: 9687.445: Total time for which application threads were stopped: 0.0000900 seconds, Stopping threads took: 0.0000330 seconds
2017-08-02T16:12:10.214-0700: 9687.445: Total time for which application threads were stopped: 0.0000810 seconds, Stopping threads took: 0.0000280 seconds
2017-08-02T16:12:10.214-0700: 9687.445: Total time for which application threads were stopped: 0.0000740 seconds, Stopping threads took: 0.0000270 seconds
2017-08-02T16:12:10.536-0700: 9687.754: Total time for which application threads were stopped: 0.0001810 seconds, Stopping threads took: 0.0000800 seconds
2017-08-02T16:12:10.536-0700: 9687.755: Total time for which application threads were stopped: 0.0001050 seconds, Stopping threads took: 0.0000470 seconds
2017-08-02T16:12:10.536-0700: 9687.755: Total time for which application threads were stopped: 0.0001060 seconds, Stopping threads took: 0.0000590 seconds
2017-08-02T16:12:10.536-0700: 9687.755: Total time for which application threads were stopped: 0.0000870 seconds, Stopping threads took: 0.0000430 seconds
2017-08-02T16:12:10.536-0700: 9687.755: Total time for which application threads were stopped: 0.0000920 seconds, Stopping threads took: 0.0000310 seconds
2017-08-02T16:12:10.536-0700: 9687.756: Total time for which application threads were stopped: 0.0001010 seconds, Stopping threads took: 0.0000490 seconds
2017-08-02T16:12:10.536-0700: 9687.756: Total time for which application threads were stopped: 0.0001910 seconds, Stopping threads took: 0.0001510 seconds
2017-08-02T16:12:10.536-0700: 9687.756: Total time for which application threads were stopped: 0.0001570 seconds, Stopping threads took: 0.0001140 seconds
2017-08-02T16:12:10.551-0700: 9687.768: Total time for which application threads were stopped: 0.0001570 seconds, Stopping threads took: 0.0000550 seconds
2017-08-02T16:12:11.122-0700: 9688.346: Total time for which application threads were stopped: 0.0003260 seconds, Stopping threads took: 0.0001070 seconds
2017-08-02T16:12:11.308-0700: 9688.525: Total time for which application threads were stopped: 0.0001380 seconds, Stopping threads took: 0.0000450 seconds
2017-08-02T16:12:11.308-0700: 9688.525: Total time for which application threads were stopped: 0.0000600 seconds, Stopping threads took: 0.0000180 seconds
2017-08-02T16:12:11.308-0700: 9688.525: Total time for which application threads were stopped: 0.0000680 seconds, Stopping threads took: 0.0000220 seconds
2017-08-02T16:12:11.308-0700: 9688.526: Total time for which application threads were stopped: 0.0000780 seconds, Stopping threads took: 0.0000270 seconds
2017-08-02T16:12:11.308-0700: 9688.526: Total time for which application threads were stopped: 0.0001080 seconds, Stopping threads took: 0.0000250 seconds
2017-08-02T16:12:11.323-0700: 9688.541: Total time for which application threads were stopped: 0.0001740 seconds, Stopping threads took: 0.0000590 seconds
{Heap before GC invocations=79 (full 3):
 par new generation   total 109248K, used 96790K [0x00000000e0000000, 0x00000000e8000000, 0x00000000e8000000)
  eden space 87424K, 100% used [0x00000000e0000000, 0x00000000e5560000, 0x00000000e5560000)
  from space 21824K,  42% used [0x00000000e6ab0000, 0x00000000e73d59f0, 0x00000000e8000000)
  to   space 21824K,   0% used [0x00000000e5560000, 0x00000000e5560000, 0x00000000e6ab0000)
 concurrent mark-sweep generation total 393216K, used 23515K [0x00000000e8000000, 0x0000000100000000, 0x0000000100000000)
 Metaspace       used 51092K, capacity 52532K, committed 71368K, reserved 1112064K
  class space    used 5671K, capacity 6098K, committed 8316K, reserved 1048576K
2017-08-02T16:12:12.730-0700: 9689.949: [GC (Allocation Failure) 2017-08-02T16:12:12.730-0700: 9689.949: [ParNew
Desired survivor size 20112992 bytes, new threshold 8 (max 8)
- age   1:    5267440 bytes,    5267440 total
- age   2:      91064 bytes,    5358504 total
- age   3:     845496 bytes,    6204000 total
- age   4:     499832 bytes,    6703832 total
- age   5:    2001088 bytes,    8704920 total
- age   6:      88056 bytes,    8792976 total
- age   7:     362712 bytes,    9155688 total
- age   8:     302352 bytes,    9458040 total
: 96790K->10900K(109248K), 0.0378420 secs] 120306K->36221K(502464K), 0.0380140 secs] [Times: user=0.13 sys=0.00, real=0.03 secs] 
Heap after GC invocations=80 (full 3):
 par new generation   total 109248K, used 10900K [0x00000000e0000000, 0x00000000e8000000, 0x00000000e8000000)
  eden space 87424K,   0% used [0x00000000e0000000, 0x00000000e0000000, 0x00000000e5560000)
  from space 21824K,  49% used [0x00000000e5560000, 0x00000000e6005020, 0x00000000e6ab0000)
  to   space 21824K,   0% used [0x00000000e6ab0000, 0x00000000e6ab0000, 0x00000000e8000000)
 concurrent mark-sweep generation total 393216K, used 25321K [0x00000000e8000000, 0x0000000100000000, 0x0000000100000000)
 Metaspace       used 51092K, capacity 52532K, committed 71368K, reserved 1112064K
  class space    used 5671K, capacity 6098K, committed 8316K, reserved 1048576K
}
2017-08-02T16:12:12.771-0700: 9689.987: Total time for which application threads were stopped: 0.0385340 seconds, Stopping threads took: 0.0001090 seconds
2017-08-02T16:12:12.771-0700: 9689.988: Total time for which application threads were stopped: 0.0001420 seconds, Stopping threads took: 0.0000500 seconds
2017-08-02T16:12:13.307-0700: 9690.523: Total time for which application threads were stopped: 0.0001950 seconds, Stopping threads took: 0.0000560 seconds
2017-08-02T16:12:13.308-0700: 9690.524: Total time for which application threads were stopped: 0.0001080 seconds, Stopping threads took: 0.0000390 seconds
2017-08-02T16:12:13.308-0700: 9690.524: Total time for which application threads were stopped: 0.0001090 seconds, Stopping threads took: 0.0000400 seconds
2017-08-02T16:12:13.314-0700: 9690.530: Total time for which application threads were stopped: 0.0002030 seconds, Stopping threads took: 0.0001300 seconds
2017-08-02T16:12:13.315-0700: 9690.530: Total time for which application threads were stopped: 0.0001540 seconds, Stopping threads took: 0.0001110 seconds
2017-08-02T16:12:13.315-0700: 9690.531: Total time for which application threads were stopped: 0.0001620 seconds, Stopping threads took: 0.0000330 seconds
2017-08-02T16:12:13.552-0700: 9690.774: Total time for which application threads were stopped: 0.0001100 seconds, Stopping threads took: 0.0000310 seconds
2017-08-02T16:12:13.552-0700: 9690.776: Total time for which application threads were stopped: 0.0001310 seconds, Stopping threads took: 0.0000410 seconds
2017-08-02T16:12:13.569-0700: 9690.785: Total time for which application threads were stopped: 0.0001790 seconds, Stopping threads took: 0.0000600 seconds
2017-08-02T16:12:13.590-0700: 9690.807: Total time for which application threads were stopped: 0.0003630 seconds, Stopping threads took: 0.0000570 seconds
2017-08-02T16:12:13.607-0700: 9690.823: Total time for which application threads were stopped: 0.0003190 seconds, Stopping threads took: 0.0001550 seconds
2017-08-02T16:12:14.607-0700: 9691.823: Total time for which application threads were stopped: 0.0003470 seconds, Stopping threads took: 0.0001420 seconds
2017-08-02T16:12:15.215-0700: 9692.433: Total time for which application threads were stopped: 0.0003250 seconds, Stopping threads took: 0.0001080 seconds
2017-08-02T16:12:15.215-0700: 9692.434: Total time for which application threads were stopped: 0.0005310 seconds, Stopping threads took: 0.0000710 seconds
2017-08-02T16:12:15.234-0700: 9692.451: Total time for which application threads were stopped: 0.0003220 seconds, Stopping threads took: 0.0001170 seconds
2017-08-02T16:12:15.234-0700: 9692.452: Total time for which application threads were stopped: 0.0002320 seconds, Stopping threads took: 0.0000820 seconds
2017-08-02T16:12:15.234-0700: 9692.452: Total time for which application threads were stopped: 0.0002300 seconds, Stopping threads took: 0.0000810 seconds
2017-08-02T16:12:15.234-0700: 9692.453: Total time for which application threads were stopped: 0.0002280 seconds, Stopping threads took: 0.0000810 seconds
2017-08-02T16:12:15.234-0700: 9692.453: Total time for which application threads were stopped: 0.0002350 seconds, Stopping threads took: 0.0000870 seconds
2017-08-02T16:12:15.234-0700: 9692.453: Total time for which application threads were stopped: 0.0002370 seconds, Stopping threads took: 0.0000870 seconds
2017-08-02T16:12:15.234-0700: 9692.454: Total time for which application threads were stopped: 0.0002320 seconds, Stopping threads took: 0.0000820 seconds
2017-08-02T16:12:15.234-0700: 9692.454: Total time for which application threads were stopped: 0.0002360 seconds, Stopping threads took: 0.0000870 seconds
2017-08-02T16:12:15.234-0700: 9692.455: Total time for which application threads were stopped: 0.0002310 seconds, Stopping threads took: 0.0000810 seconds
2017-08-02T16:12:15.602-0700: 9692.825: Total time for which application threads were stopped: 0.0001390 seconds, Stopping threads took: 0.0000380 seconds
2017-08-02T16:12:15.602-0700: 9692.826: Total time for which application threads were stopped: 0.0001060 seconds, Stopping threads took: 0.0000320 seconds
2017-08-02T16:12:15.635-0700: 9692.851: Total time for which application threads were stopped: 0.0001810 seconds, Stopping threads took: 0.0000580 seconds
2017-08-02T16:12:17.397-0700: 9694.613: Total time for which application threads were stopped: 0.0003370 seconds, Stopping threads took: 0.0001240 seconds
2017-08-02T16:12:17.401-0700: 9694.630: Total time for which application threads were stopped: 0.0003220 seconds, Stopping threads took: 0.0001090 seconds
2017-08-02T16:12:17.635-0700: 9694.865: Total time for which application threads were stopped: 0.0002210 seconds, Stopping threads took: 0.0001400 seconds
2017-08-02T16:12:17.698-0700: 9694.914: Total time for which application threads were stopped: 0.0003560 seconds, Stopping threads took: 0.0001240 seconds
2017-08-02T16:12:19.534-0700: 9696.755: Total time for which application threads were stopped: 0.0004320 seconds, Stopping threads took: 0.0001650 seconds
2017-08-02T16:12:19.750-0700: 9696.979: Total time for which application threads were stopped: 0.0001310 seconds, Stopping threads took: 0.0000470 seconds
2017-08-02T16:12:19.799-0700: 9697.016: Total time for which application threads were stopped: 0.0003490 seconds, Stopping threads took: 0.0001140 seconds
2017-08-02T16:12:21.648-0700: 9698.870: Total time for which application threads were stopped: 0.0001730 seconds, Stopping threads took: 0.0000460 seconds
2017-08-02T16:12:21.885-0700: 9699.101: Total time for which application threads were stopped: 0.0001280 seconds, Stopping threads took: 0.0000440 seconds
2017-08-02T16:12:21.917-0700: 9699.134: Total time for which application threads were stopped: 0.0001660 seconds, Stopping threads took: 0.0000560 seconds
2017-08-02T16:12:23.599-0700: 9700.830: Total time for which application threads were stopped: 0.0004130 seconds, Stopping threads took: 0.0002060 seconds
2017-08-02T16:12:23.918-0700: 9701.137: Total time for which application threads were stopped: 0.0001330 seconds, Stopping threads took: 0.0000550 seconds
2017-08-02T16:12:23.949-0700: 9701.165: Total time for which application threads were stopped: 0.0001810 seconds, Stopping threads took: 0.0000600 seconds
2017-08-02T16:12:25.790-0700: 9703.016: Total time for which application threads were stopped: 0.0003240 seconds, Stopping threads took: 0.0001120 seconds
2017-08-02T16:12:26.169-0700: 9703.393: Total time for which application threads were stopped: 0.0002240 seconds, Stopping threads took: 0.0000600 seconds
2017-08-02T16:12:26.234-0700: 9703.452: Total time for which application threads were stopped: 0.0003460 seconds, Stopping threads took: 0.0001150 seconds
2017-08-02T16:12:27.993-0700: 9705.214: Total time for which application threads were stopped: 0.0001270 seconds, Stopping threads took: 0.0000470 seconds
2017-08-02T16:12:28.233-0700: 9705.463: Total time for which application threads were stopped: 0.0001260 seconds, Stopping threads took: 0.0000340 seconds
2017-08-02T16:12:28.281-0700: 9705.497: Total time for which application threads were stopped: 0.0002160 seconds, Stopping threads took: 0.0000690 seconds
2017-08-02T16:12:30.073-0700: 9707.291: Total time for which application threads were stopped: 0.0003140 seconds, Stopping threads took: 0.0001160 seconds
2017-08-02T16:12:30.345-0700: 9707.568: Total time for which application threads were stopped: 0.0001160 seconds, Stopping threads took: 0.0000350 seconds
2017-08-02T16:12:32.353-0700: 9709.569: Total time for which application threads were stopped: 0.0003150 seconds, Stopping threads took: 0.0001370 seconds
2017-08-02T16:13:27.862-0700: 9765.092: Total time for which application threads were stopped: 0.0002280 seconds, Stopping threads took: 0.0000850 seconds
{Heap before GC invocations=80 (full 3):
 par new generation   total 109248K, used 98324K [0x00000000e0000000, 0x00000000e8000000, 0x00000000e8000000)
  eden space 87424K, 100% used [0x00000000e0000000, 0x00000000e5560000, 0x00000000e5560000)
  from space 21824K,  49% used [0x00000000e5560000, 0x00000000e6005020, 0x00000000e6ab0000)
  to   space 21824K,   0% used [0x00000000e6ab0000, 0x00000000e6ab0000, 0x00000000e8000000)
 concurrent mark-sweep generation total 393216K, used 25321K [0x00000000e8000000, 0x0000000100000000, 0x0000000100000000)
 Metaspace       used 51106K, capacity 52532K, committed 71368K, reserved 1112064K
  class space    used 5671K, capacity 6098K, committed 8316K, reserved 1048576K
2017-08-02T16:13:33.685-0700: 9770.910: [GC (Allocation Failure) 2017-08-02T16:13:33.685-0700: 9770.910: [ParNew
Desired survivor size 20112992 bytes, new threshold 8 (max 8)
- age   1:    1323520 bytes,    1323520 total
- age   2:    2426960 bytes,    3750480 total
- age   3:      91064 bytes,    3841544 total
- age   4:     360536 bytes,    4202080 total
- age   5:     350584 bytes,    4552664 total
- age   6:    1795872 bytes,    6348536 total
- age   7:        984 bytes,    6349520 total
- age   8:     195104 bytes,    6544624 total
: 98324K->9794K(109248K), 0.0124070 secs] 123645K->35407K(502464K), 0.0125030 secs] [Times: user=0.06 sys=0.00, real=0.01 secs] 
Heap after GC invocations=81 (full 3):
 par new generation   total 109248K, used 9794K [0x00000000e0000000, 0x00000000e8000000, 0x00000000e8000000)
  eden space 87424K,   0% used [0x00000000e0000000, 0x00000000e0000000, 0x00000000e5560000)
  from space 21824K,  44% used [0x00000000e6ab0000, 0x00000000e7440a20, 0x00000000e8000000)
  to   space 21824K,   0% used [0x00000000e5560000, 0x00000000e5560000, 0x00000000e6ab0000)
 concurrent mark-sweep generation total 393216K, used 25613K [0x00000000e8000000, 0x0000000100000000, 0x0000000100000000)
 Metaspace       used 51106K, capacity 52532K, committed 71368K, reserved 1112064K
  class space    used 5671K, capacity 6098K, committed 8316K, reserved 1048576K
}
2017-08-02T16:13:33.701-0700: 9770.922: Total time for which application threads were stopped: 0.0127770 seconds, Stopping threads took: 0.0000390 seconds
{Heap before GC invocations=81 (full 3):
 par new generation   total 109248K, used 97214K [0x00000000e0000000, 0x00000000e8000000, 0x00000000e8000000)
  eden space 87424K,  99% used [0x00000000e0000000, 0x00000000e555eeb0, 0x00000000e5560000)
  from space 21824K,  44% used [0x00000000e6ab0000, 0x00000000e7440a20, 0x00000000e8000000)
  to   space 21824K,   0% used [0x00000000e5560000, 0x00000000e5560000, 0x00000000e6ab0000)
 concurrent mark-sweep generation total 393216K, used 25613K [0x00000000e8000000, 0x0000000100000000, 0x0000000100000000)
 Metaspace       used 51107K, capacity 52532K, committed 71368K, reserved 1112064K
  class space    used 5671K, capacity 6098K, committed 8316K, reserved 1048576K
2017-08-02T16:13:33.786-0700: 9771.008: [GC (Allocation Failure) 2017-08-02T16:13:33.786-0700: 9771.008: [ParNew
Desired survivor size 20112992 bytes, new threshold 8 (max 8)
- age   1:    1391648 bytes,    1391648 total
- age   2:    1289552 bytes,    2681200 total
- age   3:    2076824 bytes,    4758024 total
- age   4:      91064 bytes,    4849088 total
- age   5:     349720 bytes,    5198808 total
- age   6:     350552 bytes,    5549360 total
- age   7:    1795872 bytes,    7345232 total
- age   8:        984 bytes,    7346216 total
: 97214K->8891K(109248K), 0.0116950 secs] 122827K->34697K(502464K), 0.0117900 secs] [Times: user=0.00 sys=0.02, real=0.02 secs] 
Heap after GC invocations=82 (full 3):
 par new generation   total 109248K, used 8891K [0x00000000e0000000, 0x00000000e8000000, 0x00000000e8000000)
  eden space 87424K,   0% used [0x00000000e0000000, 0x00000000e0000000, 0x00000000e5560000)
  from space 21824K,  40% used [0x00000000e5560000, 0x00000000e5e0eee0, 0x00000000e6ab0000)
  to   space 21824K,   0% used [0x00000000e6ab0000, 0x00000000e6ab0000, 0x00000000e8000000)
 concurrent mark-sweep generation total 393216K, used 25805K [0x00000000e8000000, 0x0000000100000000, 0x0000000100000000)
 Metaspace       used 51107K, capacity 52532K, committed 71368K, reserved 1112064K
  class space    used 5671K, capacity 6098K, committed 8316K, reserved 1048576K
}
2017-08-02T16:13:33.802-0700: 9771.020: Total time for which application threads were stopped: 0.0120960 seconds, Stopping threads took: 0.0000470 seconds
{Heap before GC invocations=82 (full 3):
 par new generation   total 109248K, used 96315K [0x00000000e0000000, 0x00000000e8000000, 0x00000000e8000000)
  eden space 87424K, 100% used [0x00000000e0000000, 0x00000000e5560000, 0x00000000e5560000)
  from space 21824K,  40% used [0x00000000e5560000, 0x00000000e5e0eee0, 0x00000000e6ab0000)
  to   space 21824K,   0% used [0x00000000e6ab0000, 0x00000000e6ab0000, 0x00000000e8000000)
 concurrent mark-sweep generation total 393216K, used 25805K [0x00000000e8000000, 0x0000000100000000, 0x0000000100000000)
 Metaspace       used 51107K, capacity 52532K, committed 71368K, reserved 1112064K
  class space    used 5671K, capacity 6098K, committed 8316K, reserved 1048576K
2017-08-02T16:13:33.843-0700: 9771.059: [GC (Allocation Failure) 2017-08-02T16:13:33.843-0700: 9771.059: [ParNew
Desired survivor size 20112992 bytes, new threshold 8 (max 8)
- age   1:     259328 bytes,     259328 total
- age   2:    1158312 bytes,    1417640 total
- age   3:    1289552 bytes,    2707192 total
- age   4:    2076824 bytes,    4784016 total
- age   5:      91064 bytes,    4875080 total
- age   6:     349720 bytes,    5224800 total
- age   7:     350552 bytes,    5575352 total
- age   8:    1795872 bytes,    7371224 total
: 96315K->10972K(109248K), 0.0111380 secs] 122121K->36778K(502464K), 0.0112320 secs] [Times: user=0.00 sys=0.00, real=0.02 secs] 
Heap after GC invocations=83 (full 3):
 par new generation   total 109248K, used 10972K [0x00000000e0000000, 0x00000000e8000000, 0x00000000e8000000)
  eden space 87424K,   0% used [0x00000000e0000000, 0x00000000e0000000, 0x00000000e5560000)
  from space 21824K,  50% used [0x00000000e6ab0000, 0x00000000e7567008, 0x00000000e8000000)
  to   space 21824K,   0% used [0x00000000e5560000, 0x00000000e5560000, 0x00000000e6ab0000)
 concurrent mark-sweep generation total 393216K, used 25806K [0x00000000e8000000, 0x0000000100000000, 0x0000000100000000)
 Metaspace       used 51107K, capacity 52532K, committed 71368K, reserved 1112064K
  class space    used 5671K, capacity 6098K, committed 8316K, reserved 1048576K
}
2017-08-02T16:13:33.847-0700: 9771.070: Total time for which application threads were stopped: 0.0115600 seconds, Stopping threads took: 0.0000450 seconds
2017-08-02T16:13:33.941-0700: 9771.157: Total time for which application threads were stopped: 0.0002150 seconds, Stopping threads took: 0.0001000 seconds
2017-08-02T16:13:33.987-0700: 9771.211: Total time for which application threads were stopped: 0.0001600 seconds, Stopping threads took: 0.0000370 seconds
2017-08-02T16:13:33.987-0700: 9771.211: Total time for which application threads were stopped: 0.0001030 seconds, Stopping threads took: 0.0000370 seconds
2017-08-02T16:13:34.247-0700: 9771.470: Total time for which application threads were stopped: 0.0001420 seconds, Stopping threads took: 0.0000370 seconds
2017-08-02T16:13:34.290-0700: 9771.509: Total time for which application threads were stopped: 0.0002410 seconds, Stopping threads took: 0.0001530 seconds
2017-08-02T16:13:34.290-0700: 9771.509: Total time for which application threads were stopped: 0.0001920 seconds, Stopping threads took: 0.0001210 seconds
2017-08-02T16:13:34.290-0700: 9771.509: Total time for which application threads were stopped: 0.0002610 seconds, Stopping threads took: 0.0001200 seconds
2017-08-02T16:13:34.306-0700: 9771.523: Total time for which application threads were stopped: 0.0001660 seconds, Stopping threads took: 0.0000570 seconds
2017-08-02T16:13:34.881-0700: 9772.106: Total time for which application threads were stopped: 0.0003220 seconds, Stopping threads took: 0.0001110 seconds
2017-08-02T16:13:35.067-0700: 9772.288: Total time for which application threads were stopped: 0.0001360 seconds, Stopping threads took: 0.0000450 seconds
2017-08-02T16:13:35.067-0700: 9772.288: Total time for which application threads were stopped: 0.0000600 seconds, Stopping threads took: 0.0000190 seconds
2017-08-02T16:13:35.067-0700: 9772.288: Total time for which application threads were stopped: 0.0000950 seconds, Stopping threads took: 0.0000430 seconds
2017-08-02T16:13:35.067-0700: 9772.290: Total time for which application threads were stopped: 0.0001280 seconds, Stopping threads took: 0.0000600 seconds
2017-08-02T16:13:35.067-0700: 9772.290: Total time for which application threads were stopped: 0.0001140 seconds, Stopping threads took: 0.0000490 seconds
2017-08-02T16:13:35.084-0700: 9772.300: Total time for which application threads were stopped: 0.0002120 seconds, Stopping threads took: 0.0000540 seconds
2017-08-02T16:13:36.085-0700: 9773.301: Total time for which application threads were stopped: 0.0003340 seconds, Stopping threads took: 0.0001260 seconds
2017-08-02T16:13:36.906-0700: 9774.122: Total time for which application threads were stopped: 0.0003320 seconds, Stopping threads took: 0.0001100 seconds
2017-08-02T16:13:36.907-0700: 9774.123: Total time for which application threads were stopped: 0.0002540 seconds, Stopping threads took: 0.0000820 seconds
2017-08-02T16:13:36.907-0700: 9774.124: Total time for which application threads were stopped: 0.0002330 seconds, Stopping threads took: 0.0000820 seconds
2017-08-02T16:13:36.923-0700: 9774.140: Total time for which application threads were stopped: 0.0004540 seconds, Stopping threads took: 0.0002410 seconds
2017-08-02T16:13:36.923-0700: 9774.141: Total time for which application threads were stopped: 0.0002450 seconds, Stopping threads took: 0.0000830 seconds
2017-08-02T16:13:36.923-0700: 9774.141: Total time for which application threads were stopped: 0.0002370 seconds, Stopping threads took: 0.0000810 seconds
2017-08-02T16:13:36.923-0700: 9774.142: Total time for which application threads were stopped: 0.0002360 seconds, Stopping threads took: 0.0000800 seconds
2017-08-02T16:13:36.923-0700: 9774.142: Total time for which application threads were stopped: 0.0002410 seconds, Stopping threads took: 0.0000870 seconds
2017-08-02T16:13:36.923-0700: 9774.143: Total time for which application threads were stopped: 0.0002860 seconds, Stopping threads took: 0.0000810 seconds
2017-08-02T16:13:36.923-0700: 9774.143: Total time for which application threads were stopped: 0.0002370 seconds, Stopping threads took: 0.0000810 seconds
2017-08-02T16:13:36.923-0700: 9774.144: Total time for which application threads were stopped: 0.0002370 seconds, Stopping threads took: 0.0000820 seconds
2017-08-02T16:13:36.923-0700: 9774.144: Total time for which application threads were stopped: 0.0002370 seconds, Stopping threads took: 0.0000820 seconds
2017-08-02T16:13:36.923-0700: 9774.145: Total time for which application threads were stopped: 0.0002360 seconds, Stopping threads took: 0.0000810 seconds
2017-08-02T16:13:36.923-0700: 9774.145: Total time for which application threads were stopped: 0.0002360 seconds, Stopping threads took: 0.0000820 seconds
2017-08-02T16:13:37.179-0700: 9774.406: Total time for which application threads were stopped: 0.0001210 seconds, Stopping threads took: 0.0000330 seconds
2017-08-02T16:13:37.199-0700: 9774.415: Total time for which application threads were stopped: 0.0001800 seconds, Stopping threads took: 0.0000570 seconds
2017-08-02T16:13:37.225-0700: 9774.442: Total time for which application threads were stopped: 0.0001740 seconds, Stopping threads took: 0.0000570 seconds
2017-08-02T16:13:38.923-0700: 9776.139: Total time for which application threads were stopped: 0.0003320 seconds, Stopping threads took: 0.0001080 seconds
2017-08-02T16:13:38.924-0700: 9776.140: Total time for which application threads were stopped: 0.0002820 seconds, Stopping threads took: 0.0000820 seconds
{Heap before GC invocations=83 (full 3):
 par new generation   total 109248K, used 98396K [0x00000000e0000000, 0x00000000e8000000, 0x00000000e8000000)
  eden space 87424K, 100% used [0x00000000e0000000, 0x00000000e5560000, 0x00000000e5560000)
  from space 21824K,  50% used [0x00000000e6ab0000, 0x00000000e7567008, 0x00000000e8000000)
  to   space 21824K,   0% used [0x00000000e5560000, 0x00000000e5560000, 0x00000000e6ab0000)
 concurrent mark-sweep generation total 393216K, used 25806K [0x00000000e8000000, 0x0000000100000000, 0x0000000100000000)
 Metaspace       used 52553K, capacity 53984K, committed 71368K, reserved 1112064K
  class space    used 5826K, capacity 6266K, committed 8316K, reserved 1048576K
2017-08-02T16:13:38.925-0700: 9776.145: [GC (Allocation Failure) 2017-08-02T16:13:38.925-0700: 9776.145: [ParNew
Desired survivor size 20112992 bytes, new threshold 8 (max 8)
- age   1:    5240840 bytes,    5240840 total
- age   2:      95528 bytes,    5336368 total
- age   3:     532664 bytes,    5869032 total
- age   4:     772024 bytes,    6641056 total
- age   5:    2065640 bytes,    8706696 total
- age   6:      91128 bytes,    8797824 total
- age   7:     349224 bytes,    9147048 total
- age   8:     343944 bytes,    9490992 total
: 98396K->10942K(109248K), 0.0254680 secs] 124202K->38544K(502464K), 0.0256070 secs] [Times: user=0.13 sys=0.00, real=0.03 secs] 
Heap after GC invocations=84 (full 3):
 par new generation   total 109248K, used 10942K [0x00000000e0000000, 0x00000000e8000000, 0x00000000e8000000)
  eden space 87424K,   0% used [0x00000000e0000000, 0x00000000e0000000, 0x00000000e5560000)
  from space 21824K,  50% used [0x00000000e5560000, 0x00000000e600f828, 0x00000000e6ab0000)
  to   space 21824K,   0% used [0x00000000e6ab0000, 0x00000000e6ab0000, 0x00000000e8000000)
 concurrent mark-sweep generation total 393216K, used 27602K [0x00000000e8000000, 0x0000000100000000, 0x0000000100000000)
 Metaspace       used 52553K, capacity 53984K, committed 71368K, reserved 1112064K
  class space    used 5826K, capacity 6266K, committed 8316K, reserved 1048576K
}
2017-08-02T16:13:38.955-0700: 9776.171: Total time for which application threads were stopped: 0.0260590 seconds, Stopping threads took: 0.0000840 seconds
2017-08-02T16:13:38.955-0700: 9776.171: Total time for which application threads were stopped: 0.0003010 seconds, Stopping threads took: 0.0002030 seconds
2017-08-02T16:13:38.955-0700: 9776.176: Total time for which application threads were stopped: 0.0001280 seconds, Stopping threads took: 0.0000370 seconds
2017-08-02T16:13:39.155-0700: 9776.386: Total time for which application threads were stopped: 0.0001170 seconds, Stopping threads took: 0.0000390 seconds
2017-08-02T16:13:39.208-0700: 9776.425: Total time for which application threads were stopped: 0.0001750 seconds, Stopping threads took: 0.0000580 seconds
2017-08-02T16:13:41.156-0700: 9778.373: Total time for which application threads were stopped: 0.0004500 seconds, Stopping threads took: 0.0002430 seconds
2017-08-02T16:13:41.474-0700: 9778.692: Total time for which application threads were stopped: 0.0003290 seconds, Stopping threads took: 0.0001090 seconds
2017-08-02T16:13:43.235-0700: 9780.454: Total time for which application threads were stopped: 0.0004690 seconds, Stopping threads took: 0.0002490 seconds
2017-08-02T16:13:43.594-0700: 9780.810: Total time for which application threads were stopped: 0.0002030 seconds, Stopping threads took: 0.0000580 seconds
2017-08-02T16:13:45.319-0700: 9782.550: Total time for which application threads were stopped: 0.0003240 seconds, Stopping threads took: 0.0001170 seconds
2017-08-02T16:13:45.586-0700: 9782.803: Total time for which application threads were stopped: 0.0001550 seconds, Stopping threads took: 0.0000540 seconds
2017-08-02T16:13:47.281-0700: 9784.497: Total time for which application threads were stopped: 0.0003470 seconds, Stopping threads took: 0.0001410 seconds
2017-08-02T16:13:47.615-0700: 9784.832: Total time for which application threads were stopped: 0.0002340 seconds, Stopping threads took: 0.0000760 seconds
2017-08-02T16:13:48.617-0700: 9785.833: Total time for which application threads were stopped: 0.0003060 seconds, Stopping threads took: 0.0001370 seconds
2017-08-02T16:13:49.570-0700: 9786.799: Total time for which application threads were stopped: 0.0003090 seconds, Stopping threads took: 0.0001100 seconds
2017-08-02T16:13:49.891-0700: 9787.107: Total time for which application threads were stopped: 0.0002170 seconds, Stopping threads took: 0.0000600 seconds
2017-08-02T16:13:51.441-0700: 9788.663: Total time for which application threads were stopped: 0.0001150 seconds, Stopping threads took: 0.0000410 seconds
2017-08-02T16:13:51.704-0700: 9788.920: Total time for which application threads were stopped: 0.0001720 seconds, Stopping threads took: 0.0000560 seconds
2017-08-02T16:13:53.351-0700: 9790.572: Total time for which application threads were stopped: 0.0003260 seconds, Stopping threads took: 0.0001160 seconds
2017-08-02T16:14:41.819-0700: 9839.037: Total time for which application threads were stopped: 0.0002330 seconds, Stopping threads took: 0.0001000 seconds
2017-08-02T16:14:46.822-0700: 9844.038: Total time for which application threads were stopped: 0.0001400 seconds, Stopping threads took: 0.0000540 seconds
2017-08-02T16:14:52.824-0700: 9850.040: Total time for which application threads were stopped: 0.0003150 seconds, Stopping threads took: 0.0001360 seconds
2017-08-02T16:14:53.825-0700: 9851.041: Total time for which application threads were stopped: 0.0001610 seconds, Stopping threads took: 0.0000620 seconds
{Heap before GC invocations=84 (full 3):
 par new generation   total 109248K, used 98363K [0x00000000e0000000, 0x00000000e8000000, 0x00000000e8000000)
  eden space 87424K,  99% used [0x00000000e0000000, 0x00000000e555f4f8, 0x00000000e5560000)
  from space 21824K,  50% used [0x00000000e5560000, 0x00000000e600f828, 0x00000000e6ab0000)
  to   space 21824K,   0% used [0x00000000e6ab0000, 0x00000000e6ab0000, 0x00000000e8000000)
 concurrent mark-sweep generation total 393216K, used 27602K [0x00000000e8000000, 0x0000000100000000, 0x0000000100000000)
 Metaspace       used 52617K, capacity 54112K, committed 71368K, reserved 1112064K
  class space    used 5827K, capacity 6266K, committed 8316K, reserved 1048576K
2017-08-02T16:15:01.156-0700: 9858.377: [GC (Allocation Failure) 2017-08-02T16:15:01.156-0700: 9858.377: [ParNew
Desired survivor size 20112992 bytes, new threshold 8 (max 8)
- age   1:    1768224 bytes,    1768224 total
- age   2:    2352824 bytes,    4121048 total
- age   3:      95528 bytes,    4216576 total
- age   4:     345064 bytes,    4561640 total
- age   5:     333272 bytes,    4894912 total
- age   6:    1823208 bytes,    6718120 total
- age   7:        688 bytes,    6718808 total
- age   8:     178584 bytes,    6897392 total
: 98363K->11617K(109248K), 0.0134480 secs] 125965K->39538K(502464K), 0.0135420 secs] [Times: user=0.02 sys=0.00, real=0.02 secs] 
Heap after GC invocations=85 (full 3):
 par new generation   total 109248K, used 11617K [0x00000000e0000000, 0x00000000e8000000, 0x00000000e8000000)
  eden space 87424K,   0% used [0x00000000e0000000, 0x00000000e0000000, 0x00000000e5560000)
  from space 21824K,  53% used [0x00000000e6ab0000, 0x00000000e76085a0, 0x00000000e8000000)
  to   space 21824K,   0% used [0x00000000e5560000, 0x00000000e5560000, 0x00000000e6ab0000)
 concurrent mark-sweep generation total 393216K, used 27921K [0x00000000e8000000, 0x0000000100000000, 0x0000000100000000)
 Metaspace       used 52617K, capacity 54112K, committed 71368K, reserved 1112064K
  class space    used 5827K, capacity 6266K, committed 8316K, reserved 1048576K
}
2017-08-02T16:15:01.175-0700: 9858.391: Total time for which application threads were stopped: 0.0138170 seconds, Stopping threads took: 0.0000350 seconds
2017-08-02T16:15:01.175-0700: 9858.392: Total time for which application threads were stopped: 0.0003400 seconds, Stopping threads took: 0.0001060 seconds
{Heap before GC invocations=85 (full 3):
 par new generation   total 109248K, used 99041K [0x00000000e0000000, 0x00000000e8000000, 0x00000000e8000000)
  eden space 87424K, 100% used [0x00000000e0000000, 0x00000000e5560000, 0x00000000e5560000)
  from space 21824K,  53% used [0x00000000e6ab0000, 0x00000000e76085a0, 0x00000000e8000000)
  to   space 21824K,   0% used [0x00000000e5560000, 0x00000000e5560000, 0x00000000e6ab0000)
 concurrent mark-sweep generation total 393216K, used 27921K [0x00000000e8000000, 0x0000000100000000, 0x0000000100000000)
 Metaspace       used 52617K, capacity 54112K, committed 71368K, reserved 1112064K
  class space    used 5827K, capacity 6266K, committed 8316K, reserved 1048576K
2017-08-02T16:15:01.211-0700: 9858.430: [GC (Allocation Failure) 2017-08-02T16:15:01.211-0700: 9858.431: [ParNew
Desired survivor size 20112992 bytes, new threshold 8 (max 8)
- age   1:     945120 bytes,     945120 total
- age   2:    1542616 bytes,    2487736 total
- age   3:    2178400 bytes,    4666136 total
- age   4:      95528 bytes,    4761664 total
- age   5:     336264 bytes,    5097928 total
- age   6:     333272 bytes,    5431200 total
- age   7:    1823208 bytes,    7254408 total
- age   8:        688 bytes,    7255096 total
: 99041K->9955K(109248K), 0.0126480 secs] 126962K->38052K(502464K), 0.0127430 secs] [Times: user=0.09 sys=0.00, real=0.01 secs] 
Heap after GC invocations=86 (full 3):
 par new generation   total 109248K, used 9955K [0x00000000e0000000, 0x00000000e8000000, 0x00000000e8000000)
  eden space 87424K,   0% used [0x00000000e0000000, 0x00000000e0000000, 0x00000000e5560000)
  from space 21824K,  45% used [0x00000000e5560000, 0x00000000e5f18db8, 0x00000000e6ab0000)
  to   space 21824K,   0% used [0x00000000e6ab0000, 0x00000000e6ab0000, 0x00000000e8000000)
 concurrent mark-sweep generation total 393216K, used 28097K [0x00000000e8000000, 0x0000000100000000, 0x0000000100000000)
 Metaspace       used 52617K, capacity 54112K, committed 71368K, reserved 1112064K
  class space    used 5827K, capacity 6266K, committed 8316K, reserved 1048576K
}
2017-08-02T16:15:01.227-0700: 9858.443: Total time for which application threads were stopped: 0.0131080 seconds, Stopping threads took: 0.0000740 seconds
2017-08-02T16:15:01.227-0700: 9858.444: Total time for which application threads were stopped: 0.0001500 seconds, Stopping threads took: 0.0000600 seconds
{Heap before GC invocations=86 (full 3):
 par new generation   total 109248K, used 97356K [0x00000000e0000000, 0x00000000e8000000, 0x00000000e8000000)
  eden space 87424K,  99% used [0x00000000e0000000, 0x00000000e555a458, 0x00000000e5560000)
  from space 21824K,  45% used [0x00000000e5560000, 0x00000000e5f18db8, 0x00000000e6ab0000)
  to   space 21824K,   0% used [0x00000000e6ab0000, 0x00000000e6ab0000, 0x00000000e8000000)
 concurrent mark-sweep generation total 393216K, used 28097K [0x00000000e8000000, 0x0000000100000000, 0x0000000100000000)
 Metaspace       used 52617K, capacity 54112K, committed 71368K, reserved 1112064K
  class space    used 5827K, capacity 6266K, committed 8316K, reserved 1048576K
2017-08-02T16:15:01.256-0700: 9858.487: [GC (Allocation Failure) 2017-08-02T16:15:01.256-0700: 9858.487: [ParNew
Desired survivor size 20112992 bytes, new threshold 8 (max 8)
- age   1:     266680 bytes,     266680 total
- age   2:     823968 bytes,    1090648 total
- age   3:    1541872 bytes,    2632520 total
- age   4:    2178400 bytes,    4810920 total
- age   5:      95528 bytes,    4906448 total
- age   6:     336264 bytes,    5242712 total
- age   7:     333272 bytes,    5575984 total
- age   8:    1823208 bytes,    7399192 total
: 97356K->8904K(109248K), 0.0094260 secs] 125453K->37002K(502464K), 0.0095140 secs] [Times: user=0.12 sys=0.00, real=0.01 secs] 
Heap after GC invocations=87 (full 3):
 par new generation   total 109248K, used 8904K [0x00000000e0000000, 0x00000000e8000000, 0x00000000e8000000)
  eden space 87424K,   0% used [0x00000000e0000000, 0x00000000e0000000, 0x00000000e5560000)
  from space 21824K,  40% used [0x00000000e6ab0000, 0x00000000e7362360, 0x00000000e8000000)
  to   space 21824K,   0% used [0x00000000e5560000, 0x00000000e5560000, 0x00000000e6ab0000)
 concurrent mark-sweep generation total 393216K, used 28097K [0x00000000e8000000, 0x0000000100000000, 0x0000000100000000)
 Metaspace       used 52617K, capacity 54112K, committed 71368K, reserved 1112064K
  class space    used 5827K, capacity 6266K, committed 8316K, reserved 1048576K
}
2017-08-02T16:15:01.280-0700: 9858.496: Total time for which application threads were stopped: 0.0098160 seconds, Stopping threads took: 0.0000470 seconds
2017-08-02T16:15:01.341-0700: 9858.568: Total time for which application threads were stopped: 0.0001820 seconds, Stopping threads took: 0.0000790 seconds
2017-08-02T16:15:01.396-0700: 9858.622: Total time for which application threads were stopped: 0.0001630 seconds, Stopping threads took: 0.0000360 seconds
2017-08-02T16:15:01.396-0700: 9858.623: Total time for which application threads were stopped: 0.0000690 seconds, Stopping threads took: 0.0000230 seconds
2017-08-02T16:15:01.642-0700: 9858.869: Total time for which application threads were stopped: 0.0002330 seconds, Stopping threads took: 0.0000560 seconds
2017-08-02T16:15:01.683-0700: 9858.910: Total time for which application threads were stopped: 0.0001200 seconds, Stopping threads took: 0.0000440 seconds
2017-08-02T16:15:01.683-0700: 9858.910: Total time for which application threads were stopped: 0.0000810 seconds, Stopping threads took: 0.0000270 seconds
2017-08-02T16:15:01.683-0700: 9858.910: Total time for which application threads were stopped: 0.0000650 seconds, Stopping threads took: 0.0000230 seconds
2017-08-02T16:15:01.683-0700: 9858.910: Total time for which application threads were stopped: 0.0000670 seconds, Stopping threads took: 0.0000230 seconds
2017-08-02T16:15:01.683-0700: 9858.910: Total time for which application threads were stopped: 0.0000900 seconds, Stopping threads took: 0.0000310 seconds
2017-08-02T16:15:01.683-0700: 9858.910: Total time for which application threads were stopped: 0.0000720 seconds, Stopping threads took: 0.0000260 seconds
2017-08-02T16:15:01.683-0700: 9858.911: Total time for which application threads were stopped: 0.0000990 seconds, Stopping threads took: 0.0000360 seconds
2017-08-02T16:15:01.683-0700: 9858.911: Total time for which application threads were stopped: 0.0000700 seconds, Stopping threads took: 0.0000250 seconds
2017-08-02T16:15:01.683-0700: 9858.911: Total time for which application threads were stopped: 0.0000990 seconds, Stopping threads took: 0.0000350 seconds
2017-08-02T16:15:01.699-0700: 9858.916: Total time for which application threads were stopped: 0.0001700 seconds, Stopping threads took: 0.0000570 seconds
2017-08-02T16:15:02.281-0700: 9859.497: Total time for which application threads were stopped: 0.0001610 seconds, Stopping threads took: 0.0000480 seconds
2017-08-02T16:15:03.281-0700: 9860.497: Total time for which application threads were stopped: 0.0003350 seconds, Stopping threads took: 0.0001160 seconds
2017-08-02T16:15:03.512-0700: 9860.736: Total time for which application threads were stopped: 0.0002260 seconds, Stopping threads took: 0.0000970 seconds
2017-08-02T16:15:03.512-0700: 9860.737: Total time for which application threads were stopped: 0.0000820 seconds, Stopping threads took: 0.0000270 seconds
2017-08-02T16:15:03.512-0700: 9860.737: Total time for which application threads were stopped: 0.0001050 seconds, Stopping threads took: 0.0000340 seconds
2017-08-02T16:15:03.512-0700: 9860.738: Total time for which application threads were stopped: 0.0000900 seconds, Stopping threads took: 0.0000290 seconds
2017-08-02T16:15:03.512-0700: 9860.738: Total time for which application threads were stopped: 0.0000760 seconds, Stopping threads took: 0.0000250 seconds
2017-08-02T16:15:03.528-0700: 9860.745: Total time for which application threads were stopped: 0.0002200 seconds, Stopping threads took: 0.0000710 seconds
2017-08-02T16:15:05.467-0700: 9862.683: Total time for which application threads were stopped: 0.0003430 seconds, Stopping threads took: 0.0001090 seconds
2017-08-02T16:15:05.467-0700: 9862.684: Total time for which application threads were stopped: 0.0002700 seconds, Stopping threads took: 0.0001070 seconds
2017-08-02T16:15:05.468-0700: 9862.684: Total time for which application threads were stopped: 0.0002930 seconds, Stopping threads took: 0.0000820 seconds
2017-08-02T16:15:05.487-0700: 9862.704: Total time for which application threads were stopped: 0.0001650 seconds, Stopping threads took: 0.0000600 seconds
2017-08-02T16:15:05.487-0700: 9862.705: Total time for which application threads were stopped: 0.0002020 seconds, Stopping threads took: 0.0001500 seconds
2017-08-02T16:15:05.487-0700: 9862.705: Total time for which application threads were stopped: 0.0001410 seconds, Stopping threads took: 0.0000370 seconds
2017-08-02T16:15:05.720-0700: 9862.941: Total time for which application threads were stopped: 0.0001070 seconds, Stopping threads took: 0.0000310 seconds
2017-08-02T16:15:05.720-0700: 9862.942: Total time for which application threads were stopped: 0.0001010 seconds, Stopping threads took: 0.0000290 seconds
2017-08-02T16:15:05.736-0700: 9862.953: Total time for which application threads were stopped: 0.0001780 seconds, Stopping threads took: 0.0000590 seconds
2017-08-02T16:15:05.752-0700: 9862.969: Total time for which application threads were stopped: 0.0001740 seconds, Stopping threads took: 0.0000570 seconds
2017-08-02T16:15:07.432-0700: 9864.648: Total time for which application threads were stopped: 0.0003240 seconds, Stopping threads took: 0.0001110 seconds
2017-08-02T16:15:07.433-0700: 9864.649: Total time for which application threads were stopped: 0.0002210 seconds, Stopping threads took: 0.0000730 seconds
{Heap before GC invocations=87 (full 3):
 par new generation   total 109248K, used 96022K [0x00000000e0000000, 0x00000000e8000000, 0x00000000e8000000)
  eden space 87424K,  99% used [0x00000000e0000000, 0x00000000e5513600, 0x00000000e5560000)
  from space 21824K,  40% used [0x00000000e6ab0000, 0x00000000e7362360, 0x00000000e8000000)
  to   space 21824K,   0% used [0x00000000e5560000, 0x00000000e5560000, 0x00000000e6ab0000)
 concurrent mark-sweep generation total 393216K, used 28097K [0x00000000e8000000, 0x0000000100000000, 0x0000000100000000)
 Metaspace       used 54082K, capacity 55564K, committed 71368K, reserved 1112064K
  class space    used 5983K, capacity 6434K, committed 8316K, reserved 1048576K
2017-08-02T16:15:07.434-0700: 9864.657: [GC (Allocation Failure) 2017-08-02T16:15:07.434-0700: 9864.657: [ParNew
Desired survivor size 20112992 bytes, new threshold 8 (max 8)
- age   1:    5171496 bytes,    5171496 total
- age   2:      95328 bytes,    5266824 total
- age   3:     206000 bytes,    5472824 total
- age   4:     996328 bytes,    6469152 total
- age   5:    2113320 bytes,    8582472 total
- age   6:      95528 bytes,    8678000 total
- age   7:     336264 bytes,    9014264 total
- age   8:     327520 bytes,    9341784 total
: 96022K->12619K(109248K), 0.0219380 secs] 124120K->42539K(502464K), 0.0220680 secs] [Times: user=0.06 sys=0.00, real=0.03 secs] 
Heap after GC invocations=88 (full 3):
 par new generation   total 109248K, used 12619K [0x00000000e0000000, 0x00000000e8000000, 0x00000000e8000000)
  eden space 87424K,   0% used [0x00000000e0000000, 0x00000000e0000000, 0x00000000e5560000)
  from space 21824K,  57% used [0x00000000e5560000, 0x00000000e61b2ec0, 0x00000000e6ab0000)
  to   space 21824K,   0% used [0x00000000e6ab0000, 0x00000000e6ab0000, 0x00000000e8000000)
 concurrent mark-sweep generation total 393216K, used 29919K [0x00000000e8000000, 0x0000000100000000, 0x0000000100000000)
 Metaspace       used 54082K, capacity 55564K, committed 71368K, reserved 1112064K
  class space    used 5983K, capacity 6434K, committed 8316K, reserved 1048576K
}
2017-08-02T16:15:07.450-0700: 9864.679: Total time for which application threads were stopped: 0.0225790 seconds, Stopping threads took: 0.0000970 seconds
2017-08-02T16:15:07.450-0700: 9864.680: Total time for which application threads were stopped: 0.0002170 seconds, Stopping threads took: 0.0001240 seconds
2017-08-02T16:15:07.468-0700: 9864.684: Total time for which application threads were stopped: 0.0001380 seconds, Stopping threads took: 0.0000380 seconds
2017-08-02T16:15:07.468-0700: 9864.684: Total time for which application threads were stopped: 0.0000880 seconds, Stopping threads took: 0.0000380 seconds
2017-08-02T16:15:07.468-0700: 9864.684: Total time for which application threads were stopped: 0.0000620 seconds, Stopping threads took: 0.0000230 seconds
2017-08-02T16:15:07.468-0700: 9864.684: Total time for which application threads were stopped: 0.0000610 seconds, Stopping threads took: 0.0000210 seconds
2017-08-02T16:15:07.469-0700: 9864.684: Total time for which application threads were stopped: 0.0000770 seconds, Stopping threads took: 0.0000370 seconds
2017-08-02T16:15:07.469-0700: 9864.685: Total time for which application threads were stopped: 0.0000710 seconds, Stopping threads took: 0.0000300 seconds
2017-08-02T16:15:07.469-0700: 9864.685: Total time for which application threads were stopped: 0.0000700 seconds, Stopping threads took: 0.0000300 seconds
2017-08-02T16:15:07.469-0700: 9864.685: Total time for which application threads were stopped: 0.0000610 seconds, Stopping threads took: 0.0000210 seconds
2017-08-02T16:15:07.469-0700: 9864.685: Total time for which application threads were stopped: 0.0000840 seconds, Stopping threads took: 0.0000300 seconds
2017-08-02T16:15:07.685-0700: 9864.907: Total time for which application threads were stopped: 0.0001150 seconds, Stopping threads took: 0.0000370 seconds
2017-08-02T16:15:07.685-0700: 9864.908: Total time for which application threads were stopped: 0.0000910 seconds, Stopping threads took: 0.0000250 seconds
2017-08-02T16:15:07.717-0700: 9864.934: Total time for which application threads were stopped: 0.0001280 seconds, Stopping threads took: 0.0000410 seconds
2017-08-02T16:15:09.550-0700: 9866.766: Total time for which application threads were stopped: 0.0004160 seconds, Stopping threads took: 0.0002940 seconds
2017-08-02T16:15:09.778-0700: 9866.994: Total time for which application threads were stopped: 0.0001450 seconds, Stopping threads took: 0.0000420 seconds
2017-08-02T16:15:09.819-0700: 9867.037: Total time for which application threads were stopped: 0.0003370 seconds, Stopping threads took: 0.0001110 seconds
2017-08-02T16:15:11.632-0700: 9868.855: Total time for which application threads were stopped: 0.0002120 seconds, Stopping threads took: 0.0001350 seconds
2017-08-02T16:15:11.849-0700: 9869.069: Total time for which application threads were stopped: 0.0001160 seconds, Stopping threads took: 0.0000360 seconds
2017-08-02T16:15:11.880-0700: 9869.097: Total time for which application threads were stopped: 0.0001420 seconds, Stopping threads took: 0.0000470 seconds
2017-08-02T16:15:13.829-0700: 9871.050: Total time for which application threads were stopped: 0.0003260 seconds, Stopping threads took: 0.0001110 seconds
2017-08-02T16:15:14.118-0700: 9871.334: Total time for which application threads were stopped: 0.0002080 seconds, Stopping threads took: 0.0001170 seconds
2017-08-02T16:15:14.147-0700: 9871.364: Total time for which application threads were stopped: 0.0001270 seconds, Stopping threads took: 0.0000410 seconds
2017-08-02T16:15:16.149-0700: 9873.365: Total time for which application threads were stopped: 0.0001980 seconds, Stopping threads took: 0.0000770 seconds
2017-08-02T16:15:16.213-0700: 9873.431: Total time for which application threads were stopped: 0.0001670 seconds, Stopping threads took: 0.0000860 seconds
2017-08-02T16:15:16.244-0700: 9873.461: Total time for which application threads were stopped: 0.0002390 seconds, Stopping threads took: 0.0000580 seconds
2017-08-02T16:15:17.245-0700: 9874.461: Total time for which application threads were stopped: 0.0002880 seconds, Stopping threads took: 0.0001180 seconds
2017-08-02T16:15:17.959-0700: 9875.175: Total time for which application threads were stopped: 0.0003100 seconds, Stopping threads took: 0.0001090 seconds
2017-08-02T16:15:17.959-0700: 9875.175: Total time for which application threads were stopped: 0.0002310 seconds, Stopping threads took: 0.0000810 seconds
2017-08-02T16:15:18.190-0700: 9875.419: Total time for which application threads were stopped: 0.0001190 seconds, Stopping threads took: 0.0000410 seconds
2017-08-02T16:15:18.242-0700: 9875.460: Total time for which application threads were stopped: 0.0003380 seconds, Stopping threads took: 0.0001110 seconds
2017-08-02T16:15:20.174-0700: 9877.390: Total time for which application threads were stopped: 0.0003140 seconds, Stopping threads took: 0.0001090 seconds
2017-08-02T16:15:20.442-0700: 9877.668: Total time for which application threads were stopped: 0.0001220 seconds, Stopping threads took: 0.0000450 seconds
2017-08-02T16:15:20.490-0700: 9877.706: Total time for which application threads were stopped: 0.0001750 seconds, Stopping threads took: 0.0000580 seconds
2017-08-02T16:15:22.196-0700: 9879.420: Total time for which application threads were stopped: 0.0003090 seconds, Stopping threads took: 0.0001040 seconds
2017-08-02T16:15:22.511-0700: 9879.732: Total time for which application threads were stopped: 0.0001860 seconds, Stopping threads took: 0.0000540 seconds
2017-08-02T16:15:23.517-0700: 9880.733: Total time for which application threads were stopped: 0.0003260 seconds, Stopping threads took: 0.0001390 seconds
{Heap before GC invocations=88 (full 3):
 par new generation   total 109248K, used 100043K [0x00000000e0000000, 0x00000000e8000000, 0x00000000e8000000)
  eden space 87424K, 100% used [0x00000000e0000000, 0x00000000e5560000, 0x00000000e5560000)
  from space 21824K,  57% used [0x00000000e5560000, 0x00000000e61b2ec0, 0x00000000e6ab0000)
  to   space 21824K,   0% used [0x00000000e6ab0000, 0x00000000e6ab0000, 0x00000000e8000000)
 concurrent mark-sweep generation total 393216K, used 29919K [0x00000000e8000000, 0x0000000100000000, 0x0000000100000000)
 Metaspace       used 54088K, capacity 55564K, committed 71368K, reserved 1112064K
  class space    used 5983K, capacity 6434K, committed 8316K, reserved 1048576K
2017-08-02T16:15:34.711-0700: 9891.933: [GC (Allocation Failure) 2017-08-02T16:15:34.711-0700: 9891.933: [ParNew
Desired survivor size 20112992 bytes, new threshold 8 (max 8)
- age   1:    1769176 bytes,    1769176 total
- age   2:    2341600 bytes,    4110776 total
- age   3:      95328 bytes,    4206104 total
- age   4:     197520 bytes,    4403624 total
- age   5:     459632 bytes,    4863256 total
- age   6:    1869400 bytes,    6732656 total
- age   7:        200 bytes,    6732856 total
- age   8:     188840 bytes,    6921696 total
: 100043K->8747K(109248K), 0.0116720 secs] 129963K->38948K(502464K), 0.0117660 secs] [Times: user=0.02 sys=0.00, real=0.01 secs] 
Heap after GC invocations=89 (full 3):
 par new generation   total 109248K, used 8747K [0x00000000e0000000, 0x00000000e8000000, 0x00000000e8000000)
  eden space 87424K,   0% used [0x00000000e0000000, 0x00000000e0000000, 0x00000000e5560000)
  from space 21824K,  40% used [0x00000000e6ab0000, 0x00000000e733adb8, 0x00000000e8000000)
  to   space 21824K,   0% used [0x00000000e5560000, 0x00000000e5560000, 0x00000000e6ab0000)
 concurrent mark-sweep generation total 393216K, used 30201K [0x00000000e8000000, 0x0000000100000000, 0x0000000100000000)
 Metaspace       used 54088K, capacity 55564K, committed 71368K, reserved 1112064K
  class space    used 5983K, capacity 6434K, committed 8316K, reserved 1048576K
}
2017-08-02T16:15:34.726-0700: 9891.945: Total time for which application threads were stopped: 0.0120740 seconds, Stopping threads took: 0.0000510 seconds
{Heap before GC invocations=89 (full 3):
 par new generation   total 109248K, used 96171K [0x00000000e0000000, 0x00000000e8000000, 0x00000000e8000000)
  eden space 87424K, 100% used [0x00000000e0000000, 0x00000000e5560000, 0x00000000e5560000)
  from space 21824K,  40% used [0x00000000e6ab0000, 0x00000000e733adb8, 0x00000000e8000000)
  to   space 21824K,   0% used [0x00000000e5560000, 0x00000000e5560000, 0x00000000e6ab0000)
 concurrent mark-sweep generation total 393216K, used 30201K [0x00000000e8000000, 0x0000000100000000, 0x0000000100000000)
 Metaspace       used 54090K, capacity 55564K, committed 71368K, reserved 1112064K
  class space    used 5983K, capacity 6434K, committed 8316K, reserved 1048576K
2017-08-02T16:15:34.742-0700: 9891.968: [GC (Allocation Failure) 2017-08-02T16:15:34.742-0700: 9891.968: [ParNew
Desired survivor size 20112992 bytes, new threshold 8 (max 8)
- age   1:     782640 bytes,     782640 total
- age   2:    1499392 bytes,    2282032 total
- age   3:    2167176 bytes,    4449208 total
- age   4:      95328 bytes,    4544536 total
- age   5:     197520 bytes,    4742056 total
- age   6:     459632 bytes,    5201688 total
- age   7:    1869400 bytes,    7071088 total
- age   8:        200 bytes,    7071288 total
: 96171K->9461K(109248K), 0.0124170 secs] 126372K->39848K(502464K), 0.0125170 secs] [Times: user=0.10 sys=0.00, real=0.02 secs] 
Heap after GC invocations=90 (full 3):
 par new generation   total 109248K, used 9461K [0x00000000e0000000, 0x00000000e8000000, 0x00000000e8000000)
  eden space 87424K,   0% used [0x00000000e0000000, 0x00000000e0000000, 0x00000000e5560000)
  from space 21824K,  43% used [0x00000000e5560000, 0x00000000e5e9d460, 0x00000000e6ab0000)
  to   space 21824K,   0% used [0x00000000e6ab0000, 0x00000000e6ab0000, 0x00000000e8000000)
 concurrent mark-sweep generation total 393216K, used 30387K [0x00000000e8000000, 0x0000000100000000, 0x0000000100000000)
 Metaspace       used 54090K, capacity 55564K, committed 71368K, reserved 1112064K
  class space    used 5983K, capacity 6434K, committed 8316K, reserved 1048576K
}
2017-08-02T16:15:34.761-0700: 9891.981: Total time for which application threads were stopped: 0.0128240 seconds, Stopping threads took: 0.0000480 seconds
{Heap before GC invocations=90 (full 3):
 par new generation   total 109248K, used 96885K [0x00000000e0000000, 0x00000000e8000000, 0x00000000e8000000)
  eden space 87424K, 100% used [0x00000000e0000000, 0x00000000e5560000, 0x00000000e5560000)
  from space 21824K,  43% used [0x00000000e5560000, 0x00000000e5e9d460, 0x00000000e6ab0000)
  to   space 21824K,   0% used [0x00000000e6ab0000, 0x00000000e6ab0000, 0x00000000e8000000)
 concurrent mark-sweep generation total 393216K, used 30387K [0x00000000e8000000, 0x0000000100000000, 0x0000000100000000)
 Metaspace       used 54090K, capacity 55564K, committed 71368K, reserved 1112064K
  class space    used 5983K, capacity 6434K, committed 8316K, reserved 1048576K
2017-08-02T16:15:34.828-0700: 9892.053: [GC (Allocation Failure) 2017-08-02T16:15:34.828-0700: 9892.053: [ParNew
Desired survivor size 20112992 bytes, new threshold 8 (max 8)
- age   1:     322080 bytes,     322080 total
- age   2:     712976 bytes,    1035056 total
- age   3:    1499392 bytes,    2534448 total
- age   4:    2167176 bytes,    4701624 total
- age   5:      95328 bytes,    4796952 total
- age   6:     197520 bytes,    4994472 total
- age   7:     459632 bytes,    5454104 total
- age   8:    1869400 bytes,    7323504 total
: 96885K->7955K(109248K), 0.0094080 secs] 127272K->38342K(502464K), 0.0094800 secs] [Times: user=0.06 sys=0.00, real=0.01 secs] 
Heap after GC invocations=91 (full 3):
 par new generation   total 109248K, used 7955K [0x00000000e0000000, 0x00000000e8000000, 0x00000000e8000000)
  eden space 87424K,   0% used [0x00000000e0000000, 0x00000000e0000000, 0x00000000e5560000)
  from space 21824K,  36% used [0x00000000e6ab0000, 0x00000000e7274d30, 0x00000000e8000000)
  to   space 21824K,   0% used [0x00000000e5560000, 0x00000000e5560000, 0x00000000e6ab0000)
 concurrent mark-sweep generation total 393216K, used 30387K [0x00000000e8000000, 0x0000000100000000, 0x0000000100000000)
 Metaspace       used 54090K, capacity 55564K, committed 71368K, reserved 1112064K
  class space    used 5983K, capacity 6434K, committed 8316K, reserved 1048576K
}
2017-08-02T16:15:34.843-0700: 9892.063: Total time for which application threads were stopped: 0.0097190 seconds, Stopping threads took: 0.0000400 seconds
2017-08-02T16:15:34.903-0700: 9892.119: Total time for which application threads were stopped: 0.0001830 seconds, Stopping threads took: 0.0000780 seconds
2017-08-02T16:15:34.963-0700: 9892.183: Total time for which application threads were stopped: 0.0002140 seconds, Stopping threads took: 0.0000620 seconds
2017-08-02T16:15:34.963-0700: 9892.184: Total time for which application threads were stopped: 0.0001010 seconds, Stopping threads took: 0.0000290 seconds
2017-08-02T16:15:35.265-0700: 9892.487: Total time for which application threads were stopped: 0.0001800 seconds, Stopping threads took: 0.0000800 seconds
2017-08-02T16:15:35.265-0700: 9892.487: Total time for which application threads were stopped: 0.0002150 seconds, Stopping threads took: 0.0000570 seconds
2017-08-02T16:15:35.281-0700: 9892.497: Total time for which application threads were stopped: 0.0001620 seconds, Stopping threads took: 0.0000550 seconds
2017-08-02T16:15:35.819-0700: 9893.035: Total time for which application threads were stopped: 0.0003220 seconds, Stopping threads took: 0.0001140 seconds
2017-08-02T16:15:37.820-0700: 9895.036: Total time for which application threads were stopped: 0.0001700 seconds, Stopping threads took: 0.0000710 seconds
2017-08-02T16:15:38.806-0700: 9896.023: Total time for which application threads were stopped: 0.0001330 seconds, Stopping threads took: 0.0000440 seconds
2017-08-02T16:15:38.807-0700: 9896.023: Total time for which application threads were stopped: 0.0000560 seconds, Stopping threads took: 0.0000180 seconds
2017-08-02T16:15:38.807-0700: 9896.023: Total time for which application threads were stopped: 0.0000630 seconds, Stopping threads took: 0.0000210 seconds
2017-08-02T16:15:38.807-0700: 9896.024: Total time for which application threads were stopped: 0.0000670 seconds, Stopping threads took: 0.0000230 seconds
2017-08-02T16:15:38.808-0700: 9896.024: Total time for which application threads were stopped: 0.0000680 seconds, Stopping threads took: 0.0000220 seconds
2017-08-02T16:15:38.834-0700: 9896.049: Total time for which application threads were stopped: 0.0001660 seconds, Stopping threads took: 0.0000540 seconds
2017-08-02T16:15:40.716-0700: 9897.932: Total time for which application threads were stopped: 0.0002050 seconds, Stopping threads took: 0.0000620 seconds
2017-08-02T16:15:40.716-0700: 9897.932: Total time for which application threads were stopped: 0.0001170 seconds, Stopping threads took: 0.0000390 seconds
2017-08-02T16:15:40.716-0700: 9897.932: Total time for which application threads were stopped: 0.0001070 seconds, Stopping threads took: 0.0000390 seconds
2017-08-02T16:15:40.718-0700: 9897.940: Total time for which application threads were stopped: 0.0002180 seconds, Stopping threads took: 0.0001100 seconds
2017-08-02T16:15:40.718-0700: 9897.941: Total time for which application threads were stopped: 0.0001130 seconds, Stopping threads took: 0.0000380 seconds
2017-08-02T16:15:40.718-0700: 9897.941: Total time for which application threads were stopped: 0.0000980 seconds, Stopping threads took: 0.0000340 seconds
2017-08-02T16:15:40.718-0700: 9897.941: Total time for which application threads were stopped: 0.0000910 seconds, Stopping threads took: 0.0000320 seconds
2017-08-02T16:15:40.718-0700: 9897.941: Total time for which application threads were stopped: 0.0000960 seconds, Stopping threads took: 0.0000380 seconds
2017-08-02T16:15:40.718-0700: 9897.941: Total time for which application threads were stopped: 0.0001030 seconds, Stopping threads took: 0.0000380 seconds
2017-08-02T16:15:40.718-0700: 9897.942: Total time for which application threads were stopped: 0.0000930 seconds, Stopping threads took: 0.0000320 seconds
2017-08-02T16:15:40.718-0700: 9897.942: Total time for which application threads were stopped: 0.0001240 seconds, Stopping threads took: 0.0000330 seconds
2017-08-02T16:15:40.718-0700: 9897.942: Total time for which application threads were stopped: 0.0000890 seconds, Stopping threads took: 0.0000300 seconds
2017-08-02T16:15:40.718-0700: 9897.942: Total time for which application threads were stopped: 0.0000950 seconds, Stopping threads took: 0.0000320 seconds
2017-08-02T16:15:40.718-0700: 9897.942: Total time for which application threads were stopped: 0.0000920 seconds, Stopping threads took: 0.0000310 seconds
2017-08-02T16:15:40.987-0700: 9898.209: Total time for which application threads were stopped: 0.0002030 seconds, Stopping threads took: 0.0000660 seconds
2017-08-02T16:15:41.018-0700: 9898.235: Total time for which application threads were stopped: 0.0002090 seconds, Stopping threads took: 0.0000680 seconds
2017-08-02T16:15:41.035-0700: 9898.252: Total time for which application threads were stopped: 0.0005910 seconds, Stopping threads took: 0.0001130 seconds
2017-08-02T16:15:41.052-0700: 9898.268: Total time for which application threads were stopped: 0.0003530 seconds, Stopping threads took: 0.0001150 seconds
2017-08-02T16:15:43.016-0700: 9900.232: Total time for which application threads were stopped: 0.0003540 seconds, Stopping threads took: 0.0001120 seconds
2017-08-02T16:15:43.017-0700: 9900.232: Total time for which application threads were stopped: 0.0002300 seconds, Stopping threads took: 0.0000710 seconds
{Heap before GC invocations=91 (full 3):
 par new generation   total 109248K, used 95378K [0x00000000e0000000, 0x00000000e8000000, 0x00000000e8000000)
  eden space 87424K,  99% used [0x00000000e0000000, 0x00000000e555fb48, 0x00000000e5560000)
  from space 21824K,  36% used [0x00000000e6ab0000, 0x00000000e7274d30, 0x00000000e8000000)
  to   space 21824K,   0% used [0x00000000e5560000, 0x00000000e5560000, 0x00000000e6ab0000)
 concurrent mark-sweep generation total 393216K, used 30387K [0x00000000e8000000, 0x0000000100000000, 0x0000000100000000)
 Metaspace       used 55561K, capacity 57080K, committed 71368K, reserved 1112064K
  class space    used 6138K, capacity 6602K, committed 8316K, reserved 1048576K
2017-08-02T16:15:43.023-0700: 9900.239: [GC (Allocation Failure) 2017-08-02T16:15:43.023-0700: 9900.239: [ParNew
Desired survivor size 20112992 bytes, new threshold 8 (max 8)
- age   1:    5271296 bytes,    5271296 total
- age   2:     142816 bytes,    5414112 total
- age   3:     110008 bytes,    5524120 total
- age   4:    1015808 bytes,    6539928 total
- age   5:    2098784 bytes,    8638712 total
- age   6:      95328 bytes,    8734040 total
- age   7:     197520 bytes,    8931560 total
- age   8:     440336 bytes,    9371896 total
: 95378K->12495K(109248K), 0.0275000 secs] 125765K->44749K(502464K), 0.0276400 secs] [Times: user=0.06 sys=0.00, real=0.03 secs] 
Heap after GC invocations=92 (full 3):
 par new generation   total 109248K, used 12495K [0x00000000e0000000, 0x00000000e8000000, 0x00000000e8000000)
  eden space 87424K,   0% used [0x00000000e0000000, 0x00000000e0000000, 0x00000000e5560000)
  from space 21824K,  57% used [0x00000000e5560000, 0x00000000e6193e40, 0x00000000e6ab0000)
  to   space 21824K,   0% used [0x00000000e6ab0000, 0x00000000e6ab0000, 0x00000000e8000000)
 concurrent mark-sweep generation total 393216K, used 32253K [0x00000000e8000000, 0x0000000100000000, 0x0000000100000000)
 Metaspace       used 55561K, capacity 57080K, committed 71368K, reserved 1112064K
  class space    used 6138K, capacity 6602K, committed 8316K, reserved 1048576K
}
2017-08-02T16:15:43.038-0700: 9900.266: Total time for which application threads were stopped: 0.0281770 seconds, Stopping threads took: 0.0000930 seconds
2017-08-02T16:15:43.038-0700: 9900.267: Total time for which application threads were stopped: 0.0002430 seconds, Stopping threads took: 0.0001400 seconds
2017-08-02T16:15:43.055-0700: 9900.271: Total time for which application threads were stopped: 0.0001290 seconds, Stopping threads took: 0.0000300 seconds
2017-08-02T16:15:43.285-0700: 9900.514: Total time for which application threads were stopped: 0.0001180 seconds, Stopping threads took: 0.0000390 seconds
2017-08-02T16:15:43.338-0700: 9900.556: Total time for which application threads were stopped: 0.0003270 seconds, Stopping threads took: 0.0001090 seconds
2017-08-02T16:15:45.040-0700: 9902.256: Total time for which application threads were stopped: 0.0003740 seconds, Stopping threads took: 0.0001110 seconds
2017-08-02T16:15:45.374-0700: 9902.591: Total time for which application threads were stopped: 0.0001710 seconds, Stopping threads took: 0.0000570 seconds
2017-08-02T16:15:47.407-0700: 9904.627: Total time for which application threads were stopped: 0.0003340 seconds, Stopping threads took: 0.0001220 seconds
2017-08-02T16:15:47.707-0700: 9904.923: Total time for which application threads were stopped: 0.0003940 seconds, Stopping threads took: 0.0001120 seconds
2017-08-02T16:15:49.564-0700: 9906.780: Total time for which application threads were stopped: 0.0003400 seconds, Stopping threads took: 0.0001110 seconds
2017-08-02T16:15:49.876-0700: 9907.093: Total time for which application threads were stopped: 0.0001820 seconds, Stopping threads took: 0.0000570 seconds
2017-08-02T16:15:51.539-0700: 9908.770: Total time for which application threads were stopped: 0.0003290 seconds, Stopping threads took: 0.0001130 seconds
2017-08-02T16:15:51.907-0700: 9909.124: Total time for which application threads were stopped: 0.0001990 seconds, Stopping threads took: 0.0000630 seconds
2017-08-02T16:15:53.605-0700: 9910.820: Total time for which application threads were stopped: 0.0003370 seconds, Stopping threads took: 0.0001120 seconds
2017-08-02T16:15:53.905-0700: 9911.121: Total time for which application threads were stopped: 0.0001810 seconds, Stopping threads took: 0.0000570 seconds
2017-08-02T16:15:55.886-0700: 9913.110: Total time for which application threads were stopped: 0.0003960 seconds, Stopping threads took: 0.0001190 seconds
2017-08-02T16:15:56.204-0700: 9913.422: Total time for which application threads were stopped: 0.0004120 seconds, Stopping threads took: 0.0001370 seconds
2017-08-02T16:15:57.800-0700: 9915.026: Total time for which application threads were stopped: 0.0001930 seconds, Stopping threads took: 0.0000690 seconds
2017-08-02T16:20:32.902-0700: 10190.118: Total time for which application threads were stopped: 0.0003610 seconds, Stopping threads took: 0.0001420 seconds
2017-08-02T16:20:33.451-0700: 10190.677: Total time for which application threads were stopped: 0.0001710 seconds, Stopping threads took: 0.0000650 seconds
{Heap before GC invocations=92 (full 3):
 par new generation   total 109248K, used 99919K [0x00000000e0000000, 0x00000000e8000000, 0x00000000e8000000)
  eden space 87424K, 100% used [0x00000000e0000000, 0x00000000e5560000, 0x00000000e5560000)
  from space 21824K,  57% used [0x00000000e5560000, 0x00000000e6193e40, 0x00000000e6ab0000)
  to   space 21824K,   0% used [0x00000000e6ab0000, 0x00000000e6ab0000, 0x00000000e8000000)
 concurrent mark-sweep generation total 393216K, used 32253K [0x00000000e8000000, 0x0000000100000000, 0x0000000100000000)
 Metaspace       used 55585K, capacity 57084K, committed 71368K, reserved 1112064K
  class space    used 6138K, capacity 6602K, committed 8316K, reserved 1048576K
2017-08-02T16:21:08.663-0700: 10225.886: [GC (Allocation Failure) 2017-08-02T16:21:08.663-0700: 10225.886: [ParNew
Desired survivor size 20112992 bytes, new threshold 8 (max 8)
- age   1:    1785496 bytes,    1785496 total
- age   2:    2270976 bytes,    4056472 total
- age   3:     142816 bytes,    4199288 total
- age   4:     109832 bytes,    4309120 total
- age   5:     482040 bytes,    4791160 total
- age   6:    1874240 bytes,    6665400 total
- age   7:        728 bytes,    6666128 total
- age   8:      98712 bytes,    6764840 total
: 99919K->9988K(109248K), 0.0149100 secs] 132173K->42574K(502464K), 0.0150100 secs] [Times: user=0.10 sys=0.00, real=0.02 secs] 
Heap after GC invocations=93 (full 3):
 par new generation   total 109248K, used 9988K [0x00000000e0000000, 0x00000000e8000000, 0x00000000e8000000)
  eden space 87424K,   0% used [0x00000000e0000000, 0x00000000e0000000, 0x00000000e5560000)
  from space 21824K,  45% used [0x00000000e6ab0000, 0x00000000e7471040, 0x00000000e8000000)
  to   space 21824K,   0% used [0x00000000e5560000, 0x00000000e5560000, 0x00000000e6ab0000)
 concurrent mark-sweep generation total 393216K, used 32586K [0x00000000e8000000, 0x0000000100000000, 0x0000000100000000)
 Metaspace       used 55585K, capacity 57084K, committed 71368K, reserved 1112064K
  class space    used 6138K, capacity 6602K, committed 8316K, reserved 1048576K
}
2017-08-02T16:21:08.683-0700: 10225.901: Total time for which application threads were stopped: 0.0153120 seconds, Stopping threads took: 0.0000650 seconds
2017-08-02T16:21:08.683-0700: 10225.901: Total time for which application threads were stopped: 0.0002980 seconds, Stopping threads took: 0.0000670 seconds
{Heap before GC invocations=93 (full 3):
 par new generation   total 109248K, used 97412K [0x00000000e0000000, 0x00000000e8000000, 0x00000000e8000000)
  eden space 87424K, 100% used [0x00000000e0000000, 0x00000000e5560000, 0x00000000e5560000)
  from space 21824K,  45% used [0x00000000e6ab0000, 0x00000000e7471040, 0x00000000e8000000)
  to   space 21824K,   0% used [0x00000000e5560000, 0x00000000e5560000, 0x00000000e6ab0000)
 concurrent mark-sweep generation total 393216K, used 32586K [0x00000000e8000000, 0x0000000100000000, 0x0000000100000000)
 Metaspace       used 55588K, capacity 57084K, committed 71368K, reserved 1112064K
  class space    used 6138K, capacity 6602K, committed 8316K, reserved 1048576K
2017-08-02T16:21:08.717-0700: 10225.933: [GC (Allocation Failure) 2017-08-02T16:21:08.717-0700: 10225.933: [ParNew
Desired survivor size 20112992 bytes, new threshold 8 (max 8)
- age   1:    1009720 bytes,    1009720 total
- age   2:    1532072 bytes,    2541792 total
- age   3:    2096552 bytes,    4638344 total
- age   4:     142816 bytes,    4781160 total
- age   5:     109832 bytes,    4890992 total
- age   6:     482040 bytes,    5373032 total
- age   7:    1874240 bytes,    7247272 total
- age   8:        728 bytes,    7248000 total
: 97412K->7975K(109248K), 0.0124860 secs] 129998K->40659K(502464K), 0.0125710 secs] [Times: user=0.06 sys=0.00, real=0.01 secs] 
Heap after GC invocations=94 (full 3):
 par new generation   total 109248K, used 7975K [0x00000000e0000000, 0x00000000e8000000, 0x00000000e8000000)
  eden space 87424K,   0% used [0x00000000e0000000, 0x00000000e0000000, 0x00000000e5560000)
  from space 21824K,  36% used [0x00000000e5560000, 0x00000000e5d29cb0, 0x00000000e6ab0000)
  to   space 21824K,   0% used [0x00000000e6ab0000, 0x00000000e6ab0000, 0x00000000e8000000)
 concurrent mark-sweep generation total 393216K, used 32683K [0x00000000e8000000, 0x0000000100000000, 0x0000000100000000)
 Metaspace       used 55588K, capacity 57084K, committed 71368K, reserved 1112064K
  class space    used 6138K, capacity 6602K, committed 8316K, reserved 1048576K
}
2017-08-02T16:21:08.729-0700: 10225.945: Total time for which application threads were stopped: 0.0128830 seconds, Stopping threads took: 0.0000630 seconds
{Heap before GC invocations=94 (full 3):
 par new generation   total 109248K, used 95399K [0x00000000e0000000, 0x00000000e8000000, 0x00000000e8000000)
  eden space 87424K, 100% used [0x00000000e0000000, 0x00000000e5560000, 0x00000000e5560000)
  from space 21824K,  36% used [0x00000000e5560000, 0x00000000e5d29cb0, 0x00000000e6ab0000)
  to   space 21824K,   0% used [0x00000000e6ab0000, 0x00000000e6ab0000, 0x00000000e8000000)
 concurrent mark-sweep generation total 393216K, used 32683K [0x00000000e8000000, 0x0000000100000000, 0x0000000100000000)
 Metaspace       used 55588K, capacity 57084K, committed 71368K, reserved 1112064K
  class space    used 6138K, capacity 6602K, committed 8316K, reserved 1048576K
2017-08-02T16:21:08.784-0700: 10226.004: [GC (Allocation Failure) 2017-08-02T16:21:08.784-0700: 10226.004: [ParNew
Desired survivor size 20112992 bytes, new threshold 8 (max 8)
- age   1:     174768 bytes,     174768 total
- age   2:     710080 bytes,     884848 total
- age   3:    1532072 bytes,    2416920 total
- age   4:    2096552 bytes,    4513472 total
- age   5:     142816 bytes,    4656288 total
- age   6:     109832 bytes,    4766120 total
- age   7:     482040 bytes,    5248160 total
- age   8:    1874240 bytes,    7122400 total
: 95399K->10558K(109248K), 0.0098400 secs] 128083K->43243K(502464K), 0.0099230 secs] [Times: user=0.00 sys=0.00, real=0.01 secs] 
Heap after GC invocations=95 (full 3):
 par new generation   total 109248K, used 10558K [0x00000000e0000000, 0x00000000e8000000, 0x00000000e8000000)
  eden space 87424K,   0% used [0x00000000e0000000, 0x00000000e0000000, 0x00000000e5560000)
  from space 21824K,  48% used [0x00000000e6ab0000, 0x00000000e74ffb60, 0x00000000e8000000)
  to   space 21824K,   0% used [0x00000000e5560000, 0x00000000e5560000, 0x00000000e6ab0000)
 concurrent mark-sweep generation total 393216K, used 32684K [0x00000000e8000000, 0x0000000100000000, 0x0000000100000000)
 Metaspace       used 55588K, capacity 57084K, committed 71368K, reserved 1112064K
  class space    used 6138K, capacity 6602K, committed 8316K, reserved 1048576K
}
2017-08-02T16:21:08.784-0700: 10226.014: Total time for which application threads were stopped: 0.0101990 seconds, Stopping threads took: 0.0000480 seconds
2017-08-02T16:21:08.865-0700: 10226.090: Total time for which application threads were stopped: 0.0002340 seconds, Stopping threads took: 0.0000940 seconds
2017-08-02T16:21:08.935-0700: 10226.165: Total time for which application threads were stopped: 0.0001550 seconds, Stopping threads took: 0.0000360 seconds
2017-08-02T16:21:08.935-0700: 10226.165: Total time for which application threads were stopped: 0.0000850 seconds, Stopping threads took: 0.0000330 seconds
2017-08-02T16:21:09.188-0700: 10226.417: Total time for which application threads were stopped: 0.0001420 seconds, Stopping threads took: 0.0000390 seconds
2017-08-02T16:21:09.239-0700: 10226.459: Total time for which application threads were stopped: 0.0001220 seconds, Stopping threads took: 0.0000430 seconds
2017-08-02T16:21:09.239-0700: 10226.459: Total time for which application threads were stopped: 0.0001080 seconds, Stopping threads took: 0.0000330 seconds
2017-08-02T16:21:09.239-0700: 10226.460: Total time for which application threads were stopped: 0.0000750 seconds, Stopping threads took: 0.0000230 seconds
2017-08-02T16:21:09.239-0700: 10226.460: Total time for which application threads were stopped: 0.0000880 seconds, Stopping threads took: 0.0000310 seconds
2017-08-02T16:21:09.239-0700: 10226.460: Total time for which application threads were stopped: 0.0000650 seconds, Stopping threads took: 0.0000240 seconds
2017-08-02T16:21:09.239-0700: 10226.460: Total time for which application threads were stopped: 0.0001140 seconds, Stopping threads took: 0.0000390 seconds
2017-08-02T16:21:09.239-0700: 10226.460: Total time for which application threads were stopped: 0.0000770 seconds, Stopping threads took: 0.0000270 seconds
2017-08-02T16:21:09.239-0700: 10226.461: Total time for which application threads were stopped: 0.0001100 seconds, Stopping threads took: 0.0000380 seconds
2017-08-02T16:21:09.254-0700: 10226.471: Total time for which application threads were stopped: 0.0001620 seconds, Stopping threads took: 0.0000540 seconds
2017-08-02T16:21:09.654-0700: 10226.870: Total time for which application threads were stopped: 0.0001850 seconds, Stopping threads took: 0.0000870 seconds
2017-08-02T16:21:09.759-0700: 10226.975: Total time for which application threads were stopped: 0.0002160 seconds, Stopping threads took: 0.0000610 seconds
2017-08-02T16:21:09.759-0700: 10226.975: Total time for which application threads were stopped: 0.0000830 seconds, Stopping threads took: 0.0000250 seconds
2017-08-02T16:21:09.760-0700: 10226.976: Total time for which application threads were stopped: 0.0000970 seconds, Stopping threads took: 0.0000330 seconds
2017-08-02T16:21:09.761-0700: 10226.977: Total time for which application threads were stopped: 0.0002880 seconds, Stopping threads took: 0.0000520 seconds
2017-08-02T16:21:09.762-0700: 10226.978: Total time for which application threads were stopped: 0.0001170 seconds, Stopping threads took: 0.0000420 seconds
2017-08-02T16:21:09.779-0700: 10226.995: Total time for which application threads were stopped: 0.0002010 seconds, Stopping threads took: 0.0000640 seconds
2017-08-02T16:21:10.104-0700: 10227.320: Total time for which application threads were stopped: 0.0003400 seconds, Stopping threads took: 0.0001150 seconds
2017-08-02T16:21:11.521-0700: 10228.739: Total time for which application threads were stopped: 0.0004950 seconds, Stopping threads took: 0.0002860 seconds
2017-08-02T16:21:11.521-0700: 10228.740: Total time for which application threads were stopped: 0.0002390 seconds, Stopping threads took: 0.0000850 seconds
2017-08-02T16:21:11.521-0700: 10228.741: Total time for which application threads were stopped: 0.0004030 seconds, Stopping threads took: 0.0002390 seconds
2017-08-02T16:21:11.542-0700: 10228.758: Total time for which application threads were stopped: 0.0003170 seconds, Stopping threads took: 0.0001110 seconds
2017-08-02T16:21:11.543-0700: 10228.759: Total time for which application threads were stopped: 0.0002420 seconds, Stopping threads took: 0.0000830 seconds
2017-08-02T16:21:11.544-0700: 10228.760: Total time for which application threads were stopped: 0.0004690 seconds, Stopping threads took: 0.0000880 seconds
2017-08-02T16:21:11.806-0700: 10229.029: Total time for which application threads were stopped: 0.0001380 seconds, Stopping threads took: 0.0000410 seconds
2017-08-02T16:21:11.806-0700: 10229.030: Total time for which application threads were stopped: 0.0000930 seconds, Stopping threads took: 0.0000260 seconds
2017-08-02T16:21:11.822-0700: 10229.039: Total time for which application threads were stopped: 0.0001750 seconds, Stopping threads took: 0.0000580 seconds
2017-08-02T16:21:11.838-0700: 10229.054: Total time for which application threads were stopped: 0.0001750 seconds, Stopping threads took: 0.0000570 seconds
2017-08-02T16:21:13.638-0700: 10230.856: Total time for which application threads were stopped: 0.0003430 seconds, Stopping threads took: 0.0001100 seconds
2017-08-02T16:21:13.638-0700: 10230.856: Total time for which application threads were stopped: 0.0002390 seconds, Stopping threads took: 0.0000840 seconds
2017-08-02T16:21:13.653-0700: 10230.877: Total time for which application threads were stopped: 0.0004300 seconds, Stopping threads took: 0.0001980 seconds
2017-08-02T16:21:13.653-0700: 10230.878: Total time for which application threads were stopped: 0.0004190 seconds, Stopping threads took: 0.0002500 seconds
2017-08-02T16:21:13.653-0700: 10230.878: Total time for which application threads were stopped: 0.0003120 seconds, Stopping threads took: 0.0001620 seconds
2017-08-02T16:21:13.653-0700: 10230.879: Total time for which application threads were stopped: 0.0004080 seconds, Stopping threads took: 0.0002210 seconds
2017-08-02T16:21:13.653-0700: 10230.880: Total time for which application threads were stopped: 0.0004500 seconds, Stopping threads took: 0.0002110 seconds
2017-08-02T16:21:13.653-0700: 10230.880: Total time for which application threads were stopped: 0.0003970 seconds, Stopping threads took: 0.0002180 seconds
2017-08-02T16:21:13.653-0700: 10230.881: Total time for which application threads were stopped: 0.0004390 seconds, Stopping threads took: 0.0002280 seconds
2017-08-02T16:21:13.653-0700: 10230.882: Total time for which application threads were stopped: 0.0004110 seconds, Stopping threads took: 0.0001900 seconds
2017-08-02T16:21:13.653-0700: 10230.882: Total time for which application threads were stopped: 0.0004120 seconds, Stopping threads took: 0.0001840 seconds
2017-08-02T16:21:13.874-0700: 10231.100: Total time for which application threads were stopped: 0.0001400 seconds, Stopping threads took: 0.0000510 seconds
2017-08-02T16:21:13.874-0700: 10231.101: Total time for which application threads were stopped: 0.0001220 seconds, Stopping threads took: 0.0000300 seconds
2017-08-02T16:21:13.921-0700: 10231.137: Total time for which application threads were stopped: 0.0001760 seconds, Stopping threads took: 0.0000580 seconds
2017-08-02T16:21:15.786-0700: 10233.005: Total time for which application threads were stopped: 0.0003240 seconds, Stopping threads took: 0.0001110 seconds
{Heap before GC invocations=95 (full 3):
 par new generation   total 109248K, used 97982K [0x00000000e0000000, 0x00000000e8000000, 0x00000000e8000000)
  eden space 87424K, 100% used [0x00000000e0000000, 0x00000000e5560000, 0x00000000e5560000)
  from space 21824K,  48% used [0x00000000e6ab0000, 0x00000000e74ffb60, 0x00000000e8000000)
  to   space 21824K,   0% used [0x00000000e5560000, 0x00000000e5560000, 0x00000000e6ab0000)
 concurrent mark-sweep generation total 393216K, used 32684K [0x00000000e8000000, 0x0000000100000000, 0x0000000100000000)
 Metaspace       used 57045K, capacity 58536K, committed 71368K, reserved 1112064K
  class space    used 6294K, capacity 6770K, committed 8316K, reserved 1048576K
2017-08-02T16:21:15.786-0700: 10233.009: [GC (Allocation Failure) 2017-08-02T16:21:15.786-0700: 10233.009: [ParNew
Desired survivor size 20112992 bytes, new threshold 8 (max 8)
- age   1:    4774768 bytes,    4774768 total
- age   2:     144384 bytes,    4919152 total
- age   3:     107896 bytes,    5027048 total
- age   4:     999328 bytes,    6026376 total
- age   5:    2027768 bytes,    8054144 total
- age   6:     142816 bytes,    8196960 total
- age   7:     109832 bytes,    8306792 total
- age   8:     471544 bytes,    8778336 total
: 97982K->11365K(109248K), 0.0226910 secs] 130667K->45981K(502464K), 0.0228260 secs] [Times: user=0.13 sys=0.00, real=0.02 secs] 
Heap after GC invocations=96 (full 3):
 par new generation   total 109248K, used 11365K [0x00000000e0000000, 0x00000000e8000000, 0x00000000e8000000)
  eden space 87424K,   0% used [0x00000000e0000000, 0x00000000e0000000, 0x00000000e5560000)
  from space 21824K,  52% used [0x00000000e5560000, 0x00000000e6079580, 0x00000000e6ab0000)
  to   space 21824K,   0% used [0x00000000e6ab0000, 0x00000000e6ab0000, 0x00000000e8000000)
 concurrent mark-sweep generation total 393216K, used 34615K [0x00000000e8000000, 0x0000000100000000, 0x0000000100000000)
 Metaspace       used 57045K, capacity 58536K, committed 71368K, reserved 1112064K
  class space    used 6294K, capacity 6770K, committed 8316K, reserved 1048576K
}
2017-08-02T16:21:15.811-0700: 10233.032: Total time for which application threads were stopped: 0.0233150 seconds, Stopping threads took: 0.0000890 seconds
2017-08-02T16:21:15.811-0700: 10233.033: Total time for which application threads were stopped: 0.0001520 seconds, Stopping threads took: 0.0000480 seconds
2017-08-02T16:21:16.110-0700: 10233.327: Total time for which application threads were stopped: 0.0002350 seconds, Stopping threads took: 0.0001230 seconds
2017-08-02T16:21:16.154-0700: 10233.372: Total time for which application threads were stopped: 0.0002290 seconds, Stopping threads took: 0.0000730 seconds
2017-08-02T16:21:18.009-0700: 10235.225: Total time for which application threads were stopped: 0.0001400 seconds, Stopping threads took: 0.0000500 seconds
2017-08-02T16:21:18.205-0700: 10235.421: Total time for which application threads were stopped: 0.0001170 seconds, Stopping threads took: 0.0000370 seconds
2017-08-02T16:21:18.246-0700: 10235.462: Total time for which application threads were stopped: 0.0001820 seconds, Stopping threads took: 0.0000610 seconds
2017-08-02T16:21:20.216-0700: 10237.433: Total time for which application threads were stopped: 0.0003200 seconds, Stopping threads took: 0.0001050 seconds
2017-08-02T16:21:20.516-0700: 10237.736: Total time for which application threads were stopped: 0.0001500 seconds, Stopping threads took: 0.0000450 seconds
2017-08-02T16:21:20.548-0700: 10237.764: Total time for which application threads were stopped: 0.0001810 seconds, Stopping threads took: 0.0000590 seconds
2017-08-02T16:21:22.259-0700: 10239.485: Total time for which application threads were stopped: 0.0004020 seconds, Stopping threads took: 0.0001830 seconds
2017-08-02T16:21:22.480-0700: 10239.698: Total time for which application threads were stopped: 0.0001710 seconds, Stopping threads took: 0.0000780 seconds
2017-08-02T16:21:22.512-0700: 10239.728: Total time for which application threads were stopped: 0.0002190 seconds, Stopping threads took: 0.0000790 seconds
2017-08-02T16:21:24.192-0700: 10241.414: Total time for which application threads were stopped: 0.0003480 seconds, Stopping threads took: 0.0001110 seconds
2017-08-02T16:21:24.475-0700: 10241.701: Total time for which application threads were stopped: 0.0001250 seconds, Stopping threads took: 0.0000470 seconds
2017-08-02T16:21:24.511-0700: 10241.727: Total time for which application threads were stopped: 0.0002190 seconds, Stopping threads took: 0.0000630 seconds
2017-08-02T16:21:26.407-0700: 10243.628: Total time for which application threads were stopped: 0.0001640 seconds, Stopping threads took: 0.0000580 seconds
2017-08-02T16:21:26.659-0700: 10243.881: Total time for which application threads were stopped: 0.0001180 seconds, Stopping threads took: 0.0000360 seconds
2017-08-02T16:21:26.690-0700: 10243.907: Total time for which application threads were stopped: 0.0001750 seconds, Stopping threads took: 0.0000570 seconds
2017-08-02T16:21:28.184-0700: 10245.403: Total time for which application threads were stopped: 0.0001390 seconds, Stopping threads took: 0.0000500 seconds
2017-08-02T16:21:28.426-0700: 10245.644: Total time for which application threads were stopped: 0.0001290 seconds, Stopping threads took: 0.0000350 seconds
2017-08-02T16:21:29.429-0700: 10246.645: Total time for which application threads were stopped: 0.0003240 seconds, Stopping threads took: 0.0001290 seconds
{Heap before GC invocations=96 (full 3):
 par new generation   total 109248K, used 98789K [0x00000000e0000000, 0x00000000e8000000, 0x00000000e8000000)
  eden space 87424K, 100% used [0x00000000e0000000, 0x00000000e5560000, 0x00000000e5560000)
  from space 21824K,  52% used [0x00000000e5560000, 0x00000000e6079580, 0x00000000e6ab0000)
  to   space 21824K,   0% used [0x00000000e6ab0000, 0x00000000e6ab0000, 0x00000000e8000000)
 concurrent mark-sweep generation total 393216K, used 34615K [0x00000000e8000000, 0x0000000100000000, 0x0000000100000000)
 Metaspace       used 57053K, capacity 58536K, committed 71368K, reserved 1112064K
  class space    used 6294K, capacity 6770K, committed 8316K, reserved 1048576K
2017-08-02T16:21:38.973-0700: 10256.198: [GC (Allocation Failure) 2017-08-02T16:21:38.973-0700: 10256.198: [ParNew
Desired survivor size 20112992 bytes, new threshold 8 (max 8)
- age   1:    1594712 bytes,    1594712 total
- age   2:    2433256 bytes,    4027968 total
- age   3:     144384 bytes,    4172352 total
- age   4:     107720 bytes,    4280072 total
- age   5:     461200 bytes,    4741272 total
- age   6:    1869000 bytes,    6610272 total
- age   7:        888 bytes,    6611160 total
- age   8:       3096 bytes,    6614256 total
: 98789K->9059K(109248K), 0.0114860 secs] 133405K->44079K(502464K), 0.0115820 secs] [Times: user=0.06 sys=0.00, real=0.02 secs] 
Heap after GC invocations=97 (full 3):
 par new generation   total 109248K, used 9059K [0x00000000e0000000, 0x00000000e8000000, 0x00000000e8000000)
  eden space 87424K,   0% used [0x00000000e0000000, 0x00000000e0000000, 0x00000000e5560000)
  from space 21824K,  41% used [0x00000000e6ab0000, 0x00000000e7388ec8, 0x00000000e8000000)
  to   space 21824K,   0% used [0x00000000e5560000, 0x00000000e5560000, 0x00000000e6ab0000)
 concurrent mark-sweep generation total 393216K, used 35019K [0x00000000e8000000, 0x0000000100000000, 0x0000000100000000)
 Metaspace       used 57053K, capacity 58536K, committed 71368K, reserved 1112064K
  class space    used 6294K, capacity 6770K, committed 8316K, reserved 1048576K
}
2017-08-02T16:21:38.989-0700: 10256.210: Total time for which application threads were stopped: 0.0118840 seconds, Stopping threads took: 0.0000460 seconds
{Heap before GC invocations=97 (full 3):
 par new generation   total 109248K, used 96483K [0x00000000e0000000, 0x00000000e8000000, 0x00000000e8000000)
  eden space 87424K, 100% used [0x00000000e0000000, 0x00000000e5560000, 0x00000000e5560000)
  from space 21824K,  41% used [0x00000000e6ab0000, 0x00000000e7388ec8, 0x00000000e8000000)
  to   space 21824K,   0% used [0x00000000e5560000, 0x00000000e5560000, 0x00000000e6ab0000)
 concurrent mark-sweep generation total 393216K, used 35019K [0x00000000e8000000, 0x0000000100000000, 0x0000000100000000)
 Metaspace       used 57053K, capacity 58536K, committed 71368K, reserved 1112064K
  class space    used 6294K, capacity 6770K, committed 8316K, reserved 1048576K
2017-08-02T16:21:39.008-0700: 10256.235: [GC (Allocation Failure) 2017-08-02T16:21:39.008-0700: 10256.235: [ParNew
Desired survivor size 20112992 bytes, new threshold 8 (max 8)
- age   1:     797000 bytes,     797000 total
- age   2:    1358592 bytes,    2155592 total
- age   3:    2261440 bytes,    4417032 total
- age   4:     144384 bytes,    4561416 total
- age   5:     107720 bytes,    4669136 total
- age   6:     461200 bytes,    5130336 total
- age   7:    1869000 bytes,    6999336 total
- age   8:        888 bytes,    7000224 total
: 96483K->8572K(109248K), 0.0103200 secs] 131503K->43595K(502464K), 0.0104100 secs] [Times: user=0.06 sys=0.00, real=0.01 secs] 
Heap after GC invocations=98 (full 3):
 par new generation   total 109248K, used 8572K [0x00000000e0000000, 0x00000000e8000000, 0x00000000e8000000)
  eden space 87424K,   0% used [0x00000000e0000000, 0x00000000e0000000, 0x00000000e5560000)
  from space 21824K,  39% used [0x00000000e5560000, 0x00000000e5dbf070, 0x00000000e6ab0000)
  to   space 21824K,   0% used [0x00000000e6ab0000, 0x00000000e6ab0000, 0x00000000e8000000)
 concurrent mark-sweep generation total 393216K, used 35023K [0x00000000e8000000, 0x0000000100000000, 0x0000000100000000)
 Metaspace       used 57053K, capacity 58536K, committed 71368K, reserved 1112064K
  class space    used 6294K, capacity 6770K, committed 8316K, reserved 1048576K
}
2017-08-02T16:21:39.024-0700: 10256.246: Total time for which application threads were stopped: 0.0107150 seconds, Stopping threads took: 0.0000570 seconds
2017-08-02T16:21:39.124-0700: 10256.345: Total time for which application threads were stopped: 0.0002550 seconds, Stopping threads took: 0.0001510 seconds
{Heap before GC invocations=98 (full 3):
 par new generation   total 109248K, used 95996K [0x00000000e0000000, 0x00000000e8000000, 0x00000000e8000000)
  eden space 87424K, 100% used [0x00000000e0000000, 0x00000000e5560000, 0x00000000e5560000)
  from space 21824K,  39% used [0x00000000e5560000, 0x00000000e5dbf070, 0x00000000e6ab0000)
  to   space 21824K,   0% used [0x00000000e6ab0000, 0x00000000e6ab0000, 0x00000000e8000000)
 concurrent mark-sweep generation total 393216K, used 35023K [0x00000000e8000000, 0x0000000100000000, 0x0000000100000000)
 Metaspace       used 57054K, capacity 58536K, committed 71368K, reserved 1112064K
  class space    used 6294K, capacity 6770K, committed 8316K, reserved 1048576K
2017-08-02T16:21:39.124-0700: 10256.353: [GC (Allocation Failure) 2017-08-02T16:21:39.124-0700: 10256.353: [ParNew
Desired survivor size 20112992 bytes, new threshold 8 (max 8)
- age   1:     816192 bytes,     816192 total
- age   2:     126912 bytes,     943104 total
- age   3:    1346824 bytes,    2289928 total
- age   4:    2256376 bytes,    4546304 total
- age   5:     144384 bytes,    4690688 total
- age   6:     107720 bytes,    4798408 total
- age   7:     461200 bytes,    5259608 total
- age   8:    1868552 bytes,    7128160 total
: 95996K->10472K(109248K), 0.0116490 secs] 131019K->45496K(502464K), 0.0117470 secs] [Times: user=0.07 sys=0.04, real=0.01 secs] 
Heap after GC invocations=99 (full 3):
 par new generation   total 109248K, used 10472K [0x00000000e0000000, 0x00000000e8000000, 0x00000000e8000000)
  eden space 87424K,   0% used [0x00000000e0000000, 0x00000000e0000000, 0x00000000e5560000)
  from space 21824K,  47% used [0x00000000e6ab0000, 0x00000000e74ea2a0, 0x00000000e8000000)
  to   space 21824K,   0% used [0x00000000e5560000, 0x00000000e5560000, 0x00000000e6ab0000)
 concurrent mark-sweep generation total 393216K, used 35024K [0x00000000e8000000, 0x0000000100000000, 0x0000000100000000)
 Metaspace       used 57054K, capacity 58536K, committed 71368K, reserved 1112064K
  class space    used 6294K, capacity 6770K, committed 8316K, reserved 1048576K
}
2017-08-02T16:21:39.149-0700: 10256.365: Total time for which application threads were stopped: 0.0120530 seconds, Stopping threads took: 0.0000540 seconds
2017-08-02T16:21:39.190-0700: 10256.415: Total time for which application threads were stopped: 0.0001780 seconds, Stopping threads took: 0.0000570 seconds
2017-08-02T16:21:39.190-0700: 10256.415: Total time for which application threads were stopped: 0.0000940 seconds, Stopping threads took: 0.0000240 seconds
2017-08-02T16:21:39.190-0700: 10256.416: Total time for which application threads were stopped: 0.0000910 seconds, Stopping threads took: 0.0000400 seconds
2017-08-02T16:21:39.459-0700: 10256.675: Total time for which application threads were stopped: 0.0001320 seconds, Stopping threads took: 0.0000450 seconds
2017-08-02T16:21:39.497-0700: 10256.713: Total time for which application threads were stopped: 0.0001370 seconds, Stopping threads took: 0.0000480 seconds
2017-08-02T16:21:39.497-0700: 10256.713: Total time for which application threads were stopped: 0.0002000 seconds, Stopping threads took: 0.0001010 seconds
2017-08-02T16:21:39.498-0700: 10256.714: Total time for which application threads were stopped: 0.0002960 seconds, Stopping threads took: 0.0000920 seconds
2017-08-02T16:21:39.505-0700: 10256.721: Total time for which application threads were stopped: 0.0001260 seconds, Stopping threads took: 0.0000450 seconds
2017-08-02T16:21:39.873-0700: 10257.099: Total time for which application threads were stopped: 0.0003120 seconds, Stopping threads took: 0.0001190 seconds
2017-08-02T16:21:40.236-0700: 10257.452: Total time for which application threads were stopped: 0.0001820 seconds, Stopping threads took: 0.0000630 seconds
2017-08-02T16:21:40.236-0700: 10257.452: Total time for which application threads were stopped: 0.0000780 seconds, Stopping threads took: 0.0000230 seconds
2017-08-02T16:21:40.236-0700: 10257.452: Total time for which application threads were stopped: 0.0001060 seconds, Stopping threads took: 0.0000330 seconds
2017-08-02T16:21:40.237-0700: 10257.453: Total time for which application threads were stopped: 0.0001170 seconds, Stopping threads took: 0.0000390 seconds
2017-08-02T16:21:40.238-0700: 10257.453: Total time for which application threads were stopped: 0.0001170 seconds, Stopping threads took: 0.0000390 seconds
2017-08-02T16:21:40.251-0700: 10257.467: Total time for which application threads were stopped: 0.0002260 seconds, Stopping threads took: 0.0000710 seconds
2017-08-02T16:21:41.905-0700: 10259.120: Total time for which application threads were stopped: 0.0003420 seconds, Stopping threads took: 0.0001100 seconds
2017-08-02T16:21:41.905-0700: 10259.121: Total time for which application threads were stopped: 0.0002320 seconds, Stopping threads took: 0.0000820 seconds
2017-08-02T16:21:41.906-0700: 10259.122: Total time for which application threads were stopped: 0.0002260 seconds, Stopping threads took: 0.0000820 seconds
2017-08-02T16:21:41.913-0700: 10259.141: Total time for which application threads were stopped: 0.0003360 seconds, Stopping threads took: 0.0001340 seconds
2017-08-02T16:21:41.913-0700: 10259.143: Total time for which application threads were stopped: 0.0003740 seconds, Stopping threads took: 0.0002070 seconds
2017-08-02T16:21:41.913-0700: 10259.143: Total time for which application threads were stopped: 0.0003190 seconds, Stopping threads took: 0.0001140 seconds
2017-08-02T16:21:41.913-0700: 10259.144: Total time for which application threads were stopped: 0.0003400 seconds, Stopping threads took: 0.0001320 seconds
2017-08-02T16:21:41.913-0700: 10259.144: Total time for which application threads were stopped: 0.0002880 seconds, Stopping threads took: 0.0001010 seconds
2017-08-02T16:21:41.929-0700: 10259.145: Total time for which application threads were stopped: 0.0003530 seconds, Stopping threads took: 0.0002490 seconds
2017-08-02T16:21:41.929-0700: 10259.145: Total time for which application threads were stopped: 0.0001180 seconds, Stopping threads took: 0.0000490 seconds
2017-08-02T16:21:41.929-0700: 10259.145: Total time for which application threads were stopped: 0.0001430 seconds, Stopping threads took: 0.0000760 seconds
2017-08-02T16:21:41.929-0700: 10259.145: Total time for which application threads were stopped: 0.0001420 seconds, Stopping threads took: 0.0000810 seconds
2017-08-02T16:21:41.930-0700: 10259.146: Total time for which application threads were stopped: 0.0001770 seconds, Stopping threads took: 0.0000520 seconds
2017-08-02T16:21:41.930-0700: 10259.146: Total time for which application threads were stopped: 0.0001570 seconds, Stopping threads took: 0.0000690 seconds
2017-08-02T16:21:42.189-0700: 10259.421: Total time for which application threads were stopped: 0.0003060 seconds, Stopping threads took: 0.0001000 seconds
2017-08-02T16:21:42.230-0700: 10259.446: Total time for which application threads were stopped: 0.0001790 seconds, Stopping threads took: 0.0000580 seconds
2017-08-02T16:21:42.255-0700: 10259.473: Total time for which application threads were stopped: 0.0003300 seconds, Stopping threads took: 0.0001110 seconds
2017-08-02T16:21:43.257-0700: 10260.473: Total time for which application threads were stopped: 0.0003090 seconds, Stopping threads took: 0.0001410 seconds
2017-08-02T16:21:44.083-0700: 10261.301: Total time for which application threads were stopped: 0.0003210 seconds, Stopping threads took: 0.0001080 seconds
2017-08-02T16:21:44.083-0700: 10261.301: Total time for which application threads were stopped: 0.0002260 seconds, Stopping threads took: 0.0000810 seconds
2017-08-02T16:21:44.102-0700: 10261.318: Total time for which application threads were stopped: 0.0003350 seconds, Stopping threads took: 0.0001220 seconds
2017-08-02T16:21:44.385-0700: 10261.607: Total time for which application threads were stopped: 0.0002040 seconds, Stopping threads took: 0.0000390 seconds
2017-08-02T16:21:44.432-0700: 10261.649: Total time for which application threads were stopped: 0.0004000 seconds, Stopping threads took: 0.0001110 seconds
2017-08-02T16:21:46.382-0700: 10263.598: Total time for which application threads were stopped: 0.0004010 seconds, Stopping threads took: 0.0001370 seconds
2017-08-02T16:21:46.619-0700: 10263.840: Total time for which application threads were stopped: 0.0001160 seconds, Stopping threads took: 0.0000370 seconds
2017-08-02T16:21:46.650-0700: 10263.867: Total time for which application threads were stopped: 0.0001820 seconds, Stopping threads took: 0.0000670 seconds
2017-08-02T16:21:48.361-0700: 10265.579: Total time for which application threads were stopped: 0.0003390 seconds, Stopping threads took: 0.0001060 seconds
2017-08-02T16:21:48.629-0700: 10265.845: Total time for which application threads were stopped: 0.0001790 seconds, Stopping threads took: 0.0000610 seconds
{Heap before GC invocations=99 (full 3):
 par new generation   total 109248K, used 97896K [0x00000000e0000000, 0x00000000e8000000, 0x00000000e8000000)
  eden space 87424K, 100% used [0x00000000e0000000, 0x00000000e5560000, 0x00000000e5560000)
  from space 21824K,  47% used [0x00000000e6ab0000, 0x00000000e74ea2a0, 0x00000000e8000000)
  to   space 21824K,   0% used [0x00000000e5560000, 0x00000000e5560000, 0x00000000e6ab0000)
 concurrent mark-sweep generation total 393216K, used 35024K [0x00000000e8000000, 0x0000000100000000, 0x0000000100000000)
 Metaspace       used 58508K, capacity 59996K, committed 71368K, reserved 1112064K
  class space    used 6449K, capacity 6938K, committed 8316K, reserved 1048576K
2017-08-02T16:21:49.756-0700: 10266.975: [GC (Allocation Failure) 2017-08-02T16:21:49.756-0700: 10266.975: [ParNew
Desired survivor size 20112992 bytes, new threshold 8 (max 8)
- age   1:    4651664 bytes,    4651664 total
- age   2:     661232 bytes,    5312896 total
- age   3:     126608 bytes,    5439504 total
- age   4:     952568 bytes,    6392072 total
- age   5:    2089872 bytes,    8481944 total
- age   6:     144600 bytes,    8626544 total
- age   7:     107744 bytes,    8734288 total
- age   8:     453792 bytes,    9188080 total
: 97896K->10518K(109248K), 0.0492480 secs] 132920K->47407K(502464K), 0.0493980 secs] [Times: user=0.20 sys=0.02, real=0.05 secs] 
Heap after GC invocations=100 (full 3):
 par new generation   total 109248K, used 10518K [0x00000000e0000000, 0x00000000e8000000, 0x00000000e8000000)
  eden space 87424K,   0% used [0x00000000e0000000, 0x00000000e0000000, 0x00000000e5560000)
  from space 21824K,  48% used [0x00000000e5560000, 0x00000000e5fa58e0, 0x00000000e6ab0000)
  to   space 21824K,   0% used [0x00000000e6ab0000, 0x00000000e6ab0000, 0x00000000e8000000)
 concurrent mark-sweep generation total 393216K, used 36888K [0x00000000e8000000, 0x0000000100000000, 0x0000000100000000)
 Metaspace       used 58508K, capacity 59996K, committed 71368K, reserved 1112064K
  class space    used 6449K, capacity 6938K, committed 8316K, reserved 1048576K
}
2017-08-02T16:21:49.808-0700: 10267.024: Total time for which application threads were stopped: 0.0501860 seconds, Stopping threads took: 0.0001160 seconds
2017-08-02T16:21:49.809-0700: 10267.025: Total time for which application threads were stopped: 0.0001430 seconds, Stopping threads took: 0.0000490 seconds
2017-08-02T16:21:50.477-0700: 10267.694: Total time for which application threads were stopped: 0.0003240 seconds, Stopping threads took: 0.0001100 seconds
2017-08-02T16:21:50.780-0700: 10267.996: Total time for which application threads were stopped: 0.0002120 seconds, Stopping threads took: 0.0000700 seconds
2017-08-02T16:21:52.625-0700: 10269.844: Total time for which application threads were stopped: 0.0003220 seconds, Stopping threads took: 0.0001100 seconds
2017-08-02T16:21:52.897-0700: 10270.114: Total time for which application threads were stopped: 0.0003320 seconds, Stopping threads took: 0.0001080 seconds
2017-08-02T16:21:54.727-0700: 10271.943: Total time for which application threads were stopped: 0.0003190 seconds, Stopping threads took: 0.0001030 seconds
2017-08-02T16:21:55.098-0700: 10272.316: Total time for which application threads were stopped: 0.0003060 seconds, Stopping threads took: 0.0001000 seconds
2017-08-02T16:21:56.795-0700: 10274.025: Total time for which application threads were stopped: 0.0003120 seconds, Stopping threads took: 0.0001090 seconds
2017-08-02T16:21:57.094-0700: 10274.310: Total time for which application threads were stopped: 0.0002110 seconds, Stopping threads took: 0.0000680 seconds
2017-08-02T16:21:58.686-0700: 10275.906: Total time for which application threads were stopped: 0.0003380 seconds, Stopping threads took: 0.0001130 seconds
2017-08-02T16:21:59.691-0700: 10276.907: Total time for which application threads were stopped: 0.0003170 seconds, Stopping threads took: 0.0001360 seconds
2017-08-02T16:22:25.558-0700: 10302.788: Total time for which application threads were stopped: 0.0003090 seconds, Stopping threads took: 0.0001100 seconds
2017-08-02T16:22:26.574-0700: 10303.792: Total time for which application threads were stopped: 0.0021800 seconds, Stopping threads took: 0.0020750 seconds
2017-08-02T16:27:05.672-0700: 10582.888: Total time for which application threads were stopped: 0.0001640 seconds, Stopping threads took: 0.0000600 seconds
{Heap before GC invocations=100 (full 3):
 par new generation   total 109248K, used 97942K [0x00000000e0000000, 0x00000000e8000000, 0x00000000e8000000)
  eden space 87424K, 100% used [0x00000000e0000000, 0x00000000e5560000, 0x00000000e5560000)
  from space 21824K,  48% used [0x00000000e5560000, 0x00000000e5fa58e0, 0x00000000e6ab0000)
  to   space 21824K,   0% used [0x00000000e6ab0000, 0x00000000e6ab0000, 0x00000000e8000000)
 concurrent mark-sweep generation total 393216K, used 36888K [0x00000000e8000000, 0x0000000100000000, 0x0000000100000000)
 Metaspace       used 58527K, capacity 60064K, committed 71368K, reserved 1112064K
  class space    used 6449K, capacity 6938K, committed 8316K, reserved 1048576K
2017-08-02T16:31:05.414-0700: 10822.633: [GC (Allocation Failure) 2017-08-02T16:31:05.414-0700: 10822.633: [ParNew
Desired survivor size 20112992 bytes, new threshold 8 (max 8)
- age   1:    1003824 bytes,    1003824 total
- age   2:    2414344 bytes,    3418168 total
- age   3:     632160 bytes,    4050328 total
- age   4:     126608 bytes,    4176936 total
- age   5:     451816 bytes,    4628752 total
- age   6:    1912272 bytes,    6541024 total
- age   7:        696 bytes,    6541720 total
- age   8:       3112 bytes,    6544832 total
: 97942K->11307K(109248K), 0.0360530 secs] 134831K->48564K(502464K), 0.0362650 secs] [Times: user=0.13 sys=0.00, real=0.04 secs] 
Heap after GC invocations=101 (full 3):
 par new generation   total 109248K, used 11307K [0x00000000e0000000, 0x00000000e8000000, 0x00000000e8000000)
  eden space 87424K,   0% used [0x00000000e0000000, 0x00000000e0000000, 0x00000000e5560000)
  from space 21824K,  51% used [0x00000000e6ab0000, 0x00000000e75baed0, 0x00000000e8000000)
  to   space 21824K,   0% used [0x00000000e5560000, 0x00000000e5560000, 0x00000000e6ab0000)
 concurrent mark-sweep generation total 393216K, used 37256K [0x00000000e8000000, 0x0000000100000000, 0x0000000100000000)
 Metaspace       used 58527K, capacity 60064K, committed 71368K, reserved 1112064K
  class space    used 6449K, capacity 6938K, committed 8316K, reserved 1048576K
}
2017-08-02T16:31:05.445-0700: 10822.670: Total time for which application threads were stopped: 0.0370790 seconds, Stopping threads took: 0.0001450 seconds
2017-08-02T16:31:05.445-0700: 10822.671: Total time for which application threads were stopped: 0.0007660 seconds, Stopping threads took: 0.0002380 seconds
2017-08-02T16:32:37.487-0700: 10914.703: Total time for which application threads were stopped: 0.0003090 seconds, Stopping threads took: 0.0001840 seconds
2017-08-02T16:34:11.521-0700: 11008.737: Total time for which application threads were stopped: 0.0003290 seconds, Stopping threads took: 0.0001440 seconds
2017-08-02T16:48:52.838-0700: 11890.054: Total time for which application threads were stopped: 0.0004410 seconds, Stopping threads took: 0.0001720 seconds
2017-08-02T16:49:10.847-0700: 11908.063: Total time for which application threads were stopped: 0.0009160 seconds, Stopping threads took: 0.0007880 seconds
2017-08-02T16:49:36.855-0700: 11934.071: Total time for which application threads were stopped: 0.0003190 seconds, Stopping threads took: 0.0001270 seconds
2017-08-02T16:49:53.862-0700: 11951.078: Total time for which application threads were stopped: 0.0003080 seconds, Stopping threads took: 0.0001250 seconds
2017-08-02T16:50:00.146-0700: 11957.366: Total time for which application threads were stopped: 0.0002170 seconds, Stopping threads took: 0.0000410 seconds
2017-08-02T16:50:07.153-0700: 11964.368: Total time for which application threads were stopped: 0.0001620 seconds, Stopping threads took: 0.0000670 seconds
2017-08-02T16:50:49.167-0700: 12006.383: Total time for which application threads were stopped: 0.0002080 seconds, Stopping threads took: 0.0000870 seconds
2017-08-02T16:51:28.182-0700: 12045.398: Total time for which application threads were stopped: 0.0003830 seconds, Stopping threads took: 0.0001540 seconds
2017-08-02T16:52:29.205-0700: 12106.421: Total time for which application threads were stopped: 0.0001350 seconds, Stopping threads took: 0.0000500 seconds
2017-08-02T16:53:30.226-0700: 12167.442: Total time for which application threads were stopped: 0.0003420 seconds, Stopping threads took: 0.0001450 seconds
2017-08-02T16:55:42.182-0700: 12299.401: Total time for which application threads were stopped: 0.0062630 seconds, Stopping threads took: 0.0001420 seconds
2017-08-02T16:55:42.197-0700: 12299.421: Total time for which application threads were stopped: 0.0033710 seconds, Stopping threads took: 0.0001200 seconds
2017-08-02T16:55:42.219-0700: 12299.435: Total time for which application threads were stopped: 0.0003010 seconds, Stopping threads took: 0.0001400 seconds
2017-08-02T16:55:42.225-0700: 12299.441: Total time for which application threads were stopped: 0.0002650 seconds, Stopping threads took: 0.0000840 seconds
2017-08-02T16:55:42.228-0700: 12299.444: Total time for which application threads were stopped: 0.0002400 seconds, Stopping threads took: 0.0000760 seconds
2017-08-02T16:55:42.229-0700: 12299.445: Total time for which application threads were stopped: 0.0002040 seconds, Stopping threads took: 0.0000690 seconds
2017-08-02T16:55:42.229-0700: 12299.445: Total time for which application threads were stopped: 0.0001990 seconds, Stopping threads took: 0.0000680 seconds
2017-08-02T16:55:42.230-0700: 12299.446: Total time for which application threads were stopped: 0.0001790 seconds, Stopping threads took: 0.0000630 seconds
2017-08-02T16:55:42.230-0700: 12299.446: Total time for which application threads were stopped: 0.0001880 seconds, Stopping threads took: 0.0000610 seconds
2017-08-02T16:55:42.230-0700: 12299.447: Total time for which application threads were stopped: 0.0001700 seconds, Stopping threads took: 0.0000570 seconds
2017-08-02T16:55:42.231-0700: 12299.447: Total time for which application threads were stopped: 0.0001670 seconds, Stopping threads took: 0.0000560 seconds
2017-08-02T16:55:42.231-0700: 12299.447: Total time for which application threads were stopped: 0.0001670 seconds, Stopping threads took: 0.0000550 seconds
2017-08-02T16:55:42.231-0700: 12299.447: Total time for which application threads were stopped: 0.0001690 seconds, Stopping threads took: 0.0000560 seconds
2017-08-02T16:55:42.232-0700: 12299.448: Total time for which application threads were stopped: 0.0001620 seconds, Stopping threads took: 0.0000560 seconds
2017-08-02T16:55:42.232-0700: 12299.448: Total time for which application threads were stopped: 0.0002000 seconds, Stopping threads took: 0.0000540 seconds
2017-08-02T16:55:42.232-0700: 12299.448: Total time for which application threads were stopped: 0.0001620 seconds, Stopping threads took: 0.0000560 seconds
2017-08-02T16:55:42.232-0700: 12299.449: Total time for which application threads were stopped: 0.0001680 seconds, Stopping threads took: 0.0000570 seconds
2017-08-02T16:55:42.232-0700: 12299.457: Total time for which application threads were stopped: 0.0002860 seconds, Stopping threads took: 0.0000940 seconds
2017-08-02T16:55:42.232-0700: 12299.457: Total time for which application threads were stopped: 0.0002180 seconds, Stopping threads took: 0.0001260 seconds
Heap
 par new generation   total 109248K, used 50863K [0x00000000e0000000, 0x00000000e8000000, 0x00000000e8000000)
  eden space 87424K,  45% used [0x00000000e0000000, 0x00000000e26a10f8, 0x00000000e5560000)
  from space 21824K,  51% used [0x00000000e6ab0000, 0x00000000e75baed0, 0x00000000e8000000)
  to   space 21824K,   0% used [0x00000000e5560000, 0x00000000e5560000, 0x00000000e6ab0000)
 concurrent mark-sweep generation total 393216K, used 37256K [0x00000000e8000000, 0x0000000100000000, 0x0000000100000000)
 Metaspace       used 58689K, capacity 60272K, committed 71368K, reserved 1112064K
  class space    used 6468K, capacity 6944K, committed 8316K, reserved 1048576K
