Java HotSpot(TM) 64-Bit Server VM (25.131-b11) for linux-amd64 JRE (1.8.0_131-b11), built on Mar 15 2017 01:23:40 by "java_re" with gcc 4.3.0 20080428 (Red Hat 4.3.0-8)
Memory: 4k page, physical 8291400k(3922424k free), swap 1310720k(1267360k free)
CommandLine flags: -XX:CMSInitiatingOccupancyFraction=50 -XX:CMSMaxAbortablePrecleanTime=6000 -XX:+CMSParallelRemarkEnabled -XX:+CMSScavengeBeforeRemark -XX:ConcGCThreads=4 -XX:GCLogFileSize=20971520 -XX:InitialHeapSize=536870912 -XX:MaxHeapSize=536870912 -XX:MaxTenuringThreshold=8 -XX:NewRatio=3 -XX:NumberOfGCLogFiles=9 -XX:OldPLABSize=16 -XX:-OmitStackTraceInFastThrow -XX:OnOutOfMemoryError=/mnt/c/Users/ryan.holt/Documents/workspace/SOLRservices/solr-6.6.0/bin/oom_solr.sh 8900 /mnt/c/Users/ryan.holt/Documents/workspace/SOLRservices/solr-6.6.0/server/logs -XX:ParallelGCThreads=4 -XX:+ParallelRefProcEnabled -XX:PretenureSizeThreshold=67108864 -XX:+PrintGC -XX:+PrintGCApplicationStoppedTime -XX:+PrintGCDateStamps -XX:+PrintGCDetails -XX:+PrintGCTimeStamps -XX:+PrintHeapAtGC -XX:+PrintTenuringDistribution -XX:SurvivorRatio=4 -XX:TargetSurvivorRatio=90 -XX:ThreadStackSize=256 -XX:+UseCMSInitiatingOccupancyOnly -XX:+UseCompressedClassPointers -XX:+UseCompressedOops -XX:+UseConcMarkSweepGC -XX:+UseGCLogFileRotation -XX:+UseParNewGC 
2017-08-07T10:19:44.650-0700: 0.275: Total time for which application threads were stopped: 0.0001070 seconds, Stopping threads took: 0.0000230 seconds
2017-08-07T10:19:44.826-0700: 0.458: Total time for which application threads were stopped: 0.0001210 seconds, Stopping threads took: 0.0000290 seconds
2017-08-07T10:19:45.266-0700: 0.892: Total time for which application threads were stopped: 0.0001930 seconds, Stopping threads took: 0.0000320 seconds
2017-08-07T10:19:45.445-0700: 1.084: Total time for which application threads were stopped: 0.0001910 seconds, Stopping threads took: 0.0000400 seconds
2017-08-07T10:19:45.460-0700: 1.100: Total time for which application threads were stopped: 0.0002740 seconds, Stopping threads took: 0.0000490 seconds
2017-08-07T10:19:46.242-0700: 1.867: Total time for which application threads were stopped: 0.0003800 seconds, Stopping threads took: 0.0000480 seconds
2017-08-07T10:19:46.275-0700: 1.900: Total time for which application threads were stopped: 0.0003910 seconds, Stopping threads took: 0.0000300 seconds
2017-08-07T10:19:46.478-0700: 2.117: Total time for which application threads were stopped: 0.0002750 seconds, Stopping threads took: 0.0000330 seconds
2017-08-07T10:19:46.493-0700: 2.119: Total time for which application threads were stopped: 0.0001490 seconds, Stopping threads took: 0.0000270 seconds
2017-08-07T10:19:46.493-0700: 2.121: Total time for which application threads were stopped: 0.0001860 seconds, Stopping threads took: 0.0000260 seconds
2017-08-07T10:19:46.493-0700: 2.131: Total time for which application threads were stopped: 0.0002320 seconds, Stopping threads took: 0.0000390 seconds
2017-08-07T10:19:46.595-0700: 2.224: Total time for which application threads were stopped: 0.0002570 seconds, Stopping threads took: 0.0000330 seconds
2017-08-07T10:19:46.751-0700: 2.386: Total time for which application threads were stopped: 0.0003860 seconds, Stopping threads took: 0.0000500 seconds
{Heap before GC invocations=0 (full 0):
 par new generation   total 109248K, used 87424K [0x00000000e0000000, 0x00000000e8000000, 0x00000000e8000000)
  eden space 87424K, 100% used [0x00000000e0000000, 0x00000000e5560000, 0x00000000e5560000)
  from space 21824K,   0% used [0x00000000e5560000, 0x00000000e5560000, 0x00000000e6ab0000)
  to   space 21824K,   0% used [0x00000000e6ab0000, 0x00000000e6ab0000, 0x00000000e8000000)
 concurrent mark-sweep generation total 393216K, used 0K [0x00000000e8000000, 0x0000000100000000, 0x0000000100000000)
 Metaspace       used 18962K, capacity 19340K, committed 19584K, reserved 1067008K
  class space    used 2202K, capacity 2330K, committed 2432K, reserved 1048576K
2017-08-07T10:19:46.821-0700: 2.454: [GC (Allocation Failure) 2017-08-07T10:19:46.821-0700: 2.455: [ParNew
Desired survivor size 20112992 bytes, new threshold 8 (max 8)
- age   1:   12027240 bytes,   12027240 total
: 87424K->11872K(109248K), 0.0315800 secs] 87424K->11872K(502464K), 0.0317770 secs] [Times: user=0.06 sys=0.02, real=0.03 secs] 
Heap after GC invocations=1 (full 0):
 par new generation   total 109248K, used 11872K [0x00000000e0000000, 0x00000000e8000000, 0x00000000e8000000)
  eden space 87424K,   0% used [0x00000000e0000000, 0x00000000e0000000, 0x00000000e5560000)
  from space 21824K,  54% used [0x00000000e6ab0000, 0x00000000e7648148, 0x00000000e8000000)
  to   space 21824K,   0% used [0x00000000e5560000, 0x00000000e5560000, 0x00000000e6ab0000)
 concurrent mark-sweep generation total 393216K, used 0K [0x00000000e8000000, 0x0000000100000000, 0x0000000100000000)
 Metaspace       used 18962K, capacity 19340K, committed 19584K, reserved 1067008K
  class space    used 2202K, capacity 2330K, committed 2432K, reserved 1048576K
}
2017-08-07T10:19:46.852-0700: 2.486: Total time for which application threads were stopped: 0.0321300 seconds, Stopping threads took: 0.0000460 seconds
2017-08-07T10:19:46.935-0700: 2.565: Total time for which application threads were stopped: 0.0005480 seconds, Stopping threads took: 0.0000800 seconds
2017-08-07T10:19:47.055-0700: 2.685: Total time for which application threads were stopped: 0.0009100 seconds, Stopping threads took: 0.0001030 seconds
2017-08-07T10:19:47.254-0700: 2.879: Total time for which application threads were stopped: 0.0006650 seconds, Stopping threads took: 0.0002040 seconds
2017-08-07T10:19:47.368-0700: 3.001: Total time for which application threads were stopped: 0.0002320 seconds, Stopping threads took: 0.0000860 seconds
2017-08-07T10:19:47.368-0700: 3.001: Total time for which application threads were stopped: 0.0002300 seconds, Stopping threads took: 0.0001880 seconds
2017-08-07T10:19:47.405-0700: 3.030: Total time for which application threads were stopped: 0.0002120 seconds, Stopping threads took: 0.0001020 seconds
2017-08-07T10:19:47.420-0700: 3.046: Total time for which application threads were stopped: 0.0002910 seconds, Stopping threads took: 0.0001760 seconds
2017-08-07T10:19:47.513-0700: 3.141: Total time for which application threads were stopped: 0.0001890 seconds, Stopping threads took: 0.0000600 seconds
2017-08-07T10:19:47.542-0700: 3.169: Total time for which application threads were stopped: 0.0001300 seconds, Stopping threads took: 0.0000440 seconds
2017-08-07T10:19:47.609-0700: 3.234: Total time for which application threads were stopped: 0.0003660 seconds, Stopping threads took: 0.0002300 seconds
2017-08-07T10:19:47.713-0700: 3.339: Total time for which application threads were stopped: 0.0001780 seconds, Stopping threads took: 0.0000680 seconds
2017-08-07T10:19:47.731-0700: 3.359: Total time for which application threads were stopped: 0.0004240 seconds, Stopping threads took: 0.0000590 seconds
{Heap before GC invocations=1 (full 0):
 par new generation   total 109248K, used 99296K [0x00000000e0000000, 0x00000000e8000000, 0x00000000e8000000)
  eden space 87424K, 100% used [0x00000000e0000000, 0x00000000e5560000, 0x00000000e5560000)
  from space 21824K,  54% used [0x00000000e6ab0000, 0x00000000e7648148, 0x00000000e8000000)
  to   space 21824K,   0% used [0x00000000e5560000, 0x00000000e5560000, 0x00000000e6ab0000)
 concurrent mark-sweep generation total 393216K, used 0K [0x00000000e8000000, 0x0000000100000000, 0x0000000100000000)
 Metaspace       used 22885K, capacity 23392K, committed 23620K, reserved 1071104K
  class space    used 2735K, capacity 2936K, committed 3044K, reserved 1048576K
2017-08-07T10:19:47.772-0700: 3.404: [GC (Allocation Failure) 2017-08-07T10:19:47.772-0700: 3.405: [ParNew
Desired survivor size 20112992 bytes, new threshold 8 (max 8)
- age   1:    5641040 bytes,    5641040 total
- age   2:    5924080 bytes,   11565120 total
: 99296K->15377K(109248K), 0.0185830 secs] 99296K->15377K(502464K), 0.0186860 secs] [Times: user=0.06 sys=0.00, real=0.02 secs] 
Heap after GC invocations=2 (full 0):
 par new generation   total 109248K, used 15377K [0x00000000e0000000, 0x00000000e8000000, 0x00000000e8000000)
  eden space 87424K,   0% used [0x00000000e0000000, 0x00000000e0000000, 0x00000000e5560000)
  from space 21824K,  70% used [0x00000000e5560000, 0x00000000e64647c0, 0x00000000e6ab0000)
  to   space 21824K,   0% used [0x00000000e6ab0000, 0x00000000e6ab0000, 0x00000000e8000000)
 concurrent mark-sweep generation total 393216K, used 0K [0x00000000e8000000, 0x0000000100000000, 0x0000000100000000)
 Metaspace       used 22885K, capacity 23392K, committed 23620K, reserved 1071104K
  class space    used 2735K, capacity 2936K, committed 3044K, reserved 1048576K
}
2017-08-07T10:19:47.788-0700: 3.423: Total time for which application threads were stopped: 0.0191080 seconds, Stopping threads took: 0.0000970 seconds
2017-08-07T10:19:47.788-0700: 3.426: [GC (CMS Initial Mark) [1 CMS-initial-mark: 0K(393216K)] 16591K(502464K), 0.0052440 secs] [Times: user=0.07 sys=0.00, real=0.01 secs] 
2017-08-07T10:19:47.807-0700: 3.432: Total time for which application threads were stopped: 0.0055240 seconds, Stopping threads took: 0.0001270 seconds
2017-08-07T10:19:47.807-0700: 3.432: [CMS-concurrent-mark-start]
2017-08-07T10:19:47.807-0700: 3.445: [CMS-concurrent-mark: 0.014/0.014 secs] [Times: user=0.00 sys=0.00, real=0.01 secs] 
2017-08-07T10:19:47.807-0700: 3.445: [CMS-concurrent-preclean-start]
2017-08-07T10:19:47.807-0700: 3.447: [CMS-concurrent-preclean: 0.001/0.001 secs] [Times: user=0.00 sys=0.00, real=0.00 secs] 
2017-08-07T10:19:47.807-0700: 3.447: [CMS-concurrent-abortable-preclean-start]
2017-08-07T10:19:47.822-0700: 3.448: Total time for which application threads were stopped: 0.0005340 seconds, Stopping threads took: 0.0000560 seconds
2017-08-07T10:19:47.896-0700: 3.521: Total time for which application threads were stopped: 0.0003840 seconds, Stopping threads took: 0.0002050 seconds
2017-08-07T10:19:48.034-0700: 3.659: Total time for which application threads were stopped: 0.0002440 seconds, Stopping threads took: 0.0000860 seconds
{Heap before GC invocations=2 (full 1):
 par new generation   total 109248K, used 102801K [0x00000000e0000000, 0x00000000e8000000, 0x00000000e8000000)
  eden space 87424K, 100% used [0x00000000e0000000, 0x00000000e5560000, 0x00000000e5560000)
  from space 21824K,  70% used [0x00000000e5560000, 0x00000000e64647c0, 0x00000000e6ab0000)
  to   space 21824K,   0% used [0x00000000e6ab0000, 0x00000000e6ab0000, 0x00000000e8000000)
 concurrent mark-sweep generation total 393216K, used 0K [0x00000000e8000000, 0x0000000100000000, 0x0000000100000000)
 Metaspace       used 23720K, capacity 24196K, committed 24284K, reserved 1071104K
  class space    used 2833K, capacity 3014K, committed 3044K, reserved 1048576K
2017-08-07T10:19:48.183-0700: 3.812: [GC (Allocation Failure) 2017-08-07T10:19:48.183-0700: 3.812: [ParNew
Desired survivor size 20112992 bytes, new threshold 8 (max 8)
- age   1:    2100000 bytes,    2100000 total
- age   2:    2324432 bytes,    4424432 total
- age   3:    5922176 bytes,   10346608 total
: 102801K->12314K(109248K), 0.0180660 secs] 102801K->12314K(502464K), 0.0182410 secs] [Times: user=0.06 sys=0.00, real=0.02 secs] 
Heap after GC invocations=3 (full 1):
 par new generation   total 109248K, used 12314K [0x00000000e0000000, 0x00000000e8000000, 0x00000000e8000000)
  eden space 87424K,   0% used [0x00000000e0000000, 0x00000000e0000000, 0x00000000e5560000)
  from space 21824K,  56% used [0x00000000e6ab0000, 0x00000000e76b6bc0, 0x00000000e8000000)
  to   space 21824K,   0% used [0x00000000e5560000, 0x00000000e5560000, 0x00000000e6ab0000)
 concurrent mark-sweep generation total 393216K, used 0K [0x00000000e8000000, 0x0000000100000000, 0x0000000100000000)
 Metaspace       used 23720K, capacity 24196K, committed 24284K, reserved 1071104K
  class space    used 2833K, capacity 3014K, committed 3044K, reserved 1048576K
}
2017-08-07T10:19:48.199-0700: 3.830: Total time for which application threads were stopped: 0.0188710 seconds, Stopping threads took: 0.0002340 seconds
2017-08-07T10:19:48.199-0700: 3.830: [CMS-concurrent-abortable-preclean: 0.242/0.383 secs] [Times: user=1.29 sys=0.04, real=0.39 secs] 
2017-08-07T10:19:48.199-0700: 3.832: [GC (CMS Final Remark) [YG occupancy: 14449 K (109248 K)]{Heap before GC invocations=3 (full 1):
 par new generation   total 109248K, used 14449K [0x00000000e0000000, 0x00000000e8000000, 0x00000000e8000000)
  eden space 87424K,   2% used [0x00000000e0000000, 0x00000000e0215a88, 0x00000000e5560000)
  from space 21824K,  56% used [0x00000000e6ab0000, 0x00000000e76b6bc0, 0x00000000e8000000)
  to   space 21824K,   0% used [0x00000000e5560000, 0x00000000e5560000, 0x00000000e6ab0000)
 concurrent mark-sweep generation total 393216K, used 0K [0x00000000e8000000, 0x0000000100000000, 0x0000000100000000)
 Metaspace       used 23732K, capacity 24196K, committed 24284K, reserved 1071104K
  class space    used 2833K, capacity 3014K, committed 3044K, reserved 1048576K
2017-08-07T10:19:48.199-0700: 3.832: [GC (CMS Final Remark) 2017-08-07T10:19:48.199-0700: 3.832: [ParNew
Desired survivor size 20112992 bytes, new threshold 8 (max 8)
- age   1:      62296 bytes,      62296 total
- age   2:    2056136 bytes,    2118432 total
- age   3:    2324432 bytes,    4442864 total
- age   4:    5922168 bytes,   10365032 total
: 14449K->15955K(109248K), 0.0135920 secs] 14449K->15955K(502464K), 0.0137070 secs] [Times: user=0.05 sys=0.00, real=0.01 secs] 
Heap after GC invocations=4 (full 1):
 par new generation   total 109248K, used 15955K [0x00000000e0000000, 0x00000000e8000000, 0x00000000e8000000)
  eden space 87424K,   0% used [0x00000000e0000000, 0x00000000e0000000, 0x00000000e5560000)
  from space 21824K,  73% used [0x00000000e5560000, 0x00000000e64f4e10, 0x00000000e6ab0000)
  to   space 21824K,   0% used [0x00000000e6ab0000, 0x00000000e6ab0000, 0x00000000e8000000)
 concurrent mark-sweep generation total 393216K, used 0K [0x00000000e8000000, 0x0000000100000000, 0x0000000100000000)
 Metaspace       used 23732K, capacity 24196K, committed 24284K, reserved 1071104K
  class space    used 2833K, capacity 3014K, committed 3044K, reserved 1048576K
}
2017-08-07T10:19:48.220-0700: 3.846: [Rescan (parallel) , 0.0071970 secs]2017-08-07T10:19:48.220-0700: 3.853: [weak refs processing, 0.0018370 secs]2017-08-07T10:19:48.220-0700: 3.855: [class unloading, 0.0057530 secs]2017-08-07T10:19:48.235-0700: 3.861: [scrub symbol table, 0.0035590 secs]2017-08-07T10:19:48.235-0700: 3.865: [scrub string table, 0.0005840 secs][1 CMS-remark: 0K(393216K)] 15955K(502464K), 0.0338510 secs] [Times: user=0.08 sys=0.00, real=0.03 secs] 
2017-08-07T10:19:48.235-0700: 3.866: Total time for which application threads were stopped: 0.0341610 seconds, Stopping threads took: 0.0001220 seconds
2017-08-07T10:19:48.235-0700: 3.866: [CMS-concurrent-sweep-start]
2017-08-07T10:19:48.235-0700: 3.866: [CMS-concurrent-sweep: 0.000/0.000 secs] [Times: user=0.00 sys=0.00, real=0.00 secs] 
2017-08-07T10:19:48.235-0700: 3.866: [CMS-concurrent-reset-start]
2017-08-07T10:19:48.246-0700: 3.871: Total time for which application threads were stopped: 0.0001680 seconds, Stopping threads took: 0.0000760 seconds
2017-08-07T10:19:48.249-0700: 3.878: [CMS-concurrent-reset: 0.011/0.011 secs] [Times: user=0.06 sys=0.00, real=0.01 secs] 
{Heap before GC invocations=4 (full 1):
 par new generation   total 109248K, used 103379K [0x00000000e0000000, 0x00000000e8000000, 0x00000000e8000000)
  eden space 87424K, 100% used [0x00000000e0000000, 0x00000000e5560000, 0x00000000e5560000)
  from space 21824K,  73% used [0x00000000e5560000, 0x00000000e64f4e10, 0x00000000e6ab0000)
  to   space 21824K,   0% used [0x00000000e6ab0000, 0x00000000e6ab0000, 0x00000000e8000000)
 concurrent mark-sweep generation total 393216K, used 0K [0x00000000e8000000, 0x0000000100000000, 0x0000000100000000)
 Metaspace       used 24462K, capacity 25034K, committed 25180K, reserved 1071104K
  class space    used 2937K, capacity 3143K, committed 3172K, reserved 1048576K
2017-08-07T10:19:48.389-0700: 4.024: [GC (Allocation Failure) 2017-08-07T10:19:48.389-0700: 4.024: [ParNew
Desired survivor size 20112992 bytes, new threshold 8 (max 8)
- age   1:    1066576 bytes,    1066576 total
- age   2:        688 bytes,    1067264 total
- age   3:    1502120 bytes,    2569384 total
- age   4:    2185184 bytes,    4754568 total
- age   5:    5921344 bytes,   10675912 total
: 103379K->13227K(109248K), 0.0149340 secs] 103379K->13227K(502464K), 0.0151370 secs] [Times: user=0.06 sys=0.00, real=0.02 secs] 
Heap after GC invocations=5 (full 1):
 par new generation   total 109248K, used 13227K [0x00000000e0000000, 0x00000000e8000000, 0x00000000e8000000)
  eden space 87424K,   0% used [0x00000000e0000000, 0x00000000e0000000, 0x00000000e5560000)
  from space 21824K,  60% used [0x00000000e6ab0000, 0x00000000e779ac48, 0x00000000e8000000)
  to   space 21824K,   0% used [0x00000000e5560000, 0x00000000e5560000, 0x00000000e6ab0000)
 concurrent mark-sweep generation total 393216K, used 0K [0x00000000e8000000, 0x0000000100000000, 0x0000000100000000)
 Metaspace       used 24462K, capacity 25034K, committed 25180K, reserved 1071104K
  class space    used 2937K, capacity 3143K, committed 3172K, reserved 1048576K
}
2017-08-07T10:19:48.405-0700: 4.039: Total time for which application threads were stopped: 0.0167290 seconds, Stopping threads took: 0.0000820 seconds
{Heap before GC invocations=5 (full 1):
 par new generation   total 109248K, used 100651K [0x00000000e0000000, 0x00000000e8000000, 0x00000000e8000000)
  eden space 87424K, 100% used [0x00000000e0000000, 0x00000000e5560000, 0x00000000e5560000)
  from space 21824K,  60% used [0x00000000e6ab0000, 0x00000000e779ac48, 0x00000000e8000000)
  to   space 21824K,   0% used [0x00000000e5560000, 0x00000000e5560000, 0x00000000e6ab0000)
 concurrent mark-sweep generation total 393216K, used 0K [0x00000000e8000000, 0x0000000100000000, 0x0000000100000000)
 Metaspace       used 24604K, capacity 25116K, committed 25180K, reserved 1071104K
  class space    used 2954K, capacity 3146K, committed 3172K, reserved 1048576K
2017-08-07T10:19:48.515-0700: 4.146: [GC (Allocation Failure) 2017-08-07T10:19:48.515-0700: 4.146: [ParNew
Desired survivor size 20112992 bytes, new threshold 8 (max 8)
- age   1:     477808 bytes,     477808 total
- age   2:     284304 bytes,     762112 total
- age   3:        688 bytes,     762800 total
- age   4:    1501440 bytes,    2264240 total
- age   5:    2172880 bytes,    4437120 total
- age   6:    5918000 bytes,   10355120 total
: 100651K->13532K(109248K), 0.0148180 secs] 100651K->13532K(502464K), 0.0149030 secs] [Times: user=0.05 sys=0.00, real=0.02 secs] 
Heap after GC invocations=6 (full 1):
 par new generation   total 109248K, used 13532K [0x00000000e0000000, 0x00000000e8000000, 0x00000000e8000000)
  eden space 87424K,   0% used [0x00000000e0000000, 0x00000000e0000000, 0x00000000e5560000)
  from space 21824K,  62% used [0x00000000e5560000, 0x00000000e6297160, 0x00000000e6ab0000)
  to   space 21824K,   0% used [0x00000000e6ab0000, 0x00000000e6ab0000, 0x00000000e8000000)
 concurrent mark-sweep generation total 393216K, used 0K [0x00000000e8000000, 0x0000000100000000, 0x0000000100000000)
 Metaspace       used 24604K, capacity 25116K, committed 25180K, reserved 1071104K
  class space    used 2954K, capacity 3146K, committed 3172K, reserved 1048576K
}
2017-08-07T10:19:48.536-0700: 4.161: Total time for which application threads were stopped: 0.0152410 seconds, Stopping threads took: 0.0000750 seconds
2017-08-07T10:19:48.599-0700: 4.233: Total time for which application threads were stopped: 0.0006710 seconds, Stopping threads took: 0.0001040 seconds
2017-08-07T10:19:48.639-0700: 4.264: Total time for which application threads were stopped: 0.0003010 seconds, Stopping threads took: 0.0001170 seconds
2017-08-07T10:19:48.639-0700: 4.264: Total time for which application threads were stopped: 0.0001320 seconds, Stopping threads took: 0.0000330 seconds
2017-08-07T10:19:48.639-0700: 4.264: Total time for which application threads were stopped: 0.0001610 seconds, Stopping threads took: 0.0000640 seconds
2017-08-07T10:19:48.639-0700: 4.264: Total time for which application threads were stopped: 0.0001850 seconds, Stopping threads took: 0.0000840 seconds
2017-08-07T10:19:48.640-0700: 4.265: Total time for which application threads were stopped: 0.0001990 seconds, Stopping threads took: 0.0001230 seconds
2017-08-07T10:19:48.640-0700: 4.266: Total time for which application threads were stopped: 0.0001900 seconds, Stopping threads took: 0.0000730 seconds
2017-08-07T10:19:48.641-0700: 4.266: Total time for which application threads were stopped: 0.0001190 seconds, Stopping threads took: 0.0000290 seconds
2017-08-07T10:19:48.641-0700: 4.266: Total time for which application threads were stopped: 0.0001240 seconds, Stopping threads took: 0.0000340 seconds
2017-08-07T10:19:48.641-0700: 4.266: Total time for which application threads were stopped: 0.0001000 seconds, Stopping threads took: 0.0000440 seconds
2017-08-07T10:19:48.641-0700: 4.266: Total time for which application threads were stopped: 0.0000810 seconds, Stopping threads took: 0.0000300 seconds
2017-08-07T10:19:48.643-0700: 4.269: Total time for which application threads were stopped: 0.0016280 seconds, Stopping threads took: 0.0015060 seconds
2017-08-07T10:19:48.643-0700: 4.269: Total time for which application threads were stopped: 0.0001310 seconds, Stopping threads took: 0.0000510 seconds
2017-08-07T10:19:48.643-0700: 4.269: Total time for which application threads were stopped: 0.0001520 seconds, Stopping threads took: 0.0000780 seconds
2017-08-07T10:19:48.643-0700: 4.269: Total time for which application threads were stopped: 0.0001320 seconds, Stopping threads took: 0.0000640 seconds
2017-08-07T10:19:48.643-0700: 4.269: Total time for which application threads were stopped: 0.0001150 seconds, Stopping threads took: 0.0000690 seconds
2017-08-07T10:19:48.643-0700: 4.270: Total time for which application threads were stopped: 0.0000930 seconds, Stopping threads took: 0.0000490 seconds
2017-08-07T10:19:48.643-0700: 4.270: Total time for which application threads were stopped: 0.0001140 seconds, Stopping threads took: 0.0000440 seconds
2017-08-07T10:19:48.643-0700: 4.271: Total time for which application threads were stopped: 0.0001200 seconds, Stopping threads took: 0.0000650 seconds
2017-08-07T10:19:48.647-0700: 4.272: Total time for which application threads were stopped: 0.0001300 seconds, Stopping threads took: 0.0000370 seconds
2017-08-07T10:19:48.651-0700: 4.276: Total time for which application threads were stopped: 0.0001860 seconds, Stopping threads took: 0.0000410 seconds
2017-08-07T10:19:48.652-0700: 4.277: Total time for which application threads were stopped: 0.0000930 seconds, Stopping threads took: 0.0000280 seconds
2017-08-07T10:19:48.653-0700: 4.278: Total time for which application threads were stopped: 0.0000760 seconds, Stopping threads took: 0.0000240 seconds
2017-08-07T10:19:48.653-0700: 4.278: Total time for which application threads were stopped: 0.0000840 seconds, Stopping threads took: 0.0000240 seconds
2017-08-07T10:19:48.656-0700: 4.293: Total time for which application threads were stopped: 0.0001250 seconds, Stopping threads took: 0.0000540 seconds
2017-08-07T10:19:48.669-0700: 4.295: Total time for which application threads were stopped: 0.0001090 seconds, Stopping threads took: 0.0000370 seconds
2017-08-07T10:19:48.673-0700: 4.298: Total time for which application threads were stopped: 0.0001000 seconds, Stopping threads took: 0.0000310 seconds
2017-08-07T10:19:48.673-0700: 4.298: Total time for which application threads were stopped: 0.0000740 seconds, Stopping threads took: 0.0000210 seconds
{Heap before GC invocations=6 (full 1):
 par new generation   total 109248K, used 100956K [0x00000000e0000000, 0x00000000e8000000, 0x00000000e8000000)
  eden space 87424K, 100% used [0x00000000e0000000, 0x00000000e5560000, 0x00000000e5560000)
  from space 21824K,  62% used [0x00000000e5560000, 0x00000000e6297160, 0x00000000e6ab0000)
  to   space 21824K,   0% used [0x00000000e6ab0000, 0x00000000e6ab0000, 0x00000000e8000000)
 concurrent mark-sweep generation total 393216K, used 0K [0x00000000e8000000, 0x0000000100000000, 0x0000000100000000)
 Metaspace       used 25033K, capacity 25576K, committed 25820K, reserved 1071104K
  class space    used 3005K, capacity 3212K, committed 3300K, reserved 1048576K
2017-08-07T10:19:48.674-0700: 4.300: [GC (Allocation Failure) 2017-08-07T10:19:48.674-0700: 4.300: [ParNew
Desired survivor size 20112992 bytes, new threshold 8 (max 8)
- age   1:     503240 bytes,     503240 total
- age   2:     167800 bytes,     671040 total
- age   3:     277368 bytes,     948408 total
- age   4:        688 bytes,     949096 total
- age   5:    1501224 bytes,    2450320 total
- age   6:    2172704 bytes,    4623024 total
- age   7:    5917680 bytes,   10540704 total
: 100956K->13606K(109248K), 0.0110390 secs] 100956K->13606K(502464K), 0.0111310 secs] [Times: user=0.00 sys=0.00, real=0.01 secs] 
Heap after GC invocations=7 (full 1):
 par new generation   total 109248K, used 13606K [0x00000000e0000000, 0x00000000e8000000, 0x00000000e8000000)
  eden space 87424K,   0% used [0x00000000e0000000, 0x00000000e0000000, 0x00000000e5560000)
  from space 21824K,  62% used [0x00000000e6ab0000, 0x00000000e77f9af0, 0x00000000e8000000)
  to   space 21824K,   0% used [0x00000000e5560000, 0x00000000e5560000, 0x00000000e6ab0000)
 concurrent mark-sweep generation total 393216K, used 0K [0x00000000e8000000, 0x0000000100000000, 0x0000000100000000)
 Metaspace       used 25033K, capacity 25576K, committed 25820K, reserved 1071104K
  class space    used 3005K, capacity 3212K, committed 3300K, reserved 1048576K
}
2017-08-07T10:19:48.674-0700: 4.311: Total time for which application threads were stopped: 0.0113570 seconds, Stopping threads took: 0.0000510 seconds
2017-08-07T10:19:48.691-0700: 4.316: Total time for which application threads were stopped: 0.0002240 seconds, Stopping threads took: 0.0000830 seconds
2017-08-07T10:19:48.693-0700: 4.318: Total time for which application threads were stopped: 0.0001770 seconds, Stopping threads took: 0.0000720 seconds
2017-08-07T10:19:48.694-0700: 4.323: Total time for which application threads were stopped: 0.0002100 seconds, Stopping threads took: 0.0000720 seconds
2017-08-07T10:19:48.699-0700: 4.323: Total time for which application threads were stopped: 0.0002820 seconds, Stopping threads took: 0.0001840 seconds
2017-08-07T10:19:48.701-0700: 4.328: Total time for which application threads were stopped: 0.0001680 seconds, Stopping threads took: 0.0000620 seconds
2017-08-07T10:19:48.704-0700: 4.332: Total time for which application threads were stopped: 0.0001410 seconds, Stopping threads took: 0.0000580 seconds
2017-08-07T10:19:48.708-0700: 4.335: Total time for which application threads were stopped: 0.0001010 seconds, Stopping threads took: 0.0000330 seconds
2017-08-07T10:19:48.711-0700: 4.336: Total time for which application threads were stopped: 0.0000750 seconds, Stopping threads took: 0.0000390 seconds
2017-08-07T10:19:48.711-0700: 4.336: Total time for which application threads were stopped: 0.0000680 seconds, Stopping threads took: 0.0000370 seconds
2017-08-07T10:19:48.711-0700: 4.336: Total time for which application threads were stopped: 0.0000710 seconds, Stopping threads took: 0.0000210 seconds
2017-08-07T10:19:48.711-0700: 4.337: Total time for which application threads were stopped: 0.0000920 seconds, Stopping threads took: 0.0000300 seconds
2017-08-07T10:19:48.713-0700: 4.338: Total time for which application threads were stopped: 0.0001410 seconds, Stopping threads took: 0.0000370 seconds
2017-08-07T10:19:48.714-0700: 4.339: Total time for which application threads were stopped: 0.0000720 seconds, Stopping threads took: 0.0000220 seconds
2017-08-07T10:19:48.714-0700: 4.339: Total time for which application threads were stopped: 0.0000680 seconds, Stopping threads took: 0.0000210 seconds
2017-08-07T10:19:48.715-0700: 4.354: Total time for which application threads were stopped: 0.0003160 seconds, Stopping threads took: 0.0001420 seconds
2017-08-07T10:19:48.715-0700: 4.355: Total time for which application threads were stopped: 0.0001680 seconds, Stopping threads took: 0.0000900 seconds
2017-08-07T10:19:48.744-0700: 4.373: Total time for which application threads were stopped: 0.0004810 seconds, Stopping threads took: 0.0003910 seconds
2017-08-07T10:19:48.771-0700: 4.396: Total time for which application threads were stopped: 0.0001330 seconds, Stopping threads took: 0.0000430 seconds
2017-08-07T10:19:48.776-0700: 4.401: Total time for which application threads were stopped: 0.0001540 seconds, Stopping threads took: 0.0000490 seconds
2017-08-07T10:19:48.778-0700: 4.403: Total time for which application threads were stopped: 0.0000950 seconds, Stopping threads took: 0.0000340 seconds
2017-08-07T10:19:48.925-0700: 4.550: Total time for which application threads were stopped: 0.0001830 seconds, Stopping threads took: 0.0000480 seconds
2017-08-07T10:19:48.958-0700: 4.588: Total time for which application threads were stopped: 0.0001760 seconds, Stopping threads took: 0.0000780 seconds
2017-08-07T10:19:48.958-0700: 4.588: Total time for which application threads were stopped: 0.0001140 seconds, Stopping threads took: 0.0000660 seconds
2017-08-07T10:19:48.958-0700: 4.588: Total time for which application threads were stopped: 0.0001350 seconds, Stopping threads took: 0.0000720 seconds
2017-08-07T10:19:48.958-0700: 4.589: Total time for which application threads were stopped: 0.0000930 seconds, Stopping threads took: 0.0000390 seconds
2017-08-07T10:19:49.121-0700: 4.746: Total time for which application threads were stopped: 0.0001900 seconds, Stopping threads took: 0.0000570 seconds
2017-08-07T10:19:49.164-0700: 4.803: Total time for which application threads were stopped: 0.0006550 seconds, Stopping threads took: 0.0000610 seconds
2017-08-07T10:19:49.195-0700: 4.824: Total time for which application threads were stopped: 0.0012990 seconds, Stopping threads took: 0.0011890 seconds
2017-08-07T10:19:49.195-0700: 4.830: Total time for which application threads were stopped: 0.0001800 seconds, Stopping threads took: 0.0000510 seconds
2017-08-07T10:19:49.214-0700: 4.840: Total time for which application threads were stopped: 0.0005910 seconds, Stopping threads took: 0.0000440 seconds
2017-08-07T10:19:49.240-0700: 4.866: Total time for which application threads were stopped: 0.0001730 seconds, Stopping threads took: 0.0000510 seconds
2017-08-07T10:19:49.243-0700: 4.868: Total time for which application threads were stopped: 0.0001720 seconds, Stopping threads took: 0.0000770 seconds
2017-08-07T10:19:49.273-0700: 4.898: Total time for which application threads were stopped: 0.0001640 seconds, Stopping threads took: 0.0000760 seconds
2017-08-07T10:19:49.281-0700: 4.907: Total time for which application threads were stopped: 0.0001970 seconds, Stopping threads took: 0.0000790 seconds
2017-08-07T10:19:49.283-0700: 4.910: Total time for which application threads were stopped: 0.0003040 seconds, Stopping threads took: 0.0001960 seconds
2017-08-07T10:19:49.287-0700: 4.912: Total time for which application threads were stopped: 0.0002360 seconds, Stopping threads took: 0.0000910 seconds
2017-08-07T10:19:49.290-0700: 4.915: Total time for which application threads were stopped: 0.0001390 seconds, Stopping threads took: 0.0000510 seconds
2017-08-07T10:19:49.290-0700: 4.916: Total time for which application threads were stopped: 0.0000990 seconds, Stopping threads took: 0.0000350 seconds
2017-08-07T10:19:49.292-0700: 4.927: Total time for which application threads were stopped: 0.0001740 seconds, Stopping threads took: 0.0000670 seconds
2017-08-07T10:19:49.303-0700: 4.928: Total time for which application threads were stopped: 0.0001480 seconds, Stopping threads took: 0.0000620 seconds
2017-08-07T10:19:49.304-0700: 4.928: Total time for which application threads were stopped: 0.0000870 seconds, Stopping threads took: 0.0000290 seconds
2017-08-07T10:19:49.304-0700: 4.929: Total time for which application threads were stopped: 0.0002000 seconds, Stopping threads took: 0.0000670 seconds
2017-08-07T10:19:49.305-0700: 4.930: Total time for which application threads were stopped: 0.0001200 seconds, Stopping threads took: 0.0000530 seconds
2017-08-07T10:19:49.306-0700: 4.931: Total time for which application threads were stopped: 0.0001360 seconds, Stopping threads took: 0.0000720 seconds
2017-08-07T10:19:49.306-0700: 4.931: Total time for which application threads were stopped: 0.0001350 seconds, Stopping threads took: 0.0000790 seconds
2017-08-07T10:19:49.308-0700: 4.934: Total time for which application threads were stopped: 0.0001610 seconds, Stopping threads took: 0.0000750 seconds
2017-08-07T10:19:49.312-0700: 4.938: Total time for which application threads were stopped: 0.0002260 seconds, Stopping threads took: 0.0000960 seconds
2017-08-07T10:19:49.312-0700: 4.938: Total time for which application threads were stopped: 0.0001420 seconds, Stopping threads took: 0.0000640 seconds
2017-08-07T10:19:49.312-0700: 4.938: Total time for which application threads were stopped: 0.0001320 seconds, Stopping threads took: 0.0000650 seconds
2017-08-07T10:19:49.312-0700: 4.939: Total time for which application threads were stopped: 0.0001590 seconds, Stopping threads took: 0.0000300 seconds
2017-08-07T10:19:49.314-0700: 4.939: Total time for which application threads were stopped: 0.0001350 seconds, Stopping threads took: 0.0000600 seconds
2017-08-07T10:19:49.315-0700: 4.940: Total time for which application threads were stopped: 0.0001200 seconds, Stopping threads took: 0.0000380 seconds
2017-08-07T10:19:49.316-0700: 4.941: Total time for which application threads were stopped: 0.0001140 seconds, Stopping threads took: 0.0000570 seconds
2017-08-07T10:19:49.317-0700: 4.942: Total time for which application threads were stopped: 0.0001220 seconds, Stopping threads took: 0.0000650 seconds
2017-08-07T10:19:49.318-0700: 4.943: Total time for which application threads were stopped: 0.0000920 seconds, Stopping threads took: 0.0000350 seconds
2017-08-07T10:19:49.321-0700: 4.946: Total time for which application threads were stopped: 0.0002260 seconds, Stopping threads took: 0.0000620 seconds
2017-08-07T10:19:49.322-0700: 4.947: Total time for which application threads were stopped: 0.0003890 seconds, Stopping threads took: 0.0002490 seconds
2017-08-07T10:19:49.323-0700: 4.948: Total time for which application threads were stopped: 0.0001470 seconds, Stopping threads took: 0.0000660 seconds
2017-08-07T10:19:49.326-0700: 4.951: Total time for which application threads were stopped: 0.0001670 seconds, Stopping threads took: 0.0000730 seconds
2017-08-07T10:19:49.327-0700: 4.952: Total time for which application threads were stopped: 0.0001810 seconds, Stopping threads took: 0.0001000 seconds
2017-08-07T10:19:49.327-0700: 4.953: Total time for which application threads were stopped: 0.0001250 seconds, Stopping threads took: 0.0000500 seconds
2017-08-07T10:19:49.328-0700: 4.953: Total time for which application threads were stopped: 0.0002690 seconds, Stopping threads took: 0.0001350 seconds
2017-08-07T10:19:49.446-0700: 5.078: Total time for which application threads were stopped: 0.0001820 seconds, Stopping threads took: 0.0000870 seconds
{Heap before GC invocations=7 (full 1):
 par new generation   total 109248K, used 101030K [0x00000000e0000000, 0x00000000e8000000, 0x00000000e8000000)
  eden space 87424K, 100% used [0x00000000e0000000, 0x00000000e5560000, 0x00000000e5560000)
  from space 21824K,  62% used [0x00000000e6ab0000, 0x00000000e77f9af0, 0x00000000e8000000)
  to   space 21824K,   0% used [0x00000000e5560000, 0x00000000e5560000, 0x00000000e6ab0000)
 concurrent mark-sweep generation total 393216K, used 0K [0x00000000e8000000, 0x0000000100000000, 0x0000000100000000)
 Metaspace       used 29109K, capacity 29812K, committed 29916K, reserved 1075200K
  class space    used 3518K, capacity 3760K, committed 3812K, reserved 1048576K
2017-08-07T10:19:49.538-0700: 5.165: [GC (Allocation Failure) 2017-08-07T10:19:49.538-0700: 5.165: [ParNew
Desired survivor size 20112992 bytes, new threshold 8 (max 8)
- age   1:    5688848 bytes,    5688848 total
- age   2:     168056 bytes,    5856904 total
- age   3:     166256 bytes,    6023160 total
- age   4:     275048 bytes,    6298208 total
- age   5:        664 bytes,    6298872 total
- age   6:     301376 bytes,    6600248 total
- age   7:    2164192 bytes,    8764440 total
- age   8:    5917200 bytes,   14681640 total
: 101030K->17458K(109248K), 0.0155000 secs] 101030K->17458K(502464K), 0.0156050 secs] [Times: user=0.05 sys=0.00, real=0.02 secs] 
Heap after GC invocations=8 (full 1):
 par new generation   total 109248K, used 17458K [0x00000000e0000000, 0x00000000e8000000, 0x00000000e8000000)
  eden space 87424K,   0% used [0x00000000e0000000, 0x00000000e0000000, 0x00000000e5560000)
  from space 21824K,  79% used [0x00000000e5560000, 0x00000000e666cb98, 0x00000000e6ab0000)
  to   space 21824K,   0% used [0x00000000e6ab0000, 0x00000000e6ab0000, 0x00000000e8000000)
 concurrent mark-sweep generation total 393216K, used 0K [0x00000000e8000000, 0x0000000100000000, 0x0000000100000000)
 Metaspace       used 29109K, capacity 29812K, committed 29916K, reserved 1075200K
  class space    used 3518K, capacity 3760K, committed 3812K, reserved 1048576K
}
2017-08-07T10:19:49.554-0700: 5.180: Total time for which application threads were stopped: 0.0160250 seconds, Stopping threads took: 0.0001050 seconds
2017-08-07T10:19:49.554-0700: 5.190: Total time for which application threads were stopped: 0.0002120 seconds, Stopping threads took: 0.0000840 seconds
2017-08-07T10:19:49.554-0700: 5.191: Total time for which application threads were stopped: 0.0002030 seconds, Stopping threads took: 0.0000620 seconds
2017-08-07T10:19:49.806-0700: 5.431: Total time for which application threads were stopped: 0.0002450 seconds, Stopping threads took: 0.0000750 seconds
2017-08-07T10:19:49.809-0700: 5.434: Total time for which application threads were stopped: 0.0001990 seconds, Stopping threads took: 0.0000890 seconds
2017-08-07T10:19:49.821-0700: 5.446: Total time for which application threads were stopped: 0.0001880 seconds, Stopping threads took: 0.0000520 seconds
2017-08-07T10:19:49.821-0700: 5.446: Total time for which application threads were stopped: 0.0000820 seconds, Stopping threads took: 0.0000290 seconds
2017-08-07T10:19:49.855-0700: 5.482: Total time for which application threads were stopped: 0.0002950 seconds, Stopping threads took: 0.0001630 seconds
2017-08-07T10:19:49.895-0700: 5.520: Total time for which application threads were stopped: 0.0001940 seconds, Stopping threads took: 0.0000760 seconds
2017-08-07T10:19:49.896-0700: 5.521: Total time for which application threads were stopped: 0.0005290 seconds, Stopping threads took: 0.0000350 seconds
2017-08-07T10:19:49.970-0700: 5.595: Total time for which application threads were stopped: 0.0006720 seconds, Stopping threads took: 0.0000380 seconds
2017-08-07T10:19:49.979-0700: 5.603: Total time for which application threads were stopped: 0.0002270 seconds, Stopping threads took: 0.0001100 seconds
2017-08-07T10:19:50.017-0700: 5.651: Total time for which application threads were stopped: 0.0007270 seconds, Stopping threads took: 0.0001520 seconds
2017-08-07T10:19:50.033-0700: 5.664: Total time for which application threads were stopped: 0.0001840 seconds, Stopping threads took: 0.0000650 seconds
2017-08-07T10:19:50.056-0700: 5.680: Total time for which application threads were stopped: 0.0001190 seconds, Stopping threads took: 0.0000480 seconds
2017-08-07T10:19:50.067-0700: 5.695: Total time for which application threads were stopped: 0.0001930 seconds, Stopping threads took: 0.0001090 seconds
2017-08-07T10:19:50.103-0700: 5.732: Total time for which application threads were stopped: 0.0006030 seconds, Stopping threads took: 0.0003960 seconds
2017-08-07T10:19:50.123-0700: 5.749: Total time for which application threads were stopped: 0.0002500 seconds, Stopping threads took: 0.0000540 seconds
2017-08-07T10:19:50.123-0700: 5.756: Total time for which application threads were stopped: 0.0003530 seconds, Stopping threads took: 0.0001590 seconds
2017-08-07T10:19:50.210-0700: 5.835: Total time for which application threads were stopped: 0.0005230 seconds, Stopping threads took: 0.0000880 seconds
2017-08-07T10:19:50.342-0700: 5.978: Total time for which application threads were stopped: 0.0001560 seconds, Stopping threads took: 0.0000610 seconds
{Heap before GC invocations=8 (full 1):
 par new generation   total 109248K, used 104882K [0x00000000e0000000, 0x00000000e8000000, 0x00000000e8000000)
  eden space 87424K, 100% used [0x00000000e0000000, 0x00000000e5560000, 0x00000000e5560000)
  from space 21824K,  79% used [0x00000000e5560000, 0x00000000e666cb98, 0x00000000e6ab0000)
  to   space 21824K,   0% used [0x00000000e6ab0000, 0x00000000e6ab0000, 0x00000000e8000000)
 concurrent mark-sweep generation total 393216K, used 0K [0x00000000e8000000, 0x0000000100000000, 0x0000000100000000)
 Metaspace       used 32980K, capacity 33780K, committed 34012K, reserved 1079296K
  class space    used 3985K, capacity 4246K, committed 4324K, reserved 1048576K
2017-08-07T10:19:52.953-0700: 8.591: [GC (Allocation Failure) 2017-08-07T10:19:52.953-0700: 8.591: [ParNew
Desired survivor size 20112992 bytes, new threshold 8 (max 8)
- age   1:   11255240 bytes,   11255240 total
- age   2:    2108240 bytes,   13363480 total
- age   3:     165832 bytes,   13529312 total
- age   4:     147568 bytes,   13676880 total
- age   5:     273832 bytes,   13950712 total
- age   6:        664 bytes,   13951376 total
- age   7:     298848 bytes,   14250224 total
- age   8:    2086192 bytes,   16336416 total
: 104882K->21168K(109248K), 0.0591410 secs] 104882K->27487K(502464K), 0.0592560 secs] [Times: user=0.18 sys=0.03, real=0.06 secs] 
Heap after GC invocations=9 (full 1):
 par new generation   total 109248K, used 21168K [0x00000000e0000000, 0x00000000e8000000, 0x00000000e8000000)
  eden space 87424K,   0% used [0x00000000e0000000, 0x00000000e0000000, 0x00000000e5560000)
  from space 21824K,  96% used [0x00000000e6ab0000, 0x00000000e7f5c118, 0x00000000e8000000)
  to   space 21824K,   0% used [0x00000000e5560000, 0x00000000e5560000, 0x00000000e6ab0000)
 concurrent mark-sweep generation total 393216K, used 6319K [0x00000000e8000000, 0x0000000100000000, 0x0000000100000000)
 Metaspace       used 32980K, capacity 33780K, committed 34012K, reserved 1079296K
  class space    used 3985K, capacity 4246K, committed 4324K, reserved 1048576K
}
2017-08-07T10:19:53.011-0700: 8.650: Total time for which application threads were stopped: 0.0595460 seconds, Stopping threads took: 0.0000520 seconds
2017-08-07T10:19:53.011-0700: 8.651: Total time for which application threads were stopped: 0.0002520 seconds, Stopping threads took: 0.0001800 seconds
2017-08-07T10:19:53.027-0700: 8.652: Total time for which application threads were stopped: 0.0001040 seconds, Stopping threads took: 0.0000370 seconds
2017-08-07T10:19:53.027-0700: 8.653: Total time for which application threads were stopped: 0.0001250 seconds, Stopping threads took: 0.0000880 seconds
2017-08-07T10:19:53.027-0700: 8.653: Total time for which application threads were stopped: 0.0000900 seconds, Stopping threads took: 0.0000580 seconds
2017-08-07T10:19:53.027-0700: 8.653: Total time for which application threads were stopped: 0.0000940 seconds, Stopping threads took: 0.0000510 seconds
2017-08-07T10:19:53.027-0700: 8.653: Total time for which application threads were stopped: 0.0000710 seconds, Stopping threads took: 0.0000430 seconds
2017-08-07T10:19:53.027-0700: 8.654: Total time for which application threads were stopped: 0.0000670 seconds, Stopping threads took: 0.0000400 seconds
2017-08-07T10:19:53.027-0700: 8.654: Total time for which application threads were stopped: 0.0000810 seconds, Stopping threads took: 0.0000490 seconds
2017-08-07T10:19:53.027-0700: 8.654: Total time for which application threads were stopped: 0.0000810 seconds, Stopping threads took: 0.0000520 seconds
2017-08-07T10:19:53.027-0700: 8.654: Total time for which application threads were stopped: 0.0000820 seconds, Stopping threads took: 0.0000490 seconds
2017-08-07T10:19:53.027-0700: 8.654: Total time for which application threads were stopped: 0.0000780 seconds, Stopping threads took: 0.0000480 seconds
2017-08-07T10:19:53.027-0700: 8.654: Total time for which application threads were stopped: 0.0000870 seconds, Stopping threads took: 0.0000410 seconds
2017-08-07T10:19:53.027-0700: 8.654: Total time for which application threads were stopped: 0.0001080 seconds, Stopping threads took: 0.0000810 seconds
2017-08-07T10:19:53.027-0700: 8.654: Total time for which application threads were stopped: 0.0000720 seconds, Stopping threads took: 0.0000340 seconds
2017-08-07T10:19:53.027-0700: 8.655: Total time for which application threads were stopped: 0.0000670 seconds, Stopping threads took: 0.0000270 seconds
2017-08-07T10:19:53.027-0700: 8.655: Total time for which application threads were stopped: 0.0000650 seconds, Stopping threads took: 0.0000300 seconds
2017-08-07T10:19:53.027-0700: 8.655: Total time for which application threads were stopped: 0.0000620 seconds, Stopping threads took: 0.0000270 seconds
2017-08-07T10:19:53.027-0700: 8.655: Total time for which application threads were stopped: 0.0001760 seconds, Stopping threads took: 0.0000780 seconds
2017-08-07T10:19:53.027-0700: 8.655: Total time for which application threads were stopped: 0.0000910 seconds, Stopping threads took: 0.0000550 seconds
2017-08-07T10:19:53.043-0700: 8.678: Total time for which application threads were stopped: 0.0004300 seconds, Stopping threads took: 0.0000400 seconds
2017-08-07T10:19:53.078-0700: 8.704: Total time for which application threads were stopped: 0.0001030 seconds, Stopping threads took: 0.0000350 seconds
2017-08-07T10:19:53.078-0700: 8.713: Total time for which application threads were stopped: 0.0000910 seconds, Stopping threads took: 0.0000460 seconds
2017-08-07T10:19:53.078-0700: 8.713: Total time for which application threads were stopped: 0.0000630 seconds, Stopping threads took: 0.0000370 seconds
2017-08-07T10:19:53.078-0700: 8.713: Total time for which application threads were stopped: 0.0000560 seconds, Stopping threads took: 0.0000320 seconds
2017-08-07T10:19:53.078-0700: 8.714: Total time for which application threads were stopped: 0.0000400 seconds, Stopping threads took: 0.0000180 seconds
2017-08-07T10:19:53.078-0700: 8.714: Total time for which application threads were stopped: 0.0000500 seconds, Stopping threads took: 0.0000220 seconds
2017-08-07T10:19:53.144-0700: 8.778: Total time for which application threads were stopped: 0.0001290 seconds, Stopping threads took: 0.0000550 seconds
2017-08-07T10:19:54.059-0700: 9.697: Total time for which application threads were stopped: 0.0001610 seconds, Stopping threads took: 0.0000600 seconds
2017-08-07T10:19:54.074-0700: 9.704: Total time for which application threads were stopped: 0.0001120 seconds, Stopping threads took: 0.0000350 seconds
2017-08-07T10:19:54.074-0700: 9.707: Total time for which application threads were stopped: 0.0001020 seconds, Stopping threads took: 0.0000370 seconds
2017-08-07T10:19:54.074-0700: 9.707: Total time for which application threads were stopped: 0.0000620 seconds, Stopping threads took: 0.0000250 seconds
2017-08-07T10:19:54.074-0700: 9.707: Total time for which application threads were stopped: 0.0000480 seconds, Stopping threads took: 0.0000220 seconds
2017-08-07T10:19:54.074-0700: 9.709: Total time for which application threads were stopped: 0.0000800 seconds, Stopping threads took: 0.0000470 seconds
2017-08-07T10:19:54.144-0700: 9.779: Total time for which application threads were stopped: 0.0001480 seconds, Stopping threads took: 0.0000510 seconds
2017-08-07T10:19:54.144-0700: 9.782: Total time for which application threads were stopped: 0.0000870 seconds, Stopping threads took: 0.0000410 seconds
2017-08-07T10:19:54.159-0700: 9.784: Total time for which application threads were stopped: 0.0000690 seconds, Stopping threads took: 0.0000280 seconds
2017-08-07T10:19:55.160-0700: 10.785: Total time for which application threads were stopped: 0.0002950 seconds, Stopping threads took: 0.0001340 seconds
2017-08-07T10:19:56.833-0700: 12.458: Total time for which application threads were stopped: 0.0006290 seconds, Stopping threads took: 0.0000320 seconds
2017-08-07T10:19:56.833-0700: 12.463: Total time for which application threads were stopped: 0.0000950 seconds, Stopping threads took: 0.0000310 seconds
2017-08-07T10:19:56.833-0700: 12.464: Total time for which application threads were stopped: 0.0000570 seconds, Stopping threads took: 0.0000220 seconds
2017-08-07T10:19:56.833-0700: 12.465: Total time for which application threads were stopped: 0.0000760 seconds, Stopping threads took: 0.0000290 seconds
2017-08-07T10:19:56.833-0700: 12.465: Total time for which application threads were stopped: 0.0000560 seconds, Stopping threads took: 0.0000230 seconds
2017-08-07T10:19:56.833-0700: 12.465: Total time for which application threads were stopped: 0.0000600 seconds, Stopping threads took: 0.0000300 seconds
2017-08-07T10:19:56.833-0700: 12.468: Total time for which application threads were stopped: 0.0000590 seconds, Stopping threads took: 0.0000250 seconds
2017-08-07T10:19:56.833-0700: 12.470: Total time for which application threads were stopped: 0.0000640 seconds, Stopping threads took: 0.0000280 seconds
2017-08-07T10:19:56.833-0700: 12.470: Total time for which application threads were stopped: 0.0000700 seconds, Stopping threads took: 0.0000280 seconds
2017-08-07T10:19:56.833-0700: 12.470: Total time for which application threads were stopped: 0.0000430 seconds, Stopping threads took: 0.0000180 seconds
2017-08-07T10:19:56.833-0700: 12.470: Total time for which application threads were stopped: 0.0000550 seconds, Stopping threads took: 0.0000240 seconds
2017-08-07T10:19:56.833-0700: 12.470: Total time for which application threads were stopped: 0.0000520 seconds, Stopping threads took: 0.0000170 seconds
2017-08-07T10:19:56.833-0700: 12.470: Total time for which application threads were stopped: 0.0000540 seconds, Stopping threads took: 0.0000240 seconds
2017-08-07T10:19:56.833-0700: 12.471: Total time for which application threads were stopped: 0.0000500 seconds, Stopping threads took: 0.0000260 seconds
2017-08-07T10:19:56.833-0700: 12.472: Total time for which application threads were stopped: 0.0000720 seconds, Stopping threads took: 0.0000300 seconds
2017-08-07T10:19:56.849-0700: 12.479: Total time for which application threads were stopped: 0.0001290 seconds, Stopping threads took: 0.0000720 seconds
2017-08-07T10:19:56.849-0700: 12.481: Total time for which application threads were stopped: 0.0001200 seconds, Stopping threads took: 0.0000730 seconds
2017-08-07T10:19:56.849-0700: 12.481: Total time for which application threads were stopped: 0.0001070 seconds, Stopping threads took: 0.0000700 seconds
2017-08-07T10:19:56.849-0700: 12.482: Total time for which application threads were stopped: 0.0001040 seconds, Stopping threads took: 0.0000700 seconds
2017-08-07T10:19:56.849-0700: 12.482: Total time for which application threads were stopped: 0.0000830 seconds, Stopping threads took: 0.0000470 seconds
2017-08-07T10:19:56.849-0700: 12.487: Total time for which application threads were stopped: 0.0001140 seconds, Stopping threads took: 0.0000350 seconds
2017-08-07T10:19:56.849-0700: 12.487: Total time for which application threads were stopped: 0.0000870 seconds, Stopping threads took: 0.0000390 seconds
2017-08-07T10:19:56.884-0700: 12.511: Total time for which application threads were stopped: 0.0000890 seconds, Stopping threads took: 0.0000400 seconds
2017-08-07T10:19:56.899-0700: 12.527: Total time for which application threads were stopped: 0.0001200 seconds, Stopping threads took: 0.0000520 seconds
2017-08-07T10:19:56.899-0700: 12.527: Total time for which application threads were stopped: 0.0000730 seconds, Stopping threads took: 0.0000310 seconds
2017-08-07T10:19:56.899-0700: 12.530: Total time for which application threads were stopped: 0.0000750 seconds, Stopping threads took: 0.0000360 seconds
2017-08-07T10:19:56.899-0700: 12.530: Total time for which application threads were stopped: 0.0000720 seconds, Stopping threads took: 0.0000420 seconds
2017-08-07T10:19:56.899-0700: 12.531: Total time for which application threads were stopped: 0.0000770 seconds, Stopping threads took: 0.0000460 seconds
2017-08-07T10:19:56.899-0700: 12.531: Total time for which application threads were stopped: 0.0000790 seconds, Stopping threads took: 0.0000510 seconds
2017-08-07T10:19:56.899-0700: 12.532: Total time for which application threads were stopped: 0.0000430 seconds, Stopping threads took: 0.0000180 seconds
2017-08-07T10:19:56.899-0700: 12.532: Total time for which application threads were stopped: 0.0000390 seconds, Stopping threads took: 0.0000170 seconds
2017-08-07T10:19:56.899-0700: 12.532: Total time for which application threads were stopped: 0.0000540 seconds, Stopping threads took: 0.0000160 seconds
2017-08-07T10:19:56.899-0700: 12.532: Total time for which application threads were stopped: 0.0000370 seconds, Stopping threads took: 0.0000150 seconds
2017-08-07T10:19:56.899-0700: 12.533: Total time for which application threads were stopped: 0.0000380 seconds, Stopping threads took: 0.0000160 seconds
2017-08-07T10:19:56.899-0700: 12.533: Total time for which application threads were stopped: 0.0000380 seconds, Stopping threads took: 0.0000170 seconds
2017-08-07T10:19:56.899-0700: 12.533: Total time for which application threads were stopped: 0.0000370 seconds, Stopping threads took: 0.0000160 seconds
2017-08-07T10:19:56.899-0700: 12.533: Total time for which application threads were stopped: 0.0000380 seconds, Stopping threads took: 0.0000160 seconds
2017-08-07T10:19:56.899-0700: 12.533: Total time for which application threads were stopped: 0.0000370 seconds, Stopping threads took: 0.0000160 seconds
2017-08-07T10:19:56.899-0700: 12.533: Total time for which application threads were stopped: 0.0000380 seconds, Stopping threads took: 0.0000160 seconds
2017-08-07T10:19:56.899-0700: 12.534: Total time for which application threads were stopped: 0.0000380 seconds, Stopping threads took: 0.0000170 seconds
2017-08-07T10:19:56.899-0700: 12.534: Total time for which application threads were stopped: 0.0000380 seconds, Stopping threads took: 0.0000170 seconds
2017-08-07T10:19:56.899-0700: 12.534: Total time for which application threads were stopped: 0.0000370 seconds, Stopping threads took: 0.0000150 seconds
2017-08-07T10:19:56.899-0700: 12.534: Total time for which application threads were stopped: 0.0000380 seconds, Stopping threads took: 0.0000170 seconds
2017-08-07T10:19:56.899-0700: 12.534: Total time for which application threads were stopped: 0.0000380 seconds, Stopping threads took: 0.0000160 seconds
2017-08-07T10:19:56.899-0700: 12.534: Total time for which application threads were stopped: 0.0000370 seconds, Stopping threads took: 0.0000160 seconds
2017-08-07T10:19:57.910-0700: 13.535: Total time for which application threads were stopped: 0.0001750 seconds, Stopping threads took: 0.0000710 seconds
2017-08-07T10:19:58.926-0700: 14.565: Total time for which application threads were stopped: 0.0001420 seconds, Stopping threads took: 0.0000560 seconds
2017-08-07T10:19:59.941-0700: 15.565: Total time for which application threads were stopped: 0.0001010 seconds, Stopping threads took: 0.0000400 seconds
2017-08-07T10:20:02.358-0700: 17.998: Total time for which application threads were stopped: 0.0004580 seconds, Stopping threads took: 0.0000340 seconds
2017-08-07T10:20:02.395-0700: 18.029: Total time for which application threads were stopped: 0.0000830 seconds, Stopping threads took: 0.0000350 seconds
2017-08-07T10:20:03.404-0700: 19.029: Total time for which application threads were stopped: 0.0002650 seconds, Stopping threads took: 0.0001250 seconds
2017-08-07T10:20:04.405-0700: 20.030: Total time for which application threads were stopped: 0.0002700 seconds, Stopping threads took: 0.0001260 seconds
2017-08-07T10:20:51.443-0700: 67.068: Total time for which application threads were stopped: 0.0001220 seconds, Stopping threads took: 0.0000500 seconds
2017-08-07T10:20:58.446-0700: 74.071: Total time for which application threads were stopped: 0.0002150 seconds, Stopping threads took: 0.0000860 seconds
2017-08-07T10:21:52.347-0700: 127.975: Total time for which application threads were stopped: 0.0002200 seconds, Stopping threads took: 0.0001150 seconds
2017-08-07T10:21:52.347-0700: 127.975: Total time for which application threads were stopped: 0.0001120 seconds, Stopping threads took: 0.0000460 seconds
2017-08-07T10:21:53.271-0700: 128.898: Total time for which application threads were stopped: 0.0001740 seconds, Stopping threads took: 0.0001030 seconds
2017-08-07T10:21:53.271-0700: 128.899: Total time for which application threads were stopped: 0.0000690 seconds, Stopping threads took: 0.0000280 seconds
2017-08-07T10:21:54.275-0700: 129.900: Total time for which application threads were stopped: 0.0002690 seconds, Stopping threads took: 0.0001240 seconds
2017-08-07T10:21:58.285-0700: 133.910: Total time for which application threads were stopped: 0.0002340 seconds, Stopping threads took: 0.0000900 seconds
2017-08-07T10:22:02.289-0700: 137.914: Total time for which application threads were stopped: 0.0002960 seconds, Stopping threads took: 0.0001270 seconds
2017-08-07T10:22:13.298-0700: 148.923: Total time for which application threads were stopped: 0.0002680 seconds, Stopping threads took: 0.0001260 seconds
2017-08-07T10:22:17.299-0700: 152.924: Total time for which application threads were stopped: 0.0002680 seconds, Stopping threads took: 0.0001230 seconds
2017-08-07T10:22:18.300-0700: 153.925: Total time for which application threads were stopped: 0.0003000 seconds, Stopping threads took: 0.0001240 seconds
2017-08-07T10:22:37.310-0700: 172.935: Total time for which application threads were stopped: 0.0002870 seconds, Stopping threads took: 0.0001260 seconds
2017-08-07T10:22:46.324-0700: 181.949: Total time for which application threads were stopped: 0.0001350 seconds, Stopping threads took: 0.0000500 seconds
2017-08-07T10:22:51.342-0700: 186.967: Total time for which application threads were stopped: 0.0002770 seconds, Stopping threads took: 0.0001260 seconds
2017-08-07T10:22:52.342-0700: 187.967: Total time for which application threads were stopped: 0.0002080 seconds, Stopping threads took: 0.0000850 seconds
2017-08-07T10:23:25.813-0700: 221.450: Total time for which application threads were stopped: 0.0002350 seconds, Stopping threads took: 0.0000420 seconds
2017-08-07T10:23:26.826-0700: 222.452: Total time for which application threads were stopped: 0.0002500 seconds, Stopping threads took: 0.0001010 seconds
2017-08-07T10:23:29.830-0700: 225.454: Total time for which application threads were stopped: 0.0004520 seconds, Stopping threads took: 0.0001560 seconds
2017-08-07T10:23:30.830-0700: 226.455: Total time for which application threads were stopped: 0.0002700 seconds, Stopping threads took: 0.0001250 seconds
2017-08-07T10:23:32.831-0700: 228.456: Total time for which application threads were stopped: 0.0002730 seconds, Stopping threads took: 0.0001260 seconds
2017-08-07T10:24:00.841-0700: 256.466: Total time for which application threads were stopped: 0.0002740 seconds, Stopping threads took: 0.0001260 seconds
2017-08-07T10:25:05.863-0700: 321.488: Total time for which application threads were stopped: 0.0007960 seconds, Stopping threads took: 0.0003920 seconds
2017-08-07T10:25:36.893-0700: 352.518: Total time for which application threads were stopped: 0.0006030 seconds, Stopping threads took: 0.0004520 seconds
2017-08-07T10:25:40.896-0700: 356.521: Total time for which application threads were stopped: 0.0001850 seconds, Stopping threads took: 0.0000730 seconds
2017-08-07T10:25:41.896-0700: 357.521: Total time for which application threads were stopped: 0.0002770 seconds, Stopping threads took: 0.0001250 seconds
2017-08-07T10:25:43.897-0700: 359.530: Total time for which application threads were stopped: 0.0001710 seconds, Stopping threads took: 0.0000490 seconds
2017-08-07T10:25:43.970-0700: 359.597: Total time for which application threads were stopped: 0.0002080 seconds, Stopping threads took: 0.0000540 seconds
{Heap before GC invocations=9 (full 1):
 par new generation   total 109248K, used 108592K [0x00000000e0000000, 0x00000000e8000000, 0x00000000e8000000)
  eden space 87424K, 100% used [0x00000000e0000000, 0x00000000e5560000, 0x00000000e5560000)
  from space 21824K,  96% used [0x00000000e6ab0000, 0x00000000e7f5c118, 0x00000000e8000000)
  to   space 21824K,   0% used [0x00000000e5560000, 0x00000000e5560000, 0x00000000e6ab0000)
 concurrent mark-sweep generation total 393216K, used 6319K [0x00000000e8000000, 0x0000000100000000, 0x0000000100000000)
 Metaspace       used 35833K, capacity 36692K, committed 36956K, reserved 1081344K
  class space    used 4322K, capacity 4586K, committed 4708K, reserved 1048576K
2017-08-07T10:25:44.110-0700: 359.743: [GC (Allocation Failure) 2017-08-07T10:25:44.110-0700: 359.743: [ParNew
Desired survivor size 20112992 bytes, new threshold 8 (max 8)
- age   1:    4902064 bytes,    4902064 total
- age   2:    7489552 bytes,   12391616 total
- age   3:    1612456 bytes,   14004072 total
- age   4:     165832 bytes,   14169904 total
- age   5:     147536 bytes,   14317440 total
- age   6:     273160 bytes,   14590600 total
- age   7:        664 bytes,   14591264 total
- age   8:     298688 bytes,   14889952 total
: 108592K->20189K(109248K), 0.0228050 secs] 114911K->28557K(502464K), 0.0229270 secs] [Times: user=0.07 sys=0.00, real=0.02 secs] 
Heap after GC invocations=10 (full 1):
 par new generation   total 109248K, used 20189K [0x00000000e0000000, 0x00000000e8000000, 0x00000000e8000000)
  eden space 87424K,   0% used [0x00000000e0000000, 0x00000000e0000000, 0x00000000e5560000)
  from space 21824K,  92% used [0x00000000e5560000, 0x00000000e6917510, 0x00000000e6ab0000)
  to   space 21824K,   0% used [0x00000000e6ab0000, 0x00000000e6ab0000, 0x00000000e8000000)
 concurrent mark-sweep generation total 393216K, used 8368K [0x00000000e8000000, 0x0000000100000000, 0x0000000100000000)
 Metaspace       used 35833K, capacity 36692K, committed 36956K, reserved 1081344K
  class space    used 4322K, capacity 4586K, committed 4708K, reserved 1048576K
}
2017-08-07T10:25:44.130-0700: 359.766: Total time for which application threads were stopped: 0.0233470 seconds, Stopping threads took: 0.0000770 seconds
2017-08-07T10:25:44.146-0700: 359.783: Total time for which application threads were stopped: 0.0001900 seconds, Stopping threads took: 0.0000670 seconds
{Heap before GC invocations=10 (full 1):
 par new generation   total 109248K, used 107613K [0x00000000e0000000, 0x00000000e8000000, 0x00000000e8000000)
  eden space 87424K, 100% used [0x00000000e0000000, 0x00000000e5560000, 0x00000000e5560000)
  from space 21824K,  92% used [0x00000000e5560000, 0x00000000e6917510, 0x00000000e6ab0000)
  to   space 21824K,   0% used [0x00000000e6ab0000, 0x00000000e6ab0000, 0x00000000e8000000)
 concurrent mark-sweep generation total 393216K, used 8368K [0x00000000e8000000, 0x0000000100000000, 0x0000000100000000)
 Metaspace       used 35866K, capacity 36704K, committed 36956K, reserved 1081344K
  class space    used 4323K, capacity 4588K, committed 4708K, reserved 1048576K
2017-08-07T10:25:44.187-0700: 359.825: [GC (Allocation Failure) 2017-08-07T10:25:44.187-0700: 359.825: [ParNew
Desired survivor size 20112992 bytes, new threshold 8 (max 8)
- age   1:     147432 bytes,     147432 total
- age   2:    2808168 bytes,    2955600 total
- age   3:    7223520 bytes,   10179120 total
- age   4:    1603136 bytes,   11782256 total
- age   5:     165832 bytes,   11948088 total
- age   6:     147328 bytes,   12095416 total
- age   7:     273160 bytes,   12368576 total
- age   8:        664 bytes,   12369240 total
: 107613K->15953K(109248K), 0.0162520 secs] 115981K->24619K(502464K), 0.0163390 secs] [Times: user=0.06 sys=0.00, real=0.02 secs] 
Heap after GC invocations=11 (full 1):
 par new generation   total 109248K, used 15953K [0x00000000e0000000, 0x00000000e8000000, 0x00000000e8000000)
  eden space 87424K,   0% used [0x00000000e0000000, 0x00000000e0000000, 0x00000000e5560000)
  from space 21824K,  73% used [0x00000000e6ab0000, 0x00000000e7a44410, 0x00000000e8000000)
  to   space 21824K,   0% used [0x00000000e5560000, 0x00000000e5560000, 0x00000000e6ab0000)
 concurrent mark-sweep generation total 393216K, used 8666K [0x00000000e8000000, 0x0000000100000000, 0x0000000100000000)
 Metaspace       used 35866K, capacity 36704K, committed 36956K, reserved 1081344K
  class space    used 4323K, capacity 4588K, committed 4708K, reserved 1048576K
}
2017-08-07T10:25:44.203-0700: 359.842: Total time for which application threads were stopped: 0.0166440 seconds, Stopping threads took: 0.0000590 seconds
2017-08-07T10:25:44.203-0700: 359.842: Total time for which application threads were stopped: 0.0002310 seconds, Stopping threads took: 0.0001070 seconds
2017-08-07T10:25:44.405-0700: 360.030: Total time for which application threads were stopped: 0.0003160 seconds, Stopping threads took: 0.0000690 seconds
2017-08-07T10:25:44.508-0700: 360.148: Total time for which application threads were stopped: 0.0002170 seconds, Stopping threads took: 0.0000640 seconds
2017-08-07T10:25:44.524-0700: 360.164: Total time for which application threads were stopped: 0.0001510 seconds, Stopping threads took: 0.0000590 seconds
2017-08-07T10:25:44.540-0700: 360.165: Total time for which application threads were stopped: 0.0001120 seconds, Stopping threads took: 0.0000440 seconds
2017-08-07T10:25:44.540-0700: 360.165: Total time for which application threads were stopped: 0.0000990 seconds, Stopping threads took: 0.0000380 seconds
2017-08-07T10:25:44.540-0700: 360.174: Total time for which application threads were stopped: 0.0001430 seconds, Stopping threads took: 0.0000520 seconds
2017-08-07T10:25:44.540-0700: 360.176: Total time for which application threads were stopped: 0.0001460 seconds, Stopping threads took: 0.0000630 seconds
2017-08-07T10:25:44.540-0700: 360.176: Total time for which application threads were stopped: 0.0001290 seconds, Stopping threads took: 0.0000560 seconds
2017-08-07T10:25:44.540-0700: 360.177: Total time for which application threads were stopped: 0.0001170 seconds, Stopping threads took: 0.0000530 seconds
2017-08-07T10:25:44.540-0700: 360.177: Total time for which application threads were stopped: 0.0000860 seconds, Stopping threads took: 0.0000310 seconds
2017-08-07T10:25:44.540-0700: 360.177: Total time for which application threads were stopped: 0.0001440 seconds, Stopping threads took: 0.0000660 seconds
2017-08-07T10:25:44.540-0700: 360.177: Total time for which application threads were stopped: 0.0000970 seconds, Stopping threads took: 0.0000470 seconds
2017-08-07T10:25:44.540-0700: 360.177: Total time for which application threads were stopped: 0.0000780 seconds, Stopping threads took: 0.0000290 seconds
2017-08-07T10:25:44.540-0700: 360.177: Total time for which application threads were stopped: 0.0000800 seconds, Stopping threads took: 0.0000270 seconds
2017-08-07T10:25:44.540-0700: 360.177: Total time for which application threads were stopped: 0.0000850 seconds, Stopping threads took: 0.0000420 seconds
2017-08-07T10:25:44.540-0700: 360.178: Total time for which application threads were stopped: 0.0000910 seconds, Stopping threads took: 0.0000490 seconds
2017-08-07T10:25:44.540-0700: 360.178: Total time for which application threads were stopped: 0.0000660 seconds, Stopping threads took: 0.0000240 seconds
2017-08-07T10:25:44.540-0700: 360.178: Total time for which application threads were stopped: 0.0000660 seconds, Stopping threads took: 0.0000250 seconds
2017-08-07T10:25:44.540-0700: 360.178: Total time for which application threads were stopped: 0.0000930 seconds, Stopping threads took: 0.0000460 seconds
2017-08-07T10:25:44.540-0700: 360.178: Total time for which application threads were stopped: 0.0000660 seconds, Stopping threads took: 0.0000250 seconds
2017-08-07T10:25:44.540-0700: 360.178: Total time for which application threads were stopped: 0.0000670 seconds, Stopping threads took: 0.0000260 seconds
2017-08-07T10:25:44.540-0700: 360.178: Total time for which application threads were stopped: 0.0000940 seconds, Stopping threads took: 0.0000420 seconds
2017-08-07T10:25:44.540-0700: 360.178: Total time for which application threads were stopped: 0.0000850 seconds, Stopping threads took: 0.0000410 seconds
2017-08-07T10:25:44.540-0700: 360.178: Total time for which application threads were stopped: 0.0000890 seconds, Stopping threads took: 0.0000450 seconds
2017-08-07T10:25:44.540-0700: 360.179: Total time for which application threads were stopped: 0.0001990 seconds, Stopping threads took: 0.0000260 seconds
2017-08-07T10:25:44.556-0700: 360.181: Total time for which application threads were stopped: 0.0001420 seconds, Stopping threads took: 0.0000540 seconds
2017-08-07T10:25:44.557-0700: 360.182: Total time for which application threads were stopped: 0.0001440 seconds, Stopping threads took: 0.0000750 seconds
2017-08-07T10:25:44.559-0700: 360.188: Total time for which application threads were stopped: 0.0001440 seconds, Stopping threads took: 0.0000510 seconds
2017-08-07T10:25:44.575-0700: 360.201: Total time for which application threads were stopped: 0.0001170 seconds, Stopping threads took: 0.0000460 seconds
2017-08-07T10:25:45.576-0700: 361.202: Total time for which application threads were stopped: 0.0003410 seconds, Stopping threads took: 0.0001270 seconds
{Heap before GC invocations=11 (full 1):
 par new generation   total 109248K, used 103377K [0x00000000e0000000, 0x00000000e8000000, 0x00000000e8000000)
  eden space 87424K, 100% used [0x00000000e0000000, 0x00000000e5560000, 0x00000000e5560000)
  from space 21824K,  73% used [0x00000000e6ab0000, 0x00000000e7a44410, 0x00000000e8000000)
  to   space 21824K,   0% used [0x00000000e5560000, 0x00000000e5560000, 0x00000000e6ab0000)
 concurrent mark-sweep generation total 393216K, used 8666K [0x00000000e8000000, 0x0000000100000000, 0x0000000100000000)
 Metaspace       used 35949K, capacity 36850K, committed 37212K, reserved 1081344K
  class space    used 4325K, capacity 4591K, committed 4708K, reserved 1048576K
2017-08-07T10:25:48.354-0700: 363.984: [GC (Allocation Failure) 2017-08-07T10:25:48.354-0700: 363.984: [ParNew
Desired survivor size 20112992 bytes, new threshold 8 (max 8)
- age   1:    2618888 bytes,    2618888 total
- age   2:      78768 bytes,    2697656 total
- age   3:    2179856 bytes,    4877512 total
- age   4:    5646744 bytes,   10524256 total
- age   5:    1600016 bytes,   12124272 total
- age   6:     165800 bytes,   12290072 total
- age   7:     147328 bytes,   12437400 total
- age   8:     273160 bytes,   12710560 total
: 103377K->16021K(109248K), 0.0219410 secs] 112043K->24689K(502464K), 0.0220090 secs] [Times: user=0.03 sys=0.00, real=0.02 secs] 
Heap after GC invocations=12 (full 1):
 par new generation   total 109248K, used 16021K [0x00000000e0000000, 0x00000000e8000000, 0x00000000e8000000)
  eden space 87424K,   0% used [0x00000000e0000000, 0x00000000e0000000, 0x00000000e5560000)
  from space 21824K,  73% used [0x00000000e5560000, 0x00000000e6505690, 0x00000000e6ab0000)
  to   space 21824K,   0% used [0x00000000e6ab0000, 0x00000000e6ab0000, 0x00000000e8000000)
 concurrent mark-sweep generation total 393216K, used 8667K [0x00000000e8000000, 0x0000000100000000, 0x0000000100000000)
 Metaspace       used 35949K, capacity 36850K, committed 37212K, reserved 1081344K
  class space    used 4325K, capacity 4591K, committed 4708K, reserved 1048576K
}
2017-08-07T10:25:48.374-0700: 364.006: Total time for which application threads were stopped: 0.0221970 seconds, Stopping threads took: 0.0000370 seconds
2017-08-07T10:25:48.374-0700: 364.006: Total time for which application threads were stopped: 0.0001250 seconds, Stopping threads took: 0.0000740 seconds
{Heap before GC invocations=12 (full 1):
 par new generation   total 109248K, used 103445K [0x00000000e0000000, 0x00000000e8000000, 0x00000000e8000000)
  eden space 87424K, 100% used [0x00000000e0000000, 0x00000000e5560000, 0x00000000e5560000)
  from space 21824K,  73% used [0x00000000e5560000, 0x00000000e6505690, 0x00000000e6ab0000)
  to   space 21824K,   0% used [0x00000000e6ab0000, 0x00000000e6ab0000, 0x00000000e8000000)
 concurrent mark-sweep generation total 393216K, used 8667K [0x00000000e8000000, 0x0000000100000000, 0x0000000100000000)
 Metaspace       used 35997K, capacity 36850K, committed 37212K, reserved 1081344K
  class space    used 4325K, capacity 4591K, committed 4708K, reserved 1048576K
2017-08-07T10:25:48.566-0700: 364.205: [GC (Allocation Failure) 2017-08-07T10:25:48.566-0700: 364.205: [ParNew
Desired survivor size 20112992 bytes, new threshold 8 (max 8)
- age   1:    2298880 bytes,    2298880 total
- age   2:    2087248 bytes,    4386128 total
- age   3:      78768 bytes,    4464896 total
- age   4:    2164928 bytes,    6629824 total
- age   5:    5619056 bytes,   12248880 total
- age   6:    1600016 bytes,   13848896 total
- age   7:     165800 bytes,   14014696 total
- age   8:     147328 bytes,   14162024 total
: 103445K->16205K(109248K), 0.0151170 secs] 112113K->25147K(502464K), 0.0152260 secs] [Times: user=0.06 sys=0.00, real=0.02 secs] 
Heap after GC invocations=13 (full 1):
 par new generation   total 109248K, used 16205K [0x00000000e0000000, 0x00000000e8000000, 0x00000000e8000000)
  eden space 87424K,   0% used [0x00000000e0000000, 0x00000000e0000000, 0x00000000e5560000)
  from space 21824K,  74% used [0x00000000e6ab0000, 0x00000000e7a836f8, 0x00000000e8000000)
  to   space 21824K,   0% used [0x00000000e5560000, 0x00000000e5560000, 0x00000000e6ab0000)
 concurrent mark-sweep generation total 393216K, used 8941K [0x00000000e8000000, 0x0000000100000000, 0x0000000100000000)
 Metaspace       used 35997K, capacity 36850K, committed 37212K, reserved 1081344K
  class space    used 4325K, capacity 4591K, committed 4708K, reserved 1048576K
}
2017-08-07T10:25:48.582-0700: 364.220: Total time for which application threads were stopped: 0.0155800 seconds, Stopping threads took: 0.0000650 seconds
2017-08-07T10:25:48.582-0700: 364.220: Total time for which application threads were stopped: 0.0002180 seconds, Stopping threads took: 0.0001550 seconds
2017-08-07T10:25:48.582-0700: 364.220: Total time for which application threads were stopped: 0.0001260 seconds, Stopping threads took: 0.0000570 seconds
2017-08-07T10:25:48.582-0700: 364.220: Total time for which application threads were stopped: 0.0000990 seconds, Stopping threads took: 0.0000610 seconds
2017-08-07T10:25:48.582-0700: 364.221: Total time for which application threads were stopped: 0.0000920 seconds, Stopping threads took: 0.0000480 seconds
2017-08-07T10:25:48.582-0700: 364.221: Total time for which application threads were stopped: 0.0001210 seconds, Stopping threads took: 0.0000700 seconds
2017-08-07T10:25:48.582-0700: 364.221: Total time for which application threads were stopped: 0.0001180 seconds, Stopping threads took: 0.0000740 seconds
2017-08-07T10:25:48.582-0700: 364.221: Total time for which application threads were stopped: 0.0001120 seconds, Stopping threads took: 0.0000670 seconds
2017-08-07T10:25:48.582-0700: 364.221: Total time for which application threads were stopped: 0.0001280 seconds, Stopping threads took: 0.0000840 seconds
2017-08-07T10:25:48.582-0700: 364.221: Total time for which application threads were stopped: 0.0000720 seconds, Stopping threads took: 0.0000310 seconds
2017-08-07T10:25:48.582-0700: 364.222: Total time for which application threads were stopped: 0.0000830 seconds, Stopping threads took: 0.0000320 seconds
2017-08-07T10:25:48.582-0700: 364.222: Total time for which application threads were stopped: 0.0001020 seconds, Stopping threads took: 0.0000560 seconds
2017-08-07T10:25:48.582-0700: 364.222: Total time for which application threads were stopped: 0.0001070 seconds, Stopping threads took: 0.0000460 seconds
2017-08-07T10:25:48.598-0700: 364.222: Total time for which application threads were stopped: 0.0002490 seconds, Stopping threads took: 0.0002020 seconds
2017-08-07T10:25:48.598-0700: 364.223: Total time for which application threads were stopped: 0.0001230 seconds, Stopping threads took: 0.0000870 seconds
2017-08-07T10:25:48.598-0700: 364.223: Total time for which application threads were stopped: 0.0001350 seconds, Stopping threads took: 0.0000730 seconds
2017-08-07T10:25:48.598-0700: 364.223: Total time for which application threads were stopped: 0.0001280 seconds, Stopping threads took: 0.0000820 seconds
2017-08-07T10:25:48.598-0700: 364.223: Total time for which application threads were stopped: 0.0001000 seconds, Stopping threads took: 0.0000650 seconds
2017-08-07T10:25:48.599-0700: 364.223: Total time for which application threads were stopped: 0.0001570 seconds, Stopping threads took: 0.0001160 seconds
2017-08-07T10:25:48.599-0700: 364.224: Total time for which application threads were stopped: 0.0001300 seconds, Stopping threads took: 0.0000830 seconds
2017-08-07T10:25:48.599-0700: 364.224: Total time for which application threads were stopped: 0.0002120 seconds, Stopping threads took: 0.0000760 seconds
{Heap before GC invocations=13 (full 1):
 par new generation   total 109248K, used 103629K [0x00000000e0000000, 0x00000000e8000000, 0x00000000e8000000)
  eden space 87424K, 100% used [0x00000000e0000000, 0x00000000e5560000, 0x00000000e5560000)
  from space 21824K,  74% used [0x00000000e6ab0000, 0x00000000e7a836f8, 0x00000000e8000000)
  to   space 21824K,   0% used [0x00000000e5560000, 0x00000000e5560000, 0x00000000e6ab0000)
 concurrent mark-sweep generation total 393216K, used 8941K [0x00000000e8000000, 0x0000000100000000, 0x0000000100000000)
 Metaspace       used 36020K, capacity 36880K, committed 37212K, reserved 1081344K
  class space    used 4328K, capacity 4596K, committed 4708K, reserved 1048576K
2017-08-07T10:25:48.668-0700: 364.296: [GC (Allocation Failure) 2017-08-07T10:25:48.668-0700: 364.297: [ParNew
Desired survivor size 20112992 bytes, new threshold 8 (max 8)
- age   1:     276064 bytes,     276064 total
- age   2:    1953496 bytes,    2229560 total
- age   3:    1912560 bytes,    4142120 total
- age   4:      78768 bytes,    4220888 total
- age   5:    2164952 bytes,    6385840 total
- age   6:    5619056 bytes,   12004896 total
- age   7:    1600016 bytes,   13604912 total
- age   8:     165800 bytes,   13770712 total
: 103629K->19704K(109248K), 0.0203560 secs] 112571K->28792K(502464K), 0.0204590 secs] [Times: user=0.07 sys=0.00, real=0.02 secs] 
Heap after GC invocations=14 (full 1):
 par new generation   total 109248K, used 19704K [0x00000000e0000000, 0x00000000e8000000, 0x00000000e8000000)
  eden space 87424K,   0% used [0x00000000e0000000, 0x00000000e0000000, 0x00000000e5560000)
  from space 21824K,  90% used [0x00000000e5560000, 0x00000000e689e010, 0x00000000e6ab0000)
  to   space 21824K,   0% used [0x00000000e6ab0000, 0x00000000e6ab0000, 0x00000000e8000000)
 concurrent mark-sweep generation total 393216K, used 9088K [0x00000000e8000000, 0x0000000100000000, 0x0000000100000000)
 Metaspace       used 36020K, capacity 36880K, committed 37212K, reserved 1081344K
  class space    used 4328K, capacity 4596K, committed 4708K, reserved 1048576K
}
2017-08-07T10:25:48.684-0700: 364.317: Total time for which application threads were stopped: 0.0208410 seconds, Stopping threads took: 0.0000670 seconds
2017-08-07T10:25:48.835-0700: 364.470: Total time for which application threads were stopped: 0.0001580 seconds, Stopping threads took: 0.0000450 seconds
2017-08-07T10:25:48.949-0700: 364.576: Total time for which application threads were stopped: 0.0002440 seconds, Stopping threads took: 0.0000840 seconds
2017-08-07T10:25:48.949-0700: 364.576: Total time for which application threads were stopped: 0.0000990 seconds, Stopping threads took: 0.0000340 seconds
2017-08-07T10:25:48.949-0700: 364.576: Total time for which application threads were stopped: 0.0000860 seconds, Stopping threads took: 0.0000270 seconds
2017-08-07T10:25:48.949-0700: 364.576: Total time for which application threads were stopped: 0.0000820 seconds, Stopping threads took: 0.0000280 seconds
2017-08-07T10:25:48.949-0700: 364.576: Total time for which application threads were stopped: 0.0000810 seconds, Stopping threads took: 0.0000270 seconds
2017-08-07T10:25:48.949-0700: 364.577: Total time for which application threads were stopped: 0.0000800 seconds, Stopping threads took: 0.0000330 seconds
2017-08-07T10:25:48.949-0700: 364.577: Total time for which application threads were stopped: 0.0001350 seconds, Stopping threads took: 0.0000960 seconds
2017-08-07T10:25:48.949-0700: 364.589: Total time for which application threads were stopped: 0.0001820 seconds, Stopping threads took: 0.0000730 seconds
2017-08-07T10:25:48.949-0700: 364.589: Total time for which application threads were stopped: 0.0001050 seconds, Stopping threads took: 0.0000350 seconds
2017-08-07T10:25:48.949-0700: 364.589: Total time for which application threads were stopped: 0.0000910 seconds, Stopping threads took: 0.0000310 seconds
2017-08-07T10:25:48.949-0700: 364.589: Total time for which application threads were stopped: 0.0001170 seconds, Stopping threads took: 0.0000290 seconds
2017-08-07T10:25:48.949-0700: 364.589: Total time for which application threads were stopped: 0.0000870 seconds, Stopping threads took: 0.0000280 seconds
2017-08-07T10:25:48.949-0700: 364.590: Total time for which application threads were stopped: 0.0000830 seconds, Stopping threads took: 0.0000290 seconds
2017-08-07T10:25:48.949-0700: 364.590: Total time for which application threads were stopped: 0.0000750 seconds, Stopping threads took: 0.0000350 seconds
2017-08-07T10:25:48.965-0700: 364.590: Total time for which application threads were stopped: 0.0001080 seconds, Stopping threads took: 0.0000310 seconds
2017-08-07T10:25:48.965-0700: 364.590: Total time for which application threads were stopped: 0.0002280 seconds, Stopping threads took: 0.0001740 seconds
2017-08-07T10:25:48.965-0700: 364.590: Total time for which application threads were stopped: 0.0000750 seconds, Stopping threads took: 0.0000260 seconds
2017-08-07T10:25:48.965-0700: 364.590: Total time for which application threads were stopped: 0.0001030 seconds, Stopping threads took: 0.0000520 seconds
2017-08-07T10:25:48.965-0700: 364.591: Total time for which application threads were stopped: 0.0000940 seconds, Stopping threads took: 0.0000450 seconds
2017-08-07T10:25:48.965-0700: 364.591: Total time for which application threads were stopped: 0.0000920 seconds, Stopping threads took: 0.0000450 seconds
2017-08-07T10:25:48.965-0700: 364.591: Total time for which application threads were stopped: 0.0000920 seconds, Stopping threads took: 0.0000440 seconds
2017-08-07T10:25:48.965-0700: 364.591: Total time for which application threads were stopped: 0.0000940 seconds, Stopping threads took: 0.0000430 seconds
2017-08-07T10:25:48.965-0700: 364.591: Total time for which application threads were stopped: 0.0001090 seconds, Stopping threads took: 0.0000580 seconds
2017-08-07T10:25:48.965-0700: 364.591: Total time for which application threads were stopped: 0.0002100 seconds, Stopping threads took: 0.0001620 seconds
2017-08-07T10:25:48.965-0700: 364.592: Total time for which application threads were stopped: 0.0000900 seconds, Stopping threads took: 0.0000430 seconds
2017-08-07T10:25:48.965-0700: 364.592: Total time for which application threads were stopped: 0.0000880 seconds, Stopping threads took: 0.0000410 seconds
2017-08-07T10:25:48.965-0700: 364.592: Total time for which application threads were stopped: 0.0001990 seconds, Stopping threads took: 0.0000410 seconds
2017-08-07T10:25:48.965-0700: 364.598: Total time for which application threads were stopped: 0.0001460 seconds, Stopping threads took: 0.0000500 seconds
2017-08-07T10:25:48.965-0700: 364.598: Total time for which application threads were stopped: 0.0001220 seconds, Stopping threads took: 0.0000400 seconds
2017-08-07T10:25:48.965-0700: 364.603: Total time for which application threads were stopped: 0.0001420 seconds, Stopping threads took: 0.0000510 seconds
2017-08-07T10:25:48.984-0700: 364.609: Total time for which application threads were stopped: 0.0001610 seconds, Stopping threads took: 0.0000680 seconds
2017-08-07T10:25:48.984-0700: 364.609: Total time for which application threads were stopped: 0.0001080 seconds, Stopping threads took: 0.0000390 seconds
2017-08-07T10:25:49.000-0700: 364.627: Total time for which application threads were stopped: 0.0001450 seconds, Stopping threads took: 0.0000760 seconds
2017-08-07T10:25:49.000-0700: 364.637: Total time for which application threads were stopped: 0.0001470 seconds, Stopping threads took: 0.0000590 seconds
2017-08-07T10:25:49.000-0700: 364.638: Total time for which application threads were stopped: 0.0001180 seconds, Stopping threads took: 0.0000410 seconds
2017-08-07T10:25:49.016-0700: 364.651: Total time for which application threads were stopped: 0.0001320 seconds, Stopping threads took: 0.0000550 seconds
2017-08-07T10:25:49.035-0700: 364.667: Total time for which application threads were stopped: 0.0006890 seconds, Stopping threads took: 0.0000600 seconds
2017-08-07T10:25:49.035-0700: 364.669: Total time for which application threads were stopped: 0.0005990 seconds, Stopping threads took: 0.0000460 seconds
2017-08-07T10:25:49.035-0700: 364.673: Total time for which application threads were stopped: 0.0001820 seconds, Stopping threads took: 0.0000860 seconds
2017-08-07T10:25:49.066-0700: 364.692: Total time for which application threads were stopped: 0.0001190 seconds, Stopping threads took: 0.0000470 seconds
2017-08-07T10:25:49.066-0700: 364.693: Total time for which application threads were stopped: 0.0000740 seconds, Stopping threads took: 0.0000260 seconds
2017-08-07T10:25:49.066-0700: 364.693: Total time for which application threads were stopped: 0.0000620 seconds, Stopping threads took: 0.0000220 seconds
2017-08-07T10:25:49.066-0700: 364.693: Total time for which application threads were stopped: 0.0000560 seconds, Stopping threads took: 0.0000200 seconds
2017-08-07T10:25:49.066-0700: 364.693: Total time for which application threads were stopped: 0.0000540 seconds, Stopping threads took: 0.0000200 seconds
2017-08-07T10:25:49.066-0700: 364.695: Total time for which application threads were stopped: 0.0000740 seconds, Stopping threads took: 0.0000270 seconds
2017-08-07T10:25:49.085-0700: 364.716: Total time for which application threads were stopped: 0.0004980 seconds, Stopping threads took: 0.0004290 seconds
2017-08-07T10:25:49.085-0700: 364.716: Total time for which application threads were stopped: 0.0000800 seconds, Stopping threads took: 0.0000450 seconds
2017-08-07T10:25:49.101-0700: 364.735: Total time for which application threads were stopped: 0.0001560 seconds, Stopping threads took: 0.0000580 seconds
2017-08-07T10:25:49.240-0700: 364.869: Total time for which application threads were stopped: 0.0002590 seconds, Stopping threads took: 0.0000930 seconds
2017-08-07T10:25:49.272-0700: 364.899: Total time for which application threads were stopped: 0.0004260 seconds, Stopping threads took: 0.0002370 seconds
2017-08-07T10:25:49.272-0700: 364.899: Total time for which application threads were stopped: 0.0001980 seconds, Stopping threads took: 0.0000870 seconds
2017-08-07T10:25:49.272-0700: 364.900: Total time for which application threads were stopped: 0.0001820 seconds, Stopping threads took: 0.0000710 seconds
2017-08-07T10:25:50.275-0700: 365.900: Total time for which application threads were stopped: 0.0003450 seconds, Stopping threads took: 0.0001250 seconds
2017-08-07T10:25:51.276-0700: 366.902: Total time for which application threads were stopped: 0.0009930 seconds, Stopping threads took: 0.0003380 seconds
2017-08-07T10:25:55.311-0700: 370.937: Total time for which application threads were stopped: 0.0001520 seconds, Stopping threads took: 0.0000570 seconds
2017-08-07T10:25:59.260-0700: 374.885: Total time for which application threads were stopped: 0.0003890 seconds, Stopping threads took: 0.0001430 seconds
2017-08-07T10:25:59.278-0700: 374.903: Total time for which application threads were stopped: 0.0003250 seconds, Stopping threads took: 0.0001490 seconds
2017-08-07T10:25:59.279-0700: 374.904: Total time for which application threads were stopped: 0.0003640 seconds, Stopping threads took: 0.0002090 seconds
2017-08-07T10:25:59.282-0700: 374.907: Total time for which application threads were stopped: 0.0002220 seconds, Stopping threads took: 0.0000920 seconds
2017-08-07T10:25:59.286-0700: 374.911: Total time for which application threads were stopped: 0.0002890 seconds, Stopping threads took: 0.0001210 seconds
2017-08-07T10:25:59.287-0700: 374.912: Total time for which application threads were stopped: 0.0002860 seconds, Stopping threads took: 0.0001180 seconds
2017-08-07T10:26:02.289-0700: 377.914: Total time for which application threads were stopped: 0.0002690 seconds, Stopping threads took: 0.0001060 seconds
2017-08-07T10:26:29.937-0700: 405.570: Total time for which application threads were stopped: 0.0001440 seconds, Stopping threads took: 0.0000530 seconds
2017-08-07T10:26:30.945-0700: 406.570: Total time for which application threads were stopped: 0.0001410 seconds, Stopping threads took: 0.0000440 seconds
2017-08-07T10:26:31.946-0700: 407.571: Total time for which application threads were stopped: 0.0002480 seconds, Stopping threads took: 0.0001030 seconds
{Heap before GC invocations=14 (full 1):
 par new generation   total 109248K, used 107128K [0x00000000e0000000, 0x00000000e8000000, 0x00000000e8000000)
  eden space 87424K, 100% used [0x00000000e0000000, 0x00000000e5560000, 0x00000000e5560000)
  from space 21824K,  90% used [0x00000000e5560000, 0x00000000e689e010, 0x00000000e6ab0000)
  to   space 21824K,   0% used [0x00000000e6ab0000, 0x00000000e6ab0000, 0x00000000e8000000)
 concurrent mark-sweep generation total 393216K, used 9088K [0x00000000e8000000, 0x0000000100000000, 0x0000000100000000)
 Metaspace       used 36902K, capacity 37782K, committed 37980K, reserved 1083392K
  class space    used 4413K, capacity 4675K, committed 4708K, reserved 1048576K
2017-08-07T10:26:32.651-0700: 408.276: [GC (Allocation Failure) 2017-08-07T10:26:32.651-0700: 408.276: [ParNew
Desired survivor size 20112992 bytes, new threshold 8 (max 8)
- age   1:    4636152 bytes,    4636152 total
- age   2:      95288 bytes,    4731440 total
- age   3:    1330736 bytes,    6062176 total
- age   4:     320408 bytes,    6382584 total
- age   5:      78768 bytes,    6461352 total
- age   6:    2131936 bytes,    8593288 total
- age   7:    5618824 bytes,   14212112 total
- age   8:    1599520 bytes,   15811632 total
: 107128K->17067K(109248K), 0.0234570 secs] 116216K->26323K(502464K), 0.0235620 secs] [Times: user=0.13 sys=0.00, real=0.03 secs] 
Heap after GC invocations=15 (full 1):
 par new generation   total 109248K, used 17067K [0x00000000e0000000, 0x00000000e8000000, 0x00000000e8000000)
  eden space 87424K,   0% used [0x00000000e0000000, 0x00000000e0000000, 0x00000000e5560000)
  from space 21824K,  78% used [0x00000000e6ab0000, 0x00000000e7b5adc8, 0x00000000e8000000)
  to   space 21824K,   0% used [0x00000000e5560000, 0x00000000e5560000, 0x00000000e6ab0000)
 concurrent mark-sweep generation total 393216K, used 9255K [0x00000000e8000000, 0x0000000100000000, 0x0000000100000000)
 Metaspace       used 36902K, capacity 37782K, committed 37980K, reserved 1083392K
  class space    used 4413K, capacity 4675K, committed 4708K, reserved 1048576K
}
2017-08-07T10:26:32.675-0700: 408.300: Total time for which application threads were stopped: 0.0239230 seconds, Stopping threads took: 0.0000720 seconds
2017-08-07T10:26:32.675-0700: 408.300: Total time for which application threads were stopped: 0.0002300 seconds, Stopping threads took: 0.0001050 seconds
2017-08-07T10:26:32.675-0700: 408.300: Total time for which application threads were stopped: 0.0001860 seconds, Stopping threads took: 0.0000740 seconds
{Heap before GC invocations=15 (full 1):
 par new generation   total 109248K, used 104491K [0x00000000e0000000, 0x00000000e8000000, 0x00000000e8000000)
  eden space 87424K, 100% used [0x00000000e0000000, 0x00000000e5560000, 0x00000000e5560000)
  from space 21824K,  78% used [0x00000000e6ab0000, 0x00000000e7b5adc8, 0x00000000e8000000)
  to   space 21824K,   0% used [0x00000000e5560000, 0x00000000e5560000, 0x00000000e6ab0000)
 concurrent mark-sweep generation total 393216K, used 9255K [0x00000000e8000000, 0x0000000100000000, 0x0000000100000000)
 Metaspace       used 36906K, capacity 37782K, committed 37980K, reserved 1083392K
  class space    used 4413K, capacity 4675K, committed 4708K, reserved 1048576K
2017-08-07T10:26:32.735-0700: 408.368: [GC (Allocation Failure) 2017-08-07T10:26:32.735-0700: 408.368: [ParNew
Desired survivor size 20112992 bytes, new threshold 8 (max 8)
- age   1:     906616 bytes,     906616 total
- age   2:    3651552 bytes,    4558168 total
- age   3:      95288 bytes,    4653456 total
- age   4:     878144 bytes,    5531600 total
- age   5:      74400 bytes,    5606000 total
- age   6:       7400 bytes,    5613400 total
- age   7:    1476816 bytes,    7090216 total
- age   8:    5618904 bytes,   12709120 total
: 104491K->16035K(109248K), 0.0206410 secs] 113747K->26884K(502464K), 0.0207460 secs] [Times: user=0.06 sys=0.00, real=0.02 secs] 
Heap after GC invocations=16 (full 1):
 par new generation   total 109248K, used 16035K [0x00000000e0000000, 0x00000000e8000000, 0x00000000e8000000)
  eden space 87424K,   0% used [0x00000000e0000000, 0x00000000e0000000, 0x00000000e5560000)
  from space 21824K,  73% used [0x00000000e5560000, 0x00000000e6508c50, 0x00000000e6ab0000)
  to   space 21824K,   0% used [0x00000000e6ab0000, 0x00000000e6ab0000, 0x00000000e8000000)
 concurrent mark-sweep generation total 393216K, used 10849K [0x00000000e8000000, 0x0000000100000000, 0x0000000100000000)
 Metaspace       used 36906K, capacity 37782K, committed 37980K, reserved 1083392K
  class space    used 4413K, capacity 4675K, committed 4708K, reserved 1048576K
}
2017-08-07T10:26:32.750-0700: 408.389: Total time for which application threads were stopped: 0.0210980 seconds, Stopping threads took: 0.0000670 seconds
2017-08-07T10:26:32.750-0700: 408.389: Total time for which application threads were stopped: 0.0001870 seconds, Stopping threads took: 0.0000950 seconds
2017-08-07T10:26:32.750-0700: 408.390: Total time for which application threads were stopped: 0.0001290 seconds, Stopping threads took: 0.0000610 seconds
2017-08-07T10:26:32.750-0700: 408.390: Total time for which application threads were stopped: 0.0001170 seconds, Stopping threads took: 0.0000530 seconds
2017-08-07T10:26:32.750-0700: 408.390: Total time for which application threads were stopped: 0.0001140 seconds, Stopping threads took: 0.0000590 seconds
2017-08-07T10:26:32.750-0700: 408.390: Total time for which application threads were stopped: 0.0001240 seconds, Stopping threads took: 0.0000640 seconds
2017-08-07T10:26:32.750-0700: 408.390: Total time for which application threads were stopped: 0.0000870 seconds, Stopping threads took: 0.0000370 seconds
2017-08-07T10:26:32.750-0700: 408.390: Total time for which application threads were stopped: 0.0001030 seconds, Stopping threads took: 0.0000320 seconds
2017-08-07T10:26:32.750-0700: 408.391: Total time for which application threads were stopped: 0.0001210 seconds, Stopping threads took: 0.0000650 seconds
2017-08-07T10:26:32.768-0700: 408.393: Total time for which application threads were stopped: 0.0003140 seconds, Stopping threads took: 0.0001540 seconds
2017-08-07T10:26:32.768-0700: 408.393: Total time for which application threads were stopped: 0.0002300 seconds, Stopping threads took: 0.0001010 seconds
2017-08-07T10:26:32.768-0700: 408.393: Total time for which application threads were stopped: 0.0001940 seconds, Stopping threads took: 0.0000840 seconds
2017-08-07T10:26:32.768-0700: 408.394: Total time for which application threads were stopped: 0.0001570 seconds, Stopping threads took: 0.0000280 seconds
2017-08-07T10:26:32.769-0700: 408.394: Total time for which application threads were stopped: 0.0001590 seconds, Stopping threads took: 0.0000560 seconds
2017-08-07T10:26:32.769-0700: 408.394: Total time for which application threads were stopped: 0.0001790 seconds, Stopping threads took: 0.0000820 seconds
2017-08-07T10:26:32.769-0700: 408.394: Total time for which application threads were stopped: 0.0001930 seconds, Stopping threads took: 0.0000750 seconds
2017-08-07T10:26:32.769-0700: 408.394: Total time for which application threads were stopped: 0.0001750 seconds, Stopping threads took: 0.0000730 seconds
2017-08-07T10:26:32.769-0700: 408.395: Total time for which application threads were stopped: 0.0002470 seconds, Stopping threads took: 0.0000580 seconds
2017-08-07T10:26:32.769-0700: 408.395: Total time for which application threads were stopped: 0.0002060 seconds, Stopping threads took: 0.0000770 seconds
2017-08-07T10:26:32.769-0700: 408.395: Total time for which application threads were stopped: 0.0001660 seconds, Stopping threads took: 0.0000650 seconds
2017-08-07T10:26:32.769-0700: 408.396: Total time for which application threads were stopped: 0.0002530 seconds, Stopping threads took: 0.0000640 seconds
{Heap before GC invocations=16 (full 1):
 par new generation   total 109248K, used 103459K [0x00000000e0000000, 0x00000000e8000000, 0x00000000e8000000)
  eden space 87424K, 100% used [0x00000000e0000000, 0x00000000e5560000, 0x00000000e5560000)
  from space 21824K,  73% used [0x00000000e5560000, 0x00000000e6508c50, 0x00000000e6ab0000)
  to   space 21824K,   0% used [0x00000000e6ab0000, 0x00000000e6ab0000, 0x00000000e8000000)
 concurrent mark-sweep generation total 393216K, used 10849K [0x00000000e8000000, 0x0000000100000000, 0x0000000100000000)
 Metaspace       used 36917K, capacity 37782K, committed 37980K, reserved 1083392K
  class space    used 4413K, capacity 4675K, committed 4708K, reserved 1048576K
2017-08-07T10:26:32.851-0700: 408.486: [GC (Allocation Failure) 2017-08-07T10:26:32.851-0700: 408.486: [ParNew
Desired survivor size 20112992 bytes, new threshold 8 (max 8)
- age   1:     210720 bytes,     210720 total
- age   2:     734800 bytes,     945520 total
- age   3:    3467120 bytes,    4412640 total
- age   4:      95288 bytes,    4507928 total
- age   5:     878144 bytes,    5386072 total
- age   6:      74400 bytes,    5460472 total
- age   7:       7400 bytes,    5467872 total
- age   8:    1478008 bytes,    6945880 total
: 103459K->11567K(109248K), 0.0258040 secs] 114308K->28079K(502464K), 0.0259310 secs] [Times: user=0.09 sys=0.00, real=0.03 secs] 
Heap after GC invocations=17 (full 1):
 par new generation   total 109248K, used 11567K [0x00000000e0000000, 0x00000000e8000000, 0x00000000e8000000)
  eden space 87424K,   0% used [0x00000000e0000000, 0x00000000e0000000, 0x00000000e5560000)
  from space 21824K,  53% used [0x00000000e6ab0000, 0x00000000e75fbe00, 0x00000000e8000000)
  to   space 21824K,   0% used [0x00000000e5560000, 0x00000000e5560000, 0x00000000e6ab0000)
 concurrent mark-sweep generation total 393216K, used 16511K [0x00000000e8000000, 0x0000000100000000, 0x0000000100000000)
 Metaspace       used 36917K, capacity 37782K, committed 37980K, reserved 1083392K
  class space    used 4413K, capacity 4675K, committed 4708K, reserved 1048576K
}
2017-08-07T10:26:32.886-0700: 408.512: Total time for which application threads were stopped: 0.0264630 seconds, Stopping threads took: 0.0001290 seconds
2017-08-07T10:26:33.023-0700: 408.651: Total time for which application threads were stopped: 0.0002040 seconds, Stopping threads took: 0.0000780 seconds
2017-08-07T10:26:33.073-0700: 408.707: Total time for which application threads were stopped: 0.0002660 seconds, Stopping threads took: 0.0001400 seconds
2017-08-07T10:26:33.073-0700: 408.707: Total time for which application threads were stopped: 0.0001290 seconds, Stopping threads took: 0.0000620 seconds
2017-08-07T10:26:33.073-0700: 408.708: Total time for which application threads were stopped: 0.0001500 seconds, Stopping threads took: 0.0000620 seconds
2017-08-07T10:26:33.073-0700: 408.708: Total time for which application threads were stopped: 0.0001430 seconds, Stopping threads took: 0.0000280 seconds
2017-08-07T10:26:33.089-0700: 408.724: Total time for which application threads were stopped: 0.0002450 seconds, Stopping threads took: 0.0000930 seconds
2017-08-07T10:26:33.089-0700: 408.725: Total time for which application threads were stopped: 0.0002200 seconds, Stopping threads took: 0.0000780 seconds
2017-08-07T10:26:33.105-0700: 408.741: Total time for which application threads were stopped: 0.0002260 seconds, Stopping threads took: 0.0000590 seconds
2017-08-07T10:26:33.105-0700: 408.742: Total time for which application threads were stopped: 0.0002700 seconds, Stopping threads took: 0.0001770 seconds
2017-08-07T10:26:33.105-0700: 408.742: Total time for which application threads were stopped: 0.0001690 seconds, Stopping threads took: 0.0000340 seconds
2017-08-07T10:26:33.123-0700: 408.747: Total time for which application threads were stopped: 0.0001370 seconds, Stopping threads took: 0.0000580 seconds
{Heap before GC invocations=17 (full 1):
 par new generation   total 109248K, used 98991K [0x00000000e0000000, 0x00000000e8000000, 0x00000000e8000000)
  eden space 87424K, 100% used [0x00000000e0000000, 0x00000000e5560000, 0x00000000e5560000)
  from space 21824K,  53% used [0x00000000e6ab0000, 0x00000000e75fbe00, 0x00000000e8000000)
  to   space 21824K,   0% used [0x00000000e5560000, 0x00000000e5560000, 0x00000000e6ab0000)
 concurrent mark-sweep generation total 393216K, used 16511K [0x00000000e8000000, 0x0000000100000000, 0x0000000100000000)
 Metaspace       used 37009K, capacity 37872K, committed 37980K, reserved 1083392K
  class space    used 4415K, capacity 4678K, committed 4708K, reserved 1048576K
2017-08-07T10:26:33.325-0700: 408.950: [GC (Allocation Failure) 2017-08-07T10:26:33.325-0700: 408.951: [ParNew
Desired survivor size 20112992 bytes, new threshold 8 (max 8)
- age   1:    2989448 bytes,    2989448 total
- age   2:     143328 bytes,    3132776 total
- age   3:     136720 bytes,    3269496 total
- age   4:    3360312 bytes,    6629808 total
- age   5:      95288 bytes,    6725096 total
- age   6:     877880 bytes,    7602976 total
- age   7:      73568 bytes,    7676544 total
- age   8:       7400 bytes,    7683944 total
: 98991K->8369K(109248K), 0.0154780 secs] 115503K->26340K(502464K), 0.0155720 secs] [Times: user=0.02 sys=0.00, real=0.01 secs] 
Heap after GC invocations=18 (full 1):
 par new generation   total 109248K, used 8369K [0x00000000e0000000, 0x00000000e8000000, 0x00000000e8000000)
  eden space 87424K,   0% used [0x00000000e0000000, 0x00000000e0000000, 0x00000000e5560000)
  from space 21824K,  38% used [0x00000000e5560000, 0x00000000e5d8c7b0, 0x00000000e6ab0000)
  to   space 21824K,   0% used [0x00000000e6ab0000, 0x00000000e6ab0000, 0x00000000e8000000)
 concurrent mark-sweep generation total 393216K, used 17970K [0x00000000e8000000, 0x0000000100000000, 0x0000000100000000)
 Metaspace       used 37009K, capacity 37872K, committed 37980K, reserved 1083392K
  class space    used 4415K, capacity 4678K, committed 4708K, reserved 1048576K
}
2017-08-07T10:26:33.341-0700: 408.966: Total time for which application threads were stopped: 0.0159150 seconds, Stopping threads took: 0.0000660 seconds
2017-08-07T10:26:33.341-0700: 408.967: Total time for which application threads were stopped: 0.0001450 seconds, Stopping threads took: 0.0000590 seconds
2017-08-07T10:26:33.341-0700: 408.972: Total time for which application threads were stopped: 0.0003780 seconds, Stopping threads took: 0.0002650 seconds
{Heap before GC invocations=18 (full 1):
 par new generation   total 109248K, used 95793K [0x00000000e0000000, 0x00000000e8000000, 0x00000000e8000000)
  eden space 87424K, 100% used [0x00000000e0000000, 0x00000000e5560000, 0x00000000e5560000)
  from space 21824K,  38% used [0x00000000e5560000, 0x00000000e5d8c7b0, 0x00000000e6ab0000)
  to   space 21824K,   0% used [0x00000000e6ab0000, 0x00000000e6ab0000, 0x00000000e8000000)
 concurrent mark-sweep generation total 393216K, used 17970K [0x00000000e8000000, 0x0000000100000000, 0x0000000100000000)
 Metaspace       used 37016K, capacity 37878K, committed 37980K, reserved 1083392K
  class space    used 4415K, capacity 4679K, committed 4708K, reserved 1048576K
2017-08-07T10:26:33.391-0700: 409.025: [GC (Allocation Failure) 2017-08-07T10:26:33.391-0700: 409.025: [ParNew
Desired survivor size 20112992 bytes, new threshold 8 (max 8)
- age   1:     465432 bytes,     465432 total
- age   2:    2386992 bytes,    2852424 total
- age   3:     143328 bytes,    2995752 total
- age   4:     136720 bytes,    3132472 total
- age   5:    2645016 bytes,    5777488 total
- age   6:       6120 bytes,    5783608 total
- age   7:     206456 bytes,    5990064 total
- age   8:      73568 bytes,    6063632 total
: 95793K->9697K(109248K), 0.0122670 secs] 113764K->27675K(502464K), 0.0123630 secs] [Times: user=0.07 sys=0.00, real=0.01 secs] 
Heap after GC invocations=19 (full 1):
 par new generation   total 109248K, used 9697K [0x00000000e0000000, 0x00000000e8000000, 0x00000000e8000000)
  eden space 87424K,   0% used [0x00000000e0000000, 0x00000000e0000000, 0x00000000e5560000)
  from space 21824K,  44% used [0x00000000e6ab0000, 0x00000000e7428540, 0x00000000e8000000)
  to   space 21824K,   0% used [0x00000000e5560000, 0x00000000e5560000, 0x00000000e6ab0000)
 concurrent mark-sweep generation total 393216K, used 17978K [0x00000000e8000000, 0x0000000100000000, 0x0000000100000000)
 Metaspace       used 37016K, capacity 37878K, committed 37980K, reserved 1083392K
  class space    used 4415K, capacity 4679K, committed 4708K, reserved 1048576K
}
2017-08-07T10:26:33.407-0700: 409.037: Total time for which application threads were stopped: 0.0126930 seconds, Stopping threads took: 0.0000720 seconds
2017-08-07T10:26:33.407-0700: 409.037: Total time for which application threads were stopped: 0.0002120 seconds, Stopping threads took: 0.0001040 seconds
2017-08-07T10:26:33.407-0700: 409.037: Total time for which application threads were stopped: 0.0001460 seconds, Stopping threads took: 0.0000660 seconds
2017-08-07T10:26:33.407-0700: 409.038: Total time for which application threads were stopped: 0.0001130 seconds, Stopping threads took: 0.0000610 seconds
2017-08-07T10:26:33.407-0700: 409.038: Total time for which application threads were stopped: 0.0001070 seconds, Stopping threads took: 0.0000600 seconds
2017-08-07T10:26:33.407-0700: 409.038: Total time for which application threads were stopped: 0.0001080 seconds, Stopping threads took: 0.0000630 seconds
2017-08-07T10:26:33.407-0700: 409.038: Total time for which application threads were stopped: 0.0001030 seconds, Stopping threads took: 0.0000590 seconds
2017-08-07T10:26:33.407-0700: 409.038: Total time for which application threads were stopped: 0.0001090 seconds, Stopping threads took: 0.0000590 seconds
2017-08-07T10:26:33.407-0700: 409.038: Total time for which application threads were stopped: 0.0001050 seconds, Stopping threads took: 0.0000610 seconds
2017-08-07T10:26:33.407-0700: 409.039: Total time for which application threads were stopped: 0.0000810 seconds, Stopping threads took: 0.0000390 seconds
2017-08-07T10:26:33.407-0700: 409.039: Total time for which application threads were stopped: 0.0001040 seconds, Stopping threads took: 0.0000630 seconds
2017-08-07T10:26:33.407-0700: 409.039: Total time for which application threads were stopped: 0.0000720 seconds, Stopping threads took: 0.0000320 seconds
2017-08-07T10:26:33.407-0700: 409.039: Total time for which application threads were stopped: 0.0001160 seconds, Stopping threads took: 0.0000440 seconds
2017-08-07T10:26:33.407-0700: 409.039: Total time for which application threads were stopped: 0.0000800 seconds, Stopping threads took: 0.0000280 seconds
2017-08-07T10:26:33.407-0700: 409.039: Total time for which application threads were stopped: 0.0001120 seconds, Stopping threads took: 0.0000510 seconds
2017-08-07T10:26:33.407-0700: 409.039: Total time for which application threads were stopped: 0.0000850 seconds, Stopping threads took: 0.0000340 seconds
2017-08-07T10:26:33.407-0700: 409.039: Total time for which application threads were stopped: 0.0001000 seconds, Stopping threads took: 0.0000470 seconds
2017-08-07T10:26:33.407-0700: 409.040: Total time for which application threads were stopped: 0.0001360 seconds, Stopping threads took: 0.0000780 seconds
2017-08-07T10:26:33.407-0700: 409.040: Total time for which application threads were stopped: 0.0000770 seconds, Stopping threads took: 0.0000280 seconds
2017-08-07T10:26:33.407-0700: 409.040: Total time for which application threads were stopped: 0.0001010 seconds, Stopping threads took: 0.0000460 seconds
2017-08-07T10:26:33.407-0700: 409.040: Total time for which application threads were stopped: 0.0002550 seconds, Stopping threads took: 0.0000520 seconds
2017-08-07T10:26:33.593-0700: 409.231: Total time for which application threads were stopped: 0.0001840 seconds, Stopping threads took: 0.0000730 seconds
2017-08-07T10:26:33.659-0700: 409.296: Total time for which application threads were stopped: 0.0002560 seconds, Stopping threads took: 0.0001760 seconds
2017-08-07T10:26:33.659-0700: 409.296: Total time for which application threads were stopped: 0.0001340 seconds, Stopping threads took: 0.0000600 seconds
2017-08-07T10:26:33.659-0700: 409.297: Total time for which application threads were stopped: 0.0001480 seconds, Stopping threads took: 0.0000540 seconds
2017-08-07T10:26:33.659-0700: 409.297: Total time for which application threads were stopped: 0.0001000 seconds, Stopping threads took: 0.0000350 seconds
2017-08-07T10:26:33.659-0700: 409.297: Total time for which application threads were stopped: 0.0000810 seconds, Stopping threads took: 0.0000290 seconds
2017-08-07T10:26:33.659-0700: 409.297: Total time for which application threads were stopped: 0.0000730 seconds, Stopping threads took: 0.0000280 seconds
2017-08-07T10:26:33.659-0700: 409.297: Total time for which application threads were stopped: 0.0000750 seconds, Stopping threads took: 0.0000290 seconds
2017-08-07T10:26:33.659-0700: 409.297: Total time for which application threads were stopped: 0.0000710 seconds, Stopping threads took: 0.0000270 seconds
2017-08-07T10:26:33.659-0700: 409.298: Total time for which application threads were stopped: 0.0000770 seconds, Stopping threads took: 0.0000290 seconds
2017-08-07T10:26:33.678-0700: 409.311: Total time for which application threads were stopped: 0.0001170 seconds, Stopping threads took: 0.0000390 seconds
2017-08-07T10:26:33.678-0700: 409.311: Total time for which application threads were stopped: 0.0000720 seconds, Stopping threads took: 0.0000270 seconds
2017-08-07T10:26:33.694-0700: 409.325: Total time for which application threads were stopped: 0.0001600 seconds, Stopping threads took: 0.0000530 seconds
2017-08-07T10:26:33.694-0700: 409.325: Total time for which application threads were stopped: 0.0001130 seconds, Stopping threads took: 0.0000400 seconds
2017-08-07T10:26:33.709-0700: 409.336: Total time for which application threads were stopped: 0.0001920 seconds, Stopping threads took: 0.0001000 seconds
2017-08-07T10:26:33.709-0700: 409.338: Total time for which application threads were stopped: 0.0001290 seconds, Stopping threads took: 0.0000500 seconds
2017-08-07T10:26:33.709-0700: 409.338: Total time for which application threads were stopped: 0.0000840 seconds, Stopping threads took: 0.0000340 seconds
2017-08-07T10:26:33.709-0700: 409.338: Total time for which application threads were stopped: 0.0001070 seconds, Stopping threads took: 0.0000520 seconds
2017-08-07T10:26:33.709-0700: 409.339: Total time for which application threads were stopped: 0.0001040 seconds, Stopping threads took: 0.0000380 seconds
2017-08-07T10:26:33.709-0700: 409.341: Total time for which application threads were stopped: 0.0001820 seconds, Stopping threads took: 0.0000910 seconds
2017-08-07T10:26:33.727-0700: 409.352: Total time for which application threads were stopped: 0.0001390 seconds, Stopping threads took: 0.0000660 seconds
2017-08-07T10:26:33.727-0700: 409.352: Total time for which application threads were stopped: 0.0001260 seconds, Stopping threads took: 0.0000530 seconds
2017-08-07T10:26:33.727-0700: 409.352: Total time for which application threads were stopped: 0.0000880 seconds, Stopping threads took: 0.0000500 seconds
2017-08-07T10:26:33.727-0700: 409.352: Total time for which application threads were stopped: 0.0000680 seconds, Stopping threads took: 0.0000350 seconds
2017-08-07T10:26:33.728-0700: 409.353: Total time for which application threads were stopped: 0.0000890 seconds, Stopping threads took: 0.0000310 seconds
2017-08-07T10:26:33.729-0700: 409.355: Total time for which application threads were stopped: 0.0001180 seconds, Stopping threads took: 0.0000560 seconds
2017-08-07T10:26:33.729-0700: 409.355: Total time for which application threads were stopped: 0.0001130 seconds, Stopping threads took: 0.0000490 seconds
2017-08-07T10:26:33.729-0700: 409.359: Total time for which application threads were stopped: 0.0001650 seconds, Stopping threads took: 0.0000710 seconds
2017-08-07T10:26:33.729-0700: 409.360: Total time for which application threads were stopped: 0.0001130 seconds, Stopping threads took: 0.0000670 seconds
2017-08-07T10:26:33.729-0700: 409.360: Total time for which application threads were stopped: 0.0000640 seconds, Stopping threads took: 0.0000230 seconds
2017-08-07T10:26:33.829-0700: 409.465: Total time for which application threads were stopped: 0.0001190 seconds, Stopping threads took: 0.0000400 seconds
2017-08-07T10:26:33.829-0700: 409.466: Total time for which application threads were stopped: 0.0000900 seconds, Stopping threads took: 0.0000330 seconds
2017-08-07T10:26:33.829-0700: 409.467: Total time for which application threads were stopped: 0.0000740 seconds, Stopping threads took: 0.0000320 seconds
2017-08-07T10:26:33.829-0700: 409.467: Total time for which application threads were stopped: 0.0000830 seconds, Stopping threads took: 0.0000390 seconds
2017-08-07T10:26:33.829-0700: 409.467: Total time for which application threads were stopped: 0.0000850 seconds, Stopping threads took: 0.0000250 seconds
2017-08-07T10:26:33.859-0700: 409.486: Total time for which application threads were stopped: 0.0001660 seconds, Stopping threads took: 0.0000790 seconds
2017-08-07T10:26:33.859-0700: 409.487: Total time for which application threads were stopped: 0.0000720 seconds, Stopping threads took: 0.0000240 seconds
2017-08-07T10:26:33.877-0700: 409.502: Total time for which application threads were stopped: 0.0001420 seconds, Stopping threads took: 0.0000710 seconds
2017-08-07T10:26:33.878-0700: 409.502: Total time for which application threads were stopped: 0.0000750 seconds, Stopping threads took: 0.0000260 seconds
2017-08-07T10:26:33.878-0700: 409.503: Total time for which application threads were stopped: 0.0000530 seconds, Stopping threads took: 0.0000210 seconds
2017-08-07T10:26:33.878-0700: 409.503: Total time for which application threads were stopped: 0.0000480 seconds, Stopping threads took: 0.0000190 seconds
2017-08-07T10:26:34.879-0700: 410.504: Total time for which application threads were stopped: 0.0008620 seconds, Stopping threads took: 0.0002090 seconds
2017-08-07T10:26:35.880-0700: 411.505: Total time for which application threads were stopped: 0.0002100 seconds, Stopping threads took: 0.0000690 seconds
{Heap before GC invocations=19 (full 1):
 par new generation   total 109248K, used 97121K [0x00000000e0000000, 0x00000000e8000000, 0x00000000e8000000)
  eden space 87424K, 100% used [0x00000000e0000000, 0x00000000e5560000, 0x00000000e5560000)
  from space 21824K,  44% used [0x00000000e6ab0000, 0x00000000e7428540, 0x00000000e8000000)
  to   space 21824K,   0% used [0x00000000e5560000, 0x00000000e5560000, 0x00000000e6ab0000)
 concurrent mark-sweep generation total 393216K, used 17978K [0x00000000e8000000, 0x0000000100000000, 0x0000000100000000)
 Metaspace       used 37448K, capacity 38342K, committed 38492K, reserved 1083392K
  class space    used 4422K, capacity 4691K, committed 4708K, reserved 1048576K
2017-08-07T10:26:35.972-0700: 411.602: [GC (Allocation Failure) 2017-08-07T10:26:35.972-0700: 411.603: [ParNew
Desired survivor size 20112992 bytes, new threshold 8 (max 8)
- age   1:    1983584 bytes,    1983584 total
- age   2:      79600 bytes,    2063184 total
- age   3:    1541848 bytes,    3605032 total
- age   4:     142560 bytes,    3747592 total
- age   5:     136456 bytes,    3884048 total
- age   6:    2642696 bytes,    6526744 total
- age   7:       6120 bytes,    6532864 total
- age   8:     206456 bytes,    6739320 total
: 97121K->8515K(109248K), 0.0336300 secs] 115099K->26566K(502464K), 0.0337880 secs] [Times: user=0.08 sys=0.00, real=0.03 secs] 
Heap after GC invocations=20 (full 1):
 par new generation   total 109248K, used 8515K [0x00000000e0000000, 0x00000000e8000000, 0x00000000e8000000)
  eden space 87424K,   0% used [0x00000000e0000000, 0x00000000e0000000, 0x00000000e5560000)
  from space 21824K,  39% used [0x00000000e5560000, 0x00000000e5db0e88, 0x00000000e6ab0000)
  to   space 21824K,   0% used [0x00000000e6ab0000, 0x00000000e6ab0000, 0x00000000e8000000)
 concurrent mark-sweep generation total 393216K, used 18051K [0x00000000e8000000, 0x0000000100000000, 0x0000000100000000)
 Metaspace       used 37448K, capacity 38342K, committed 38492K, reserved 1083392K
  class space    used 4422K, capacity 4691K, committed 4708K, reserved 1048576K
}
2017-08-07T10:26:36.007-0700: 411.636: Total time for which application threads were stopped: 0.0343450 seconds, Stopping threads took: 0.0001160 seconds
2017-08-07T10:26:36.007-0700: 411.637: Total time for which application threads were stopped: 0.0003050 seconds, Stopping threads took: 0.0002020 seconds
2017-08-07T10:26:36.072-0700: 411.703: Total time for which application threads were stopped: 0.0004150 seconds, Stopping threads took: 0.0001280 seconds
2017-08-07T10:26:37.079-0700: 412.704: Total time for which application threads were stopped: 0.0004180 seconds, Stopping threads took: 0.0001750 seconds
2017-08-07T10:26:38.079-0700: 413.704: Total time for which application threads were stopped: 0.0002100 seconds, Stopping threads took: 0.0000710 seconds
2017-08-07T10:26:39.080-0700: 414.705: Total time for which application threads were stopped: 0.0006080 seconds, Stopping threads took: 0.0003010 seconds
2017-08-07T10:26:40.081-0700: 415.706: Total time for which application threads were stopped: 0.0003020 seconds, Stopping threads took: 0.0001660 seconds
2017-08-07T10:26:41.081-0700: 416.706: Total time for which application threads were stopped: 0.0002540 seconds, Stopping threads took: 0.0000770 seconds
2017-08-07T10:26:42.082-0700: 417.707: Total time for which application threads were stopped: 0.0003240 seconds, Stopping threads took: 0.0001210 seconds
2017-08-07T10:26:42.386-0700: 418.012: Total time for which application threads were stopped: 0.0003370 seconds, Stopping threads took: 0.0001140 seconds
2017-08-07T10:26:42.399-0700: 418.026: Total time for which application threads were stopped: 0.0004160 seconds, Stopping threads took: 0.0001110 seconds
2017-08-07T10:26:42.436-0700: 418.064: Total time for which application threads were stopped: 0.0001440 seconds, Stopping threads took: 0.0000490 seconds
2017-08-07T10:26:42.487-0700: 418.118: Total time for which application threads were stopped: 0.0002400 seconds, Stopping threads took: 0.0000510 seconds
2017-08-07T10:26:42.653-0700: 418.278: Total time for which application threads were stopped: 0.0004500 seconds, Stopping threads took: 0.0000830 seconds
2017-08-07T10:26:42.653-0700: 418.280: Total time for which application threads were stopped: 0.0003740 seconds, Stopping threads took: 0.0002260 seconds
2017-08-07T10:26:42.653-0700: 418.283: Total time for which application threads were stopped: 0.0003620 seconds, Stopping threads took: 0.0001980 seconds
2017-08-07T10:26:42.653-0700: 418.285: Total time for which application threads were stopped: 0.0002130 seconds, Stopping threads took: 0.0000680 seconds
2017-08-07T10:26:42.669-0700: 418.294: Total time for which application threads were stopped: 0.0002730 seconds, Stopping threads took: 0.0000810 seconds
2017-08-07T10:26:42.722-0700: 418.348: Total time for which application threads were stopped: 0.0005680 seconds, Stopping threads took: 0.0002870 seconds
2017-08-07T10:26:42.722-0700: 418.348: Total time for which application threads were stopped: 0.0002890 seconds, Stopping threads took: 0.0001040 seconds
2017-08-07T10:26:42.722-0700: 418.349: Total time for which application threads were stopped: 0.0004030 seconds, Stopping threads took: 0.0002340 seconds
2017-08-07T10:26:42.722-0700: 418.350: Total time for which application threads were stopped: 0.0002310 seconds, Stopping threads took: 0.0000820 seconds
2017-08-07T10:26:43.725-0700: 419.351: Total time for which application threads were stopped: 0.0004250 seconds, Stopping threads took: 0.0001940 seconds
2017-08-07T10:26:44.726-0700: 420.351: Total time for which application threads were stopped: 0.0002850 seconds, Stopping threads took: 0.0001250 seconds
2017-08-07T10:26:44.951-0700: 420.577: Total time for which application threads were stopped: 0.0003560 seconds, Stopping threads took: 0.0001130 seconds
2017-08-07T10:26:45.952-0700: 421.577: Total time for which application threads were stopped: 0.0002290 seconds, Stopping threads took: 0.0000830 seconds
2017-08-07T10:26:46.953-0700: 422.578: Total time for which application threads were stopped: 0.0003640 seconds, Stopping threads took: 0.0001330 seconds
2017-08-07T10:26:47.953-0700: 423.578: Total time for which application threads were stopped: 0.0002200 seconds, Stopping threads took: 0.0000730 seconds
2017-08-07T10:26:48.954-0700: 424.579: Total time for which application threads were stopped: 0.0003250 seconds, Stopping threads took: 0.0001070 seconds
2017-08-07T10:26:49.955-0700: 425.580: Total time for which application threads were stopped: 0.0002740 seconds, Stopping threads took: 0.0001160 seconds
2017-08-07T10:26:50.956-0700: 426.581: Total time for which application threads were stopped: 0.0003690 seconds, Stopping threads took: 0.0001320 seconds
2017-08-07T10:26:51.956-0700: 427.581: Total time for which application threads were stopped: 0.0002860 seconds, Stopping threads took: 0.0001240 seconds
2017-08-07T10:26:53.978-0700: 429.604: Total time for which application threads were stopped: 0.0001310 seconds, Stopping threads took: 0.0000450 seconds
2017-08-07T10:26:53.978-0700: 429.616: Total time for which application threads were stopped: 0.0001640 seconds, Stopping threads took: 0.0000520 seconds
2017-08-07T10:26:54.012-0700: 429.647: Total time for which application threads were stopped: 0.0001840 seconds, Stopping threads took: 0.0000660 seconds
2017-08-07T10:26:54.012-0700: 429.649: Total time for which application threads were stopped: 0.0001790 seconds, Stopping threads took: 0.0000550 seconds
2017-08-07T10:26:54.213-0700: 429.839: Total time for which application threads were stopped: 0.0001750 seconds, Stopping threads took: 0.0000880 seconds
2017-08-07T10:26:54.213-0700: 429.841: Total time for which application threads were stopped: 0.0001360 seconds, Stopping threads took: 0.0000600 seconds
2017-08-07T10:26:54.308-0700: 429.948: Total time for which application threads were stopped: 0.0003680 seconds, Stopping threads took: 0.0001110 seconds
2017-08-07T10:26:54.326-0700: 429.950: Total time for which application threads were stopped: 0.0003900 seconds, Stopping threads took: 0.0001060 seconds
2017-08-07T10:26:54.331-0700: 429.956: Total time for which application threads were stopped: 0.0004320 seconds, Stopping threads took: 0.0001350 seconds
2017-08-07T10:26:54.333-0700: 429.965: Total time for which application threads were stopped: 0.0005630 seconds, Stopping threads took: 0.0002440 seconds
2017-08-07T10:26:54.349-0700: 429.979: Total time for which application threads were stopped: 0.0004700 seconds, Stopping threads took: 0.0002290 seconds
2017-08-07T10:26:54.349-0700: 429.985: Total time for which application threads were stopped: 0.0005060 seconds, Stopping threads took: 0.0002840 seconds
2017-08-07T10:26:54.400-0700: 430.026: Total time for which application threads were stopped: 0.0011990 seconds, Stopping threads took: 0.0000980 seconds
2017-08-07T10:26:55.401-0700: 431.026: Total time for which application threads were stopped: 0.0003260 seconds, Stopping threads took: 0.0001260 seconds
2017-08-07T10:27:04.687-0700: 440.316: Total time for which application threads were stopped: 0.0007780 seconds, Stopping threads took: 0.0000390 seconds
2017-08-07T10:27:05.692-0700: 441.317: Total time for which application threads were stopped: 0.0003370 seconds, Stopping threads took: 0.0001080 seconds
2017-08-07T10:27:10.694-0700: 446.319: Total time for which application threads were stopped: 0.0004350 seconds, Stopping threads took: 0.0001540 seconds
2017-08-07T10:27:16.696-0700: 452.321: Total time for which application threads were stopped: 0.0003110 seconds, Stopping threads took: 0.0001270 seconds
2017-08-07T10:27:16.837-0700: 452.462: Total time for which application threads were stopped: 0.0001960 seconds, Stopping threads took: 0.0000580 seconds
2017-08-07T10:27:16.849-0700: 452.476: Total time for which application threads were stopped: 0.0001380 seconds, Stopping threads took: 0.0000450 seconds
2017-08-07T10:27:16.849-0700: 452.476: Total time for which application threads were stopped: 0.0002990 seconds, Stopping threads took: 0.0000380 seconds
2017-08-07T10:27:17.852-0700: 453.477: Total time for which application threads were stopped: 0.0002770 seconds, Stopping threads took: 0.0001090 seconds
2017-08-07T10:28:29.939-0700: 525.566: Total time for which application threads were stopped: 0.0002500 seconds, Stopping threads took: 0.0000510 seconds
2017-08-07T10:28:30.942-0700: 526.567: Total time for which application threads were stopped: 0.0003690 seconds, Stopping threads took: 0.0001160 seconds
2017-08-07T10:28:52.950-0700: 548.575: Total time for which application threads were stopped: 0.0001810 seconds, Stopping threads took: 0.0000610 seconds
{Heap before GC invocations=20 (full 1):
 par new generation   total 109248K, used 95939K [0x00000000e0000000, 0x00000000e8000000, 0x00000000e8000000)
  eden space 87424K, 100% used [0x00000000e0000000, 0x00000000e5560000, 0x00000000e5560000)
  from space 21824K,  39% used [0x00000000e5560000, 0x00000000e5db0e88, 0x00000000e6ab0000)
  to   space 21824K,   0% used [0x00000000e6ab0000, 0x00000000e6ab0000, 0x00000000e8000000)
 concurrent mark-sweep generation total 393216K, used 18051K [0x00000000e8000000, 0x0000000100000000, 0x0000000100000000)
 Metaspace       used 38851K, capacity 39796K, committed 39900K, reserved 1085440K
  class space    used 4476K, capacity 4764K, committed 4836K, reserved 1048576K
2017-08-07T10:28:52.951-0700: 548.576: [GC (Allocation Failure) 2017-08-07T10:28:52.951-0700: 548.576: [ParNew
Desired survivor size 20112992 bytes, new threshold 8 (max 8)
- age   1:    2481480 bytes,    2481480 total
- age   2:     696840 bytes,    3178320 total
- age   3:      79600 bytes,    3257920 total
- age   4:     928032 bytes,    4185952 total
- age   5:        640 bytes,    4186592 total
- age   6:       7480 bytes,    4194072 total
- age   7:    1951520 bytes,    6145592 total
- age   8:       6120 bytes,    6151712 total
: 95939K->8105K(109248K), 0.0159300 secs] 113990K->26359K(502464K), 0.0160110 secs] [Times: user=0.00 sys=0.02, real=0.02 secs] 
Heap after GC invocations=21 (full 1):
 par new generation   total 109248K, used 8105K [0x00000000e0000000, 0x00000000e8000000, 0x00000000e8000000)
  eden space 87424K,   0% used [0x00000000e0000000, 0x00000000e0000000, 0x00000000e5560000)
  from space 21824K,  37% used [0x00000000e6ab0000, 0x00000000e729a590, 0x00000000e8000000)
  to   space 21824K,   0% used [0x00000000e5560000, 0x00000000e5560000, 0x00000000e6ab0000)
 concurrent mark-sweep generation total 393216K, used 18254K [0x00000000e8000000, 0x0000000100000000, 0x0000000100000000)
 Metaspace       used 38851K, capacity 39796K, committed 39900K, reserved 1085440K
  class space    used 4476K, capacity 4764K, committed 4836K, reserved 1048576K
}
2017-08-07T10:28:52.968-0700: 548.593: Total time for which application threads were stopped: 0.0162110 seconds, Stopping threads took: 0.0000300 seconds
{Heap before GC invocations=21 (full 1):
 par new generation   total 109248K, used 95529K [0x00000000e0000000, 0x00000000e8000000, 0x00000000e8000000)
  eden space 87424K, 100% used [0x00000000e0000000, 0x00000000e5560000, 0x00000000e5560000)
  from space 21824K,  37% used [0x00000000e6ab0000, 0x00000000e729a590, 0x00000000e8000000)
  to   space 21824K,   0% used [0x00000000e5560000, 0x00000000e5560000, 0x00000000e6ab0000)
 concurrent mark-sweep generation total 393216K, used 18254K [0x00000000e8000000, 0x0000000100000000, 0x0000000100000000)
 Metaspace       used 38855K, capacity 39796K, committed 39900K, reserved 1085440K
  class space    used 4476K, capacity 4764K, committed 4836K, reserved 1048576K
2017-08-07T10:28:53.070-0700: 548.701: [GC (Allocation Failure) 2017-08-07T10:28:53.070-0700: 548.701: [ParNew
Desired survivor size 20112992 bytes, new threshold 8 (max 8)
- age   1:    1260608 bytes,    1260608 total
- age   2:    2063448 bytes,    3324056 total
- age   3:     521240 bytes,    3845296 total
- age   4:      79600 bytes,    3924896 total
- age   5:     920384 bytes,    4845280 total
- age   6:        640 bytes,    4845920 total
- age   7:       7480 bytes,    4853400 total
- age   8:    1949640 bytes,    6803040 total
: 95529K->8424K(109248K), 0.0158110 secs] 113783K->26684K(502464K), 0.0159600 secs] [Times: user=0.07 sys=0.00, real=0.01 secs] 
Heap after GC invocations=22 (full 1):
 par new generation   total 109248K, used 8424K [0x00000000e0000000, 0x00000000e8000000, 0x00000000e8000000)
  eden space 87424K,   0% used [0x00000000e0000000, 0x00000000e0000000, 0x00000000e5560000)
  from space 21824K,  38% used [0x00000000e5560000, 0x00000000e5d9a120, 0x00000000e6ab0000)
  to   space 21824K,   0% used [0x00000000e6ab0000, 0x00000000e6ab0000, 0x00000000e8000000)
 concurrent mark-sweep generation total 393216K, used 18260K [0x00000000e8000000, 0x0000000100000000, 0x0000000100000000)
 Metaspace       used 38855K, capacity 39796K, committed 39900K, reserved 1085440K
  class space    used 4476K, capacity 4764K, committed 4836K, reserved 1048576K
}
2017-08-07T10:28:53.086-0700: 548.717: Total time for which application threads were stopped: 0.0163530 seconds, Stopping threads took: 0.0000670 seconds
2017-08-07T10:28:53.086-0700: 548.717: Total time for which application threads were stopped: 0.0003630 seconds, Stopping threads took: 0.0000870 seconds
2017-08-07T10:28:53.086-0700: 548.717: Total time for which application threads were stopped: 0.0001550 seconds, Stopping threads took: 0.0000350 seconds
{Heap before GC invocations=22 (full 1):
 par new generation   total 109248K, used 95848K [0x00000000e0000000, 0x00000000e8000000, 0x00000000e8000000)
  eden space 87424K, 100% used [0x00000000e0000000, 0x00000000e5560000, 0x00000000e5560000)
  from space 21824K,  38% used [0x00000000e5560000, 0x00000000e5d9a120, 0x00000000e6ab0000)
  to   space 21824K,   0% used [0x00000000e6ab0000, 0x00000000e6ab0000, 0x00000000e8000000)
 concurrent mark-sweep generation total 393216K, used 18260K [0x00000000e8000000, 0x0000000100000000, 0x0000000100000000)
 Metaspace       used 38857K, capacity 39796K, committed 39900K, reserved 1085440K
  class space    used 4476K, capacity 4764K, committed 4836K, reserved 1048576K
2017-08-07T10:28:53.136-0700: 548.772: [GC (Allocation Failure) 2017-08-07T10:28:53.136-0700: 548.772: [ParNew
Desired survivor size 20112992 bytes, new threshold 8 (max 8)
- age   1:     104752 bytes,     104752 total
- age   2:     898616 bytes,    1003368 total
- age   3:    2063448 bytes,    3066816 total
- age   4:     521240 bytes,    3588056 total
- age   5:      79600 bytes,    3667656 total
- age   6:     920384 bytes,    4588040 total
- age   7:        640 bytes,    4588680 total
- age   8:       7480 bytes,    4596160 total
: 95848K->7185K(109248K), 0.0172340 secs] 114108K->27355K(502464K), 0.0173110 secs] [Times: user=0.06 sys=0.00, real=0.02 secs] 
Heap after GC invocations=23 (full 1):
 par new generation   total 109248K, used 7185K [0x00000000e0000000, 0x00000000e8000000, 0x00000000e8000000)
  eden space 87424K,   0% used [0x00000000e0000000, 0x00000000e0000000, 0x00000000e5560000)
  from space 21824K,  32% used [0x00000000e6ab0000, 0x00000000e71b46d0, 0x00000000e8000000)
  to   space 21824K,   0% used [0x00000000e5560000, 0x00000000e5560000, 0x00000000e6ab0000)
 concurrent mark-sweep generation total 393216K, used 20169K [0x00000000e8000000, 0x0000000100000000, 0x0000000100000000)
 Metaspace       used 38857K, capacity 39796K, committed 39900K, reserved 1085440K
  class space    used 4476K, capacity 4764K, committed 4836K, reserved 1048576K
}
2017-08-07T10:28:53.152-0700: 548.789: Total time for which application threads were stopped: 0.0176000 seconds, Stopping threads took: 0.0000710 seconds
2017-08-07T10:28:53.288-0700: 548.920: Total time for which application threads were stopped: 0.0002400 seconds, Stopping threads took: 0.0000570 seconds
2017-08-07T10:28:53.354-0700: 548.981: Total time for which application threads were stopped: 0.0002580 seconds, Stopping threads took: 0.0000690 seconds
2017-08-07T10:28:53.354-0700: 548.982: Total time for which application threads were stopped: 0.0001350 seconds, Stopping threads took: 0.0000510 seconds
2017-08-07T10:28:53.354-0700: 548.982: Total time for which application threads were stopped: 0.0000970 seconds, Stopping threads took: 0.0000300 seconds
2017-08-07T10:28:53.354-0700: 548.982: Total time for which application threads were stopped: 0.0001070 seconds, Stopping threads took: 0.0000420 seconds
2017-08-07T10:28:53.372-0700: 548.997: Total time for which application threads were stopped: 0.0001880 seconds, Stopping threads took: 0.0000680 seconds
2017-08-07T10:28:53.404-0700: 549.030: Total time for which application threads were stopped: 0.0001390 seconds, Stopping threads took: 0.0000500 seconds
2017-08-07T10:28:53.404-0700: 549.030: Total time for which application threads were stopped: 0.0000970 seconds, Stopping threads took: 0.0000490 seconds
2017-08-07T10:28:53.404-0700: 549.031: Total time for which application threads were stopped: 0.0000890 seconds, Stopping threads took: 0.0000440 seconds
2017-08-07T10:28:53.404-0700: 549.031: Total time for which application threads were stopped: 0.0000900 seconds, Stopping threads took: 0.0000400 seconds
2017-08-07T10:28:53.404-0700: 549.031: Total time for which application threads were stopped: 0.0000870 seconds, Stopping threads took: 0.0000400 seconds
2017-08-07T10:28:53.404-0700: 549.031: Total time for which application threads were stopped: 0.0000860 seconds, Stopping threads took: 0.0000240 seconds
2017-08-07T10:28:53.404-0700: 549.031: Total time for which application threads were stopped: 0.0000900 seconds, Stopping threads took: 0.0000420 seconds
2017-08-07T10:28:53.404-0700: 549.031: Total time for which application threads were stopped: 0.0000870 seconds, Stopping threads took: 0.0000410 seconds
2017-08-07T10:28:53.404-0700: 549.031: Total time for which application threads were stopped: 0.0000810 seconds, Stopping threads took: 0.0000380 seconds
2017-08-07T10:28:53.404-0700: 549.032: Total time for which application threads were stopped: 0.0001210 seconds, Stopping threads took: 0.0000780 seconds
2017-08-07T10:28:53.404-0700: 549.032: Total time for which application threads were stopped: 0.0000910 seconds, Stopping threads took: 0.0000270 seconds
2017-08-07T10:28:53.404-0700: 549.032: Total time for which application threads were stopped: 0.0000780 seconds, Stopping threads took: 0.0000320 seconds
2017-08-07T10:28:53.404-0700: 549.032: Total time for which application threads were stopped: 0.0000740 seconds, Stopping threads took: 0.0000280 seconds
2017-08-07T10:28:53.404-0700: 549.032: Total time for which application threads were stopped: 0.0000770 seconds, Stopping threads took: 0.0000260 seconds
2017-08-07T10:28:53.404-0700: 549.032: Total time for which application threads were stopped: 0.0000920 seconds, Stopping threads took: 0.0000300 seconds
2017-08-07T10:28:53.420-0700: 549.045: Total time for which application threads were stopped: 0.0001400 seconds, Stopping threads took: 0.0000440 seconds
2017-08-07T10:28:53.903-0700: 549.533: Total time for which application threads were stopped: 0.0002990 seconds, Stopping threads took: 0.0000580 seconds
2017-08-07T10:28:53.903-0700: 549.541: Total time for which application threads were stopped: 0.0001960 seconds, Stopping threads took: 0.0000840 seconds
2017-08-07T10:28:53.903-0700: 549.541: Total time for which application threads were stopped: 0.0001590 seconds, Stopping threads took: 0.0000670 seconds
2017-08-07T10:28:54.917-0700: 550.542: Total time for which application threads were stopped: 0.0003310 seconds, Stopping threads took: 0.0001270 seconds
2017-08-07T10:29:02.919-0700: 558.544: Total time for which application threads were stopped: 0.0001360 seconds, Stopping threads took: 0.0000470 seconds
{Heap before GC invocations=23 (full 1):
 par new generation   total 109248K, used 94609K [0x00000000e0000000, 0x00000000e8000000, 0x00000000e8000000)
  eden space 87424K, 100% used [0x00000000e0000000, 0x00000000e5560000, 0x00000000e5560000)
  from space 21824K,  32% used [0x00000000e6ab0000, 0x00000000e71b46d0, 0x00000000e8000000)
  to   space 21824K,   0% used [0x00000000e5560000, 0x00000000e5560000, 0x00000000e6ab0000)
 concurrent mark-sweep generation total 393216K, used 20169K [0x00000000e8000000, 0x0000000100000000, 0x0000000100000000)
 Metaspace       used 38906K, capacity 39930K, committed 40156K, reserved 1085440K
  class space    used 4477K, capacity 4765K, committed 4836K, reserved 1048576K
2017-08-07T10:29:03.043-0700: 558.673: [GC (Allocation Failure) 2017-08-07T10:29:03.043-0700: 558.673: [ParNew
Desired survivor size 20112992 bytes, new threshold 8 (max 8)
- age   1:    2495096 bytes,    2495096 total
- age   2:      94344 bytes,    2589440 total
- age   3:     279664 bytes,    2869104 total
- age   4:    1630280 bytes,    4499384 total
- age   5:     388496 bytes,    4887880 total
- age   6:      79600 bytes,    4967480 total
- age   7:     919224 bytes,    5886704 total
- age   8:        640 bytes,    5887344 total
: 94609K->7037K(109248K), 0.0116520 secs] 114779K->27215K(502464K), 0.0117380 secs] [Times: user=0.06 sys=0.00, real=0.01 secs] 
Heap after GC invocations=24 (full 1):
 par new generation   total 109248K, used 7037K [0x00000000e0000000, 0x00000000e8000000, 0x00000000e8000000)
  eden space 87424K,   0% used [0x00000000e0000000, 0x00000000e0000000, 0x00000000e5560000)
  from space 21824K,  32% used [0x00000000e5560000, 0x00000000e5c3f7c0, 0x00000000e6ab0000)
  to   space 21824K,   0% used [0x00000000e6ab0000, 0x00000000e6ab0000, 0x00000000e8000000)
 concurrent mark-sweep generation total 393216K, used 20177K [0x00000000e8000000, 0x0000000100000000, 0x0000000100000000)
 Metaspace       used 38906K, capacity 39930K, committed 40156K, reserved 1085440K
  class space    used 4477K, capacity 4765K, committed 4836K, reserved 1048576K
}
2017-08-07T10:29:03.058-0700: 558.685: Total time for which application threads were stopped: 0.0120150 seconds, Stopping threads took: 0.0000530 seconds
2017-08-07T10:29:03.058-0700: 558.686: Total time for which application threads were stopped: 0.0002370 seconds, Stopping threads took: 0.0000830 seconds
2017-08-07T10:29:03.058-0700: 558.686: Total time for which application threads were stopped: 0.0001980 seconds, Stopping threads took: 0.0000560 seconds
{Heap before GC invocations=24 (full 1):
 par new generation   total 109248K, used 94461K [0x00000000e0000000, 0x00000000e8000000, 0x00000000e8000000)
  eden space 87424K, 100% used [0x00000000e0000000, 0x00000000e5560000, 0x00000000e5560000)
  from space 21824K,  32% used [0x00000000e5560000, 0x00000000e5c3f7c0, 0x00000000e6ab0000)
  to   space 21824K,   0% used [0x00000000e6ab0000, 0x00000000e6ab0000, 0x00000000e8000000)
 concurrent mark-sweep generation total 393216K, used 20177K [0x00000000e8000000, 0x0000000100000000, 0x0000000100000000)
 Metaspace       used 38939K, capacity 39978K, committed 40156K, reserved 1085440K
  class space    used 4481K, capacity 4773K, committed 4836K, reserved 1048576K
2017-08-07T10:29:03.093-0700: 558.732: [GC (Allocation Failure) 2017-08-07T10:29:03.093-0700: 558.732: [ParNew
Desired survivor size 20112992 bytes, new threshold 8 (max 8)
- age   1:     665912 bytes,     665912 total
- age   2:    2122856 bytes,    2788768 total
- age   3:      94344 bytes,    2883112 total
- age   4:     279664 bytes,    3162776 total
- age   5:    1154856 bytes,    4317632 total
- age   6:     124240 bytes,    4441872 total
- age   7:       3384 bytes,    4445256 total
- age   8:     260416 bytes,    4705672 total
: 94461K->6189K(109248K), 0.0073760 secs] 114639K->26367K(502464K), 0.0074560 secs] [Times: user=0.04 sys=0.02, real=0.01 secs] 
Heap after GC invocations=25 (full 1):
 par new generation   total 109248K, used 6189K [0x00000000e0000000, 0x00000000e8000000, 0x00000000e8000000)
  eden space 87424K,   0% used [0x00000000e0000000, 0x00000000e0000000, 0x00000000e5560000)
  from space 21824K,  28% used [0x00000000e6ab0000, 0x00000000e70bb738, 0x00000000e8000000)
  to   space 21824K,   0% used [0x00000000e5560000, 0x00000000e5560000, 0x00000000e6ab0000)
 concurrent mark-sweep generation total 393216K, used 20178K [0x00000000e8000000, 0x0000000100000000, 0x0000000100000000)
 Metaspace       used 38939K, capacity 39978K, committed 40156K, reserved 1085440K
  class space    used 4481K, capacity 4773K, committed 4836K, reserved 1048576K
}
2017-08-07T10:29:03.109-0700: 558.740: Total time for which application threads were stopped: 0.0077210 seconds, Stopping threads took: 0.0000450 seconds
2017-08-07T10:29:03.244-0700: 558.878: Total time for which application threads were stopped: 0.0004050 seconds, Stopping threads took: 0.0002450 seconds
{Heap before GC invocations=25 (full 1):
 par new generation   total 109248K, used 93613K [0x00000000e0000000, 0x00000000e8000000, 0x00000000e8000000)
  eden space 87424K, 100% used [0x00000000e0000000, 0x00000000e5560000, 0x00000000e5560000)
  from space 21824K,  28% used [0x00000000e6ab0000, 0x00000000e70bb738, 0x00000000e8000000)
  to   space 21824K,   0% used [0x00000000e5560000, 0x00000000e5560000, 0x00000000e6ab0000)
 concurrent mark-sweep generation total 393216K, used 20178K [0x00000000e8000000, 0x0000000100000000, 0x0000000100000000)
 Metaspace       used 39020K, capacity 40062K, committed 40156K, reserved 1085440K
  class space    used 4489K, capacity 4787K, committed 4836K, reserved 1048576K
2017-08-07T10:29:03.279-0700: 558.904: [GC (Allocation Failure) 2017-08-07T10:29:03.279-0700: 558.904: [ParNew
Desired survivor size 20112992 bytes, new threshold 8 (max 8)
- age   1:    1232488 bytes,    1232488 total
- age   2:      76768 bytes,    1309256 total
- age   3:    1855360 bytes,    3164616 total
- age   4:      94344 bytes,    3258960 total
- age   5:     279664 bytes,    3538624 total
- age   6:    1154856 bytes,    4693480 total
- age   7:     124176 bytes,    4817656 total
- age   8:       3384 bytes,    4821040 total
: 93613K->5922K(109248K), 0.0114530 secs] 113791K->26357K(502464K), 0.0115760 secs] [Times: user=0.00 sys=0.00, real=0.01 secs] 
Heap after GC invocations=26 (full 1):
 par new generation   total 109248K, used 5922K [0x00000000e0000000, 0x00000000e8000000, 0x00000000e8000000)
  eden space 87424K,   0% used [0x00000000e0000000, 0x00000000e0000000, 0x00000000e5560000)
  from space 21824K,  27% used [0x00000000e5560000, 0x00000000e5b289c0, 0x00000000e6ab0000)
  to   space 21824K,   0% used [0x00000000e6ab0000, 0x00000000e6ab0000, 0x00000000e8000000)
 concurrent mark-sweep generation total 393216K, used 20435K [0x00000000e8000000, 0x0000000100000000, 0x0000000100000000)
 Metaspace       used 39020K, capacity 40062K, committed 40156K, reserved 1085440K
  class space    used 4489K, capacity 4787K, committed 4836K, reserved 1048576K
}
2017-08-07T10:29:03.291-0700: 558.916: Total time for which application threads were stopped: 0.0119410 seconds, Stopping threads took: 0.0000550 seconds
2017-08-07T10:29:03.311-0700: 558.946: Total time for which application threads were stopped: 0.0002250 seconds, Stopping threads took: 0.0000540 seconds
2017-08-07T10:29:03.361-0700: 558.987: Total time for which application threads were stopped: 0.0001620 seconds, Stopping threads took: 0.0000510 seconds
2017-08-07T10:29:03.361-0700: 558.987: Total time for which application threads were stopped: 0.0001260 seconds, Stopping threads took: 0.0000580 seconds
2017-08-07T10:29:03.361-0700: 558.988: Total time for which application threads were stopped: 0.0001170 seconds, Stopping threads took: 0.0000320 seconds
2017-08-07T10:29:03.377-0700: 559.002: Total time for which application threads were stopped: 0.0001740 seconds, Stopping threads took: 0.0000560 seconds
2017-08-07T10:29:04.378-0700: 560.003: Total time for which application threads were stopped: 0.0002960 seconds, Stopping threads took: 0.0001160 seconds
2017-08-07T10:29:06.882-0700: 562.511: Total time for which application threads were stopped: 0.0001590 seconds, Stopping threads took: 0.0000600 seconds
2017-08-07T10:29:12.888-0700: 568.513: Total time for which application threads were stopped: 0.0004440 seconds, Stopping threads took: 0.0001060 seconds
2017-08-07T10:29:49.139-0700: 604.764: Total time for which application threads were stopped: 0.0003730 seconds, Stopping threads took: 0.0001530 seconds
2017-08-07T10:29:49.142-0700: 604.768: Total time for which application threads were stopped: 0.0003340 seconds, Stopping threads took: 0.0001030 seconds
2017-08-07T10:29:50.040-0700: 605.680: Total time for which application threads were stopped: 0.0002760 seconds, Stopping threads took: 0.0000960 seconds
2017-08-07T10:29:50.056-0700: 605.681: Total time for which application threads were stopped: 0.0004500 seconds, Stopping threads took: 0.0001560 seconds
2017-08-07T10:29:50.057-0700: 605.681: Total time for which application threads were stopped: 0.0002040 seconds, Stopping threads took: 0.0000750 seconds
2017-08-07T10:29:50.057-0700: 605.682: Total time for which application threads were stopped: 0.0001880 seconds, Stopping threads took: 0.0000550 seconds
2017-08-07T10:29:50.057-0700: 605.682: Total time for which application threads were stopped: 0.0003460 seconds, Stopping threads took: 0.0001840 seconds
2017-08-07T10:29:50.059-0700: 605.692: Total time for which application threads were stopped: 0.0003100 seconds, Stopping threads took: 0.0001020 seconds
2017-08-07T10:29:50.059-0700: 605.693: Total time for which application threads were stopped: 0.0002170 seconds, Stopping threads took: 0.0000710 seconds
2017-08-07T10:29:50.059-0700: 605.694: Total time for which application threads were stopped: 0.0002530 seconds, Stopping threads took: 0.0001150 seconds
2017-08-07T10:29:50.059-0700: 605.694: Total time for which application threads were stopped: 0.0002670 seconds, Stopping threads took: 0.0001340 seconds
2017-08-07T10:31:18.935-0700: 694.561: Total time for which application threads were stopped: 0.0002020 seconds, Stopping threads took: 0.0000650 seconds
2017-08-07T10:31:18.935-0700: 694.561: Total time for which application threads were stopped: 0.0000740 seconds, Stopping threads took: 0.0000200 seconds
2017-08-07T10:31:19.937-0700: 695.562: Total time for which application threads were stopped: 0.0002010 seconds, Stopping threads took: 0.0000550 seconds
{Heap before GC invocations=26 (full 1):
 par new generation   total 109248K, used 93346K [0x00000000e0000000, 0x00000000e8000000, 0x00000000e8000000)
  eden space 87424K, 100% used [0x00000000e0000000, 0x00000000e5560000, 0x00000000e5560000)
  from space 21824K,  27% used [0x00000000e5560000, 0x00000000e5b289c0, 0x00000000e6ab0000)
  to   space 21824K,   0% used [0x00000000e6ab0000, 0x00000000e6ab0000, 0x00000000e8000000)
 concurrent mark-sweep generation total 393216K, used 20435K [0x00000000e8000000, 0x0000000100000000, 0x0000000100000000)
 Metaspace       used 39236K, capacity 40280K, committed 40412K, reserved 1085440K
  class space    used 4504K, capacity 4790K, committed 4836K, reserved 1048576K
2017-08-07T10:31:28.106-0700: 703.744: [GC (Allocation Failure) 2017-08-07T10:31:28.106-0700: 703.744: [ParNew
Desired survivor size 20112992 bytes, new threshold 8 (max 8)
- age   1:    3023080 bytes,    3023080 total
- age   2:     402544 bytes,    3425624 total
- age   3:      76768 bytes,    3502392 total
- age   4:    1621104 bytes,    5123496 total
- age   5:      94344 bytes,    5217840 total
- age   6:     277520 bytes,    5495360 total
- age   7:    1097784 bytes,    6593144 total
- age   8:     123504 bytes,    6716648 total
: 93346K->8542K(109248K), 0.0090060 secs] 113781K->28981K(502464K), 0.0090940 secs] [Times: user=0.06 sys=0.00, real=0.01 secs] 
Heap after GC invocations=27 (full 1):
 par new generation   total 109248K, used 8542K [0x00000000e0000000, 0x00000000e8000000, 0x00000000e8000000)
  eden space 87424K,   0% used [0x00000000e0000000, 0x00000000e0000000, 0x00000000e5560000)
  from space 21824K,  39% used [0x00000000e6ab0000, 0x00000000e7307ac0, 0x00000000e8000000)
  to   space 21824K,   0% used [0x00000000e5560000, 0x00000000e5560000, 0x00000000e6ab0000)
 concurrent mark-sweep generation total 393216K, used 20438K [0x00000000e8000000, 0x0000000100000000, 0x0000000100000000)
 Metaspace       used 39236K, capacity 40280K, committed 40412K, reserved 1085440K
  class space    used 4504K, capacity 4790K, committed 4836K, reserved 1048576K
}
2017-08-07T10:31:28.121-0700: 703.753: Total time for which application threads were stopped: 0.0093890 seconds, Stopping threads took: 0.0000460 seconds
2017-08-07T10:31:28.121-0700: 703.754: Total time for which application threads were stopped: 0.0001880 seconds, Stopping threads took: 0.0000700 seconds
2017-08-07T10:31:28.121-0700: 703.754: Total time for which application threads were stopped: 0.0000910 seconds, Stopping threads took: 0.0000230 seconds
{Heap before GC invocations=27 (full 1):
 par new generation   total 109248K, used 95966K [0x00000000e0000000, 0x00000000e8000000, 0x00000000e8000000)
  eden space 87424K, 100% used [0x00000000e0000000, 0x00000000e5560000, 0x00000000e5560000)
  from space 21824K,  39% used [0x00000000e6ab0000, 0x00000000e7307ac0, 0x00000000e8000000)
  to   space 21824K,   0% used [0x00000000e5560000, 0x00000000e5560000, 0x00000000e6ab0000)
 concurrent mark-sweep generation total 393216K, used 20438K [0x00000000e8000000, 0x0000000100000000, 0x0000000100000000)
 Metaspace       used 39249K, capacity 40298K, committed 40412K, reserved 1085440K
  class space    used 4506K, capacity 4793K, committed 4836K, reserved 1048576K
2017-08-07T10:31:28.172-0700: 703.799: [GC (Allocation Failure) 2017-08-07T10:31:28.172-0700: 703.799: [ParNew
Desired survivor size 20112992 bytes, new threshold 8 (max 8)
- age   1:     106512 bytes,     106512 total
- age   2:    2534264 bytes,    2640776 total
- age   3:     244376 bytes,    2885152 total
- age   4:      76768 bytes,    2961920 total
- age   5:     922832 bytes,    3884752 total
- age   6:        336 bytes,    3885088 total
- age   7:     156800 bytes,    4041888 total
- age   8:     542800 bytes,    4584688 total
: 95966K->6173K(109248K), 0.0109850 secs] 116405K->26733K(502464K), 0.0110710 secs] [Times: user=0.00 sys=0.00, real=0.01 secs] 
Heap after GC invocations=28 (full 1):
 par new generation   total 109248K, used 6173K [0x00000000e0000000, 0x00000000e8000000, 0x00000000e8000000)
  eden space 87424K,   0% used [0x00000000e0000000, 0x00000000e0000000, 0x00000000e5560000)
  from space 21824K,  28% used [0x00000000e5560000, 0x00000000e5b674b8, 0x00000000e6ab0000)
  to   space 21824K,   0% used [0x00000000e6ab0000, 0x00000000e6ab0000, 0x00000000e8000000)
 concurrent mark-sweep generation total 393216K, used 20560K [0x00000000e8000000, 0x0000000100000000, 0x0000000100000000)
 Metaspace       used 39249K, capacity 40298K, committed 40412K, reserved 1085440K
  class space    used 4506K, capacity 4793K, committed 4836K, reserved 1048576K
}
2017-08-07T10:31:28.172-0700: 703.811: Total time for which application threads were stopped: 0.0113600 seconds, Stopping threads took: 0.0000530 seconds
2017-08-07T10:31:28.288-0700: 703.924: Total time for which application threads were stopped: 0.0002110 seconds, Stopping threads took: 0.0000350 seconds
2017-08-07T10:31:28.339-0700: 703.977: Total time for which application threads were stopped: 0.0001980 seconds, Stopping threads took: 0.0000530 seconds
2017-08-07T10:31:28.339-0700: 703.978: Total time for which application threads were stopped: 0.0001000 seconds, Stopping threads took: 0.0000270 seconds
2017-08-07T10:31:28.339-0700: 703.978: Total time for which application threads were stopped: 0.0000830 seconds, Stopping threads took: 0.0000250 seconds
2017-08-07T10:31:28.339-0700: 703.978: Total time for which application threads were stopped: 0.0000830 seconds, Stopping threads took: 0.0000320 seconds
2017-08-07T10:31:28.339-0700: 703.978: Total time for which application threads were stopped: 0.0000810 seconds, Stopping threads took: 0.0000240 seconds
2017-08-07T10:31:28.339-0700: 703.978: Total time for which application threads were stopped: 0.0000670 seconds, Stopping threads took: 0.0000290 seconds
2017-08-07T10:31:28.339-0700: 703.978: Total time for which application threads were stopped: 0.0001100 seconds, Stopping threads took: 0.0000360 seconds
2017-08-07T10:31:28.339-0700: 703.979: Total time for which application threads were stopped: 0.0000810 seconds, Stopping threads took: 0.0000250 seconds
2017-08-07T10:31:28.339-0700: 703.979: Total time for which application threads were stopped: 0.0000770 seconds, Stopping threads took: 0.0000240 seconds
2017-08-07T10:31:28.354-0700: 703.979: Total time for which application threads were stopped: 0.0001520 seconds, Stopping threads took: 0.0000350 seconds
2017-08-07T10:31:28.354-0700: 703.979: Total time for which application threads were stopped: 0.0000990 seconds, Stopping threads took: 0.0000260 seconds
2017-08-07T10:31:28.355-0700: 703.979: Total time for which application threads were stopped: 0.0001390 seconds, Stopping threads took: 0.0000520 seconds
2017-08-07T10:31:28.355-0700: 703.980: Total time for which application threads were stopped: 0.0001000 seconds, Stopping threads took: 0.0000300 seconds
2017-08-07T10:31:28.355-0700: 703.980: Total time for which application threads were stopped: 0.0001300 seconds, Stopping threads took: 0.0000400 seconds
2017-08-07T10:31:28.355-0700: 703.980: Total time for which application threads were stopped: 0.0000930 seconds, Stopping threads took: 0.0000290 seconds
2017-08-07T10:31:28.356-0700: 703.980: Total time for which application threads were stopped: 0.0000960 seconds, Stopping threads took: 0.0000320 seconds
2017-08-07T10:31:28.358-0700: 703.991: Total time for which application threads were stopped: 0.0001840 seconds, Stopping threads took: 0.0000930 seconds
2017-08-07T10:31:28.358-0700: 703.994: Total time for which application threads were stopped: 0.0001550 seconds, Stopping threads took: 0.0000620 seconds
2017-08-07T10:31:28.358-0700: 703.995: Total time for which application threads were stopped: 0.0001070 seconds, Stopping threads took: 0.0000390 seconds
2017-08-07T10:31:28.389-0700: 704.028: Total time for which application threads were stopped: 0.0001600 seconds, Stopping threads took: 0.0000510 seconds
2017-08-07T10:31:28.389-0700: 704.029: Total time for which application threads were stopped: 0.0000930 seconds, Stopping threads took: 0.0000320 seconds
2017-08-07T10:31:28.389-0700: 704.029: Total time for which application threads were stopped: 0.0001000 seconds, Stopping threads took: 0.0000530 seconds
2017-08-07T10:31:28.389-0700: 704.029: Total time for which application threads were stopped: 0.0000930 seconds, Stopping threads took: 0.0000260 seconds
2017-08-07T10:31:28.404-0700: 704.029: Total time for which application threads were stopped: 0.0002320 seconds, Stopping threads took: 0.0000710 seconds
2017-08-07T10:31:28.408-0700: 704.040: Total time for which application threads were stopped: 0.0001570 seconds, Stopping threads took: 0.0000600 seconds
2017-08-07T10:31:28.408-0700: 704.041: Total time for which application threads were stopped: 0.0000970 seconds, Stopping threads took: 0.0000270 seconds
2017-08-07T10:31:28.408-0700: 704.041: Total time for which application threads were stopped: 0.0001110 seconds, Stopping threads took: 0.0000480 seconds
2017-08-07T10:31:28.424-0700: 704.050: Total time for which application threads were stopped: 0.0002200 seconds, Stopping threads took: 0.0000720 seconds
2017-08-07T10:31:28.658-0700: 704.283: Total time for which application threads were stopped: 0.0004320 seconds, Stopping threads took: 0.0001070 seconds
2017-08-07T10:31:29.031-0700: 704.663: Total time for which application threads were stopped: 0.0001690 seconds, Stopping threads took: 0.0000540 seconds
2017-08-07T10:31:29.031-0700: 704.664: Total time for which application threads were stopped: 0.0001000 seconds, Stopping threads took: 0.0000330 seconds
2017-08-07T10:31:29.031-0700: 704.664: Total time for which application threads were stopped: 0.0000840 seconds, Stopping threads took: 0.0000270 seconds
2017-08-07T10:31:29.031-0700: 704.664: Total time for which application threads were stopped: 0.0000810 seconds, Stopping threads took: 0.0000250 seconds
2017-08-07T10:31:29.031-0700: 704.670: Total time for which application threads were stopped: 0.0001760 seconds, Stopping threads took: 0.0000630 seconds
2017-08-07T10:31:29.061-0700: 704.697: Total time for which application threads were stopped: 0.0001900 seconds, Stopping threads took: 0.0000640 seconds
2017-08-07T10:31:29.093-0700: 704.727: Total time for which application threads were stopped: 0.0012300 seconds, Stopping threads took: 0.0010670 seconds
2017-08-07T10:31:29.119-0700: 704.752: Total time for which application threads were stopped: 0.0002310 seconds, Stopping threads took: 0.0000760 seconds
2017-08-07T10:31:29.135-0700: 704.773: Total time for which application threads were stopped: 0.0001890 seconds, Stopping threads took: 0.0000650 seconds
2017-08-07T10:31:29.135-0700: 704.774: Total time for which application threads were stopped: 0.0001410 seconds, Stopping threads took: 0.0000380 seconds
2017-08-07T10:31:29.151-0700: 704.777: Total time for which application threads were stopped: 0.0001920 seconds, Stopping threads took: 0.0000610 seconds
2017-08-07T10:31:29.151-0700: 704.778: Total time for which application threads were stopped: 0.0003250 seconds, Stopping threads took: 0.0000400 seconds
2017-08-07T10:31:29.597-0700: 705.224: Total time for which application threads were stopped: 0.0002500 seconds, Stopping threads took: 0.0000600 seconds
2017-08-07T10:31:29.597-0700: 705.224: Total time for which application threads were stopped: 0.0001060 seconds, Stopping threads took: 0.0000380 seconds
2017-08-07T10:31:29.597-0700: 705.224: Total time for which application threads were stopped: 0.0001050 seconds, Stopping threads took: 0.0000300 seconds
2017-08-07T10:31:29.597-0700: 705.227: Total time for which application threads were stopped: 0.0001900 seconds, Stopping threads took: 0.0000580 seconds
2017-08-07T10:31:30.186-0700: 705.810: [GC (CMS Initial Mark) [1 CMS-initial-mark: 20560K(393216K)] 99058K(502464K), 0.0226280 secs] [Times: user=0.00 sys=0.00, real=0.02 secs] 
2017-08-07T10:31:30.208-0700: 705.833: Total time for which application threads were stopped: 0.0228550 seconds, Stopping threads took: 0.0000480 seconds
2017-08-07T10:31:30.208-0700: 705.833: [CMS-concurrent-mark-start]
2017-08-07T10:31:30.224-0700: 705.852: [CMS-concurrent-mark: 0.019/0.019 secs] [Times: user=0.05 sys=0.00, real=0.02 secs] 
2017-08-07T10:31:30.224-0700: 705.853: [CMS-concurrent-preclean-start]
2017-08-07T10:31:30.224-0700: 705.854: [CMS-concurrent-preclean: 0.002/0.002 secs] [Times: user=0.00 sys=0.00, real=0.00 secs] 
2017-08-07T10:31:30.224-0700: 705.854: [CMS-concurrent-abortable-preclean-start]
2017-08-07T10:31:33.209-0700: 708.835: Total time for which application threads were stopped: 0.0002890 seconds, Stopping threads took: 0.0001110 seconds
 CMS: abort preclean due to time 2017-08-07T10:31:36.236-0700: 711.863: [CMS-concurrent-abortable-preclean: 2.747/6.008 secs] [Times: user=2.38 sys=0.00, real=6.01 secs] 
2017-08-07T10:31:36.236-0700: 711.863: [GC (CMS Final Remark) [YG occupancy: 78630 K (109248 K)]{Heap before GC invocations=28 (full 2):
 par new generation   total 109248K, used 78630K [0x00000000e0000000, 0x00000000e8000000, 0x00000000e8000000)
  eden space 87424K,  82% used [0x00000000e0000000, 0x00000000e46c24b8, 0x00000000e5560000)
  from space 21824K,  28% used [0x00000000e5560000, 0x00000000e5b674b8, 0x00000000e6ab0000)
  to   space 21824K,   0% used [0x00000000e6ab0000, 0x00000000e6ab0000, 0x00000000e8000000)
 concurrent mark-sweep generation total 393216K, used 20560K [0x00000000e8000000, 0x0000000100000000, 0x0000000100000000)
 Metaspace       used 39564K, capacity 40608K, committed 40732K, reserved 1085440K
  class space    used 4529K, capacity 4828K, committed 4836K, reserved 1048576K
2017-08-07T10:31:36.236-0700: 711.863: [GC (CMS Final Remark) 2017-08-07T10:31:36.236-0700: 711.863: [ParNew
Desired survivor size 20112992 bytes, new threshold 8 (max 8)
- age   1:    2966136 bytes,    2966136 total
- age   2:      87032 bytes,    3053168 total
- age   3:    1617504 bytes,    4670672 total
- age   4:     237760 bytes,    4908432 total
- age   5:      76768 bytes,    4985200 total
- age   6:     921560 bytes,    5906760 total
- age   7:        336 bytes,    5907096 total
- age   8:     156800 bytes,    6063896 total
: 78630K->7682K(109248K), 0.0111100 secs] 99190K->28773K(502464K), 0.0111850 secs] [Times: user=0.00 sys=0.00, real=0.01 secs] 
Heap after GC invocations=29 (full 2):
 par new generation   total 109248K, used 7682K [0x00000000e0000000, 0x00000000e8000000, 0x00000000e8000000)
  eden space 87424K,   0% used [0x00000000e0000000, 0x00000000e0000000, 0x00000000e5560000)
  from space 21824K,  35% used [0x00000000e6ab0000, 0x00000000e72309c0, 0x00000000e8000000)
  to   space 21824K,   0% used [0x00000000e5560000, 0x00000000e5560000, 0x00000000e6ab0000)
 concurrent mark-sweep generation total 393216K, used 21090K [0x00000000e8000000, 0x0000000100000000, 0x0000000100000000)
 Metaspace       used 39564K, capacity 40608K, committed 40732K, reserved 1085440K
  class space    used 4529K, capacity 4828K, committed 4836K, reserved 1048576K
}
2017-08-07T10:31:36.236-0700: 711.874: [Rescan (parallel) , 0.0032640 secs]2017-08-07T10:31:36.252-0700: 711.877: [weak refs processing, 0.0023910 secs]2017-08-07T10:31:36.252-0700: 711.880: [class unloading, 0.0159330 secs]2017-08-07T10:31:36.268-0700: 711.896: [scrub symbol table, 0.0073110 secs]2017-08-07T10:31:36.268-0700: 711.903: [scrub string table, 0.0010590 secs][1 CMS-remark: 21090K(393216K)] 28773K(502464K), 0.0431240 secs] [Times: user=0.06 sys=0.02, real=0.04 secs] 
2017-08-07T10:31:36.268-0700: 711.906: Total time for which application threads were stopped: 0.0432880 seconds, Stopping threads took: 0.0000390 seconds
2017-08-07T10:31:36.268-0700: 711.906: [CMS-concurrent-sweep-start]
2017-08-07T10:31:36.268-0700: 711.906: Total time for which application threads were stopped: 0.0000890 seconds, Stopping threads took: 0.0000310 seconds
2017-08-07T10:31:36.268-0700: 711.906: Total time for which application threads were stopped: 0.0000480 seconds, Stopping threads took: 0.0000190 seconds
2017-08-07T10:31:36.268-0700: 711.907: Total time for which application threads were stopped: 0.0000700 seconds, Stopping threads took: 0.0000390 seconds
2017-08-07T10:31:36.268-0700: 711.907: Total time for which application threads were stopped: 0.0000460 seconds, Stopping threads took: 0.0000170 seconds
2017-08-07T10:31:36.268-0700: 711.907: Total time for which application threads were stopped: 0.0000450 seconds, Stopping threads took: 0.0000170 seconds
2017-08-07T10:31:36.268-0700: 711.907: Total time for which application threads were stopped: 0.0000560 seconds, Stopping threads took: 0.0000170 seconds
2017-08-07T10:31:36.268-0700: 711.907: Total time for which application threads were stopped: 0.0000440 seconds, Stopping threads took: 0.0000170 seconds
2017-08-07T10:31:36.268-0700: 711.907: Total time for which application threads were stopped: 0.0000440 seconds, Stopping threads took: 0.0000170 seconds
2017-08-07T10:31:36.268-0700: 711.907: Total time for which application threads were stopped: 0.0000430 seconds, Stopping threads took: 0.0000170 seconds
2017-08-07T10:31:36.268-0700: 711.907: Total time for which application threads were stopped: 0.0000440 seconds, Stopping threads took: 0.0000170 seconds
2017-08-07T10:31:36.268-0700: 711.908: Total time for which application threads were stopped: 0.0000430 seconds, Stopping threads took: 0.0000170 seconds
2017-08-07T10:31:36.268-0700: 711.908: Total time for which application threads were stopped: 0.0000430 seconds, Stopping threads took: 0.0000170 seconds
2017-08-07T10:31:36.268-0700: 711.908: Total time for which application threads were stopped: 0.0000450 seconds, Stopping threads took: 0.0000180 seconds
2017-08-07T10:31:36.268-0700: 711.908: Total time for which application threads were stopped: 0.0000430 seconds, Stopping threads took: 0.0000170 seconds
2017-08-07T10:31:36.283-0700: 711.908: Total time for which application threads were stopped: 0.0001040 seconds, Stopping threads took: 0.0000740 seconds
2017-08-07T10:31:36.283-0700: 711.908: Total time for which application threads were stopped: 0.0000730 seconds, Stopping threads took: 0.0000290 seconds
2017-08-07T10:31:36.283-0700: 711.908: Total time for which application threads were stopped: 0.0000520 seconds, Stopping threads took: 0.0000270 seconds
2017-08-07T10:31:36.283-0700: 711.908: Total time for which application threads were stopped: 0.0000500 seconds, Stopping threads took: 0.0000250 seconds
2017-08-07T10:31:36.284-0700: 711.908: Total time for which application threads were stopped: 0.0000530 seconds, Stopping threads took: 0.0000190 seconds
2017-08-07T10:31:36.284-0700: 711.909: Total time for which application threads were stopped: 0.0000510 seconds, Stopping threads took: 0.0000260 seconds
2017-08-07T10:31:36.284-0700: 711.909: Total time for which application threads were stopped: 0.0001190 seconds, Stopping threads took: 0.0000250 seconds
2017-08-07T10:31:36.287-0700: 711.916: [CMS-concurrent-sweep: 0.008/0.010 secs] [Times: user=0.01 sys=0.00, real=0.01 secs] 
2017-08-07T10:31:36.287-0700: 711.916: [CMS-concurrent-reset-start]
2017-08-07T10:31:36.287-0700: 711.917: [CMS-concurrent-reset: 0.001/0.001 secs] [Times: user=0.00 sys=0.00, real=0.00 secs] 
2017-08-07T10:31:39.285-0700: 714.910: Total time for which application threads were stopped: 0.0007220 seconds, Stopping threads took: 0.0001690 seconds
2017-08-07T10:31:46.287-0700: 721.912: Total time for which application threads were stopped: 0.0002950 seconds, Stopping threads took: 0.0001310 seconds
2017-08-07T10:31:50.694-0700: 726.322: Total time for which application threads were stopped: 0.0001960 seconds, Stopping threads took: 0.0000380 seconds
2017-08-07T10:31:51.697-0700: 727.322: Total time for which application threads were stopped: 0.0003660 seconds, Stopping threads took: 0.0001250 seconds
2017-08-07T10:32:19.707-0700: 755.332: Total time for which application threads were stopped: 0.0002910 seconds, Stopping threads took: 0.0001290 seconds
2017-08-07T10:32:43.009-0700: 778.635: Total time for which application threads were stopped: 0.0001490 seconds, Stopping threads took: 0.0000470 seconds
2017-08-07T10:32:43.009-0700: 778.635: Total time for which application threads were stopped: 0.0000880 seconds, Stopping threads took: 0.0000280 seconds
2017-08-07T10:32:43.009-0700: 778.635: Total time for which application threads were stopped: 0.0000750 seconds, Stopping threads took: 0.0000230 seconds
2017-08-07T10:32:43.009-0700: 778.635: Total time for which application threads were stopped: 0.0000940 seconds, Stopping threads took: 0.0000300 seconds
2017-08-07T10:32:43.009-0700: 778.636: Total time for which application threads were stopped: 0.0001030 seconds, Stopping threads took: 0.0000290 seconds
2017-08-07T10:32:43.024-0700: 778.652: Total time for which application threads were stopped: 0.0001280 seconds, Stopping threads took: 0.0000380 seconds
2017-08-07T10:32:43.024-0700: 778.652: Total time for which application threads were stopped: 0.0000560 seconds, Stopping threads took: 0.0000200 seconds
2017-08-07T10:32:43.024-0700: 778.656: Total time for which application threads were stopped: 0.0001210 seconds, Stopping threads took: 0.0000380 seconds
2017-08-07T10:32:43.024-0700: 778.656: Total time for which application threads were stopped: 0.0000750 seconds, Stopping threads took: 0.0000230 seconds
2017-08-07T10:32:43.024-0700: 778.656: Total time for which application threads were stopped: 0.0000790 seconds, Stopping threads took: 0.0000250 seconds
2017-08-07T10:32:43.024-0700: 778.656: Total time for which application threads were stopped: 0.0000580 seconds, Stopping threads took: 0.0000180 seconds
2017-08-07T10:32:43.024-0700: 778.656: Total time for which application threads were stopped: 0.0000580 seconds, Stopping threads took: 0.0000180 seconds
2017-08-07T10:32:43.024-0700: 778.656: Total time for which application threads were stopped: 0.0000540 seconds, Stopping threads took: 0.0000180 seconds
2017-08-07T10:32:43.276-0700: 778.906: Total time for which application threads were stopped: 0.0001760 seconds, Stopping threads took: 0.0000860 seconds
2017-08-07T10:32:44.200-0700: 779.826: Total time for which application threads were stopped: 0.0004060 seconds, Stopping threads took: 0.0001880 seconds
2017-08-07T10:32:44.330-0700: 779.955: Total time for which application threads were stopped: 0.0002030 seconds, Stopping threads took: 0.0000660 seconds
2017-08-07T10:32:44.333-0700: 779.960: Total time for which application threads were stopped: 0.0001990 seconds, Stopping threads took: 0.0000630 seconds
2017-08-07T10:32:44.364-0700: 779.991: Total time for which application threads were stopped: 0.0001760 seconds, Stopping threads took: 0.0000520 seconds
2017-08-07T10:32:44.364-0700: 779.991: Total time for which application threads were stopped: 0.0001050 seconds, Stopping threads took: 0.0000330 seconds
2017-08-07T10:32:44.401-0700: 780.027: Total time for which application threads were stopped: 0.0002320 seconds, Stopping threads took: 0.0001010 seconds
2017-08-07T10:32:44.401-0700: 780.028: Total time for which application threads were stopped: 0.0001180 seconds, Stopping threads took: 0.0000520 seconds
2017-08-07T10:32:44.401-0700: 780.028: Total time for which application threads were stopped: 0.0001120 seconds, Stopping threads took: 0.0000540 seconds
2017-08-07T10:32:44.401-0700: 780.029: Total time for which application threads were stopped: 0.0001180 seconds, Stopping threads took: 0.0000510 seconds
2017-08-07T10:32:44.401-0700: 780.029: Total time for which application threads were stopped: 0.0000840 seconds, Stopping threads took: 0.0000340 seconds
2017-08-07T10:32:44.401-0700: 780.029: Total time for which application threads were stopped: 0.0001500 seconds, Stopping threads took: 0.0000320 seconds
2017-08-07T10:32:44.401-0700: 780.030: Total time for which application threads were stopped: 0.0001740 seconds, Stopping threads took: 0.0000660 seconds
2017-08-07T10:32:44.401-0700: 780.031: Total time for which application threads were stopped: 0.0001040 seconds, Stopping threads took: 0.0000300 seconds
2017-08-07T10:32:44.401-0700: 780.031: Total time for which application threads were stopped: 0.0000870 seconds, Stopping threads took: 0.0000260 seconds
2017-08-07T10:32:44.401-0700: 780.031: Total time for which application threads were stopped: 0.0001440 seconds, Stopping threads took: 0.0000360 seconds
2017-08-07T10:32:44.401-0700: 780.032: Total time for which application threads were stopped: 0.0001460 seconds, Stopping threads took: 0.0000400 seconds
2017-08-07T10:32:44.401-0700: 780.032: Total time for which application threads were stopped: 0.0001800 seconds, Stopping threads took: 0.0000580 seconds
2017-08-07T10:32:44.401-0700: 780.032: Total time for which application threads were stopped: 0.0002880 seconds, Stopping threads took: 0.0001160 seconds
2017-08-07T10:32:44.401-0700: 780.033: Total time for which application threads were stopped: 0.0001340 seconds, Stopping threads took: 0.0000510 seconds
2017-08-07T10:32:44.401-0700: 780.033: Total time for which application threads were stopped: 0.0001070 seconds, Stopping threads took: 0.0000410 seconds
2017-08-07T10:32:44.401-0700: 780.034: Total time for which application threads were stopped: 0.0001030 seconds, Stopping threads took: 0.0000420 seconds
2017-08-07T10:32:44.401-0700: 780.034: Total time for which application threads were stopped: 0.0001290 seconds, Stopping threads took: 0.0000490 seconds
2017-08-07T10:32:44.401-0700: 780.034: Total time for which application threads were stopped: 0.0000920 seconds, Stopping threads took: 0.0000410 seconds
2017-08-07T10:32:44.401-0700: 780.034: Total time for which application threads were stopped: 0.0000830 seconds, Stopping threads took: 0.0000350 seconds
2017-08-07T10:32:44.401-0700: 780.034: Total time for which application threads were stopped: 0.0001010 seconds, Stopping threads took: 0.0000350 seconds
2017-08-07T10:32:44.401-0700: 780.035: Total time for which application threads were stopped: 0.0000900 seconds, Stopping threads took: 0.0000220 seconds
2017-08-07T10:32:44.401-0700: 780.035: Total time for which application threads were stopped: 0.0000860 seconds, Stopping threads took: 0.0000210 seconds
2017-08-07T10:32:44.401-0700: 780.035: Total time for which application threads were stopped: 0.0000750 seconds, Stopping threads took: 0.0000210 seconds
2017-08-07T10:32:44.401-0700: 780.035: Total time for which application threads were stopped: 0.0000710 seconds, Stopping threads took: 0.0000210 seconds
2017-08-07T10:32:44.401-0700: 780.036: Total time for which application threads were stopped: 0.0000590 seconds, Stopping threads took: 0.0000190 seconds
2017-08-07T10:32:46.411-0700: 782.036: Total time for which application threads were stopped: 0.0002730 seconds, Stopping threads took: 0.0001050 seconds
2017-08-07T10:32:47.412-0700: 783.037: Total time for which application threads were stopped: 0.0002930 seconds, Stopping threads took: 0.0001260 seconds
2017-08-07T10:32:48.957-0700: 784.592: Total time for which application threads were stopped: 0.0002240 seconds, Stopping threads took: 0.0001210 seconds
2017-08-07T10:32:48.957-0700: 784.593: Total time for which application threads were stopped: 0.0001030 seconds, Stopping threads took: 0.0000300 seconds
{Heap before GC invocations=29 (full 2):
 par new generation   total 109248K, used 95106K [0x00000000e0000000, 0x00000000e8000000, 0x00000000e8000000)
  eden space 87424K, 100% used [0x00000000e0000000, 0x00000000e5560000, 0x00000000e5560000)
  from space 21824K,  35% used [0x00000000e6ab0000, 0x00000000e72309c0, 0x00000000e8000000)
  to   space 21824K,   0% used [0x00000000e5560000, 0x00000000e5560000, 0x00000000e6ab0000)
 concurrent mark-sweep generation total 393216K, used 19657K [0x00000000e8000000, 0x0000000100000000, 0x0000000100000000)
 Metaspace       used 39704K, capacity 40716K, committed 40988K, reserved 1085440K
  class space    used 4533K, capacity 4802K, committed 4836K, reserved 1048576K
2017-08-07T10:32:49.095-0700: 784.733: [GC (Allocation Failure) 2017-08-07T10:32:49.095-0700: 784.733: [ParNew
Desired survivor size 20112992 bytes, new threshold 8 (max 8)
- age   1:    2776064 bytes,    2776064 total
- age   2:     974032 bytes,    3750096 total
- age   3:      87032 bytes,    3837128 total
- age   4:    1049656 bytes,    4886784 total
- age   5:      34176 bytes,    4920960 total
- age   6:      11360 bytes,    4932320 total
- age   7:     268856 bytes,    5201176 total
- age   8:        336 bytes,    5201512 total
: 95106K->7152K(109248K), 0.0119490 secs] 114763K->26962K(502464K), 0.0120510 secs] [Times: user=0.06 sys=0.00, real=0.01 secs] 
Heap after GC invocations=30 (full 2):
 par new generation   total 109248K, used 7152K [0x00000000e0000000, 0x00000000e8000000, 0x00000000e8000000)
  eden space 87424K,   0% used [0x00000000e0000000, 0x00000000e0000000, 0x00000000e5560000)
  from space 21824K,  32% used [0x00000000e5560000, 0x00000000e5c5c020, 0x00000000e6ab0000)
  to   space 21824K,   0% used [0x00000000e6ab0000, 0x00000000e6ab0000, 0x00000000e8000000)
 concurrent mark-sweep generation total 393216K, used 19810K [0x00000000e8000000, 0x0000000100000000, 0x0000000100000000)
 Metaspace       used 39704K, capacity 40716K, committed 40988K, reserved 1085440K
  class space    used 4533K, capacity 4802K, committed 4836K, reserved 1048576K
}
2017-08-07T10:32:49.111-0700: 784.745: Total time for which application threads were stopped: 0.0125210 seconds, Stopping threads took: 0.0000740 seconds
2017-08-07T10:32:49.111-0700: 784.745: Total time for which application threads were stopped: 0.0002750 seconds, Stopping threads took: 0.0000470 seconds
{Heap before GC invocations=30 (full 2):
 par new generation   total 109248K, used 94576K [0x00000000e0000000, 0x00000000e8000000, 0x00000000e8000000)
  eden space 87424K, 100% used [0x00000000e0000000, 0x00000000e5560000, 0x00000000e5560000)
  from space 21824K,  32% used [0x00000000e5560000, 0x00000000e5c5c020, 0x00000000e6ab0000)
  to   space 21824K,   0% used [0x00000000e6ab0000, 0x00000000e6ab0000, 0x00000000e8000000)
 concurrent mark-sweep generation total 393216K, used 19810K [0x00000000e8000000, 0x0000000100000000, 0x0000000100000000)
 Metaspace       used 39704K, capacity 40716K, committed 40988K, reserved 1085440K
  class space    used 4533K, capacity 4802K, committed 4836K, reserved 1048576K
2017-08-07T10:32:49.179-0700: 784.804: [GC (Allocation Failure) 2017-08-07T10:32:49.179-0700: 784.804: [ParNew
Desired survivor size 20112992 bytes, new threshold 8 (max 8)
- age   1:     141432 bytes,     141432 total
- age   2:    2460544 bytes,    2601976 total
- age   3:     791480 bytes,    3393456 total
- age   4:      87032 bytes,    3480488 total
- age   5:    1049656 bytes,    4530144 total
- age   6:      34176 bytes,    4564320 total
- age   7:      11360 bytes,    4575680 total
- age   8:     268856 bytes,    4844536 total
: 94576K->5895K(109248K), 0.0072500 secs] 114386K->25706K(502464K), 0.0073510 secs] [Times: user=0.00 sys=0.00, real=0.01 secs] 
Heap after GC invocations=31 (full 2):
 par new generation   total 109248K, used 5895K [0x00000000e0000000, 0x00000000e8000000, 0x00000000e8000000)
  eden space 87424K,   0% used [0x00000000e0000000, 0x00000000e0000000, 0x00000000e5560000)
  from space 21824K,  27% used [0x00000000e6ab0000, 0x00000000e7071c90, 0x00000000e8000000)
  to   space 21824K,   0% used [0x00000000e5560000, 0x00000000e5560000, 0x00000000e6ab0000)
 concurrent mark-sweep generation total 393216K, used 19811K [0x00000000e8000000, 0x0000000100000000, 0x0000000100000000)
 Metaspace       used 39704K, capacity 40716K, committed 40988K, reserved 1085440K
  class space    used 4533K, capacity 4802K, committed 4836K, reserved 1048576K
}
2017-08-07T10:32:49.180-0700: 784.812: Total time for which application threads were stopped: 0.0076530 seconds, Stopping threads took: 0.0000550 seconds
2017-08-07T10:32:49.318-0700: 784.944: Total time for which application threads were stopped: 0.0001710 seconds, Stopping threads took: 0.0000340 seconds
2017-08-07T10:32:49.352-0700: 784.992: Total time for which application threads were stopped: 0.0003570 seconds, Stopping threads took: 0.0000550 seconds
2017-08-07T10:32:49.368-0700: 784.996: Total time for which application threads were stopped: 0.0002350 seconds, Stopping threads took: 0.0000520 seconds
2017-08-07T10:32:49.368-0700: 784.998: Total time for which application threads were stopped: 0.0001360 seconds, Stopping threads took: 0.0000550 seconds
2017-08-07T10:32:49.368-0700: 785.001: Total time for which application threads were stopped: 0.0001400 seconds, Stopping threads took: 0.0000490 seconds
2017-08-07T10:32:49.368-0700: 785.001: Total time for which application threads were stopped: 0.0001880 seconds, Stopping threads took: 0.0001440 seconds
2017-08-07T10:32:49.522-0700: 785.149: Total time for which application threads were stopped: 0.0001580 seconds, Stopping threads took: 0.0000430 seconds
2017-08-07T10:32:49.522-0700: 785.160: Total time for which application threads were stopped: 0.0001910 seconds, Stopping threads took: 0.0000820 seconds
2017-08-07T10:32:49.538-0700: 785.163: Total time for which application threads were stopped: 0.0001380 seconds, Stopping threads took: 0.0000420 seconds
2017-08-07T10:32:49.539-0700: 785.164: Total time for which application threads were stopped: 0.0001220 seconds, Stopping threads took: 0.0000370 seconds
2017-08-07T10:32:49.539-0700: 785.164: Total time for which application threads were stopped: 0.0001060 seconds, Stopping threads took: 0.0000220 seconds
2017-08-07T10:32:49.540-0700: 785.165: Total time for which application threads were stopped: 0.0001600 seconds, Stopping threads took: 0.0000420 seconds
2017-08-07T10:32:49.540-0700: 785.166: Total time for which application threads were stopped: 0.0001770 seconds, Stopping threads took: 0.0001070 seconds
2017-08-07T10:32:49.540-0700: 785.169: Total time for which application threads were stopped: 0.0001790 seconds, Stopping threads took: 0.0000510 seconds
2017-08-07T10:32:49.556-0700: 785.183: Total time for which application threads were stopped: 0.0001400 seconds, Stopping threads took: 0.0000430 seconds
2017-08-07T10:32:49.556-0700: 785.183: Total time for which application threads were stopped: 0.0000580 seconds, Stopping threads took: 0.0000190 seconds
2017-08-07T10:32:49.556-0700: 785.183: Total time for which application threads were stopped: 0.0000550 seconds, Stopping threads took: 0.0000190 seconds
2017-08-07T10:32:49.556-0700: 785.183: Total time for which application threads were stopped: 0.0000550 seconds, Stopping threads took: 0.0000190 seconds
2017-08-07T10:32:49.556-0700: 785.184: Total time for which application threads were stopped: 0.0001820 seconds, Stopping threads took: 0.0000260 seconds
2017-08-07T10:32:49.556-0700: 785.188: Total time for which application threads were stopped: 0.0002780 seconds, Stopping threads took: 0.0000960 seconds
2017-08-07T10:32:49.556-0700: 785.191: Total time for which application threads were stopped: 0.0001420 seconds, Stopping threads took: 0.0000570 seconds
2017-08-07T10:32:49.556-0700: 785.192: Total time for which application threads were stopped: 0.0000750 seconds, Stopping threads took: 0.0000310 seconds
2017-08-07T10:32:49.556-0700: 785.192: Total time for which application threads were stopped: 0.0002420 seconds, Stopping threads took: 0.0000460 seconds
2017-08-07T10:32:49.556-0700: 785.194: Total time for which application threads were stopped: 0.0002400 seconds, Stopping threads took: 0.0000430 seconds
2017-08-07T10:32:49.692-0700: 785.326: Total time for which application threads were stopped: 0.0003820 seconds, Stopping threads took: 0.0001010 seconds
2017-08-07T10:32:49.692-0700: 785.329: Total time for which application threads were stopped: 0.0002980 seconds, Stopping threads took: 0.0001220 seconds
2017-08-07T10:32:49.692-0700: 785.330: Total time for which application threads were stopped: 0.0003210 seconds, Stopping threads took: 0.0001740 seconds
2017-08-07T10:32:49.692-0700: 785.330: Total time for which application threads were stopped: 0.0003200 seconds, Stopping threads took: 0.0001660 seconds
2017-08-07T10:32:50.754-0700: 786.384: Total time for which application threads were stopped: 0.0001180 seconds, Stopping threads took: 0.0000400 seconds
2017-08-07T10:32:51.760-0700: 787.385: Total time for which application threads were stopped: 0.0003800 seconds, Stopping threads took: 0.0001350 seconds
2017-08-07T10:32:54.567-0700: 790.192: Total time for which application threads were stopped: 0.0001190 seconds, Stopping threads took: 0.0000410 seconds
2017-08-07T10:32:54.568-0700: 790.192: Total time for which application threads were stopped: 0.0000710 seconds, Stopping threads took: 0.0000240 seconds
2017-08-07T10:32:54.621-0700: 790.251: Total time for which application threads were stopped: 0.0001190 seconds, Stopping threads took: 0.0000460 seconds
2017-08-07T10:32:54.621-0700: 790.252: Total time for which application threads were stopped: 0.0000730 seconds, Stopping threads took: 0.0000210 seconds
2017-08-07T10:32:54.621-0700: 790.252: Total time for which application threads were stopped: 0.0000610 seconds, Stopping threads took: 0.0000200 seconds
{Heap before GC invocations=31 (full 2):
 par new generation   total 109248K, used 93319K [0x00000000e0000000, 0x00000000e8000000, 0x00000000e8000000)
  eden space 87424K, 100% used [0x00000000e0000000, 0x00000000e5560000, 0x00000000e5560000)
  from space 21824K,  27% used [0x00000000e6ab0000, 0x00000000e7071c90, 0x00000000e8000000)
  to   space 21824K,   0% used [0x00000000e5560000, 0x00000000e5560000, 0x00000000e6ab0000)
 concurrent mark-sweep generation total 393216K, used 19811K [0x00000000e8000000, 0x0000000100000000, 0x0000000100000000)
 Metaspace       used 39798K, capacity 40780K, committed 40988K, reserved 1085440K
  class space    used 4536K, capacity 4802K, committed 4836K, reserved 1048576K
2017-08-07T10:32:56.369-0700: 791.999: [GC (Allocation Failure) 2017-08-07T10:32:56.369-0700: 791.999: [ParNew
Desired survivor size 20112992 bytes, new threshold 8 (max 8)
- age   1:    2682352 bytes,    2682352 total
- age   2:      88088 bytes,    2770440 total
- age   3:    1093800 bytes,    3864240 total
- age   4:     781592 bytes,    4645832 total
- age   5:      87032 bytes,    4732864 total
- age   6:    1048600 bytes,    5781464 total
- age   7:      34176 bytes,    5815640 total
- age   8:      11360 bytes,    5827000 total
: 93319K->8406K(109248K), 0.0067760 secs] 113130K->28482K(502464K), 0.0068660 secs] [Times: user=0.00 sys=0.00, real=0.00 secs] 
Heap after GC invocations=32 (full 2):
 par new generation   total 109248K, used 8406K [0x00000000e0000000, 0x00000000e8000000, 0x00000000e8000000)
  eden space 87424K,   0% used [0x00000000e0000000, 0x00000000e0000000, 0x00000000e5560000)
  from space 21824K,  38% used [0x00000000e5560000, 0x00000000e5d95a40, 0x00000000e6ab0000)
  to   space 21824K,   0% used [0x00000000e6ab0000, 0x00000000e6ab0000, 0x00000000e8000000)
 concurrent mark-sweep generation total 393216K, used 20076K [0x00000000e8000000, 0x0000000100000000, 0x0000000100000000)
 Metaspace       used 39798K, capacity 40780K, committed 40988K, reserved 1085440K
  class space    used 4536K, capacity 4802K, committed 4836K, reserved 1048576K
}
2017-08-07T10:32:56.369-0700: 792.006: Total time for which application threads were stopped: 0.0071590 seconds, Stopping threads took: 0.0000500 seconds
2017-08-07T10:32:56.369-0700: 792.006: Total time for which application threads were stopped: 0.0002460 seconds, Stopping threads took: 0.0000950 seconds
2017-08-07T10:32:56.369-0700: 792.007: Total time for which application threads were stopped: 0.0002230 seconds, Stopping threads took: 0.0000980 seconds
{Heap before GC invocations=32 (full 2):
 par new generation   total 109248K, used 95830K [0x00000000e0000000, 0x00000000e8000000, 0x00000000e8000000)
  eden space 87424K, 100% used [0x00000000e0000000, 0x00000000e5560000, 0x00000000e5560000)
  from space 21824K,  38% used [0x00000000e5560000, 0x00000000e5d95a40, 0x00000000e6ab0000)
  to   space 21824K,   0% used [0x00000000e6ab0000, 0x00000000e6ab0000, 0x00000000e8000000)
 concurrent mark-sweep generation total 393216K, used 20076K [0x00000000e8000000, 0x0000000100000000, 0x0000000100000000)
 Metaspace       used 39798K, capacity 40780K, committed 40988K, reserved 1085440K
  class space    used 4536K, capacity 4802K, committed 4836K, reserved 1048576K
2017-08-07T10:32:56.419-0700: 792.055: [GC (Allocation Failure) 2017-08-07T10:32:56.419-0700: 792.055: [ParNew
Desired survivor size 20112992 bytes, new threshold 8 (max 8)
- age   1:     737488 bytes,     737488 total
- age   2:    2232008 bytes,    2969496 total
- age   3:      88088 bytes,    3057584 total
- age   4:    1083944 bytes,    4141528 total
- age   5:     131744 bytes,    4273272 total
- age   6:       4728 bytes,    4278000 total
- age   7:     380808 bytes,    4658808 total
- age   8:      34176 bytes,    4692984 total
: 95830K->6369K(109248K), 0.0054210 secs] 115906K->26457K(502464K), 0.0055000 secs] [Times: user=0.03 sys=0.01, real=0.01 secs] 
Heap after GC invocations=33 (full 2):
 par new generation   total 109248K, used 6369K [0x00000000e0000000, 0x00000000e8000000, 0x00000000e8000000)
  eden space 87424K,   0% used [0x00000000e0000000, 0x00000000e0000000, 0x00000000e5560000)
  from space 21824K,  29% used [0x00000000e6ab0000, 0x00000000e70e8500, 0x00000000e8000000)
  to   space 21824K,   0% used [0x00000000e5560000, 0x00000000e5560000, 0x00000000e6ab0000)
 concurrent mark-sweep generation total 393216K, used 20087K [0x00000000e8000000, 0x0000000100000000, 0x0000000100000000)
 Metaspace       used 39798K, capacity 40780K, committed 40988K, reserved 1085440K
  class space    used 4536K, capacity 4802K, committed 4836K, reserved 1048576K
}
2017-08-07T10:32:56.435-0700: 792.060: Total time for which application threads were stopped: 0.0058470 seconds, Stopping threads took: 0.0000990 seconds
{Heap before GC invocations=33 (full 2):
 par new generation   total 109248K, used 93793K [0x00000000e0000000, 0x00000000e8000000, 0x00000000e8000000)
  eden space 87424K, 100% used [0x00000000e0000000, 0x00000000e5560000, 0x00000000e5560000)
  from space 21824K,  29% used [0x00000000e6ab0000, 0x00000000e70e8500, 0x00000000e8000000)
  to   space 21824K,   0% used [0x00000000e5560000, 0x00000000e5560000, 0x00000000e6ab0000)
 concurrent mark-sweep generation total 393216K, used 20087K [0x00000000e8000000, 0x0000000100000000, 0x0000000100000000)
 Metaspace       used 39799K, capacity 40780K, committed 40988K, reserved 1085440K
  class space    used 4536K, capacity 4802K, committed 4836K, reserved 1048576K
2017-08-07T10:32:56.489-0700: 792.122: [GC (Allocation Failure) 2017-08-07T10:32:56.489-0700: 792.122: [ParNew
Desired survivor size 20112992 bytes, new threshold 8 (max 8)
- age   1:     242344 bytes,     242344 total
- age   2:     734360 bytes,     976704 total
- age   3:    2057304 bytes,    3034008 total
- age   4:      88088 bytes,    3122096 total
- age   5:    1083944 bytes,    4206040 total
- age   6:     131744 bytes,    4337784 total
- age   7:       4728 bytes,    4342512 total
- age   8:     380808 bytes,    4723320 total
: 93793K->5658K(109248K), 0.0052310 secs] 113881K->25780K(502464K), 0.0053140 secs] [Times: user=0.00 sys=0.00, real=0.00 secs] 
Heap after GC invocations=34 (full 2):
 par new generation   total 109248K, used 5658K [0x00000000e0000000, 0x00000000e8000000, 0x00000000e8000000)
  eden space 87424K,   0% used [0x00000000e0000000, 0x00000000e0000000, 0x00000000e5560000)
  from space 21824K,  25% used [0x00000000e5560000, 0x00000000e5ae6878, 0x00000000e6ab0000)
  to   space 21824K,   0% used [0x00000000e6ab0000, 0x00000000e6ab0000, 0x00000000e8000000)
 concurrent mark-sweep generation total 393216K, used 20122K [0x00000000e8000000, 0x0000000100000000, 0x0000000100000000)
 Metaspace       used 39799K, capacity 40780K, committed 40988K, reserved 1085440K
  class space    used 4536K, capacity 4802K, committed 4836K, reserved 1048576K
}
2017-08-07T10:32:56.489-0700: 792.127: Total time for which application threads were stopped: 0.0055730 seconds, Stopping threads took: 0.0000410 seconds
2017-08-07T10:32:56.570-0700: 792.208: Total time for which application threads were stopped: 0.0002350 seconds, Stopping threads took: 0.0000960 seconds
2017-08-07T10:32:56.621-0700: 792.250: Total time for which application threads were stopped: 0.0002440 seconds, Stopping threads took: 0.0001120 seconds
2017-08-07T10:32:56.621-0700: 792.250: Total time for which application threads were stopped: 0.0001400 seconds, Stopping threads took: 0.0000810 seconds
2017-08-07T10:32:56.621-0700: 792.250: Total time for which application threads were stopped: 0.0001300 seconds, Stopping threads took: 0.0000610 seconds
2017-08-07T10:32:56.621-0700: 792.258: Total time for which application threads were stopped: 0.0002160 seconds, Stopping threads took: 0.0001190 seconds
2017-08-07T10:32:56.621-0700: 792.259: Total time for which application threads were stopped: 0.0001990 seconds, Stopping threads took: 0.0001080 seconds
2017-08-07T10:32:56.621-0700: 792.260: Total time for which application threads were stopped: 0.0001140 seconds, Stopping threads took: 0.0000330 seconds
2017-08-07T10:32:56.640-0700: 792.273: Total time for which application threads were stopped: 0.0002130 seconds, Stopping threads took: 0.0001140 seconds
2017-08-07T10:32:56.640-0700: 792.273: Total time for which application threads were stopped: 0.0001480 seconds, Stopping threads took: 0.0000690 seconds
2017-08-07T10:32:56.640-0700: 792.274: Total time for which application threads were stopped: 0.0001170 seconds, Stopping threads took: 0.0000510 seconds
2017-08-07T10:32:56.640-0700: 792.274: Total time for which application threads were stopped: 0.0000750 seconds, Stopping threads took: 0.0000220 seconds
2017-08-07T10:32:56.640-0700: 792.274: Total time for which application threads were stopped: 0.0000930 seconds, Stopping threads took: 0.0000240 seconds
2017-08-07T10:32:56.640-0700: 792.274: Total time for which application threads were stopped: 0.0000590 seconds, Stopping threads took: 0.0000210 seconds
2017-08-07T10:32:56.655-0700: 792.281: Total time for which application threads were stopped: 0.0001460 seconds, Stopping threads took: 0.0000480 seconds
2017-08-07T10:32:56.655-0700: 792.282: Total time for which application threads were stopped: 0.0001350 seconds, Stopping threads took: 0.0000340 seconds
2017-08-07T10:32:56.655-0700: 792.282: Total time for which application threads were stopped: 0.0001610 seconds, Stopping threads took: 0.0000380 seconds
2017-08-07T10:32:56.655-0700: 792.283: Total time for which application threads were stopped: 0.0001490 seconds, Stopping threads took: 0.0000370 seconds
2017-08-07T10:32:56.655-0700: 792.284: Total time for which application threads were stopped: 0.0001330 seconds, Stopping threads took: 0.0000370 seconds
2017-08-07T10:32:56.655-0700: 792.285: Total time for which application threads were stopped: 0.0001250 seconds, Stopping threads took: 0.0000330 seconds
2017-08-07T10:32:56.671-0700: 792.297: Total time for which application threads were stopped: 0.0001900 seconds, Stopping threads took: 0.0000610 seconds
2017-08-07T10:32:56.671-0700: 792.298: Total time for which application threads were stopped: 0.0001630 seconds, Stopping threads took: 0.0000430 seconds
2017-08-07T10:32:56.671-0700: 792.298: Total time for which application threads were stopped: 0.0001170 seconds, Stopping threads took: 0.0000310 seconds
2017-08-07T10:32:56.671-0700: 792.298: Total time for which application threads were stopped: 0.0001090 seconds, Stopping threads took: 0.0000290 seconds
2017-08-07T10:32:56.671-0700: 792.299: Total time for which application threads were stopped: 0.0000930 seconds, Stopping threads took: 0.0000300 seconds
2017-08-07T10:32:56.671-0700: 792.302: Total time for which application threads were stopped: 0.0001120 seconds, Stopping threads took: 0.0000360 seconds
2017-08-07T10:32:56.671-0700: 792.302: Total time for which application threads were stopped: 0.0000830 seconds, Stopping threads took: 0.0000250 seconds
2017-08-07T10:32:56.671-0700: 792.305: Total time for which application threads were stopped: 0.0001890 seconds, Stopping threads took: 0.0000780 seconds
2017-08-07T10:32:56.671-0700: 792.306: Total time for which application threads were stopped: 0.0001560 seconds, Stopping threads took: 0.0000670 seconds
2017-08-07T10:32:56.671-0700: 792.306: Total time for which application threads were stopped: 0.0001270 seconds, Stopping threads took: 0.0000440 seconds
2017-08-07T10:32:56.807-0700: 792.435: Total time for which application threads were stopped: 0.0001250 seconds, Stopping threads took: 0.0000320 seconds
2017-08-07T10:32:56.807-0700: 792.435: Total time for which application threads were stopped: 0.0000940 seconds, Stopping threads took: 0.0000250 seconds
2017-08-07T10:32:56.807-0700: 792.436: Total time for which application threads were stopped: 0.0001270 seconds, Stopping threads took: 0.0000410 seconds
2017-08-07T10:32:56.807-0700: 792.437: Total time for which application threads were stopped: 0.0001250 seconds, Stopping threads took: 0.0000340 seconds
2017-08-07T10:32:56.807-0700: 792.437: Total time for which application threads were stopped: 0.0001080 seconds, Stopping threads took: 0.0000360 seconds
2017-08-07T10:32:56.822-0700: 792.449: Total time for which application threads were stopped: 0.0001840 seconds, Stopping threads took: 0.0000520 seconds
2017-08-07T10:32:56.822-0700: 792.450: Total time for which application threads were stopped: 0.0001140 seconds, Stopping threads took: 0.0000320 seconds
2017-08-07T10:32:56.841-0700: 792.465: Total time for which application threads were stopped: 0.0002640 seconds, Stopping threads took: 0.0001510 seconds
2017-08-07T10:32:56.841-0700: 792.466: Total time for which application threads were stopped: 0.0001230 seconds, Stopping threads took: 0.0000660 seconds
2017-08-07T10:32:56.841-0700: 792.466: Total time for which application threads were stopped: 0.0001260 seconds, Stopping threads took: 0.0000740 seconds
2017-08-07T10:32:56.841-0700: 792.466: Total time for which application threads were stopped: 0.0001290 seconds, Stopping threads took: 0.0000810 seconds
2017-08-07T10:32:57.842-0700: 793.467: Total time for which application threads were stopped: 0.0003650 seconds, Stopping threads took: 0.0001260 seconds
2017-08-07T10:32:58.842-0700: 794.467: Total time for which application threads were stopped: 0.0002880 seconds, Stopping threads took: 0.0001140 seconds
2017-08-07T10:32:58.926-0700: 794.552: Total time for which application threads were stopped: 0.0001850 seconds, Stopping threads took: 0.0000690 seconds
2017-08-07T10:32:59.928-0700: 795.553: Total time for which application threads were stopped: 0.0001690 seconds, Stopping threads took: 0.0000690 seconds
2017-08-07T10:33:00.928-0700: 796.554: Total time for which application threads were stopped: 0.0004930 seconds, Stopping threads took: 0.0002700 seconds
2017-08-07T10:33:01.929-0700: 797.554: Total time for which application threads were stopped: 0.0003800 seconds, Stopping threads took: 0.0001280 seconds
2017-08-07T10:33:02.930-0700: 798.555: Total time for which application threads were stopped: 0.0002620 seconds, Stopping threads took: 0.0001050 seconds
2017-08-07T10:33:03.931-0700: 799.556: Total time for which application threads were stopped: 0.0003020 seconds, Stopping threads took: 0.0001300 seconds
2017-08-07T10:33:04.932-0700: 800.557: Total time for which application threads were stopped: 0.0002670 seconds, Stopping threads took: 0.0001060 seconds
2017-08-07T10:33:05.280-0700: 800.908: Total time for which application threads were stopped: 0.0003260 seconds, Stopping threads took: 0.0001070 seconds
2017-08-07T10:33:05.280-0700: 800.915: Total time for which application threads were stopped: 0.0003360 seconds, Stopping threads took: 0.0001140 seconds
2017-08-07T10:33:05.331-0700: 800.961: Total time for which application threads were stopped: 0.0003040 seconds, Stopping threads took: 0.0001050 seconds
2017-08-07T10:33:05.347-0700: 800.978: Total time for which application threads were stopped: 0.0001520 seconds, Stopping threads took: 0.0000550 seconds
2017-08-07T10:33:05.498-0700: 801.134: Total time for which application threads were stopped: 0.0001470 seconds, Stopping threads took: 0.0000540 seconds
2017-08-07T10:33:05.498-0700: 801.135: Total time for which application threads were stopped: 0.0001210 seconds, Stopping threads took: 0.0000280 seconds
2017-08-07T10:33:05.498-0700: 801.136: Total time for which application threads were stopped: 0.0001240 seconds, Stopping threads took: 0.0000430 seconds
2017-08-07T10:33:05.517-0700: 801.142: Total time for which application threads were stopped: 0.0001500 seconds, Stopping threads took: 0.0000460 seconds
2017-08-07T10:33:05.517-0700: 801.147: Total time for which application threads were stopped: 0.0001700 seconds, Stopping threads took: 0.0000550 seconds
2017-08-07T10:33:05.517-0700: 801.152: Total time for which application threads were stopped: 0.0001470 seconds, Stopping threads took: 0.0000450 seconds
2017-08-07T10:33:05.565-0700: 801.190: Total time for which application threads were stopped: 0.0001690 seconds, Stopping threads took: 0.0000500 seconds
2017-08-07T10:33:05.565-0700: 801.190: Total time for which application threads were stopped: 0.0001440 seconds, Stopping threads took: 0.0000360 seconds
2017-08-07T10:33:05.565-0700: 801.191: Total time for which application threads were stopped: 0.0001070 seconds, Stopping threads took: 0.0000280 seconds
2017-08-07T10:33:05.566-0700: 801.191: Total time for which application threads were stopped: 0.0003340 seconds, Stopping threads took: 0.0000280 seconds
2017-08-07T10:33:05.583-0700: 801.209: Total time for which application threads were stopped: 0.0001600 seconds, Stopping threads took: 0.0000560 seconds
2017-08-07T10:33:06.585-0700: 802.210: Total time for which application threads were stopped: 0.0003980 seconds, Stopping threads took: 0.0001290 seconds
2017-08-07T10:33:07.586-0700: 803.211: Total time for which application threads were stopped: 0.0002840 seconds, Stopping threads took: 0.0001070 seconds
2017-08-07T10:33:07.635-0700: 803.260: Total time for which application threads were stopped: 0.0003710 seconds, Stopping threads took: 0.0001050 seconds
2017-08-07T10:33:08.636-0700: 804.261: Total time for which application threads were stopped: 0.0003290 seconds, Stopping threads took: 0.0001250 seconds
2017-08-07T10:33:09.637-0700: 805.262: Total time for which application threads were stopped: 0.0003050 seconds, Stopping threads took: 0.0001280 seconds
{Heap before GC invocations=34 (full 2):
 par new generation   total 109248K, used 93082K [0x00000000e0000000, 0x00000000e8000000, 0x00000000e8000000)
  eden space 87424K, 100% used [0x00000000e0000000, 0x00000000e5560000, 0x00000000e5560000)
  from space 21824K,  25% used [0x00000000e5560000, 0x00000000e5ae6878, 0x00000000e6ab0000)
  to   space 21824K,   0% used [0x00000000e6ab0000, 0x00000000e6ab0000, 0x00000000e8000000)
 concurrent mark-sweep generation total 393216K, used 20122K [0x00000000e8000000, 0x0000000100000000, 0x0000000100000000)
 Metaspace       used 39917K, capacity 40908K, committed 41244K, reserved 1085440K
  class space    used 4536K, capacity 4802K, committed 4836K, reserved 1048576K
2017-08-07T10:33:11.070-0700: 806.695: [GC (Allocation Failure) 2017-08-07T10:33:11.070-0700: 806.695: [ParNew
Desired survivor size 20112992 bytes, new threshold 8 (max 8)
- age   1:    2636160 bytes,    2636160 total
- age   2:     141344 bytes,    2777504 total
- age   3:     135480 bytes,    2912984 total
- age   4:    1897984 bytes,    4810968 total
- age   5:      88088 bytes,    4899056 total
- age   6:    1016264 bytes,    5915320 total
- age   7:     103888 bytes,    6019208 total
- age   8:       4728 bytes,    6023936 total
: 93082K->7154K(109248K), 0.0236540 secs] 113204K->27625K(502464K), 0.0238540 secs] [Times: user=0.00 sys=0.01, real=0.03 secs] 
Heap after GC invocations=35 (full 2):
 par new generation   total 109248K, used 7154K [0x00000000e0000000, 0x00000000e8000000, 0x00000000e8000000)
  eden space 87424K,   0% used [0x00000000e0000000, 0x00000000e0000000, 0x00000000e5560000)
  from space 21824K,  32% used [0x00000000e6ab0000, 0x00000000e71ac8a8, 0x00000000e8000000)
  to   space 21824K,   0% used [0x00000000e5560000, 0x00000000e5560000, 0x00000000e6ab0000)
 concurrent mark-sweep generation total 393216K, used 20470K [0x00000000e8000000, 0x0000000100000000, 0x0000000100000000)
 Metaspace       used 39917K, capacity 40908K, committed 41244K, reserved 1085440K
  class space    used 4536K, capacity 4802K, committed 4836K, reserved 1048576K
}
2017-08-07T10:33:11.087-0700: 806.719: Total time for which application threads were stopped: 0.0245450 seconds, Stopping threads took: 0.0001050 seconds
2017-08-07T10:33:11.087-0700: 806.720: Total time for which application threads were stopped: 0.0003060 seconds, Stopping threads took: 0.0000980 seconds
2017-08-07T10:33:12.095-0700: 807.721: Total time for which application threads were stopped: 0.0003910 seconds, Stopping threads took: 0.0001250 seconds
2017-08-07T10:33:13.096-0700: 808.721: Total time for which application threads were stopped: 0.0002910 seconds, Stopping threads took: 0.0001270 seconds
2017-08-07T10:33:14.097-0700: 809.722: Total time for which application threads were stopped: 0.0001520 seconds, Stopping threads took: 0.0000600 seconds
2017-08-07T10:33:15.198-0700: 810.825: Total time for which application threads were stopped: 0.0002230 seconds, Stopping threads took: 0.0001440 seconds
2017-08-07T10:33:15.198-0700: 810.837: Total time for which application threads were stopped: 0.0002050 seconds, Stopping threads took: 0.0000620 seconds
2017-08-07T10:33:15.217-0700: 810.855: Total time for which application threads were stopped: 0.0001430 seconds, Stopping threads took: 0.0000510 seconds
2017-08-07T10:33:15.217-0700: 810.856: Total time for which application threads were stopped: 0.0000990 seconds, Stopping threads took: 0.0000350 seconds
2017-08-07T10:33:15.450-0700: 811.088: Total time for which application threads were stopped: 0.0004390 seconds, Stopping threads took: 0.0002440 seconds
2017-08-07T10:33:15.467-0700: 811.092: Total time for which application threads were stopped: 0.0006350 seconds, Stopping threads took: 0.0001970 seconds
2017-08-07T10:33:15.585-0700: 811.224: Total time for which application threads were stopped: 0.0003410 seconds, Stopping threads took: 0.0001150 seconds
2017-08-07T10:33:15.619-0700: 811.244: Total time for which application threads were stopped: 0.0005570 seconds, Stopping threads took: 0.0002230 seconds
2017-08-07T10:33:15.620-0700: 811.253: Total time for which application threads were stopped: 0.0005450 seconds, Stopping threads took: 0.0002320 seconds
2017-08-07T10:33:15.620-0700: 811.254: Total time for which application threads were stopped: 0.0003480 seconds, Stopping threads took: 0.0001190 seconds
2017-08-07T10:33:15.620-0700: 811.258: Total time for which application threads were stopped: 0.0005040 seconds, Stopping threads took: 0.0002250 seconds
2017-08-07T10:33:15.636-0700: 811.270: Total time for which application threads were stopped: 0.0003670 seconds, Stopping threads took: 0.0001580 seconds
2017-08-07T10:33:16.646-0700: 812.271: Total time for which application threads were stopped: 0.0003270 seconds, Stopping threads took: 0.0001080 seconds
2017-08-07T10:33:18.886-0700: 814.515: Total time for which application threads were stopped: 0.0001250 seconds, Stopping threads took: 0.0000410 seconds
2017-08-07T10:33:18.886-0700: 814.516: Total time for which application threads were stopped: 0.0001480 seconds, Stopping threads took: 0.0000660 seconds
2017-08-07T10:33:18.886-0700: 814.516: Total time for which application threads were stopped: 0.0000820 seconds, Stopping threads took: 0.0000300 seconds
2017-08-07T10:33:18.886-0700: 814.516: Total time for which application threads were stopped: 0.0001010 seconds, Stopping threads took: 0.0000330 seconds
2017-08-07T10:33:18.886-0700: 814.516: Total time for which application threads were stopped: 0.0001570 seconds, Stopping threads took: 0.0000920 seconds
2017-08-07T10:33:18.886-0700: 814.516: Total time for which application threads were stopped: 0.0001140 seconds, Stopping threads took: 0.0000510 seconds
2017-08-07T10:33:18.886-0700: 814.518: Total time for which application threads were stopped: 0.0002020 seconds, Stopping threads took: 0.0000940 seconds
2017-08-07T10:33:18.886-0700: 814.518: Total time for which application threads were stopped: 0.0001070 seconds, Stopping threads took: 0.0000340 seconds
2017-08-07T10:33:18.886-0700: 814.518: Total time for which application threads were stopped: 0.0000920 seconds, Stopping threads took: 0.0000300 seconds
2017-08-07T10:33:18.886-0700: 814.519: Total time for which application threads were stopped: 0.0000900 seconds, Stopping threads took: 0.0000290 seconds
2017-08-07T10:33:18.886-0700: 814.520: Total time for which application threads were stopped: 0.0001290 seconds, Stopping threads took: 0.0000400 seconds
2017-08-07T10:34:36.918-0700: 892.543: Total time for which application threads were stopped: 0.0003090 seconds, Stopping threads took: 0.0001330 seconds
2017-08-07T10:43:09.154-0700: 1404.779: Total time for which application threads were stopped: 0.0003280 seconds, Stopping threads took: 0.0001000 seconds
2017-08-07T10:43:18.156-0700: 1413.781: Total time for which application threads were stopped: 0.0003600 seconds, Stopping threads took: 0.0001280 seconds
2017-08-07T10:47:44.237-0700: 1679.862: Total time for which application threads were stopped: 0.0001670 seconds, Stopping threads took: 0.0000600 seconds
2017-08-07T10:47:55.242-0700: 1690.878: Total time for which application threads were stopped: 0.0001840 seconds, Stopping threads took: 0.0000730 seconds
2017-08-07T10:48:45.270-0700: 1740.895: Total time for which application threads were stopped: 0.0003750 seconds, Stopping threads took: 0.0001420 seconds
2017-08-07T10:50:24.688-0700: 1840.322: Total time for which application threads were stopped: 0.0003700 seconds, Stopping threads took: 0.0000470 seconds
2017-08-07T10:50:25.698-0700: 1841.323: Total time for which application threads were stopped: 0.0001280 seconds, Stopping threads took: 0.0000490 seconds
2017-08-07T10:54:10.770-0700: 2066.395: Total time for which application threads were stopped: 0.0003650 seconds, Stopping threads took: 0.0001410 seconds
2017-08-07T10:54:46.781-0700: 2102.406: Total time for which application threads were stopped: 0.0003350 seconds, Stopping threads took: 0.0001270 seconds
2017-08-07T11:08:18.788-0700: 2914.415: Total time for which application threads were stopped: 0.0004440 seconds, Stopping threads took: 0.0001310 seconds
2017-08-07T11:08:18.803-0700: 2914.429: Total time for which application threads were stopped: 0.0008530 seconds, Stopping threads took: 0.0001510 seconds
2017-08-07T11:08:19.805-0700: 2915.429: Total time for which application threads were stopped: 0.0001470 seconds, Stopping threads took: 0.0000620 seconds
{Heap before GC invocations=35 (full 2):
 par new generation   total 109248K, used 94578K [0x00000000e0000000, 0x00000000e8000000, 0x00000000e8000000)
  eden space 87424K, 100% used [0x00000000e0000000, 0x00000000e5560000, 0x00000000e5560000)
  from space 21824K,  32% used [0x00000000e6ab0000, 0x00000000e71ac8a8, 0x00000000e8000000)
  to   space 21824K,   0% used [0x00000000e5560000, 0x00000000e5560000, 0x00000000e6ab0000)
 concurrent mark-sweep generation total 393216K, used 20470K [0x00000000e8000000, 0x0000000100000000, 0x0000000100000000)
 Metaspace       used 40078K, capacity 41068K, committed 41372K, reserved 1085440K
  class space    used 4549K, capacity 4834K, committed 4964K, reserved 1048576K
2017-08-07T11:08:39.230-0700: 2934.857: [GC (Allocation Failure) 2017-08-07T11:08:39.230-0700: 2934.857: [ParNew
Desired survivor size 20112992 bytes, new threshold 8 (max 8)
- age   1:    2869016 bytes,    2869016 total
- age   2:    1081416 bytes,    3950432 total
- age   3:     141344 bytes,    4091776 total
- age   4:     135408 bytes,    4227184 total
- age   5:    1171584 bytes,    5398768 total
- age   6:       1016 bytes,    5399784 total
- age   7:     257512 bytes,    5657296 total
- age   8:      88560 bytes,    5745856 total
: 94578K->8150K(109248K), 0.0085520 secs] 115049K->28626K(502464K), 0.0086520 secs] [Times: user=0.00 sys=0.00, real=0.01 secs] 
Heap after GC invocations=36 (full 2):
 par new generation   total 109248K, used 8150K [0x00000000e0000000, 0x00000000e8000000, 0x00000000e8000000)
  eden space 87424K,   0% used [0x00000000e0000000, 0x00000000e0000000, 0x00000000e5560000)
  from space 21824K,  37% used [0x00000000e5560000, 0x00000000e5d55bd0, 0x00000000e6ab0000)
  to   space 21824K,   0% used [0x00000000e6ab0000, 0x00000000e6ab0000, 0x00000000e8000000)
 concurrent mark-sweep generation total 393216K, used 20475K [0x00000000e8000000, 0x0000000100000000, 0x0000000100000000)
 Metaspace       used 40078K, capacity 41068K, committed 41372K, reserved 1085440K
  class space    used 4549K, capacity 4834K, committed 4964K, reserved 1048576K
}
2017-08-07T11:08:39.230-0700: 2934.866: Total time for which application threads were stopped: 0.0089710 seconds, Stopping threads took: 0.0000510 seconds
2017-08-07T11:08:39.230-0700: 2934.867: Total time for which application threads were stopped: 0.0003130 seconds, Stopping threads took: 0.0001290 seconds
{Heap before GC invocations=36 (full 2):
 par new generation   total 109248K, used 95574K [0x00000000e0000000, 0x00000000e8000000, 0x00000000e8000000)
  eden space 87424K, 100% used [0x00000000e0000000, 0x00000000e5560000, 0x00000000e5560000)
  from space 21824K,  37% used [0x00000000e5560000, 0x00000000e5d55bd0, 0x00000000e6ab0000)
  to   space 21824K,   0% used [0x00000000e6ab0000, 0x00000000e6ab0000, 0x00000000e8000000)
 concurrent mark-sweep generation total 393216K, used 20475K [0x00000000e8000000, 0x0000000100000000, 0x0000000100000000)
 Metaspace       used 40078K, capacity 41068K, committed 41372K, reserved 1085440K
  class space    used 4549K, capacity 4834K, committed 4964K, reserved 1048576K
2017-08-07T11:08:39.280-0700: 2934.911: [GC (Allocation Failure) 2017-08-07T11:08:39.280-0700: 2934.911: [ParNew
Desired survivor size 20112992 bytes, new threshold 8 (max 8)
- age   1:     100352 bytes,     100352 total
- age   2:    2573024 bytes,    2673376 total
- age   3:     905816 bytes,    3579192 total
- age   4:     141344 bytes,    3720536 total
- age   5:     135408 bytes,    3855944 total
- age   6:    1170160 bytes,    5026104 total
- age   7:       1016 bytes,    5027120 total
- age   8:     222872 bytes,    5249992 total
: 95574K->6059K(109248K), 0.0089420 secs] 116050K->26623K(502464K), 0.0090250 secs] [Times: user=0.00 sys=0.00, real=0.01 secs] 
Heap after GC invocations=37 (full 2):
 par new generation   total 109248K, used 6059K [0x00000000e0000000, 0x00000000e8000000, 0x00000000e8000000)
  eden space 87424K,   0% used [0x00000000e0000000, 0x00000000e0000000, 0x00000000e5560000)
  from space 21824K,  27% used [0x00000000e6ab0000, 0x00000000e709ae98, 0x00000000e8000000)
  to   space 21824K,   0% used [0x00000000e5560000, 0x00000000e5560000, 0x00000000e6ab0000)
 concurrent mark-sweep generation total 393216K, used 20563K [0x00000000e8000000, 0x0000000100000000, 0x0000000100000000)
 Metaspace       used 40078K, capacity 41068K, committed 41372K, reserved 1085440K
  class space    used 4549K, capacity 4834K, committed 4964K, reserved 1048576K
}
2017-08-07T11:08:39.280-0700: 2934.920: Total time for which application threads were stopped: 0.0093190 seconds, Stopping threads took: 0.0000530 seconds
2017-08-07T11:08:39.416-0700: 2935.046: Total time for which application threads were stopped: 0.0001820 seconds, Stopping threads took: 0.0000690 seconds
2017-08-07T11:08:39.447-0700: 2935.087: Total time for which application threads were stopped: 0.0002160 seconds, Stopping threads took: 0.0000610 seconds
2017-08-07T11:08:39.447-0700: 2935.087: Total time for which application threads were stopped: 0.0001020 seconds, Stopping threads took: 0.0000290 seconds
2017-08-07T11:08:39.447-0700: 2935.087: Total time for which application threads were stopped: 0.0000960 seconds, Stopping threads took: 0.0000400 seconds
2017-08-07T11:08:39.447-0700: 2935.088: Total time for which application threads were stopped: 0.0000840 seconds, Stopping threads took: 0.0000260 seconds
2017-08-07T11:08:39.463-0700: 2935.088: Total time for which application threads were stopped: 0.0000850 seconds, Stopping threads took: 0.0000380 seconds
2017-08-07T11:08:39.466-0700: 2935.098: Total time for which application threads were stopped: 0.0002060 seconds, Stopping threads took: 0.0001070 seconds
2017-08-07T11:08:39.498-0700: 2935.126: Total time for which application threads were stopped: 0.0002350 seconds, Stopping threads took: 0.0001060 seconds
2017-08-07T11:08:39.498-0700: 2935.127: Total time for which application threads were stopped: 0.0000930 seconds, Stopping threads took: 0.0000270 seconds
2017-08-07T11:08:39.498-0700: 2935.127: Total time for which application threads were stopped: 0.0001550 seconds, Stopping threads took: 0.0001050 seconds
2017-08-07T11:08:39.498-0700: 2935.127: Total time for which application threads were stopped: 0.0001290 seconds, Stopping threads took: 0.0000860 seconds
2017-08-07T11:08:39.498-0700: 2935.127: Total time for which application threads were stopped: 0.0000910 seconds, Stopping threads took: 0.0000500 seconds
2017-08-07T11:08:39.498-0700: 2935.127: Total time for which application threads were stopped: 0.0000730 seconds, Stopping threads took: 0.0000350 seconds
2017-08-07T11:08:39.498-0700: 2935.128: Total time for which application threads were stopped: 0.0000560 seconds, Stopping threads took: 0.0000190 seconds
2017-08-07T11:08:39.498-0700: 2935.128: Total time for which application threads were stopped: 0.0000780 seconds, Stopping threads took: 0.0000250 seconds
2017-08-07T11:08:39.498-0700: 2935.128: Total time for which application threads were stopped: 0.0000930 seconds, Stopping threads took: 0.0000550 seconds
2017-08-07T11:08:39.498-0700: 2935.128: Total time for which application threads were stopped: 0.0000960 seconds, Stopping threads took: 0.0000570 seconds
2017-08-07T11:08:39.498-0700: 2935.128: Total time for which application threads were stopped: 0.0000970 seconds, Stopping threads took: 0.0000580 seconds
2017-08-07T11:08:39.498-0700: 2935.128: Total time for which application threads were stopped: 0.0000980 seconds, Stopping threads took: 0.0000550 seconds
2017-08-07T11:08:39.498-0700: 2935.129: Total time for which application threads were stopped: 0.0000900 seconds, Stopping threads took: 0.0000490 seconds
2017-08-07T11:08:39.498-0700: 2935.129: Total time for which application threads were stopped: 0.0000810 seconds, Stopping threads took: 0.0000360 seconds
2017-08-07T11:08:39.498-0700: 2935.129: Total time for which application threads were stopped: 0.0000800 seconds, Stopping threads took: 0.0000360 seconds
2017-08-07T11:08:39.514-0700: 2935.139: Total time for which application threads were stopped: 0.0001780 seconds, Stopping threads took: 0.0000560 seconds
2017-08-07T11:08:39.532-0700: 2935.162: Total time for which application threads were stopped: 0.0002090 seconds, Stopping threads took: 0.0000960 seconds
2017-08-07T11:08:39.567-0700: 2935.198: Total time for which application threads were stopped: 0.0002450 seconds, Stopping threads took: 0.0000540 seconds
2017-08-07T11:08:39.567-0700: 2935.199: Total time for which application threads were stopped: 0.0001160 seconds, Stopping threads took: 0.0000310 seconds
2017-08-07T11:08:39.567-0700: 2935.199: Total time for which application threads were stopped: 0.0001130 seconds, Stopping threads took: 0.0000370 seconds
2017-08-07T11:08:39.567-0700: 2935.199: Total time for which application threads were stopped: 0.0000960 seconds, Stopping threads took: 0.0000270 seconds
2017-08-07T11:08:39.567-0700: 2935.200: Total time for which application threads were stopped: 0.0000930 seconds, Stopping threads took: 0.0000370 seconds
2017-08-07T11:08:39.567-0700: 2935.201: Total time for which application threads were stopped: 0.0001540 seconds, Stopping threads took: 0.0000470 seconds
2017-08-07T11:08:39.567-0700: 2935.202: Total time for which application threads were stopped: 0.0001640 seconds, Stopping threads took: 0.0000480 seconds
2017-08-07T11:08:39.583-0700: 2935.210: Total time for which application threads were stopped: 0.0002080 seconds, Stopping threads took: 0.0000660 seconds
2017-08-07T11:08:39.583-0700: 2935.210: Total time for which application threads were stopped: 0.0001030 seconds, Stopping threads took: 0.0000300 seconds
2017-08-07T11:08:39.583-0700: 2935.210: Total time for which application threads were stopped: 0.0000970 seconds, Stopping threads took: 0.0000290 seconds
2017-08-07T11:08:39.583-0700: 2935.210: Total time for which application threads were stopped: 0.0001310 seconds, Stopping threads took: 0.0000260 seconds
2017-08-07T11:08:39.583-0700: 2935.211: Total time for which application threads were stopped: 0.0000960 seconds, Stopping threads took: 0.0000290 seconds
2017-08-07T11:08:39.583-0700: 2935.211: Total time for which application threads were stopped: 0.0000850 seconds, Stopping threads took: 0.0000240 seconds
2017-08-07T11:08:39.616-0700: 2935.241: Total time for which application threads were stopped: 0.0002090 seconds, Stopping threads took: 0.0000620 seconds
2017-08-07T11:08:39.616-0700: 2935.241: Total time for which application threads were stopped: 0.0001580 seconds, Stopping threads took: 0.0000410 seconds
2017-08-07T11:08:40.445-0700: 2936.073: Total time for which application threads were stopped: 0.0003890 seconds, Stopping threads took: 0.0001040 seconds
2017-08-07T11:08:40.445-0700: 2936.073: Total time for which application threads were stopped: 0.0002320 seconds, Stopping threads took: 0.0000800 seconds
2017-08-07T11:08:40.445-0700: 2936.074: Total time for which application threads were stopped: 0.0002280 seconds, Stopping threads took: 0.0000780 seconds
2017-08-07T11:08:40.445-0700: 2936.076: Total time for which application threads were stopped: 0.0002330 seconds, Stopping threads took: 0.0000790 seconds
2017-08-07T11:08:40.461-0700: 2936.087: Total time for which application threads were stopped: 0.0005290 seconds, Stopping threads took: 0.0002750 seconds
2017-08-07T11:08:40.461-0700: 2936.088: Total time for which application threads were stopped: 0.0004010 seconds, Stopping threads took: 0.0002230 seconds
2017-08-07T11:08:40.461-0700: 2936.101: Total time for which application threads were stopped: 0.0004410 seconds, Stopping threads took: 0.0002090 seconds
2017-08-07T11:08:40.477-0700: 2936.102: Total time for which application threads were stopped: 0.0003950 seconds, Stopping threads took: 0.0002130 seconds
2017-08-07T11:08:40.478-0700: 2936.103: Total time for which application threads were stopped: 0.0004450 seconds, Stopping threads took: 0.0002320 seconds
2017-08-07T11:08:40.479-0700: 2936.104: Total time for which application threads were stopped: 0.0003730 seconds, Stopping threads took: 0.0002160 seconds
2017-08-07T11:08:40.479-0700: 2936.104: Total time for which application threads were stopped: 0.0003930 seconds, Stopping threads took: 0.0002290 seconds
2017-08-07T11:08:40.480-0700: 2936.105: Total time for which application threads were stopped: 0.0004370 seconds, Stopping threads took: 0.0002210 seconds
2017-08-07T11:08:40.713-0700: 2936.347: Total time for which application threads were stopped: 0.0004450 seconds, Stopping threads took: 0.0002290 seconds
2017-08-07T11:08:40.713-0700: 2936.348: Total time for which application threads were stopped: 0.0003510 seconds, Stopping threads took: 0.0002210 seconds
2017-08-07T11:08:40.713-0700: 2936.349: Total time for which application threads were stopped: 0.0003320 seconds, Stopping threads took: 0.0002220 seconds
2017-08-07T11:08:40.713-0700: 2936.349: Total time for which application threads were stopped: 0.0001580 seconds, Stopping threads took: 0.0000540 seconds
2017-08-07T11:08:40.713-0700: 2936.350: Total time for which application threads were stopped: 0.0002990 seconds, Stopping threads took: 0.0001870 seconds
2017-08-07T11:08:40.816-0700: 2936.456: Total time for which application threads were stopped: 0.0004120 seconds, Stopping threads took: 0.0001470 seconds
2017-08-07T11:08:40.833-0700: 2936.459: Total time for which application threads were stopped: 0.0006180 seconds, Stopping threads took: 0.0002290 seconds
2017-08-07T11:08:40.833-0700: 2936.460: Total time for which application threads were stopped: 0.0003210 seconds, Stopping threads took: 0.0001310 seconds
2017-08-07T11:08:40.833-0700: 2936.460: Total time for which application threads were stopped: 0.0002470 seconds, Stopping threads took: 0.0000830 seconds
2017-08-07T11:08:40.849-0700: 2936.479: Total time for which application threads were stopped: 0.0005660 seconds, Stopping threads took: 0.0002160 seconds
2017-08-07T11:08:41.855-0700: 2937.480: Total time for which application threads were stopped: 0.0003000 seconds, Stopping threads took: 0.0001250 seconds
2017-08-07T11:08:45.667-0700: 2941.302: Total time for which application threads were stopped: 0.0003110 seconds, Stopping threads took: 0.0001030 seconds
2017-08-07T11:08:45.667-0700: 2941.303: Total time for which application threads were stopped: 0.0002310 seconds, Stopping threads took: 0.0000780 seconds
2017-08-07T11:08:45.667-0700: 2941.307: Total time for which application threads were stopped: 0.0002440 seconds, Stopping threads took: 0.0000800 seconds
2017-08-07T11:08:45.683-0700: 2941.310: Total time for which application threads were stopped: 0.0004850 seconds, Stopping threads took: 0.0002980 seconds
2017-08-07T11:08:45.683-0700: 2941.314: Total time for which application threads were stopped: 0.0005470 seconds, Stopping threads took: 0.0003450 seconds
2017-08-07T11:08:45.683-0700: 2941.321: Total time for which application threads were stopped: 0.0005280 seconds, Stopping threads took: 0.0002160 seconds
2017-08-07T11:08:45.683-0700: 2941.323: Total time for which application threads were stopped: 0.0003350 seconds, Stopping threads took: 0.0001180 seconds
2017-08-07T11:08:45.683-0700: 2941.323: Total time for which application threads were stopped: 0.0002620 seconds, Stopping threads took: 0.0000820 seconds
2017-08-07T11:08:45.699-0700: 2941.325: Total time for which application threads were stopped: 0.0003360 seconds, Stopping threads took: 0.0001090 seconds
2017-08-07T11:08:46.700-0700: 2942.325: Total time for which application threads were stopped: 0.0002760 seconds, Stopping threads took: 0.0001060 seconds
2017-08-07T11:09:03.706-0700: 2959.332: Total time for which application threads were stopped: 0.0003110 seconds, Stopping threads took: 0.0001270 seconds
{Heap before GC invocations=37 (full 2):
 par new generation   total 109248K, used 93483K [0x00000000e0000000, 0x00000000e8000000, 0x00000000e8000000)
  eden space 87424K, 100% used [0x00000000e0000000, 0x00000000e5560000, 0x00000000e5560000)
  from space 21824K,  27% used [0x00000000e6ab0000, 0x00000000e709ae98, 0x00000000e8000000)
  to   space 21824K,   0% used [0x00000000e5560000, 0x00000000e5560000, 0x00000000e6ab0000)
 concurrent mark-sweep generation total 393216K, used 20563K [0x00000000e8000000, 0x0000000100000000, 0x0000000100000000)
 Metaspace       used 40142K, capacity 41200K, committed 41628K, reserved 1085440K
  class space    used 4549K, capacity 4834K, committed 4964K, reserved 1048576K
2017-08-07T11:09:04.979-0700: 2960.604: [GC (Allocation Failure) 2017-08-07T11:09:04.979-0700: 2960.605: [ParNew
Desired survivor size 20112992 bytes, new threshold 8 (max 8)
- age   1:    1641736 bytes,    1641736 total
- age   2:      80824 bytes,    1722560 total
- age   3:    1519312 bytes,    3241872 total
- age   4:     682736 bytes,    3924608 total
- age   5:     140160 bytes,    4064768 total
- age   6:     135144 bytes,    4199912 total
- age   7:    1169560 bytes,    5369472 total
- age   8:       1016 bytes,    5370488 total
: 93483K->8244K(109248K), 0.0243480 secs] 114047K->29027K(502464K), 0.0245390 secs] [Times: user=0.06 sys=0.00, real=0.03 secs] 
Heap after GC invocations=38 (full 2):
 par new generation   total 109248K, used 8244K [0x00000000e0000000, 0x00000000e8000000, 0x00000000e8000000)
  eden space 87424K,   0% used [0x00000000e0000000, 0x00000000e0000000, 0x00000000e5560000)
  from space 21824K,  37% used [0x00000000e5560000, 0x00000000e5d6d020, 0x00000000e6ab0000)
  to   space 21824K,   0% used [0x00000000e6ab0000, 0x00000000e6ab0000, 0x00000000e8000000)
 concurrent mark-sweep generation total 393216K, used 20783K [0x00000000e8000000, 0x0000000100000000, 0x0000000100000000)
 Metaspace       used 40142K, capacity 41200K, committed 41628K, reserved 1085440K
  class space    used 4549K, capacity 4834K, committed 4964K, reserved 1048576K
}
2017-08-07T11:09:05.001-0700: 2960.629: Total time for which application threads were stopped: 0.0252320 seconds, Stopping threads took: 0.0001030 seconds
2017-08-07T11:09:05.001-0700: 2960.630: Total time for which application threads were stopped: 0.0003650 seconds, Stopping threads took: 0.0000950 seconds
2017-08-07T11:09:05.001-0700: 2960.637: Total time for which application threads were stopped: 0.0006140 seconds, Stopping threads took: 0.0003060 seconds
2017-08-07T11:09:05.001-0700: 2960.637: Total time for which application threads were stopped: 0.0003660 seconds, Stopping threads took: 0.0002100 seconds
2017-08-07T11:09:05.001-0700: 2960.638: Total time for which application threads were stopped: 0.0004200 seconds, Stopping threads took: 0.0001930 seconds
2017-08-07T11:09:05.001-0700: 2960.639: Total time for which application threads were stopped: 0.0004260 seconds, Stopping threads took: 0.0002320 seconds
2017-08-07T11:09:06.015-0700: 2961.640: Total time for which application threads were stopped: 0.0002870 seconds, Stopping threads took: 0.0001090 seconds
2017-08-07T11:09:20.020-0700: 2975.646: Total time for which application threads were stopped: 0.0003000 seconds, Stopping threads took: 0.0001320 seconds
2017-08-07T11:10:20.038-0700: 3035.663: Total time for which application threads were stopped: 0.0003360 seconds, Stopping threads took: 0.0001260 seconds
2017-08-07T11:12:24.077-0700: 3159.702: Total time for which application threads were stopped: 0.0003780 seconds, Stopping threads took: 0.0001510 seconds
2017-08-07T11:12:29.080-0700: 3164.705: Total time for which application threads were stopped: 0.0003030 seconds, Stopping threads took: 0.0001230 seconds
2017-08-07T11:12:30.081-0700: 3165.705: Total time for which application threads were stopped: 0.0001580 seconds, Stopping threads took: 0.0000620 seconds
2017-08-07T11:12:32.081-0700: 3167.706: Total time for which application threads were stopped: 0.0003720 seconds, Stopping threads took: 0.0001300 seconds
2017-08-07T11:12:33.082-0700: 3168.707: Total time for which application threads were stopped: 0.0003100 seconds, Stopping threads took: 0.0001310 seconds
2017-08-07T11:12:45.086-0700: 3180.711: Total time for which application threads were stopped: 0.0001990 seconds, Stopping threads took: 0.0000690 seconds
2017-08-07T11:12:46.427-0700: 3182.060: Total time for which application threads were stopped: 0.0006080 seconds, Stopping threads took: 0.0001060 seconds
2017-08-07T11:12:47.436-0700: 3183.061: Total time for which application threads were stopped: 0.0003750 seconds, Stopping threads took: 0.0001430 seconds
2017-08-07T11:12:48.437-0700: 3184.062: Total time for which application threads were stopped: 0.0002570 seconds, Stopping threads took: 0.0000860 seconds
2017-08-07T11:12:55.439-0700: 3191.065: Total time for which application threads were stopped: 0.0007450 seconds, Stopping threads took: 0.0001700 seconds
2017-08-07T11:12:58.441-0700: 3194.066: Total time for which application threads were stopped: 0.0001550 seconds, Stopping threads took: 0.0000540 seconds
2017-08-07T11:13:02.442-0700: 3198.067: Total time for which application threads were stopped: 0.0001650 seconds, Stopping threads took: 0.0000730 seconds
2017-08-07T11:13:42.456-0700: 3238.081: Total time for which application threads were stopped: 0.0003230 seconds, Stopping threads took: 0.0001280 seconds
2017-08-07T11:13:48.458-0700: 3244.083: Total time for which application threads were stopped: 0.0002940 seconds, Stopping threads took: 0.0001170 seconds
2017-08-07T11:13:49.459-0700: 3245.084: Total time for which application threads were stopped: 0.0003570 seconds, Stopping threads took: 0.0001280 seconds
2017-08-07T11:13:51.460-0700: 3247.085: Total time for which application threads were stopped: 0.0002730 seconds, Stopping threads took: 0.0001130 seconds
2017-08-07T11:13:54.461-0700: 3250.087: Total time for which application threads were stopped: 0.0004160 seconds, Stopping threads took: 0.0001270 seconds
2017-08-07T11:14:44.477-0700: 3300.102: Total time for which application threads were stopped: 0.0001350 seconds, Stopping threads took: 0.0000530 seconds
2017-08-07T11:15:34.516-0700: 3350.141: Total time for which application threads were stopped: 0.0003180 seconds, Stopping threads took: 0.0001320 seconds
2017-08-07T11:33:50.840-0700: 4446.469: Total time for which application threads were stopped: 0.0002140 seconds, Stopping threads took: 0.0000680 seconds
2017-08-07T11:33:51.861-0700: 4447.486: Total time for which application threads were stopped: 0.0006740 seconds, Stopping threads took: 0.0005740 seconds
{Heap before GC invocations=38 (full 2):
 par new generation   total 109248K, used 95662K [0x00000000e0000000, 0x00000000e8000000, 0x00000000e8000000)
  eden space 87424K,  99% used [0x00000000e0000000, 0x00000000e555e870, 0x00000000e5560000)
  from space 21824K,  37% used [0x00000000e5560000, 0x00000000e5d6d020, 0x00000000e6ab0000)
  to   space 21824K,   0% used [0x00000000e6ab0000, 0x00000000e6ab0000, 0x00000000e8000000)
 concurrent mark-sweep generation total 393216K, used 20783K [0x00000000e8000000, 0x0000000100000000, 0x0000000100000000)
 Metaspace       used 40285K, capacity 41264K, committed 41628K, reserved 1085440K
  class space    used 4551K, capacity 4834K, committed 4964K, reserved 1048576K
2017-08-07T11:34:04.131-0700: 4459.764: [GC (Allocation Failure) 2017-08-07T11:34:04.131-0700: 4459.764: [ParNew
Desired survivor size 20112992 bytes, new threshold 8 (max 8)
- age   1:    3236072 bytes,    3236072 total
- age   2:    1025632 bytes,    4261704 total
- age   3:      80824 bytes,    4342528 total
- age   4:     913608 bytes,    5256136 total
- age   5:     406992 bytes,    5663128 total
- age   6:        920 bytes,    5664048 total
- age   7:       3456 bytes,    5667504 total
- age   8:     611456 bytes,    6278960 total
: 95662K->7466K(109248K), 0.0075820 secs] 116445K->28250K(502464K), 0.0076690 secs] [Times: user=0.03 sys=0.00, real=0.01 secs] 
Heap after GC invocations=39 (full 2):
 par new generation   total 109248K, used 7466K [0x00000000e0000000, 0x00000000e8000000, 0x00000000e8000000)
  eden space 87424K,   0% used [0x00000000e0000000, 0x00000000e0000000, 0x00000000e5560000)
  from space 21824K,  34% used [0x00000000e6ab0000, 0x00000000e71faa80, 0x00000000e8000000)
  to   space 21824K,   0% used [0x00000000e5560000, 0x00000000e5560000, 0x00000000e6ab0000)
 concurrent mark-sweep generation total 393216K, used 20784K [0x00000000e8000000, 0x0000000100000000, 0x0000000100000000)
 Metaspace       used 40285K, capacity 41264K, committed 41628K, reserved 1085440K
  class space    used 4551K, capacity 4834K, committed 4964K, reserved 1048576K
}
2017-08-07T11:34:04.147-0700: 4459.772: Total time for which application threads were stopped: 0.0079670 seconds, Stopping threads took: 0.0000440 seconds
2017-08-07T11:34:04.147-0700: 4459.773: Total time for which application threads were stopped: 0.0001510 seconds, Stopping threads took: 0.0000310 seconds
{Heap before GC invocations=39 (full 2):
 par new generation   total 109248K, used 94890K [0x00000000e0000000, 0x00000000e8000000, 0x00000000e8000000)
  eden space 87424K, 100% used [0x00000000e0000000, 0x00000000e5560000, 0x00000000e5560000)
  from space 21824K,  34% used [0x00000000e6ab0000, 0x00000000e71faa80, 0x00000000e8000000)
  to   space 21824K,   0% used [0x00000000e5560000, 0x00000000e5560000, 0x00000000e6ab0000)
 concurrent mark-sweep generation total 393216K, used 20784K [0x00000000e8000000, 0x0000000100000000, 0x0000000100000000)
 Metaspace       used 40285K, capacity 41264K, committed 41628K, reserved 1085440K
  class space    used 4551K, capacity 4834K, committed 4964K, reserved 1048576K
2017-08-07T11:34:04.166-0700: 4459.804: [GC (Allocation Failure) 2017-08-07T11:34:04.166-0700: 4459.804: [ParNew
Desired survivor size 20112992 bytes, new threshold 8 (max 8)
- age   1:     422328 bytes,     422328 total
- age   2:    2908648 bytes,    3330976 total
- age   3:     850904 bytes,    4181880 total
- age   4:      80824 bytes,    4262704 total
- age   5:     913608 bytes,    5176312 total
- age   6:     406992 bytes,    5583304 total
- age   7:        920 bytes,    5584224 total
- age   8:       3456 bytes,    5587680 total
: 94890K->6526K(109248K), 0.0076110 secs] 115674K->27910K(502464K), 0.0076890 secs] [Times: user=0.06 sys=0.00, real=0.01 secs] 
Heap after GC invocations=40 (full 2):
 par new generation   total 109248K, used 6526K [0x00000000e0000000, 0x00000000e8000000, 0x00000000e8000000)
  eden space 87424K,   0% used [0x00000000e0000000, 0x00000000e0000000, 0x00000000e5560000)
  from space 21824K,  29% used [0x00000000e5560000, 0x00000000e5bbf950, 0x00000000e6ab0000)
  to   space 21824K,   0% used [0x00000000e6ab0000, 0x00000000e6ab0000, 0x00000000e8000000)
 concurrent mark-sweep generation total 393216K, used 21383K [0x00000000e8000000, 0x0000000100000000, 0x0000000100000000)
 Metaspace       used 40285K, capacity 41264K, committed 41628K, reserved 1085440K
  class space    used 4551K, capacity 4834K, committed 4964K, reserved 1048576K
}
2017-08-07T11:34:04.181-0700: 4459.811: Total time for which application threads were stopped: 0.0079610 seconds, Stopping threads took: 0.0000470 seconds
2017-08-07T11:34:04.317-0700: 4459.944: Total time for which application threads were stopped: 0.0002300 seconds, Stopping threads took: 0.0000710 seconds
2017-08-07T11:34:04.383-0700: 4460.023: Total time for which application threads were stopped: 0.0001770 seconds, Stopping threads took: 0.0000610 seconds
2017-08-07T11:34:04.398-0700: 4460.023: Total time for which application threads were stopped: 0.0001520 seconds, Stopping threads took: 0.0000830 seconds
2017-08-07T11:34:04.398-0700: 4460.024: Total time for which application threads were stopped: 0.0001000 seconds, Stopping threads took: 0.0000460 seconds
2017-08-07T11:34:04.402-0700: 4460.033: Total time for which application threads were stopped: 0.0002200 seconds, Stopping threads took: 0.0001180 seconds
2017-08-07T11:34:04.402-0700: 4460.034: Total time for which application threads were stopped: 0.0001040 seconds, Stopping threads took: 0.0000300 seconds
2017-08-07T11:34:04.402-0700: 4460.034: Total time for which application threads were stopped: 0.0001330 seconds, Stopping threads took: 0.0000500 seconds
2017-08-07T11:34:04.402-0700: 4460.035: Total time for which application threads were stopped: 0.0000960 seconds, Stopping threads took: 0.0000280 seconds
2017-08-07T11:34:04.402-0700: 4460.036: Total time for which application threads were stopped: 0.0001570 seconds, Stopping threads took: 0.0000800 seconds
2017-08-07T11:34:04.452-0700: 4460.080: Total time for which application threads were stopped: 0.0002940 seconds, Stopping threads took: 0.0000490 seconds
2017-08-07T11:34:04.452-0700: 4460.080: Total time for which application threads were stopped: 0.0001240 seconds, Stopping threads took: 0.0000390 seconds
2017-08-07T11:34:04.452-0700: 4460.080: Total time for which application threads were stopped: 0.0001180 seconds, Stopping threads took: 0.0000310 seconds
2017-08-07T11:34:04.452-0700: 4460.081: Total time for which application threads were stopped: 0.0000880 seconds, Stopping threads took: 0.0000260 seconds
2017-08-07T11:34:04.452-0700: 4460.081: Total time for which application threads were stopped: 0.0000690 seconds, Stopping threads took: 0.0000220 seconds
2017-08-07T11:34:04.452-0700: 4460.081: Total time for which application threads were stopped: 0.0000970 seconds, Stopping threads took: 0.0000260 seconds
2017-08-07T11:34:04.452-0700: 4460.081: Total time for which application threads were stopped: 0.0000750 seconds, Stopping threads took: 0.0000260 seconds
2017-08-07T11:34:04.452-0700: 4460.081: Total time for which application threads were stopped: 0.0000820 seconds, Stopping threads took: 0.0000270 seconds
2017-08-07T11:34:04.452-0700: 4460.082: Total time for which application threads were stopped: 0.0000730 seconds, Stopping threads took: 0.0000270 seconds
2017-08-07T11:34:04.468-0700: 4460.094: Total time for which application threads were stopped: 0.0001560 seconds, Stopping threads took: 0.0000480 seconds
2017-08-07T11:34:04.949-0700: 4460.583: Total time for which application threads were stopped: 0.0001900 seconds, Stopping threads took: 0.0000590 seconds
2017-08-07T11:34:04.949-0700: 4460.583: Total time for which application threads were stopped: 0.0001360 seconds, Stopping threads took: 0.0000400 seconds
2017-08-07T11:34:04.949-0700: 4460.584: Total time for which application threads were stopped: 0.0001350 seconds, Stopping threads took: 0.0000450 seconds
2017-08-07T11:34:04.949-0700: 4460.584: Total time for which application threads were stopped: 0.0001150 seconds, Stopping threads took: 0.0000320 seconds
2017-08-07T11:34:04.949-0700: 4460.584: Total time for which application threads were stopped: 0.0001190 seconds, Stopping threads took: 0.0000360 seconds
2017-08-07T11:34:04.949-0700: 4460.586: Total time for which application threads were stopped: 0.0002210 seconds, Stopping threads took: 0.0000600 seconds
2017-08-07T11:34:04.949-0700: 4460.588: Total time for which application threads were stopped: 0.0001840 seconds, Stopping threads took: 0.0000640 seconds
2017-08-07T11:34:04.972-0700: 4460.609: Total time for which application threads were stopped: 0.0002090 seconds, Stopping threads took: 0.0000700 seconds
2017-08-07T11:34:04.972-0700: 4460.610: Total time for which application threads were stopped: 0.0001490 seconds, Stopping threads took: 0.0000390 seconds
2017-08-07T11:34:04.972-0700: 4460.610: Total time for which application threads were stopped: 0.0001350 seconds, Stopping threads took: 0.0000380 seconds
2017-08-07T11:34:04.972-0700: 4460.611: Total time for which application threads were stopped: 0.0002780 seconds, Stopping threads took: 0.0000310 seconds
2017-08-07T11:34:05.204-0700: 4460.832: Total time for which application threads were stopped: 0.0002050 seconds, Stopping threads took: 0.0000560 seconds
2017-08-07T11:34:05.204-0700: 4460.832: Total time for which application threads were stopped: 0.0001460 seconds, Stopping threads took: 0.0000360 seconds
2017-08-07T11:34:05.204-0700: 4460.833: Total time for which application threads were stopped: 0.0001450 seconds, Stopping threads took: 0.0000350 seconds
2017-08-07T11:34:05.204-0700: 4460.834: Total time for which application threads were stopped: 0.0001620 seconds, Stopping threads took: 0.0000470 seconds
2017-08-07T11:34:05.204-0700: 4460.835: Total time for which application threads were stopped: 0.0002200 seconds, Stopping threads took: 0.0000450 seconds
2017-08-07T11:34:05.223-0700: 4460.848: Total time for which application threads were stopped: 0.0002180 seconds, Stopping threads took: 0.0000590 seconds
2017-08-07T11:34:05.224-0700: 4460.849: Total time for which application threads were stopped: 0.0001620 seconds, Stopping threads took: 0.0000420 seconds
2017-08-07T11:34:05.224-0700: 4460.849: Total time for which application threads were stopped: 0.0000930 seconds, Stopping threads took: 0.0000290 seconds
2017-08-07T11:34:05.224-0700: 4460.849: Total time for which application threads were stopped: 0.0000940 seconds, Stopping threads took: 0.0000290 seconds
2017-08-07T11:34:05.224-0700: 4460.849: Total time for which application threads were stopped: 0.0000910 seconds, Stopping threads took: 0.0000260 seconds
2017-08-07T11:34:05.224-0700: 4460.849: Total time for which application threads were stopped: 0.0000820 seconds, Stopping threads took: 0.0000240 seconds
2017-08-07T11:34:05.236-0700: 4460.863: Total time for which application threads were stopped: 0.0001890 seconds, Stopping threads took: 0.0000560 seconds
2017-08-07T11:34:05.438-0700: 4461.064: Total time for which application threads were stopped: 0.0001820 seconds, Stopping threads took: 0.0000480 seconds
2017-08-07T11:34:06.439-0700: 4462.064: Total time for which application threads were stopped: 0.0001600 seconds, Stopping threads took: 0.0000660 seconds
2017-08-07T11:34:06.888-0700: 4462.518: Total time for which application threads were stopped: 0.0003260 seconds, Stopping threads took: 0.0001110 seconds
2017-08-07T11:34:06.907-0700: 4462.537: Total time for which application threads were stopped: 0.0002490 seconds, Stopping threads took: 0.0000840 seconds
2017-08-07T11:34:06.907-0700: 4462.538: Total time for which application threads were stopped: 0.0002890 seconds, Stopping threads took: 0.0001380 seconds
2017-08-07T11:34:07.142-0700: 4462.767: Total time for which application threads were stopped: 0.0002400 seconds, Stopping threads took: 0.0001330 seconds
2017-08-07T11:34:07.143-0700: 4462.768: Total time for which application threads were stopped: 0.0000950 seconds, Stopping threads took: 0.0000250 seconds
2017-08-07T11:34:07.143-0700: 4462.768: Total time for which application threads were stopped: 0.0001460 seconds, Stopping threads took: 0.0000350 seconds
2017-08-07T11:34:07.144-0700: 4462.769: Total time for which application threads were stopped: 0.0000860 seconds, Stopping threads took: 0.0000240 seconds
2017-08-07T11:34:07.146-0700: 4462.771: Total time for which application threads were stopped: 0.0001570 seconds, Stopping threads took: 0.0000360 seconds
2017-08-07T11:34:07.147-0700: 4462.772: Total time for which application threads were stopped: 0.0001480 seconds, Stopping threads took: 0.0000300 seconds
2017-08-07T11:34:07.147-0700: 4462.772: Total time for which application threads were stopped: 0.0001840 seconds, Stopping threads took: 0.0000860 seconds
2017-08-07T11:34:07.177-0700: 4462.802: Total time for which application threads were stopped: 0.0002960 seconds, Stopping threads took: 0.0000890 seconds
2017-08-07T11:34:07.200-0700: 4462.825: Total time for which application threads were stopped: 0.0003080 seconds, Stopping threads took: 0.0000840 seconds
2017-08-07T11:34:07.200-0700: 4462.826: Total time for which application threads were stopped: 0.0001970 seconds, Stopping threads took: 0.0000620 seconds
2017-08-07T11:34:07.201-0700: 4462.826: Total time for which application threads were stopped: 0.0002750 seconds, Stopping threads took: 0.0000640 seconds
2017-08-07T11:34:07.202-0700: 4462.827: Total time for which application threads were stopped: 0.0002070 seconds, Stopping threads took: 0.0000730 seconds
2017-08-07T11:34:07.202-0700: 4462.827: Total time for which application threads were stopped: 0.0002120 seconds, Stopping threads took: 0.0000660 seconds
2017-08-07T11:34:07.203-0700: 4462.828: Total time for which application threads were stopped: 0.0002000 seconds, Stopping threads took: 0.0000620 seconds
2017-08-07T11:34:07.614-0700: 4463.240: Total time for which application threads were stopped: 0.0003830 seconds, Stopping threads took: 0.0001050 seconds
2017-08-07T11:34:07.615-0700: 4463.240: Total time for which application threads were stopped: 0.0002980 seconds, Stopping threads took: 0.0000780 seconds
{Heap before GC invocations=40 (full 2):
 par new generation   total 109248K, used 93950K [0x00000000e0000000, 0x00000000e8000000, 0x00000000e8000000)
  eden space 87424K, 100% used [0x00000000e0000000, 0x00000000e5560000, 0x00000000e5560000)
  from space 21824K,  29% used [0x00000000e5560000, 0x00000000e5bbf950, 0x00000000e6ab0000)
  to   space 21824K,   0% used [0x00000000e6ab0000, 0x00000000e6ab0000, 0x00000000e8000000)
 concurrent mark-sweep generation total 393216K, used 21383K [0x00000000e8000000, 0x0000000100000000, 0x0000000100000000)
 Metaspace       used 40377K, capacity 41392K, committed 41628K, reserved 1085440K
  class space    used 4551K, capacity 4834K, committed 4964K, reserved 1048576K
2017-08-07T11:34:07.665-0700: 4463.290: [GC (Allocation Failure) 2017-08-07T11:34:07.665-0700: 4463.290: [ParNew
Desired survivor size 20112992 bytes, new threshold 8 (max 8)
- age   1:    2231424 bytes,    2231424 total
- age   2:      81824 bytes,    2313248 total
- age   3:    1875016 bytes,    4188264 total
- age   4:     382600 bytes,    4570864 total
- age   5:      80824 bytes,    4651688 total
- age   6:     912920 bytes,    5564608 total
- age   7:     339208 bytes,    5903816 total
- age   8:        920 bytes,    5904736 total
: 93950K->9446K(109248K), 0.0235950 secs] 115334K->30833K(502464K), 0.0238060 secs] [Times: user=0.01 sys=0.00, real=0.02 secs] 
Heap after GC invocations=41 (full 2):
 par new generation   total 109248K, used 9446K [0x00000000e0000000, 0x00000000e8000000, 0x00000000e8000000)
  eden space 87424K,   0% used [0x00000000e0000000, 0x00000000e0000000, 0x00000000e5560000)
  from space 21824K,  43% used [0x00000000e6ab0000, 0x00000000e73e98e8, 0x00000000e8000000)
  to   space 21824K,   0% used [0x00000000e5560000, 0x00000000e5560000, 0x00000000e6ab0000)
 concurrent mark-sweep generation total 393216K, used 21387K [0x00000000e8000000, 0x0000000100000000, 0x0000000100000000)
 Metaspace       used 40377K, capacity 41392K, committed 41628K, reserved 1085440K
  class space    used 4551K, capacity 4834K, committed 4964K, reserved 1048576K
}
2017-08-07T11:34:07.682-0700: 4463.314: Total time for which application threads were stopped: 0.0245020 seconds, Stopping threads took: 0.0001100 seconds
2017-08-07T11:34:07.682-0700: 4463.315: Total time for which application threads were stopped: 0.0003230 seconds, Stopping threads took: 0.0000970 seconds
2017-08-07T11:34:08.690-0700: 4464.315: Total time for which application threads were stopped: 0.0003680 seconds, Stopping threads took: 0.0001000 seconds
2017-08-07T11:34:08.891-0700: 4464.515: Total time for which application threads were stopped: 0.0006060 seconds, Stopping threads took: 0.0001140 seconds
2017-08-07T11:34:08.891-0700: 4464.516: Total time for which application threads were stopped: 0.0002520 seconds, Stopping threads took: 0.0000950 seconds
2017-08-07T11:34:08.891-0700: 4464.517: Total time for which application threads were stopped: 0.0002410 seconds, Stopping threads took: 0.0000900 seconds
2017-08-07T11:34:08.891-0700: 4464.520: Total time for which application threads were stopped: 0.0002710 seconds, Stopping threads took: 0.0000930 seconds
2017-08-07T11:34:08.907-0700: 4464.539: Total time for which application threads were stopped: 0.0005370 seconds, Stopping threads took: 0.0001500 seconds
2017-08-07T11:34:08.907-0700: 4464.541: Total time for which application threads were stopped: 0.0003800 seconds, Stopping threads took: 0.0001200 seconds
2017-08-07T11:34:08.923-0700: 4464.556: Total time for which application threads were stopped: 0.0003180 seconds, Stopping threads took: 0.0001260 seconds
2017-08-07T11:34:08.923-0700: 4464.557: Total time for which application threads were stopped: 0.0002430 seconds, Stopping threads took: 0.0000760 seconds
2017-08-07T11:34:08.923-0700: 4464.558: Total time for which application threads were stopped: 0.0001870 seconds, Stopping threads took: 0.0000580 seconds
2017-08-07T11:34:08.923-0700: 4464.558: Total time for which application threads were stopped: 0.0001770 seconds, Stopping threads took: 0.0000540 seconds
2017-08-07T11:34:08.923-0700: 4464.558: Total time for which application threads were stopped: 0.0002260 seconds, Stopping threads took: 0.0000740 seconds
2017-08-07T11:34:08.923-0700: 4464.559: Total time for which application threads were stopped: 0.0001890 seconds, Stopping threads took: 0.0000610 seconds
2017-08-07T11:34:08.923-0700: 4464.561: Total time for which application threads were stopped: 0.0003130 seconds, Stopping threads took: 0.0000840 seconds
2017-08-07T11:34:09.124-0700: 4464.761: Total time for which application threads were stopped: 0.0002120 seconds, Stopping threads took: 0.0000660 seconds
2017-08-07T11:34:09.124-0700: 4464.761: Total time for which application threads were stopped: 0.0001310 seconds, Stopping threads took: 0.0000450 seconds
2017-08-07T11:34:09.124-0700: 4464.762: Total time for which application threads were stopped: 0.0002850 seconds, Stopping threads took: 0.0001890 seconds
2017-08-07T11:34:09.124-0700: 4464.763: Total time for which application threads were stopped: 0.0002900 seconds, Stopping threads took: 0.0001910 seconds
2017-08-07T11:34:09.140-0700: 4464.765: Total time for which application threads were stopped: 0.0002370 seconds, Stopping threads took: 0.0001010 seconds
2017-08-07T11:34:09.144-0700: 4464.773: Total time for which application threads were stopped: 0.0004520 seconds, Stopping threads took: 0.0002990 seconds
2017-08-07T11:34:09.144-0700: 4464.774: Total time for which application threads were stopped: 0.0002690 seconds, Stopping threads took: 0.0001670 seconds
2017-08-07T11:34:09.144-0700: 4464.774: Total time for which application threads were stopped: 0.0002440 seconds, Stopping threads took: 0.0001450 seconds
2017-08-07T11:34:09.144-0700: 4464.774: Total time for which application threads were stopped: 0.0002290 seconds, Stopping threads took: 0.0001310 seconds
2017-08-07T11:34:09.144-0700: 4464.775: Total time for which application threads were stopped: 0.0002950 seconds, Stopping threads took: 0.0001710 seconds
2017-08-07T11:34:09.144-0700: 4464.775: Total time for which application threads were stopped: 0.0002980 seconds, Stopping threads took: 0.0001990 seconds
2017-08-07T11:34:09.144-0700: 4464.776: Total time for which application threads were stopped: 0.0002950 seconds, Stopping threads took: 0.0001970 seconds
2017-08-07T11:34:09.144-0700: 4464.776: Total time for which application threads were stopped: 0.0002660 seconds, Stopping threads took: 0.0001680 seconds
2017-08-07T11:34:09.144-0700: 4464.777: Total time for which application threads were stopped: 0.0002160 seconds, Stopping threads took: 0.0001230 seconds
2017-08-07T11:34:09.144-0700: 4464.777: Total time for which application threads were stopped: 0.0002620 seconds, Stopping threads took: 0.0001650 seconds
2017-08-07T11:34:09.175-0700: 4464.802: Total time for which application threads were stopped: 0.0002220 seconds, Stopping threads took: 0.0000680 seconds
2017-08-07T11:34:09.175-0700: 4464.802: Total time for which application threads were stopped: 0.0001480 seconds, Stopping threads took: 0.0000470 seconds
2017-08-07T11:34:09.175-0700: 4464.802: Total time for which application threads were stopped: 0.0001440 seconds, Stopping threads took: 0.0000490 seconds
2017-08-07T11:34:09.175-0700: 4464.803: Total time for which application threads were stopped: 0.0002690 seconds, Stopping threads took: 0.0001690 seconds
2017-08-07T11:34:09.192-0700: 4464.817: Total time for which application threads were stopped: 0.0004430 seconds, Stopping threads took: 0.0001530 seconds
2017-08-07T11:34:09.193-0700: 4464.818: Total time for which application threads were stopped: 0.0002220 seconds, Stopping threads took: 0.0000700 seconds
2017-08-07T11:34:10.050-0700: 4465.675: Total time for which application threads were stopped: 0.0004370 seconds, Stopping threads took: 0.0001090 seconds
2017-08-07T11:34:10.050-0700: 4465.675: Total time for which application threads were stopped: 0.0002790 seconds, Stopping threads took: 0.0000930 seconds
2017-08-07T11:34:10.838-0700: 4466.464: Total time for which application threads were stopped: 0.0001530 seconds, Stopping threads took: 0.0000470 seconds
2017-08-07T11:34:10.838-0700: 4466.465: Total time for which application threads were stopped: 0.0002550 seconds, Stopping threads took: 0.0000500 seconds
2017-08-07T11:34:10.838-0700: 4466.471: Total time for which application threads were stopped: 0.0001630 seconds, Stopping threads took: 0.0000600 seconds
2017-08-07T11:34:10.838-0700: 4466.472: Total time for which application threads were stopped: 0.0002190 seconds, Stopping threads took: 0.0000360 seconds
2017-08-07T11:34:10.838-0700: 4466.477: Total time for which application threads were stopped: 0.0001820 seconds, Stopping threads took: 0.0000910 seconds
2017-08-07T11:34:11.009-0700: 4466.639: Total time for which application threads were stopped: 0.0001960 seconds, Stopping threads took: 0.0000570 seconds
2017-08-07T11:34:11.040-0700: 4466.666: Total time for which application threads were stopped: 0.0002050 seconds, Stopping threads took: 0.0000570 seconds
2017-08-07T11:34:11.040-0700: 4466.666: Total time for which application threads were stopped: 0.0001500 seconds, Stopping threads took: 0.0000400 seconds
2017-08-07T11:34:11.040-0700: 4466.667: Total time for which application threads were stopped: 0.0001070 seconds, Stopping threads took: 0.0000350 seconds
2017-08-07T11:34:11.040-0700: 4466.667: Total time for which application threads were stopped: 0.0001040 seconds, Stopping threads took: 0.0000350 seconds
2017-08-07T11:34:11.058-0700: 4466.683: Total time for which application threads were stopped: 0.0003690 seconds, Stopping threads took: 0.0001240 seconds
2017-08-07T11:34:11.058-0700: 4466.683: Total time for which application threads were stopped: 0.0002500 seconds, Stopping threads took: 0.0000800 seconds
2017-08-07T11:34:11.342-0700: 4466.969: Total time for which application threads were stopped: 0.0003500 seconds, Stopping threads took: 0.0001050 seconds
2017-08-07T11:34:11.342-0700: 4466.970: Total time for which application threads were stopped: 0.0002500 seconds, Stopping threads took: 0.0000780 seconds
2017-08-07T11:34:12.345-0700: 4467.970: Total time for which application threads were stopped: 0.0001130 seconds, Stopping threads took: 0.0000430 seconds
2017-08-07T11:34:12.754-0700: 4468.381: Total time for which application threads were stopped: 0.0004570 seconds, Stopping threads took: 0.0001550 seconds
2017-08-07T11:34:12.754-0700: 4468.383: Total time for which application threads were stopped: 0.0002950 seconds, Stopping threads took: 0.0001060 seconds
2017-08-07T11:34:12.773-0700: 4468.401: Total time for which application threads were stopped: 0.0004830 seconds, Stopping threads took: 0.0002490 seconds
2017-08-07T11:34:12.773-0700: 4468.403: Total time for which application threads were stopped: 0.0002920 seconds, Stopping threads took: 0.0000840 seconds
2017-08-07T11:34:12.773-0700: 4468.404: Total time for which application threads were stopped: 0.0003250 seconds, Stopping threads took: 0.0000810 seconds
2017-08-07T11:34:13.091-0700: 4468.724: Total time for which application threads were stopped: 0.0004400 seconds, Stopping threads took: 0.0000960 seconds
2017-08-07T11:34:13.142-0700: 4468.768: Total time for which application threads were stopped: 0.0002600 seconds, Stopping threads took: 0.0000730 seconds
2017-08-07T11:34:13.142-0700: 4468.768: Total time for which application threads were stopped: 0.0001650 seconds, Stopping threads took: 0.0000530 seconds
2017-08-07T11:34:13.142-0700: 4468.769: Total time for which application threads were stopped: 0.0001700 seconds, Stopping threads took: 0.0000510 seconds
2017-08-07T11:34:13.142-0700: 4468.769: Total time for which application threads were stopped: 0.0001630 seconds, Stopping threads took: 0.0000520 seconds
2017-08-07T11:34:13.142-0700: 4468.770: Total time for which application threads were stopped: 0.0001590 seconds, Stopping threads took: 0.0000510 seconds
2017-08-07T11:34:13.142-0700: 4468.770: Total time for which application threads were stopped: 0.0001550 seconds, Stopping threads took: 0.0000510 seconds
2017-08-07T11:34:13.579-0700: 4469.204: Total time for which application threads were stopped: 0.0005740 seconds, Stopping threads took: 0.0002630 seconds
2017-08-07T11:34:13.579-0700: 4469.204: Total time for which application threads were stopped: 0.0003030 seconds, Stopping threads took: 0.0000970 seconds
2017-08-07T11:34:13.964-0700: 4469.592: Total time for which application threads were stopped: 0.0007570 seconds, Stopping threads took: 0.0001100 seconds
2017-08-07T11:34:14.808-0700: 4470.438: Total time for which application threads were stopped: 0.0001720 seconds, Stopping threads took: 0.0000520 seconds
2017-08-07T11:34:14.808-0700: 4470.439: Total time for which application threads were stopped: 0.0001080 seconds, Stopping threads took: 0.0000550 seconds
2017-08-07T11:34:14.808-0700: 4470.444: Total time for which application threads were stopped: 0.0001500 seconds, Stopping threads took: 0.0000560 seconds
2017-08-07T11:34:14.808-0700: 4470.445: Total time for which application threads were stopped: 0.0001100 seconds, Stopping threads took: 0.0000360 seconds
2017-08-07T11:34:15.043-0700: 4470.668: Total time for which application threads were stopped: 0.0002160 seconds, Stopping threads took: 0.0000760 seconds
2017-08-07T11:34:15.076-0700: 4470.702: Total time for which application threads were stopped: 0.0001630 seconds, Stopping threads took: 0.0000480 seconds
2017-08-07T11:34:15.076-0700: 4470.702: Total time for which application threads were stopped: 0.0000730 seconds, Stopping threads took: 0.0000250 seconds
2017-08-07T11:34:15.076-0700: 4470.702: Total time for which application threads were stopped: 0.0000730 seconds, Stopping threads took: 0.0000240 seconds
2017-08-07T11:34:15.076-0700: 4470.703: Total time for which application threads were stopped: 0.0000700 seconds, Stopping threads took: 0.0000250 seconds
2017-08-07T11:34:16.758-0700: 4472.396: Total time for which application threads were stopped: 0.0004540 seconds, Stopping threads took: 0.0001550 seconds
2017-08-07T11:34:16.758-0700: 4472.398: Total time for which application threads were stopped: 0.0004210 seconds, Stopping threads took: 0.0001820 seconds
2017-08-07T11:34:16.790-0700: 4472.416: Total time for which application threads were stopped: 0.0003040 seconds, Stopping threads took: 0.0001030 seconds
2017-08-07T11:34:16.790-0700: 4472.418: Total time for which application threads were stopped: 0.0002490 seconds, Stopping threads took: 0.0000820 seconds
2017-08-07T11:34:17.161-0700: 4472.788: Total time for which application threads were stopped: 0.0002290 seconds, Stopping threads took: 0.0000760 seconds
2017-08-07T11:34:17.227-0700: 4472.854: Total time for which application threads were stopped: 0.0002070 seconds, Stopping threads took: 0.0000830 seconds
2017-08-07T11:34:17.227-0700: 4472.854: Total time for which application threads were stopped: 0.0001370 seconds, Stopping threads took: 0.0000430 seconds
2017-08-07T11:34:17.227-0700: 4472.854: Total time for which application threads were stopped: 0.0001940 seconds, Stopping threads took: 0.0001290 seconds
2017-08-07T11:34:17.227-0700: 4472.855: Total time for which application threads were stopped: 0.0000900 seconds, Stopping threads took: 0.0000310 seconds
2017-08-07T11:34:18.230-0700: 4473.855: Total time for which application threads were stopped: 0.0002790 seconds, Stopping threads took: 0.0001090 seconds
2017-08-07T11:34:18.858-0700: 4474.497: Total time for which application threads were stopped: 0.0005210 seconds, Stopping threads took: 0.0001590 seconds
2017-08-07T11:34:18.874-0700: 4474.499: Total time for which application threads were stopped: 0.0003910 seconds, Stopping threads took: 0.0001340 seconds
2017-08-07T11:34:18.892-0700: 4474.518: Total time for which application threads were stopped: 0.0002550 seconds, Stopping threads took: 0.0000890 seconds
2017-08-07T11:34:18.892-0700: 4474.520: Total time for which application threads were stopped: 0.0002920 seconds, Stopping threads took: 0.0000880 seconds
2017-08-07T11:34:19.279-0700: 4474.908: Total time for which application threads were stopped: 0.0002570 seconds, Stopping threads took: 0.0001340 seconds
2017-08-07T11:34:19.279-0700: 4474.911: Total time for which application threads were stopped: 0.0003440 seconds, Stopping threads took: 0.0002360 seconds
2017-08-07T11:34:19.295-0700: 4474.921: Total time for which application threads were stopped: 0.0001810 seconds, Stopping threads took: 0.0000480 seconds
2017-08-07T11:34:19.311-0700: 4474.939: Total time for which application threads were stopped: 0.0009770 seconds, Stopping threads took: 0.0000530 seconds
2017-08-07T11:34:19.311-0700: 4474.943: Total time for which application threads were stopped: 0.0001500 seconds, Stopping threads took: 0.0000510 seconds
2017-08-07T11:34:19.311-0700: 4474.943: Total time for which application threads were stopped: 0.0000970 seconds, Stopping threads took: 0.0000360 seconds
2017-08-07T11:34:19.311-0700: 4474.943: Total time for which application threads were stopped: 0.0001050 seconds, Stopping threads took: 0.0000510 seconds
2017-08-07T11:34:19.311-0700: 4474.943: Total time for which application threads were stopped: 0.0000800 seconds, Stopping threads took: 0.0000290 seconds
2017-08-07T11:34:19.311-0700: 4474.943: Total time for which application threads were stopped: 0.0000840 seconds, Stopping threads took: 0.0000330 seconds
2017-08-07T11:34:19.311-0700: 4474.944: Total time for which application threads were stopped: 0.0000990 seconds, Stopping threads took: 0.0000280 seconds
2017-08-07T11:34:19.311-0700: 4474.944: Total time for which application threads were stopped: 0.0002260 seconds, Stopping threads took: 0.0000550 seconds
2017-08-07T11:34:19.329-0700: 4474.954: Total time for which application threads were stopped: 0.0002660 seconds, Stopping threads took: 0.0001030 seconds
2017-08-07T11:34:19.330-0700: 4474.969: Total time for which application threads were stopped: 0.0004450 seconds, Stopping threads took: 0.0001030 seconds
2017-08-07T11:34:19.345-0700: 4474.970: Total time for which application threads were stopped: 0.0003170 seconds, Stopping threads took: 0.0001920 seconds
2017-08-07T11:34:19.345-0700: 4474.972: Total time for which application threads were stopped: 0.0001600 seconds, Stopping threads took: 0.0000620 seconds
2017-08-07T11:34:19.361-0700: 4474.988: Total time for which application threads were stopped: 0.0002660 seconds, Stopping threads took: 0.0000910 seconds
2017-08-07T11:34:19.483-0700: 4475.108: Total time for which application threads were stopped: 0.0012270 seconds, Stopping threads took: 0.0000630 seconds
2017-08-07T11:34:19.491-0700: 4475.117: Total time for which application threads were stopped: 0.0009060 seconds, Stopping threads took: 0.0000460 seconds
{Heap before GC invocations=41 (full 2):
 par new generation   total 109248K, used 96870K [0x00000000e0000000, 0x00000000e8000000, 0x00000000e8000000)
  eden space 87424K, 100% used [0x00000000e0000000, 0x00000000e5560000, 0x00000000e5560000)
  from space 21824K,  43% used [0x00000000e6ab0000, 0x00000000e73e98e8, 0x00000000e8000000)
  to   space 21824K,   0% used [0x00000000e5560000, 0x00000000e5560000, 0x00000000e6ab0000)
 concurrent mark-sweep generation total 393216K, used 21387K [0x00000000e8000000, 0x0000000100000000, 0x0000000100000000)
 Metaspace       used 40809K, capacity 41812K, committed 42076K, reserved 1087488K
  class space    used 4597K, capacity 4866K, committed 4964K, reserved 1048576K
2017-08-07T11:34:19.758-0700: 4475.385: [GC (Allocation Failure) 2017-08-07T11:34:19.758-0700: 4475.385: [ParNew
Desired survivor size 20112992 bytes, new threshold 8 (max 8)
- age   1:    1955704 bytes,    1955704 total
- age   2:    1354296 bytes,    3310000 total
- age   3:      81824 bytes,    3391824 total
- age   4:    1175328 bytes,    4567152 total
- age   5:      69184 bytes,    4636336 total
- age   6:       2800 bytes,    4639136 total
- age   7:     251464 bytes,    4890600 total
- age   8:     339208 bytes,    5229808 total
: 96870K->6977K(109248K), 0.0205920 secs] 118257K->28365K(502464K), 0.0207840 secs] [Times: user=0.06 sys=0.00, real=0.02 secs] 
Heap after GC invocations=42 (full 2):
 par new generation   total 109248K, used 6977K [0x00000000e0000000, 0x00000000e8000000, 0x00000000e8000000)
  eden space 87424K,   0% used [0x00000000e0000000, 0x00000000e0000000, 0x00000000e5560000)
  from space 21824K,  31% used [0x00000000e5560000, 0x00000000e5c30650, 0x00000000e6ab0000)
  to   space 21824K,   0% used [0x00000000e6ab0000, 0x00000000e6ab0000, 0x00000000e8000000)
 concurrent mark-sweep generation total 393216K, used 21388K [0x00000000e8000000, 0x0000000100000000, 0x0000000100000000)
 Metaspace       used 40809K, capacity 41812K, committed 42076K, reserved 1087488K
  class space    used 4597K, capacity 4866K, committed 4964K, reserved 1048576K
}
2017-08-07T11:34:19.774-0700: 4475.406: Total time for which application threads were stopped: 0.0215160 seconds, Stopping threads took: 0.0001100 seconds
2017-08-07T11:34:19.774-0700: 4475.407: Total time for which application threads were stopped: 0.0005820 seconds, Stopping threads took: 0.0001040 seconds
2017-08-07T11:34:20.783-0700: 4476.408: Total time for which application threads were stopped: 0.0002060 seconds, Stopping threads took: 0.0000650 seconds
2017-08-07T11:34:21.307-0700: 4476.932: Total time for which application threads were stopped: 0.0001830 seconds, Stopping threads took: 0.0000470 seconds
2017-08-07T11:34:21.307-0700: 4476.932: Total time for which application threads were stopped: 0.0001090 seconds, Stopping threads took: 0.0000310 seconds
2017-08-07T11:34:21.307-0700: 4476.932: Total time for which application threads were stopped: 0.0000940 seconds, Stopping threads took: 0.0000260 seconds
2017-08-07T11:34:21.307-0700: 4476.933: Total time for which application threads were stopped: 0.0000910 seconds, Stopping threads took: 0.0000260 seconds
2017-08-07T11:34:21.307-0700: 4476.933: Total time for which application threads were stopped: 0.0000910 seconds, Stopping threads took: 0.0000240 seconds
2017-08-07T11:34:21.307-0700: 4476.933: Total time for which application threads were stopped: 0.0001860 seconds, Stopping threads took: 0.0000230 seconds
2017-08-07T11:34:21.406-0700: 4477.031: Total time for which application threads were stopped: 0.0001590 seconds, Stopping threads took: 0.0000440 seconds
2017-08-07T11:34:21.406-0700: 4477.031: Total time for which application threads were stopped: 0.0000750 seconds, Stopping threads took: 0.0000270 seconds
2017-08-07T11:34:21.406-0700: 4477.031: Total time for which application threads were stopped: 0.0001620 seconds, Stopping threads took: 0.0000200 seconds
2017-08-07T11:34:21.407-0700: 4477.031: Total time for which application threads were stopped: 0.0000730 seconds, Stopping threads took: 0.0000250 seconds
2017-08-07T11:34:21.424-0700: 4477.050: Total time for which application threads were stopped: 0.0001340 seconds, Stopping threads took: 0.0000450 seconds
2017-08-07T11:34:23.123-0700: 4478.752: Total time for which application threads were stopped: 0.0003860 seconds, Stopping threads took: 0.0002150 seconds
2017-08-07T11:34:23.123-0700: 4478.752: Total time for which application threads were stopped: 0.0003600 seconds, Stopping threads took: 0.0001620 seconds
2017-08-07T11:34:23.305-0700: 4478.934: Total time for which application threads were stopped: 0.0002000 seconds, Stopping threads took: 0.0000850 seconds
2017-08-07T11:34:23.305-0700: 4478.941: Total time for which application threads were stopped: 0.0002700 seconds, Stopping threads took: 0.0000520 seconds
2017-08-07T11:34:23.340-0700: 4478.966: Total time for which application threads were stopped: 0.0001420 seconds, Stopping threads took: 0.0000420 seconds
2017-08-07T11:34:23.340-0700: 4478.966: Total time for which application threads were stopped: 0.0000670 seconds, Stopping threads took: 0.0000230 seconds
2017-08-07T11:34:23.340-0700: 4478.966: Total time for which application threads were stopped: 0.0000610 seconds, Stopping threads took: 0.0000200 seconds
2017-08-07T11:34:23.340-0700: 4478.967: Total time for which application threads were stopped: 0.0000580 seconds, Stopping threads took: 0.0000190 seconds
2017-08-07T11:34:24.342-0700: 4479.967: Total time for which application threads were stopped: 0.0003890 seconds, Stopping threads took: 0.0001300 seconds
2017-08-07T11:34:25.039-0700: 4480.664: Total time for which application threads were stopped: 0.0005940 seconds, Stopping threads took: 0.0001030 seconds
2017-08-07T11:34:25.242-0700: 4480.875: Total time for which application threads were stopped: 0.0002440 seconds, Stopping threads took: 0.0000930 seconds
2017-08-07T11:34:25.293-0700: 4480.930: Total time for which application threads were stopped: 0.0004060 seconds, Stopping threads took: 0.0001120 seconds
2017-08-07T11:34:25.293-0700: 4480.931: Total time for which application threads were stopped: 0.0002360 seconds, Stopping threads took: 0.0000800 seconds
2017-08-07T11:34:25.542-0700: 4481.167: Total time for which application threads were stopped: 0.0004730 seconds, Stopping threads took: 0.0002370 seconds
2017-08-07T11:34:25.542-0700: 4481.167: Total time for which application threads were stopped: 0.0003390 seconds, Stopping threads took: 0.0001150 seconds
2017-08-07T11:34:25.543-0700: 4481.168: Total time for which application threads were stopped: 0.0003850 seconds, Stopping threads took: 0.0002160 seconds
2017-08-07T11:34:26.543-0700: 4482.169: Total time for which application threads were stopped: 0.0003290 seconds, Stopping threads took: 0.0001280 seconds
2017-08-07T11:34:38.889-0700: 4494.523: Total time for which application threads were stopped: 0.0003110 seconds, Stopping threads took: 0.0001060 seconds
2017-08-07T11:34:38.889-0700: 4494.525: Total time for which application threads were stopped: 0.0002380 seconds, Stopping threads took: 0.0000780 seconds
2017-08-07T11:34:38.906-0700: 4494.533: Total time for which application threads were stopped: 0.0005960 seconds, Stopping threads took: 0.0001040 seconds
2017-08-07T11:34:39.908-0700: 4495.533: Total time for which application threads were stopped: 0.0002940 seconds, Stopping threads took: 0.0001300 seconds
2017-08-07T11:34:41.909-0700: 4497.534: Total time for which application threads were stopped: 0.0003570 seconds, Stopping threads took: 0.0001270 seconds
{Heap before GC invocations=42 (full 2):
 par new generation   total 109248K, used 94401K [0x00000000e0000000, 0x00000000e8000000, 0x00000000e8000000)
  eden space 87424K, 100% used [0x00000000e0000000, 0x00000000e5560000, 0x00000000e5560000)
  from space 21824K,  31% used [0x00000000e5560000, 0x00000000e5c30650, 0x00000000e6ab0000)
  to   space 21824K,   0% used [0x00000000e6ab0000, 0x00000000e6ab0000, 0x00000000e8000000)
 concurrent mark-sweep generation total 393216K, used 21388K [0x00000000e8000000, 0x0000000100000000, 0x0000000100000000)
 Metaspace       used 40833K, capacity 41812K, committed 42076K, reserved 1087488K
  class space    used 4597K, capacity 4866K, committed 4964K, reserved 1048576K
2017-08-07T11:34:54.332-0700: 4509.960: [GC (Allocation Failure) 2017-08-07T11:34:54.332-0700: 4509.960: [ParNew
Desired survivor size 20112992 bytes, new threshold 8 (max 8)
- age   1:    3025536 bytes,    3025536 total
- age   2:     516368 bytes,    3541904 total
- age   3:     414472 bytes,    3956376 total
- age   4:      81776 bytes,    4038152 total
- age   5:    1045312 bytes,    5083464 total
- age   6:      68000 bytes,    5151464 total
- age   7:       2800 bytes,    5154264 total
- age   8:     251056 bytes,    5405320 total
: 94401K->7185K(109248K), 0.0135230 secs] 115789K->28906K(502464K), 0.0136300 secs] [Times: user=0.06 sys=0.00, real=0.01 secs] 
Heap after GC invocations=43 (full 2):
 par new generation   total 109248K, used 7185K [0x00000000e0000000, 0x00000000e8000000, 0x00000000e8000000)
  eden space 87424K,   0% used [0x00000000e0000000, 0x00000000e0000000, 0x00000000e5560000)
  from space 21824K,  32% used [0x00000000e6ab0000, 0x00000000e71b46a8, 0x00000000e8000000)
  to   space 21824K,   0% used [0x00000000e5560000, 0x00000000e5560000, 0x00000000e6ab0000)
 concurrent mark-sweep generation total 393216K, used 21720K [0x00000000e8000000, 0x0000000100000000, 0x0000000100000000)
 Metaspace       used 40833K, capacity 41812K, committed 42076K, reserved 1087488K
  class space    used 4597K, capacity 4866K, committed 4964K, reserved 1048576K
}
2017-08-07T11:34:54.349-0700: 4509.974: Total time for which application threads were stopped: 0.0139800 seconds, Stopping threads took: 0.0000780 seconds
{Heap before GC invocations=43 (full 2):
 par new generation   total 109248K, used 94609K [0x00000000e0000000, 0x00000000e8000000, 0x00000000e8000000)
  eden space 87424K, 100% used [0x00000000e0000000, 0x00000000e5560000, 0x00000000e5560000)
  from space 21824K,  32% used [0x00000000e6ab0000, 0x00000000e71b46a8, 0x00000000e8000000)
  to   space 21824K,   0% used [0x00000000e5560000, 0x00000000e5560000, 0x00000000e6ab0000)
 concurrent mark-sweep generation total 393216K, used 21720K [0x00000000e8000000, 0x0000000100000000, 0x0000000100000000)
 Metaspace       used 40833K, capacity 41812K, committed 42076K, reserved 1087488K
  class space    used 4597K, capacity 4866K, committed 4964K, reserved 1048576K
2017-08-07T11:34:54.383-0700: 4510.013: [GC (Allocation Failure) 2017-08-07T11:34:54.383-0700: 4510.013: [ParNew
Desired survivor size 20112992 bytes, new threshold 8 (max 8)
- age   1:      82152 bytes,      82152 total
- age   2:    2813128 bytes,    2895280 total
- age   3:     515456 bytes,    3410736 total
- age   4:     414472 bytes,    3825208 total
- age   5:      81776 bytes,    3906984 total
- age   6:    1045312 bytes,    4952296 total
- age   7:      68000 bytes,    5020296 total
- age   8:       2800 bytes,    5023096 total
: 94609K->6581K(109248K), 0.0133050 secs] 116330K->28549K(502464K), 0.0134120 secs] [Times: user=0.06 sys=0.00, real=0.01 secs] 
Heap after GC invocations=44 (full 2):
 par new generation   total 109248K, used 6581K [0x00000000e0000000, 0x00000000e8000000, 0x00000000e8000000)
  eden space 87424K,   0% used [0x00000000e0000000, 0x00000000e0000000, 0x00000000e5560000)
  from space 21824K,  30% used [0x00000000e5560000, 0x00000000e5bcd780, 0x00000000e6ab0000)
  to   space 21824K,   0% used [0x00000000e6ab0000, 0x00000000e6ab0000, 0x00000000e8000000)
 concurrent mark-sweep generation total 393216K, used 21967K [0x00000000e8000000, 0x0000000100000000, 0x0000000100000000)
 Metaspace       used 40833K, capacity 41812K, committed 42076K, reserved 1087488K
  class space    used 4597K, capacity 4866K, committed 4964K, reserved 1048576K
}
2017-08-07T11:34:54.401-0700: 4510.027: Total time for which application threads were stopped: 0.0137620 seconds, Stopping threads took: 0.0000610 seconds
2017-08-07T11:34:54.534-0700: 4510.160: Total time for which application threads were stopped: 0.0002090 seconds, Stopping threads took: 0.0000890 seconds
2017-08-07T11:34:54.603-0700: 4510.230: Total time for which application threads were stopped: 0.0002060 seconds, Stopping threads took: 0.0000780 seconds
2017-08-07T11:34:54.603-0700: 4510.231: Total time for which application threads were stopped: 0.0001480 seconds, Stopping threads took: 0.0000770 seconds
2017-08-07T11:34:54.603-0700: 4510.241: Total time for which application threads were stopped: 0.0001820 seconds, Stopping threads took: 0.0000890 seconds
{Heap before GC invocations=44 (full 2):
 par new generation   total 109248K, used 94005K [0x00000000e0000000, 0x00000000e8000000, 0x00000000e8000000)
  eden space 87424K, 100% used [0x00000000e0000000, 0x00000000e5560000, 0x00000000e5560000)
  from space 21824K,  30% used [0x00000000e5560000, 0x00000000e5bcd780, 0x00000000e6ab0000)
  to   space 21824K,   0% used [0x00000000e6ab0000, 0x00000000e6ab0000, 0x00000000e8000000)
 concurrent mark-sweep generation total 393216K, used 21967K [0x00000000e8000000, 0x0000000100000000, 0x0000000100000000)
 Metaspace       used 40843K, capacity 41828K, committed 42076K, reserved 1087488K
  class space    used 4597K, capacity 4866K, committed 4964K, reserved 1048576K
2017-08-07T11:34:54.634-0700: 4510.265: [GC (Allocation Failure) 2017-08-07T11:34:54.634-0700: 4510.265: [ParNew
Desired survivor size 20112992 bytes, new threshold 8 (max 8)
- age   1:    1216616 bytes,    1216616 total
- age   2:      71256 bytes,    1287872 total
- age   3:    2194736 bytes,    3482608 total
- age   4:     514720 bytes,    3997328 total
- age   5:     409912 bytes,    4407240 total
- age   6:      81776 bytes,    4489016 total
- age   7:    1045312 bytes,    5534328 total
- age   8:      68000 bytes,    5602328 total
: 94005K->6868K(109248K), 0.0086890 secs] 115973K->28839K(502464K), 0.0087740 secs] [Times: user=0.00 sys=0.00, real=0.01 secs] 
Heap after GC invocations=45 (full 2):
 par new generation   total 109248K, used 6868K [0x00000000e0000000, 0x00000000e8000000, 0x00000000e8000000)
  eden space 87424K,   0% used [0x00000000e0000000, 0x00000000e0000000, 0x00000000e5560000)
  from space 21824K,  31% used [0x00000000e6ab0000, 0x00000000e7165290, 0x00000000e8000000)
  to   space 21824K,   0% used [0x00000000e5560000, 0x00000000e5560000, 0x00000000e6ab0000)
 concurrent mark-sweep generation total 393216K, used 21970K [0x00000000e8000000, 0x0000000100000000, 0x0000000100000000)
 Metaspace       used 40843K, capacity 41828K, committed 42076K, reserved 1087488K
  class space    used 4597K, capacity 4866K, committed 4964K, reserved 1048576K
}
2017-08-07T11:34:54.634-0700: 4510.274: Total time for which application threads were stopped: 0.0090580 seconds, Stopping threads took: 0.0000300 seconds
2017-08-07T11:34:54.634-0700: 4510.275: Total time for which application threads were stopped: 0.0002060 seconds, Stopping threads took: 0.0000540 seconds
2017-08-07T11:34:54.653-0700: 4510.279: Total time for which application threads were stopped: 0.0004050 seconds, Stopping threads took: 0.0003020 seconds
2017-08-07T11:34:54.653-0700: 4510.280: Total time for which application threads were stopped: 0.0000780 seconds, Stopping threads took: 0.0000270 seconds
2017-08-07T11:34:54.653-0700: 4510.280: Total time for which application threads were stopped: 0.0000580 seconds, Stopping threads took: 0.0000210 seconds
2017-08-07T11:34:54.653-0700: 4510.280: Total time for which application threads were stopped: 0.0000650 seconds, Stopping threads took: 0.0000240 seconds
2017-08-07T11:34:54.669-0700: 4510.295: Total time for which application threads were stopped: 0.0001710 seconds, Stopping threads took: 0.0000540 seconds
2017-08-07T11:34:54.685-0700: 4510.312: Total time for which application threads were stopped: 0.0001850 seconds, Stopping threads took: 0.0000430 seconds
2017-08-07T11:34:54.751-0700: 4510.380: Total time for which application threads were stopped: 0.0002170 seconds, Stopping threads took: 0.0000620 seconds
2017-08-07T11:34:54.751-0700: 4510.380: Total time for which application threads were stopped: 0.0000930 seconds, Stopping threads took: 0.0000270 seconds
2017-08-07T11:34:54.751-0700: 4510.381: Total time for which application threads were stopped: 0.0001280 seconds, Stopping threads took: 0.0000370 seconds
2017-08-07T11:34:54.751-0700: 4510.382: Total time for which application threads were stopped: 0.0001400 seconds, Stopping threads took: 0.0000410 seconds
2017-08-07T11:34:54.751-0700: 4510.384: Total time for which application threads were stopped: 0.0001470 seconds, Stopping threads took: 0.0000410 seconds
2017-08-07T11:34:54.772-0700: 4510.397: Total time for which application threads were stopped: 0.0002350 seconds, Stopping threads took: 0.0000660 seconds
2017-08-07T11:34:54.775-0700: 4510.400: Total time for which application threads were stopped: 0.0001970 seconds, Stopping threads took: 0.0000620 seconds
2017-08-07T11:34:54.775-0700: 4510.400: Total time for which application threads were stopped: 0.0002020 seconds, Stopping threads took: 0.0000370 seconds
2017-08-07T11:34:54.775-0700: 4510.400: Total time for which application threads were stopped: 0.0001320 seconds, Stopping threads took: 0.0000360 seconds
2017-08-07T11:34:54.775-0700: 4510.400: Total time for which application threads were stopped: 0.0001130 seconds, Stopping threads took: 0.0000300 seconds
2017-08-07T11:34:55.776-0700: 4511.401: Total time for which application threads were stopped: 0.0003300 seconds, Stopping threads took: 0.0001260 seconds
2017-08-07T11:34:56.406-0700: 4512.032: Total time for which application threads were stopped: 0.0002350 seconds, Stopping threads took: 0.0000690 seconds
2017-08-07T11:34:56.406-0700: 4512.033: Total time for which application threads were stopped: 0.0001460 seconds, Stopping threads took: 0.0000490 seconds
2017-08-07T11:34:56.406-0700: 4512.033: Total time for which application threads were stopped: 0.0001430 seconds, Stopping threads took: 0.0000480 seconds
2017-08-07T11:34:56.422-0700: 4512.058: Total time for which application threads were stopped: 0.0003950 seconds, Stopping threads took: 0.0001400 seconds
2017-08-07T11:34:56.422-0700: 4512.059: Total time for which application threads were stopped: 0.0003340 seconds, Stopping threads took: 0.0001660 seconds
2017-08-07T11:34:56.422-0700: 4512.060: Total time for which application threads were stopped: 0.0003390 seconds, Stopping threads took: 0.0001080 seconds
2017-08-07T11:34:56.422-0700: 4512.060: Total time for which application threads were stopped: 0.0004340 seconds, Stopping threads took: 0.0001700 seconds
2017-08-07T11:34:56.422-0700: 4512.061: Total time for which application threads were stopped: 0.0003250 seconds, Stopping threads took: 0.0001020 seconds
2017-08-07T11:34:56.422-0700: 4512.061: Total time for which application threads were stopped: 0.0003650 seconds, Stopping threads took: 0.0001730 seconds
2017-08-07T11:34:56.437-0700: 4512.062: Total time for which application threads were stopped: 0.0005470 seconds, Stopping threads took: 0.0002080 seconds
2017-08-07T11:34:56.708-0700: 4512.339: Total time for which application threads were stopped: 0.0002850 seconds, Stopping threads took: 0.0000810 seconds
2017-08-07T11:34:56.708-0700: 4512.341: Total time for which application threads were stopped: 0.0001940 seconds, Stopping threads took: 0.0000630 seconds
2017-08-07T11:34:56.708-0700: 4512.344: Total time for which application threads were stopped: 0.0003150 seconds, Stopping threads took: 0.0001530 seconds
2017-08-07T11:34:56.724-0700: 4512.359: Total time for which application threads were stopped: 0.0003040 seconds, Stopping threads took: 0.0001140 seconds
2017-08-07T11:34:56.759-0700: 4512.386: Total time for which application threads were stopped: 0.0002900 seconds, Stopping threads took: 0.0000820 seconds
2017-08-07T11:34:56.775-0700: 4512.402: Total time for which application threads were stopped: 0.0003030 seconds, Stopping threads took: 0.0000890 seconds
2017-08-07T11:34:56.775-0700: 4512.402: Total time for which application threads were stopped: 0.0002560 seconds, Stopping threads took: 0.0000630 seconds
2017-08-07T11:34:56.775-0700: 4512.402: Total time for which application threads were stopped: 0.0001890 seconds, Stopping threads took: 0.0000630 seconds
2017-08-07T11:34:56.775-0700: 4512.403: Total time for which application threads were stopped: 0.0001830 seconds, Stopping threads took: 0.0000620 seconds
2017-08-07T11:34:57.779-0700: 4513.404: Total time for which application threads were stopped: 0.0003440 seconds, Stopping threads took: 0.0001280 seconds
2017-08-07T11:34:58.473-0700: 4514.100: Total time for which application threads were stopped: 0.0003360 seconds, Stopping threads took: 0.0001020 seconds
2017-08-07T11:34:58.506-0700: 4514.131: Total time for which application threads were stopped: 0.0003540 seconds, Stopping threads took: 0.0001210 seconds
2017-08-07T11:34:58.792-0700: 4514.430: Total time for which application threads were stopped: 0.0002810 seconds, Stopping threads took: 0.0000900 seconds
2017-08-07T11:34:58.792-0700: 4514.431: Total time for which application threads were stopped: 0.0002650 seconds, Stopping threads took: 0.0001360 seconds
2017-08-07T11:34:58.810-0700: 4514.435: Total time for which application threads were stopped: 0.0002720 seconds, Stopping threads took: 0.0000980 seconds
2017-08-07T11:34:58.893-0700: 4514.520: Total time for which application threads were stopped: 0.0001360 seconds, Stopping threads took: 0.0000380 seconds
2017-08-07T11:34:58.893-0700: 4514.520: Total time for which application threads were stopped: 0.0000690 seconds, Stopping threads took: 0.0000230 seconds
2017-08-07T11:34:58.893-0700: 4514.520: Total time for which application threads were stopped: 0.0000710 seconds, Stopping threads took: 0.0000230 seconds
2017-08-07T11:34:58.893-0700: 4514.520: Total time for which application threads were stopped: 0.0000660 seconds, Stopping threads took: 0.0000230 seconds
2017-08-07T11:34:59.896-0700: 4515.521: Total time for which application threads were stopped: 0.0002900 seconds, Stopping threads took: 0.0001240 seconds
2017-08-07T11:35:00.156-0700: 4515.787: Total time for which application threads were stopped: 0.0003360 seconds, Stopping threads took: 0.0001210 seconds
2017-08-07T11:35:00.525-0700: 4516.150: Total time for which application threads were stopped: 0.0002530 seconds, Stopping threads took: 0.0001130 seconds
2017-08-07T11:35:00.526-0700: 4516.151: Total time for which application threads were stopped: 0.0001460 seconds, Stopping threads took: 0.0000480 seconds
2017-08-07T11:35:00.529-0700: 4516.155: Total time for which application threads were stopped: 0.0001950 seconds, Stopping threads took: 0.0000580 seconds
2017-08-07T11:35:01.530-0700: 4517.155: Total time for which application threads were stopped: 0.0002990 seconds, Stopping threads took: 0.0001290 seconds
{Heap before GC invocations=45 (full 2):
 par new generation   total 109248K, used 94292K [0x00000000e0000000, 0x00000000e8000000, 0x00000000e8000000)
  eden space 87424K, 100% used [0x00000000e0000000, 0x00000000e5560000, 0x00000000e5560000)
  from space 21824K,  31% used [0x00000000e6ab0000, 0x00000000e7165290, 0x00000000e8000000)
  to   space 21824K,   0% used [0x00000000e5560000, 0x00000000e5560000, 0x00000000e6ab0000)
 concurrent mark-sweep generation total 393216K, used 21970K [0x00000000e8000000, 0x0000000100000000, 0x0000000100000000)
 Metaspace       used 40977K, capacity 42000K, committed 42332K, reserved 1087488K
  class space    used 4607K, capacity 4884K, committed 4964K, reserved 1048576K
2017-08-07T11:35:31.252-0700: 4546.881: [GC (Allocation Failure) 2017-08-07T11:35:31.252-0700: 4546.881: [ParNew
Desired survivor size 20112992 bytes, new threshold 8 (max 8)
- age   1:    2364752 bytes,    2364752 total
- age   2:     629872 bytes,    2994624 total
- age   3:      71256 bytes,    3065880 total
- age   4:    1414840 bytes,    4480720 total
- age   5:     211704 bytes,    4692424 total
- age   6:     383112 bytes,    5075536 total
- age   7:      81776 bytes,    5157312 total
- age   8:    1041496 bytes,    6198808 total
: 94292K->8273K(109248K), 0.0107890 secs] 116263K->30311K(502464K), 0.0108810 secs] [Times: user=0.00 sys=0.00, real=0.01 secs] 
Heap after GC invocations=46 (full 2):
 par new generation   total 109248K, used 8273K [0x00000000e0000000, 0x00000000e8000000, 0x00000000e8000000)
  eden space 87424K,   0% used [0x00000000e0000000, 0x00000000e0000000, 0x00000000e5560000)
  from space 21824K,  37% used [0x00000000e5560000, 0x00000000e5d74598, 0x00000000e6ab0000)
  to   space 21824K,   0% used [0x00000000e6ab0000, 0x00000000e6ab0000, 0x00000000e8000000)
 concurrent mark-sweep generation total 393216K, used 22037K [0x00000000e8000000, 0x0000000100000000, 0x0000000100000000)
 Metaspace       used 40977K, capacity 42000K, committed 42332K, reserved 1087488K
  class space    used 4607K, capacity 4884K, committed 4964K, reserved 1048576K
}
2017-08-07T11:35:31.252-0700: 4546.892: Total time for which application threads were stopped: 0.0112060 seconds, Stopping threads took: 0.0000440 seconds
{Heap before GC invocations=46 (full 2):
 par new generation   total 109248K, used 95697K [0x00000000e0000000, 0x00000000e8000000, 0x00000000e8000000)
  eden space 87424K, 100% used [0x00000000e0000000, 0x00000000e5560000, 0x00000000e5560000)
  from space 21824K,  37% used [0x00000000e5560000, 0x00000000e5d74598, 0x00000000e6ab0000)
  to   space 21824K,   0% used [0x00000000e6ab0000, 0x00000000e6ab0000, 0x00000000e8000000)
 concurrent mark-sweep generation total 393216K, used 22037K [0x00000000e8000000, 0x0000000100000000, 0x0000000100000000)
 Metaspace       used 40978K, capacity 42000K, committed 42332K, reserved 1087488K
  class space    used 4607K, capacity 4884K, committed 4964K, reserved 1048576K
2017-08-07T11:35:31.287-0700: 4546.926: [GC (Allocation Failure) 2017-08-07T11:35:31.287-0700: 4546.926: [ParNew
Desired survivor size 20112992 bytes, new threshold 8 (max 8)
- age   1:     788088 bytes,     788088 total
- age   2:    2025440 bytes,    2813528 total
- age   3:     453096 bytes,    3266624 total
- age   4:      71256 bytes,    3337880 total
- age   5:     931848 bytes,    4269728 total
- age   6:     206040 bytes,    4475768 total
- age   7:     122848 bytes,    4598616 total
- age   8:       1512 bytes,    4600128 total
: 95697K->6040K(109248K), 0.0086740 secs] 117735K->28445K(502464K), 0.0087700 secs] [Times: user=0.05 sys=0.00, real=0.01 secs] 
Heap after GC invocations=47 (full 2):
 par new generation   total 109248K, used 6040K [0x00000000e0000000, 0x00000000e8000000, 0x00000000e8000000)
  eden space 87424K,   0% used [0x00000000e0000000, 0x00000000e0000000, 0x00000000e5560000)
  from space 21824K,  27% used [0x00000000e6ab0000, 0x00000000e7096390, 0x00000000e8000000)
  to   space 21824K,   0% used [0x00000000e5560000, 0x00000000e5560000, 0x00000000e6ab0000)
 concurrent mark-sweep generation total 393216K, used 22405K [0x00000000e8000000, 0x0000000100000000, 0x0000000100000000)
 Metaspace       used 40978K, capacity 42000K, committed 42332K, reserved 1087488K
  class space    used 4607K, capacity 4884K, committed 4964K, reserved 1048576K
}
2017-08-07T11:35:31.302-0700: 4546.935: Total time for which application threads were stopped: 0.0090800 seconds, Stopping threads took: 0.0000500 seconds
2017-08-07T11:35:31.453-0700: 4547.081: Total time for which application threads were stopped: 0.0001840 seconds, Stopping threads took: 0.0000620 seconds
{Heap before GC invocations=47 (full 2):
 par new generation   total 109248K, used 93464K [0x00000000e0000000, 0x00000000e8000000, 0x00000000e8000000)
  eden space 87424K, 100% used [0x00000000e0000000, 0x00000000e5560000, 0x00000000e5560000)
  from space 21824K,  27% used [0x00000000e6ab0000, 0x00000000e7096390, 0x00000000e8000000)
  to   space 21824K,   0% used [0x00000000e5560000, 0x00000000e5560000, 0x00000000e6ab0000)
 concurrent mark-sweep generation total 393216K, used 22405K [0x00000000e8000000, 0x0000000100000000, 0x0000000100000000)
 Metaspace       used 40983K, capacity 42000K, committed 42332K, reserved 1087488K
  class space    used 4607K, capacity 4884K, committed 4964K, reserved 1048576K
2017-08-07T11:35:31.469-0700: 4547.094: [GC (Allocation Failure) 2017-08-07T11:35:31.469-0700: 4547.094: [ParNew
Desired survivor size 20112992 bytes, new threshold 8 (max 8)
- age   1:    1063608 bytes,    1063608 total
- age   2:     135240 bytes,    1198848 total
- age   3:    2013240 bytes,    3212088 total
- age   4:     449048 bytes,    3661136 total
- age   5:      71256 bytes,    3732392 total
- age   6:     931400 bytes,    4663792 total
- age   7:     206040 bytes,    4869832 total
- age   8:     122848 bytes,    4992680 total
: 93464K->7005K(109248K), 0.0061180 secs] 115869K->29412K(502464K), 0.0062060 secs] [Times: user=0.00 sys=0.00, real=0.01 secs] 
Heap after GC invocations=48 (full 2):
 par new generation   total 109248K, used 7005K [0x00000000e0000000, 0x00000000e8000000, 0x00000000e8000000)
  eden space 87424K,   0% used [0x00000000e0000000, 0x00000000e0000000, 0x00000000e5560000)
  from space 21824K,  32% used [0x00000000e5560000, 0x00000000e5c37730, 0x00000000e6ab0000)
  to   space 21824K,   0% used [0x00000000e6ab0000, 0x00000000e6ab0000, 0x00000000e8000000)
 concurrent mark-sweep generation total 393216K, used 22406K [0x00000000e8000000, 0x0000000100000000, 0x0000000100000000)
 Metaspace       used 40983K, capacity 42000K, committed 42332K, reserved 1087488K
  class space    used 4607K, capacity 4884K, committed 4964K, reserved 1048576K
}
2017-08-07T11:35:31.472-0700: 4547.100: Total time for which application threads were stopped: 0.0064680 seconds, Stopping threads took: 0.0000420 seconds
2017-08-07T11:35:31.525-0700: 4547.158: Total time for which application threads were stopped: 0.0006020 seconds, Stopping threads took: 0.0001730 seconds
2017-08-07T11:35:31.525-0700: 4547.160: Total time for which application threads were stopped: 0.0004040 seconds, Stopping threads took: 0.0001670 seconds
2017-08-07T11:35:31.556-0700: 4547.193: Total time for which application threads were stopped: 0.0003220 seconds, Stopping threads took: 0.0001010 seconds
2017-08-07T11:35:31.676-0700: 4547.307: Total time for which application threads were stopped: 0.0003770 seconds, Stopping threads took: 0.0002240 seconds
2017-08-07T11:35:31.676-0700: 4547.308: Total time for which application threads were stopped: 0.0001600 seconds, Stopping threads took: 0.0000550 seconds
2017-08-07T11:35:31.676-0700: 4547.308: Total time for which application threads were stopped: 0.0001360 seconds, Stopping threads took: 0.0000430 seconds
2017-08-07T11:35:31.676-0700: 4547.309: Total time for which application threads were stopped: 0.0001630 seconds, Stopping threads took: 0.0000560 seconds
2017-08-07T11:35:31.692-0700: 4547.318: Total time for which application threads were stopped: 0.0003260 seconds, Stopping threads took: 0.0001120 seconds
2017-08-07T11:35:32.180-0700: 4547.805: Total time for which application threads were stopped: 0.0001890 seconds, Stopping threads took: 0.0000650 seconds
2017-08-07T11:35:32.183-0700: 4547.808: Total time for which application threads were stopped: 0.0002110 seconds, Stopping threads took: 0.0000730 seconds
2017-08-07T11:35:32.206-0700: 4547.834: Total time for which application threads were stopped: 0.0002940 seconds, Stopping threads took: 0.0001550 seconds
2017-08-07T11:35:33.070-0700: 4548.694: Total time for which application threads were stopped: 0.0002660 seconds, Stopping threads took: 0.0000950 seconds
2017-08-07T11:35:33.070-0700: 4548.695: Total time for which application threads were stopped: 0.0001350 seconds, Stopping threads took: 0.0000340 seconds
2017-08-07T11:35:33.070-0700: 4548.695: Total time for which application threads were stopped: 0.0001400 seconds, Stopping threads took: 0.0000360 seconds
2017-08-07T11:35:33.071-0700: 4548.696: Total time for which application threads were stopped: 0.0001630 seconds, Stopping threads took: 0.0000360 seconds
2017-08-07T11:35:33.072-0700: 4548.697: Total time for which application threads were stopped: 0.0001550 seconds, Stopping threads took: 0.0000440 seconds
2017-08-07T11:35:33.097-0700: 4548.724: Total time for which application threads were stopped: 0.0001970 seconds, Stopping threads took: 0.0000860 seconds
2017-08-07T11:35:33.097-0700: 4548.725: Total time for which application threads were stopped: 0.0001530 seconds, Stopping threads took: 0.0000700 seconds
2017-08-07T11:35:33.097-0700: 4548.725: Total time for which application threads were stopped: 0.0000980 seconds, Stopping threads took: 0.0000280 seconds
2017-08-07T11:35:33.097-0700: 4548.725: Total time for which application threads were stopped: 0.0000890 seconds, Stopping threads took: 0.0000290 seconds
2017-08-07T11:35:33.097-0700: 4548.725: Total time for which application threads were stopped: 0.0003340 seconds, Stopping threads took: 0.0000330 seconds
2017-08-07T11:35:33.113-0700: 4548.739: Total time for which application threads were stopped: 0.0001680 seconds, Stopping threads took: 0.0000530 seconds
2017-08-07T11:35:34.769-0700: 4550.396: Total time for which application threads were stopped: 0.0003270 seconds, Stopping threads took: 0.0001040 seconds
2017-08-07T11:35:34.769-0700: 4550.397: Total time for which application threads were stopped: 0.0002270 seconds, Stopping threads took: 0.0000790 seconds
2017-08-07T11:35:34.769-0700: 4550.397: Total time for which application threads were stopped: 0.0002870 seconds, Stopping threads took: 0.0000790 seconds
2017-08-07T11:35:34.804-0700: 4550.433: Total time for which application threads were stopped: 0.0004550 seconds, Stopping threads took: 0.0001530 seconds
2017-08-07T11:35:34.804-0700: 4550.434: Total time for which application threads were stopped: 0.0003700 seconds, Stopping threads took: 0.0001640 seconds
2017-08-07T11:35:34.804-0700: 4550.435: Total time for which application threads were stopped: 0.0003060 seconds, Stopping threads took: 0.0001630 seconds
2017-08-07T11:35:34.804-0700: 4550.435: Total time for which application threads were stopped: 0.0003000 seconds, Stopping threads took: 0.0001610 seconds
2017-08-07T11:35:34.804-0700: 4550.435: Total time for which application threads were stopped: 0.0002710 seconds, Stopping threads took: 0.0001340 seconds
2017-08-07T11:35:34.804-0700: 4550.436: Total time for which application threads were stopped: 0.0002760 seconds, Stopping threads took: 0.0001400 seconds
2017-08-07T11:35:34.804-0700: 4550.436: Total time for which application threads were stopped: 0.0002760 seconds, Stopping threads took: 0.0001370 seconds
2017-08-07T11:35:34.804-0700: 4550.437: Total time for which application threads were stopped: 0.0002850 seconds, Stopping threads took: 0.0001340 seconds
2017-08-07T11:35:34.804-0700: 4550.437: Total time for which application threads were stopped: 0.0003710 seconds, Stopping threads took: 0.0001540 seconds
2017-08-07T11:35:35.126-0700: 4550.758: Total time for which application threads were stopped: 0.0002950 seconds, Stopping threads took: 0.0000750 seconds
2017-08-07T11:35:35.126-0700: 4550.759: Total time for which application threads were stopped: 0.0001820 seconds, Stopping threads took: 0.0000630 seconds
2017-08-07T11:35:35.126-0700: 4550.760: Total time for which application threads were stopped: 0.0001830 seconds, Stopping threads took: 0.0000610 seconds
2017-08-07T11:35:35.126-0700: 4550.760: Total time for which application threads were stopped: 0.0001780 seconds, Stopping threads took: 0.0000620 seconds
2017-08-07T11:35:35.126-0700: 4550.761: Total time for which application threads were stopped: 0.0001810 seconds, Stopping threads took: 0.0000630 seconds
2017-08-07T11:35:35.126-0700: 4550.761: Total time for which application threads were stopped: 0.0003320 seconds, Stopping threads took: 0.0002020 seconds
2017-08-07T11:35:35.126-0700: 4550.765: Total time for which application threads were stopped: 0.0003920 seconds, Stopping threads took: 0.0002450 seconds
2017-08-07T11:35:35.176-0700: 4550.803: Total time for which application threads were stopped: 0.0002990 seconds, Stopping threads took: 0.0000870 seconds
2017-08-07T11:35:35.192-0700: 4550.819: Total time for which application threads were stopped: 0.0005480 seconds, Stopping threads took: 0.0000860 seconds
2017-08-07T11:35:35.192-0700: 4550.819: Total time for which application threads were stopped: 0.0002000 seconds, Stopping threads took: 0.0000670 seconds
2017-08-07T11:35:35.192-0700: 4550.820: Total time for which application threads were stopped: 0.0001610 seconds, Stopping threads took: 0.0000500 seconds
2017-08-07T11:35:35.192-0700: 4550.820: Total time for which application threads were stopped: 0.0001470 seconds, Stopping threads took: 0.0000460 seconds
2017-08-07T11:35:35.209-0700: 4550.834: Total time for which application threads were stopped: 0.0002740 seconds, Stopping threads took: 0.0000830 seconds
2017-08-07T11:35:36.210-0700: 4551.835: Total time for which application threads were stopped: 0.0003300 seconds, Stopping threads took: 0.0001290 seconds
2017-08-07T11:35:36.856-0700: 4552.483: Total time for which application threads were stopped: 0.0003390 seconds, Stopping threads took: 0.0001160 seconds
2017-08-07T11:35:36.875-0700: 4552.515: Total time for which application threads were stopped: 0.0005660 seconds, Stopping threads took: 0.0002580 seconds
2017-08-07T11:35:37.160-0700: 4552.785: Total time for which application threads were stopped: 0.0001210 seconds, Stopping threads took: 0.0000360 seconds
2017-08-07T11:35:37.160-0700: 4552.787: Total time for which application threads were stopped: 0.0002920 seconds, Stopping threads took: 0.0002070 seconds
2017-08-07T11:35:37.193-0700: 4552.820: Total time for which application threads were stopped: 0.0003710 seconds, Stopping threads took: 0.0001070 seconds
2017-08-07T11:35:37.193-0700: 4552.821: Total time for which application threads were stopped: 0.0002430 seconds, Stopping threads took: 0.0000780 seconds
2017-08-07T11:35:37.193-0700: 4552.821: Total time for which application threads were stopped: 0.0002310 seconds, Stopping threads took: 0.0000770 seconds
2017-08-07T11:35:37.193-0700: 4552.822: Total time for which application threads were stopped: 0.0002120 seconds, Stopping threads took: 0.0000670 seconds
2017-08-07T11:35:38.198-0700: 4553.822: Total time for which application threads were stopped: 0.0003960 seconds, Stopping threads took: 0.0001820 seconds
2017-08-07T11:35:38.789-0700: 4554.425: Total time for which application threads were stopped: 0.0004940 seconds, Stopping threads took: 0.0001890 seconds
2017-08-07T11:35:39.022-0700: 4554.648: Total time for which application threads were stopped: 0.0001810 seconds, Stopping threads took: 0.0000750 seconds
2017-08-07T11:35:39.022-0700: 4554.648: Total time for which application threads were stopped: 0.0001660 seconds, Stopping threads took: 0.0000680 seconds
2017-08-07T11:35:39.022-0700: 4554.649: Total time for which application threads were stopped: 0.0001920 seconds, Stopping threads took: 0.0000310 seconds
2017-08-07T11:35:39.022-0700: 4554.650: Total time for which application threads were stopped: 0.0001550 seconds, Stopping threads took: 0.0000570 seconds
2017-08-07T11:35:39.089-0700: 4554.714: Total time for which application threads were stopped: 0.0002770 seconds, Stopping threads took: 0.0000840 seconds
2017-08-07T11:35:39.090-0700: 4554.715: Total time for which application threads were stopped: 0.0001480 seconds, Stopping threads took: 0.0000740 seconds
2017-08-07T11:35:39.090-0700: 4554.715: Total time for which application threads were stopped: 0.0001180 seconds, Stopping threads took: 0.0000520 seconds
2017-08-07T11:35:39.090-0700: 4554.715: Total time for which application threads were stopped: 0.0001120 seconds, Stopping threads took: 0.0000430 seconds
2017-08-07T11:35:40.091-0700: 4555.716: Total time for which application threads were stopped: 0.0003590 seconds, Stopping threads took: 0.0001270 seconds
2017-08-07T11:35:41.008-0700: 4556.637: Total time for which application threads were stopped: 0.0001530 seconds, Stopping threads took: 0.0000570 seconds
2017-08-07T11:35:41.008-0700: 4556.644: Total time for which application threads were stopped: 0.0001300 seconds, Stopping threads took: 0.0000330 seconds
2017-08-07T11:35:41.008-0700: 4556.644: Total time for which application threads were stopped: 0.0000740 seconds, Stopping threads took: 0.0000310 seconds
2017-08-07T11:35:41.008-0700: 4556.645: Total time for which application threads were stopped: 0.0000790 seconds, Stopping threads took: 0.0000290 seconds
2017-08-07T11:35:41.008-0700: 4556.645: Total time for which application threads were stopped: 0.0001780 seconds, Stopping threads took: 0.0000250 seconds
2017-08-07T11:35:41.089-0700: 4556.715: Total time for which application threads were stopped: 0.0001530 seconds, Stopping threads took: 0.0000420 seconds
2017-08-07T11:35:41.089-0700: 4556.715: Total time for which application threads were stopped: 0.0000820 seconds, Stopping threads took: 0.0000250 seconds
2017-08-07T11:35:41.089-0700: 4556.715: Total time for which application threads were stopped: 0.0000740 seconds, Stopping threads took: 0.0000300 seconds
2017-08-07T11:35:41.089-0700: 4556.715: Total time for which application threads were stopped: 0.0000670 seconds, Stopping threads took: 0.0000280 seconds
2017-08-07T11:35:42.091-0700: 4557.716: Total time for which application threads were stopped: 0.0001150 seconds, Stopping threads took: 0.0000460 seconds
{Heap before GC invocations=48 (full 2):
 par new generation   total 109248K, used 94429K [0x00000000e0000000, 0x00000000e8000000, 0x00000000e8000000)
  eden space 87424K, 100% used [0x00000000e0000000, 0x00000000e5560000, 0x00000000e5560000)
  from space 21824K,  32% used [0x00000000e5560000, 0x00000000e5c37730, 0x00000000e6ab0000)
  to   space 21824K,   0% used [0x00000000e6ab0000, 0x00000000e6ab0000, 0x00000000e8000000)
 concurrent mark-sweep generation total 393216K, used 22406K [0x00000000e8000000, 0x0000000100000000, 0x0000000100000000)
 Metaspace       used 41053K, capacity 42068K, committed 42332K, reserved 1087488K
  class space    used 4607K, capacity 4884K, committed 4964K, reserved 1048576K
2017-08-07T11:35:42.216-0700: 4557.841: [GC (Allocation Failure) 2017-08-07T11:35:42.216-0700: 4557.841: [ParNew
Desired survivor size 20112992 bytes, new threshold 8 (max 8)
- age   1:    1624744 bytes,    1624744 total
- age   2:     754048 bytes,    2378792 total
- age   3:     135008 bytes,    2513800 total
- age   4:    1401048 bytes,    3914848 total
- age   5:     336776 bytes,    4251624 total
- age   6:      71256 bytes,    4322880 total
- age   7:     891024 bytes,    5213904 total
- age   8:     136656 bytes,    5350560 total
: 94429K->6779K(109248K), 0.0217560 secs] 116836K->29291K(502464K), 0.0219570 secs] [Times: user=0.00 sys=0.00, real=0.02 secs] 
Heap after GC invocations=49 (full 2):
 par new generation   total 109248K, used 6779K [0x00000000e0000000, 0x00000000e8000000, 0x00000000e8000000)
  eden space 87424K,   0% used [0x00000000e0000000, 0x00000000e0000000, 0x00000000e5560000)
  from space 21824K,  31% used [0x00000000e6ab0000, 0x00000000e714edc0, 0x00000000e8000000)
  to   space 21824K,   0% used [0x00000000e5560000, 0x00000000e5560000, 0x00000000e6ab0000)
 concurrent mark-sweep generation total 393216K, used 22511K [0x00000000e8000000, 0x0000000100000000, 0x0000000100000000)
 Metaspace       used 41053K, capacity 42068K, committed 42332K, reserved 1087488K
  class space    used 4607K, capacity 4884K, committed 4964K, reserved 1048576K
}
2017-08-07T11:35:42.224-0700: 4557.863: Total time for which application threads were stopped: 0.0225950 seconds, Stopping threads took: 0.0001030 seconds
2017-08-07T11:35:42.224-0700: 4557.864: Total time for which application threads were stopped: 0.0008840 seconds, Stopping threads took: 0.0003800 seconds
2017-08-07T11:35:42.821-0700: 4558.448: Total time for which application threads were stopped: 0.0004580 seconds, Stopping threads took: 0.0000820 seconds
2017-08-07T11:35:43.021-0700: 4558.659: Total time for which application threads were stopped: 0.0002100 seconds, Stopping threads took: 0.0000500 seconds
2017-08-07T11:35:43.053-0700: 4558.679: Total time for which application threads were stopped: 0.0001540 seconds, Stopping threads took: 0.0000490 seconds
2017-08-07T11:35:43.053-0700: 4558.679: Total time for which application threads were stopped: 0.0000770 seconds, Stopping threads took: 0.0000300 seconds
2017-08-07T11:35:43.053-0700: 4558.679: Total time for which application threads were stopped: 0.0000730 seconds, Stopping threads took: 0.0000300 seconds
2017-08-07T11:35:43.053-0700: 4558.679: Total time for which application threads were stopped: 0.0000650 seconds, Stopping threads took: 0.0000270 seconds
2017-08-07T11:35:44.717-0700: 4560.348: Total time for which application threads were stopped: 0.0003490 seconds, Stopping threads took: 0.0001070 seconds
2017-08-07T11:35:44.717-0700: 4560.348: Total time for which application threads were stopped: 0.0002280 seconds, Stopping threads took: 0.0000780 seconds
2017-08-07T11:35:44.717-0700: 4560.349: Total time for which application threads were stopped: 0.0002280 seconds, Stopping threads took: 0.0000770 seconds
2017-08-07T11:35:44.985-0700: 4560.610: Total time for which application threads were stopped: 0.0001990 seconds, Stopping threads took: 0.0000530 seconds
2017-08-07T11:35:44.985-0700: 4560.610: Total time for which application threads were stopped: 0.0001280 seconds, Stopping threads took: 0.0000390 seconds
2017-08-07T11:35:44.985-0700: 4560.610: Total time for which application threads were stopped: 0.0001110 seconds, Stopping threads took: 0.0000370 seconds
2017-08-07T11:35:44.986-0700: 4560.611: Total time for which application threads were stopped: 0.0001000 seconds, Stopping threads took: 0.0000320 seconds
2017-08-07T11:35:46.666-0700: 4562.298: Total time for which application threads were stopped: 0.0003870 seconds, Stopping threads took: 0.0001150 seconds
2017-08-07T11:35:46.900-0700: 4562.525: Total time for which application threads were stopped: 0.0001800 seconds, Stopping threads took: 0.0000860 seconds
2017-08-07T11:35:46.933-0700: 4562.559: Total time for which application threads were stopped: 0.0001460 seconds, Stopping threads took: 0.0000460 seconds
2017-08-07T11:35:46.933-0700: 4562.559: Total time for which application threads were stopped: 0.0000700 seconds, Stopping threads took: 0.0000240 seconds
2017-08-07T11:35:46.933-0700: 4562.559: Total time for which application threads were stopped: 0.0000640 seconds, Stopping threads took: 0.0000220 seconds
2017-08-07T11:35:46.933-0700: 4562.560: Total time for which application threads were stopped: 0.0000520 seconds, Stopping threads took: 0.0000160 seconds
2017-08-07T11:35:48.569-0700: 4564.200: Total time for which application threads were stopped: 0.0004060 seconds, Stopping threads took: 0.0001610 seconds
2017-08-07T11:35:48.821-0700: 4564.456: Total time for which application threads were stopped: 0.0003020 seconds, Stopping threads took: 0.0001770 seconds
2017-08-07T11:35:48.870-0700: 4564.495: Total time for which application threads were stopped: 0.0002490 seconds, Stopping threads took: 0.0000720 seconds
2017-08-07T11:35:48.870-0700: 4564.495: Total time for which application threads were stopped: 0.0001800 seconds, Stopping threads took: 0.0000520 seconds
2017-08-07T11:35:48.871-0700: 4564.495: Total time for which application threads were stopped: 0.0002140 seconds, Stopping threads took: 0.0000530 seconds
2017-08-07T11:35:48.871-0700: 4564.496: Total time for which application threads were stopped: 0.0001420 seconds, Stopping threads took: 0.0000460 seconds
2017-08-07T11:35:49.871-0700: 4565.496: Total time for which application threads were stopped: 0.0002980 seconds, Stopping threads took: 0.0001270 seconds
2017-08-07T11:35:50.482-0700: 4566.115: Total time for which application threads were stopped: 0.0003370 seconds, Stopping threads took: 0.0001190 seconds
2017-08-07T11:35:50.749-0700: 4566.387: Total time for which application threads were stopped: 0.0002700 seconds, Stopping threads took: 0.0001210 seconds
2017-08-07T11:35:50.800-0700: 4566.427: Total time for which application threads were stopped: 0.0003900 seconds, Stopping threads took: 0.0001130 seconds
2017-08-07T11:35:50.800-0700: 4566.427: Total time for which application threads were stopped: 0.0002440 seconds, Stopping threads took: 0.0000780 seconds
2017-08-07T11:35:50.800-0700: 4566.428: Total time for which application threads were stopped: 0.0002320 seconds, Stopping threads took: 0.0000770 seconds
2017-08-07T11:35:50.800-0700: 4566.429: Total time for which application threads were stopped: 0.0002110 seconds, Stopping threads took: 0.0000670 seconds
2017-08-07T11:35:51.804-0700: 4567.429: Total time for which application threads were stopped: 0.0005620 seconds, Stopping threads took: 0.0002680 seconds
2017-08-07T11:35:52.476-0700: 4568.107: Total time for which application threads were stopped: 0.0004790 seconds, Stopping threads took: 0.0001430 seconds
2017-08-07T11:35:52.779-0700: 4568.418: Total time for which application threads were stopped: 0.0003870 seconds, Stopping threads took: 0.0002350 seconds
2017-08-07T11:35:52.829-0700: 4568.467: Total time for which application threads were stopped: 0.0003260 seconds, Stopping threads took: 0.0001120 seconds
2017-08-07T11:35:53.166-0700: 4568.799: Total time for which application threads were stopped: 0.0002990 seconds, Stopping threads took: 0.0001610 seconds
2017-08-07T11:35:53.166-0700: 4568.799: Total time for which application threads were stopped: 0.0003280 seconds, Stopping threads took: 0.0002270 seconds
2017-08-07T11:35:53.166-0700: 4568.800: Total time for which application threads were stopped: 0.0002580 seconds, Stopping threads took: 0.0001340 seconds
2017-08-07T11:35:54.175-0700: 4569.800: Total time for which application threads were stopped: 0.0003130 seconds, Stopping threads took: 0.0001270 seconds
2017-08-07T11:36:22.184-0700: 4597.809: Total time for which application threads were stopped: 0.0002970 seconds, Stopping threads took: 0.0001280 seconds
2017-08-07T11:37:11.201-0700: 4646.826: Total time for which application threads were stopped: 0.0003010 seconds, Stopping threads took: 0.0001010 seconds
2017-08-07T11:43:58.383-0700: 5054.009: Total time for which application threads were stopped: 0.0003680 seconds, Stopping threads took: 0.0001980 seconds
2017-08-07T11:43:58.383-0700: 5054.010: Total time for which application threads were stopped: 0.0001570 seconds, Stopping threads took: 0.0000440 seconds
2017-08-07T11:43:58.383-0700: 5054.012: Total time for which application threads were stopped: 0.0001000 seconds, Stopping threads took: 0.0000260 seconds
2017-08-07T11:44:07.391-0700: 5063.016: Total time for which application threads were stopped: 0.0003390 seconds, Stopping threads took: 0.0001280 seconds
2017-08-07T11:44:11.392-0700: 5067.017: Total time for which application threads were stopped: 0.0002760 seconds, Stopping threads took: 0.0001090 seconds
2017-08-07T14:20:23.078-0700: 14438.703: Total time for which application threads were stopped: 0.0004810 seconds, Stopping threads took: 0.0001500 seconds
2017-08-07T14:20:28.080-0700: 14443.705: Total time for which application threads were stopped: 0.0002180 seconds, Stopping threads took: 0.0000750 seconds
2017-08-07T14:25:58.189-0700: 14773.814: Total time for which application threads were stopped: 0.0004690 seconds, Stopping threads took: 0.0001820 seconds
2017-08-07T14:41:36.503-0700: 15712.128: Total time for which application threads were stopped: 0.0001870 seconds, Stopping threads took: 0.0000740 seconds
2017-08-07T14:41:36.730-0700: 15712.355: Total time for which application threads were stopped: 0.0002040 seconds, Stopping threads took: 0.0000590 seconds
2017-08-07T14:41:36.731-0700: 15712.357: Total time for which application threads were stopped: 0.0001730 seconds, Stopping threads took: 0.0000490 seconds
2017-08-07T14:41:36.731-0700: 15712.357: Total time for which application threads were stopped: 0.0001100 seconds, Stopping threads took: 0.0000350 seconds
2017-08-07T14:41:36.732-0700: 15712.358: Total time for which application threads were stopped: 0.0001400 seconds, Stopping threads took: 0.0000370 seconds
2017-08-07T14:41:36.733-0700: 15712.358: Total time for which application threads were stopped: 0.0001290 seconds, Stopping threads took: 0.0000410 seconds
2017-08-07T14:41:36.734-0700: 15712.360: Total time for which application threads were stopped: 0.0001920 seconds, Stopping threads took: 0.0000560 seconds
2017-08-07T14:41:36.736-0700: 15712.361: Total time for which application threads were stopped: 0.0001570 seconds, Stopping threads took: 0.0000540 seconds
2017-08-07T14:41:36.736-0700: 15712.361: Total time for which application threads were stopped: 0.0001080 seconds, Stopping threads took: 0.0000360 seconds
2017-08-07T14:41:36.736-0700: 15712.362: Total time for which application threads were stopped: 0.0001120 seconds, Stopping threads took: 0.0000350 seconds
2017-08-07T14:41:36.736-0700: 15712.362: Total time for which application threads were stopped: 0.0001260 seconds, Stopping threads took: 0.0000430 seconds
2017-08-07T14:41:36.736-0700: 15712.362: Total time for which application threads were stopped: 0.0001310 seconds, Stopping threads took: 0.0000800 seconds
2017-08-07T14:41:36.737-0700: 15712.362: Total time for which application threads were stopped: 0.0001030 seconds, Stopping threads took: 0.0000520 seconds
2017-08-07T14:41:36.737-0700: 15712.362: Total time for which application threads were stopped: 0.0001320 seconds, Stopping threads took: 0.0000540 seconds
2017-08-07T14:41:36.744-0700: 15712.369: Total time for which application threads were stopped: 0.0002560 seconds, Stopping threads took: 0.0000710 seconds
2017-08-07T14:41:36.745-0700: 15712.370: Total time for which application threads were stopped: 0.0001700 seconds, Stopping threads took: 0.0000500 seconds
2017-08-07T14:43:50.983-0700: 15846.608: Total time for which application threads were stopped: 0.0035250 seconds, Stopping threads took: 0.0016960 seconds
2017-08-07T14:43:51.985-0700: 15847.610: Total time for which application threads were stopped: 0.0003960 seconds, Stopping threads took: 0.0000950 seconds
2017-08-07T14:43:52.986-0700: 15848.611: Total time for which application threads were stopped: 0.0002970 seconds, Stopping threads took: 0.0001130 seconds
2017-08-07T16:42:08.512-0700: 22944.13